
======================================================================
seg_step022 pyramid  cells=['full', 'no_pool', 'no_d1', 'no_d4', 'no_d8', 'no_d16', 'gap_cat', 'gap_se']  seeds=[42, 43, 44, 45, 46]
  E2 -> E7  arm=H1 alpha=2.0 beta=1.0  device=mps
======================================================================
  teacher teacher_E2_e60_seed42__mini_mps.pt  best_mAP=0.2650
    e  1/60  mAP=0.0559  best=0.0559  [5s]
    e 10/60  mAP=0.2259  best=0.2259  [50s]
    e 20/60  mAP=0.2269  best=0.2585  [99s]
    e 30/60  mAP=0.2449  best=0.2585  [149s]
    e 40/60  mAP=0.2441  best=0.2628  [199s]
    e 50/60  mAP=0.2490  best=0.2670  [248s]
    e 60/60  mAP=0.2510  best=0.2670  [297s]
  full      seed42  best_mAP=0.2670 @ep42  851,816p 0.8757G  [298s]
    e  1/60  mAP=0.0547  best=0.0547  [5s]
    e 10/60  mAP=0.2054  best=0.2205  [49s]
    e 20/60  mAP=0.2371  best=0.2545  [99s]
    e 30/60  mAP=0.2568  best=0.2721  [148s]
    e 40/60  mAP=0.2645  best=0.2744  [198s]
    e 50/60  mAP=0.2523  best=0.2744  [248s]
    e 60/60  mAP=0.2584  best=0.2744  [298s]
  full      seed43  best_mAP=0.2744 @ep39  851,816p 0.8757G  [298s]
    e  1/60  mAP=0.0556  best=0.0556  [5s]
    e 10/60  mAP=0.2086  best=0.2156  [49s]
    e 20/60  mAP=0.2484  best=0.2484  [98s]
    e 30/60  mAP=0.2447  best=0.2519  [148s]
    e 40/60  mAP=0.2476  best=0.2519  [197s]
    e 50/60  mAP=0.2391  best=0.2519  [246s]
    e 60/60  mAP=0.2374  best=0.2519  [295s]
  full      seed44  best_mAP=0.2519 @ep21  851,816p 0.8757G  [295s]
    e  1/60  mAP=0.0557  best=0.0557  [5s]
    e 10/60  mAP=0.2125  best=0.2125  [49s]
    e 20/60  mAP=0.2191  best=0.2501  [98s]
    e 30/60  mAP=0.2508  best=0.2663  [147s]
    e 40/60  mAP=0.2427  best=0.2663  [196s]
    e 50/60  mAP=0.2546  best=0.2663  [245s]
    e 60/60  mAP=0.2526  best=0.2663  [295s]
  full      seed45  best_mAP=0.2663 @ep24  851,816p 0.8757G  [295s]
    e  1/60  mAP=0.0542  best=0.0542  [5s]
    e 10/60  mAP=0.2085  best=0.2146  [49s]
    e 20/60  mAP=0.2453  best=0.2522  [98s]
    e 30/60  mAP=0.2583  best=0.2585  [148s]
    e 40/60  mAP=0.2635  best=0.2650  [197s]
    e 50/60  mAP=0.2530  best=0.2650  [247s]
    e 60/60  mAP=0.2543  best=0.2650  [296s]
  full      seed46  best_mAP=0.2650 @ep34  851,816p 0.8757G  [296s]
  -> full      mean=0.2649 +-0.0081
    e  1/60  mAP=0.0539  best=0.0539  [5s]
    e 10/60  mAP=0.2175  best=0.2175  [48s]
    e 20/60  mAP=0.2219  best=0.2608  [96s]
    e 30/60  mAP=0.2432  best=0.2608  [144s]
    e 40/60  mAP=0.2438  best=0.2639  [192s]
    e 50/60  mAP=0.2473  best=0.2639  [240s]
    e 60/60  mAP=0.2512  best=0.2639  [288s]
  no_pool   seed42  best_mAP=0.2639 @ep31  842,920p 0.8735G  [289s]
    e  1/60  mAP=0.0559  best=0.0559  [5s]
    e 10/60  mAP=0.2004  best=0.2078  [48s]
    e 20/60  mAP=0.2319  best=0.2406  [96s]
    e 30/60  mAP=0.2621  best=0.2626  [144s]
    e 40/60  mAP=0.2602  best=0.2676  [192s]
    e 50/60  mAP=0.2547  best=0.2676  [240s]
    e 60/60  mAP=0.2573  best=0.2676  [287s]
  no_pool   seed43  best_mAP=0.2676 @ep36  842,920p 0.8735G  [288s]
    e  1/60  mAP=0.0551  best=0.0551  [5s]
    e 10/60  mAP=0.2115  best=0.2163  [48s]
    e 20/60  mAP=0.2610  best=0.2610  [96s]
    e 30/60  mAP=0.2549  best=0.2610  [144s]
    e 40/60  mAP=0.2655  best=0.2655  [192s]
    e 50/60  mAP=0.2526  best=0.2655  [240s]
    e 60/60  mAP=0.2509  best=0.2655  [288s]
  no_pool   seed44  best_mAP=0.2655 @ep40  842,920p 0.8735G  [288s]
    e  1/60  mAP=0.0550  best=0.0550  [5s]
    e 10/60  mAP=0.2119  best=0.2119  [48s]
    e 20/60  mAP=0.2240  best=0.2531  [96s]
    e 30/60  mAP=0.2480  best=0.2577  [144s]
    e 40/60  mAP=0.2303  best=0.2577  [192s]
    e 50/60  mAP=0.2446  best=0.2577  [240s]
    e 60/60  mAP=0.2411  best=0.2577  [288s]
  no_pool   seed45  best_mAP=0.2577 @ep24  842,920p 0.8735G  [288s]
    e  1/60  mAP=0.0561  best=0.0561  [5s]
    e 10/60  mAP=0.2004  best=0.2025  [48s]
    e 20/60  mAP=0.2484  best=0.2571  [96s]
    e 30/60  mAP=0.2663  best=0.2749  [144s]
    e 40/60  mAP=0.2649  best=0.2809  [192s]
    e 50/60  mAP=0.2547  best=0.2809  [240s]
    e 60/60  mAP=0.2584  best=0.2809  [288s]
  no_pool   seed46  best_mAP=0.2809 @ep32  842,920p 0.8735G  [288s]
  -> no_pool   mean=0.2671 +-0.0085
    e  1/60  mAP=0.0544  best=0.0544  [5s]
    e 10/60  mAP=0.2079  best=0.2079  [49s]
    e 20/60  mAP=0.2314  best=0.2497  [97s]
    e 30/60  mAP=0.2433  best=0.2522  [145s]
    e 40/60  mAP=0.2547  best=0.2598  [193s]
    e 50/60  mAP=0.2570  best=0.2648  [242s]
    e 60/60  mAP=0.2579  best=0.2648  [290s]
  no_d1     seed42  best_mAP=0.2648 @ep42  740,520p 0.8472G  [291s]
    e  1/60  mAP=0.0543  best=0.0543  [5s]
    e 10/60  mAP=0.1892  best=0.2013  [48s]
    e 20/60  mAP=0.2347  best=0.2389  [96s]
    e 30/60  mAP=0.2545  best=0.2670  [145s]
    e 40/60  mAP=0.2579  best=0.2670  [193s]
    e 50/60  mAP=0.2515  best=0.2670  [241s]
    e 60/60  mAP=0.2557  best=0.2670  [290s]
  no_d1     seed43  best_mAP=0.2670 @ep26  740,520p 0.8472G  [290s]
    e  1/60  mAP=0.0561  best=0.0561  [5s]
    e 10/60  mAP=0.1995  best=0.2076  [48s]
    e 20/60  mAP=0.2438  best=0.2438  [96s]
    e 30/60  mAP=0.2503  best=0.2503  [144s]
    e 40/60  mAP=0.2573  best=0.2573  [192s]
    e 50/60  mAP=0.2529  best=0.2573  [240s]
    e 60/60  mAP=0.2525  best=0.2573  [288s]
  no_d1     seed44  best_mAP=0.2573 @ep40  740,520p 0.8472G  [288s]
    e  1/60  mAP=0.0545  best=0.0545  [5s]
    e 10/60  mAP=0.2034  best=0.2034  [48s]
    e 20/60  mAP=0.2204  best=0.2285  [96s]
    e 30/60  mAP=0.2360  best=0.2452  [144s]
    e 40/60  mAP=0.2317  best=0.2452  [192s]
    e 50/60  mAP=0.2388  best=0.2452  [240s]
    e 60/60  mAP=0.2384  best=0.2452  [288s]
  no_d1     seed45  best_mAP=0.2452 @ep23  740,520p 0.8472G  [288s]
    e  1/60  mAP=0.0551  best=0.0551  [5s]
    e 10/60  mAP=0.2025  best=0.2095  [48s]
    e 20/60  mAP=0.2446  best=0.2559  [95s]
    e 30/60  mAP=0.2690  best=0.2699  [143s]
    e 40/60  mAP=0.2637  best=0.2699  [191s]
    e 50/60  mAP=0.2570  best=0.2699  [239s]
    e 60/60  mAP=0.2583  best=0.2699  [287s]
  no_d1     seed46  best_mAP=0.2699 @ep21  740,520p 0.8472G  [287s]
  -> no_d1     mean=0.2608 +-0.0099
    e  1/60  mAP=0.0530  best=0.0530  [5s]
    e 10/60  mAP=0.2007  best=0.2007  [48s]
    e 20/60  mAP=0.2233  best=0.2385  [95s]
    e 30/60  mAP=0.2258  best=0.2385  [143s]
    e 40/60  mAP=0.2353  best=0.2464  [191s]
    e 50/60  mAP=0.2386  best=0.2488  [239s]
    e 60/60  mAP=0.2403  best=0.2488  [287s]
  no_d4     seed42  best_mAP=0.2488 @ep42  740,520p 0.8472G  [287s]
    e  1/60  mAP=0.0545  best=0.0545  [5s]
    e 10/60  mAP=0.1857  best=0.1857  [48s]
    e 20/60  mAP=0.2136  best=0.2198  [95s]
    e 30/60  mAP=0.2288  best=0.2378  [143s]
    e 40/60  mAP=0.2348  best=0.2378  [191s]
    e 50/60  mAP=0.2277  best=0.2378  [238s]
    e 60/60  mAP=0.2308  best=0.2378  [286s]
  no_d4     seed43  best_mAP=0.2378 @ep26  740,520p 0.8472G  [286s]
    e  1/60  mAP=0.0542  best=0.0542  [5s]
    e 10/60  mAP=0.1876  best=0.1877  [48s]
    e 20/60  mAP=0.2319  best=0.2319  [95s]
    e 30/60  mAP=0.2357  best=0.2357  [143s]
    e 40/60  mAP=0.2432  best=0.2439  [190s]
    e 50/60  mAP=0.2379  best=0.2439  [238s]
    e 60/60  mAP=0.2374  best=0.2439  [286s]
  no_d4     seed44  best_mAP=0.2439 @ep34  740,520p 0.8472G  [286s]
    e  1/60  mAP=0.0534  best=0.0534  [5s]
    e 10/60  mAP=0.1906  best=0.1906  [48s]
    e 20/60  mAP=0.2134  best=0.2172  [95s]
    e 30/60  mAP=0.2312  best=0.2437  [143s]
    e 40/60  mAP=0.2323  best=0.2437  [191s]
    e 50/60  mAP=0.2442  best=0.2442  [238s]
    e 60/60  mAP=0.2421  best=0.2442  [286s]
  no_d4     seed45  best_mAP=0.2442 @ep50  740,520p 0.8472G  [286s]
    e  1/60  mAP=0.0539  best=0.0539  [5s]
    e 10/60  mAP=0.1890  best=0.1899  [48s]
    e 20/60  mAP=0.2244  best=0.2312  [96s]
    e 30/60  mAP=0.2439  best=0.2451  [143s]
    e 40/60  mAP=0.2382  best=0.2451  [191s]
    e 50/60  mAP=0.2308  best=0.2451  [239s]
    e 60/60  mAP=0.2340  best=0.2451  [286s]
  no_d4     seed46  best_mAP=0.2451 @ep21  740,520p 0.8472G  [286s]
  -> no_d4     mean=0.2440 +-0.0040
    e  1/60  mAP=0.0556  best=0.0556  [5s]
    e 10/60  mAP=0.1966  best=0.1966  [48s]
    e 20/60  mAP=0.2238  best=0.2398  [95s]
    e 30/60  mAP=0.2310  best=0.2474  [143s]
    e 40/60  mAP=0.2353  best=0.2498  [191s]
    e 50/60  mAP=0.2362  best=0.2498  [238s]
    e 60/60  mAP=0.2411  best=0.2498  [286s]
  no_d8     seed42  best_mAP=0.2498 @ep31  740,520p 0.8472G  [286s]
    e  1/60  mAP=0.0558  best=0.0558  [5s]
    e 10/60  mAP=0.1891  best=0.1891  [48s]
    e 20/60  mAP=0.2162  best=0.2250  [95s]
    e 30/60  mAP=0.2346  best=0.2460  [144s]
    e 40/60  mAP=0.2502  best=0.2502  [192s]
    e 50/60  mAP=0.2451  best=0.2511  [240s]
    e 60/60  mAP=0.2471  best=0.2511  [288s]
  no_d8     seed43  best_mAP=0.2511 @ep44  740,520p 0.8472G  [288s]
    e  1/60  mAP=0.0546  best=0.0546  [5s]
    e 10/60  mAP=0.1990  best=0.1990  [48s]
    e 20/60  mAP=0.2423  best=0.2423  [95s]
    e 30/60  mAP=0.2371  best=0.2452  [143s]
    e 40/60  mAP=0.2456  best=0.2500  [191s]
    e 50/60  mAP=0.2412  best=0.2500  [238s]
    e 60/60  mAP=0.2415  best=0.2500  [286s]
  no_d8     seed44  best_mAP=0.2500 @ep34  740,520p 0.8472G  [286s]
    e  1/60  mAP=0.0555  best=0.0555  [5s]
    e 10/60  mAP=0.1960  best=0.1960  [48s]
    e 20/60  mAP=0.2278  best=0.2348  [95s]
    e 30/60  mAP=0.2412  best=0.2518  [143s]
    e 40/60  mAP=0.2363  best=0.2518  [191s]
    e 50/60  mAP=0.2450  best=0.2518  [238s]
    e 60/60  mAP=0.2441  best=0.2518  [286s]
  no_d8     seed45  best_mAP=0.2518 @ep23  740,520p 0.8472G  [286s]
    e  1/60  mAP=0.0545  best=0.0545  [5s]
    e 10/60  mAP=0.1936  best=0.1936  [48s]
    e 20/60  mAP=0.2225  best=0.2225  [95s]
    e 30/60  mAP=0.2419  best=0.2419  [143s]
    e 40/60  mAP=0.2414  best=0.2419  [190s]
    e 50/60  mAP=0.2318  best=0.2419  [238s]
    e 60/60  mAP=0.2329  best=0.2419  [286s]
  no_d8     seed46  best_mAP=0.2419 @ep30  740,520p 0.8472G  [286s]
  -> no_d8     mean=0.2489 +-0.0040
    e  1/60  mAP=0.0554  best=0.0554  [5s]
    e 10/60  mAP=0.2024  best=0.2087  [48s]
    e 20/60  mAP=0.2242  best=0.2467  [95s]
    e 30/60  mAP=0.2285  best=0.2467  [143s]
    e 40/60  mAP=0.2298  best=0.2476  [191s]
    e 50/60  mAP=0.2330  best=0.2476  [239s]
    e 60/60  mAP=0.2362  best=0.2476  [286s]
  no_d16    seed42  best_mAP=0.2476 @ep42  740,520p 0.8472G  [286s]
    e  1/60  mAP=0.0560  best=0.0560  [5s]
    e 10/60  mAP=0.1957  best=0.1957  [48s]
    e 20/60  mAP=0.2240  best=0.2347  [95s]
    e 30/60  mAP=0.2412  best=0.2574  [143s]
    e 40/60  mAP=0.2496  best=0.2574  [191s]
    e 50/60  mAP=0.2403  best=0.2574  [238s]
    e 60/60  mAP=0.2433  best=0.2574  [286s]
  no_d16    seed43  best_mAP=0.2574 @ep22  740,520p 0.8472G  [286s]
    e  1/60  mAP=0.0559  best=0.0559  [5s]
    e 10/60  mAP=0.2081  best=0.2081  [48s]
    e 20/60  mAP=0.2488  best=0.2488  [95s]
    e 30/60  mAP=0.2465  best=0.2495  [143s]
    e 40/60  mAP=0.2530  best=0.2552  [191s]
    e 50/60  mAP=0.2445  best=0.2552  [238s]
    e 60/60  mAP=0.2442  best=0.2552  [286s]
  no_d16    seed44  best_mAP=0.2552 @ep34  740,520p 0.8472G  [286s]
    e  1/60  mAP=0.0567  best=0.0567  [5s]
    e 10/60  mAP=0.2034  best=0.2034  [48s]
    e 20/60  mAP=0.2135  best=0.2308  [95s]
    e 30/60  mAP=0.2393  best=0.2491  [143s]
    e 40/60  mAP=0.2356  best=0.2491  [191s]
    e 50/60  mAP=0.2420  best=0.2491  [238s]
    e 60/60  mAP=0.2412  best=0.2491  [286s]
  no_d16    seed45  best_mAP=0.2491 @ep23  740,520p 0.8472G  [286s]
    e  1/60  mAP=0.0549  best=0.0549  [5s]
    e 10/60  mAP=0.1949  best=0.2053  [48s]
    e 20/60  mAP=0.2308  best=0.2370  [95s]
    e 30/60  mAP=0.2535  best=0.2541  [143s]
    e 40/60  mAP=0.2525  best=0.2541  [191s]
    e 50/60  mAP=0.2478  best=0.2581  [238s]
    e 60/60  mAP=0.2498  best=0.2581  [286s]
  no_d16    seed46  best_mAP=0.2581 @ep49  740,520p 0.8472G  [286s]
  -> no_d16    mean=0.2535 +-0.0048
    e  1/60  mAP=0.0559  best=0.0559  [5s]
    e 10/60  mAP=0.2275  best=0.2275  [50s]
    e 20/60  mAP=0.2342  best=0.2552  [99s]
    e 30/60  mAP=0.2426  best=0.2553  [149s]
    e 40/60  mAP=0.2469  best=0.2572  [198s]
    e 50/60  mAP=0.2488  best=0.2605  [248s]
    e 60/60  mAP=0.2514  best=0.2605  [297s]
  gap_cat   seed42  best_mAP=0.2605 @ep44  860,712p 0.8758G  [298s]
    e  1/60  mAP=0.0555  best=0.0555  [5s]
    e 10/60  mAP=0.1994  best=0.1994  [50s]
    e 20/60  mAP=0.2372  best=0.2485  [99s]
    e 30/60  mAP=0.2548  best=0.2746  [149s]
    e 40/60  mAP=0.2645  best=0.2746  [199s]
    e 50/60  mAP=0.2490  best=0.2746  [249s]
    e 60/60  mAP=0.2541  best=0.2746  [298s]
  gap_cat   seed43  best_mAP=0.2746 @ep26  860,712p 0.8758G  [299s]
    e  1/60  mAP=0.0545  best=0.0545  [5s]
    e 10/60  mAP=0.2178  best=0.2195  [50s]
    e 20/60  mAP=0.2493  best=0.2493  [99s]
    e 30/60  mAP=0.2552  best=0.2557  [149s]
    e 40/60  mAP=0.2529  best=0.2597  [198s]
    e 50/60  mAP=0.2435  best=0.2597  [248s]
    e 60/60  mAP=0.2424  best=0.2597  [297s]
  gap_cat   seed44  best_mAP=0.2597 @ep34  860,712p 0.8758G  [298s]
    e  1/60  mAP=0.0563  best=0.0563  [5s]
    e 10/60  mAP=0.2169  best=0.2169  [50s]
    e 20/60  mAP=0.2293  best=0.2510  [99s]
    e 30/60  mAP=0.2433  best=0.2609  [149s]
    e 40/60  mAP=0.2397  best=0.2609  [198s]
    e 50/60  mAP=0.2517  best=0.2609  [248s]
    e 60/60  mAP=0.2478  best=0.2609  [297s]
  gap_cat   seed45  best_mAP=0.2609 @ep24  860,712p 0.8758G  [297s]
    e  1/60  mAP=0.0567  best=0.0567  [5s]
    e 10/60  mAP=0.2052  best=0.2106  [50s]
    e 20/60  mAP=0.2497  best=0.2550  [99s]
    e 30/60  mAP=0.2625  best=0.2631  [149s]
    e 40/60  mAP=0.2579  best=0.2631  [198s]
    e 50/60  mAP=0.2491  best=0.2631  [248s]
    e 60/60  mAP=0.2490  best=0.2631  [297s]
  gap_cat   seed46  best_mAP=0.2631 @ep21  860,712p 0.8758G  [297s]
  -> gap_cat   mean=0.2638 +-0.0062
    e  1/60  mAP=0.0547  best=0.0547  [5s]
    e 10/60  mAP=0.2263  best=0.2263  [50s]
    e 20/60  mAP=0.2273  best=0.2439  [99s]
    e 30/60  mAP=0.2412  best=0.2494  [149s]
    e 40/60  mAP=0.2438  best=0.2590  [198s]
    e 50/60  mAP=0.2506  best=0.2601  [248s]
    e 60/60  mAP=0.2502  best=0.2601  [297s]
  gap_se    seed42  best_mAP=0.2601 @ep42  893,096p 0.8757G  [298s]
    e  1/60  mAP=0.0544  best=0.0544  [5s]
    e 10/60  mAP=0.2040  best=0.2144  [50s]
    e 20/60  mAP=0.2432  best=0.2567  [99s]
    e 30/60  mAP=0.2720  best=0.2793  [149s]
    e 40/60  mAP=0.2779  best=0.2843  [198s]
    e 50/60  mAP=0.2779  best=0.2885  [248s]
    e 60/60  mAP=0.2797  best=0.2885  [297s]
  gap_se    seed43  best_mAP=0.2885 @ep45  893,096p 0.8757G  [297s]
    e  1/60  mAP=0.0569  best=0.0569  [5s]
    e 10/60  mAP=0.2177  best=0.2177  [50s]
    e 20/60  mAP=0.2457  best=0.2457  [99s]
    e 30/60  mAP=0.2579  best=0.2579  [149s]
    e 40/60  mAP=0.2617  best=0.2685  [198s]
    e 50/60  mAP=0.2553  best=0.2685  [248s]
    e 60/60  mAP=0.2537  best=0.2685  [297s]
  gap_se    seed44  best_mAP=0.2685 @ep34  893,096p 0.8757G  [298s]
    e  1/60  mAP=0.0568  best=0.0568  [5s]
    e 10/60  mAP=0.2156  best=0.2156  [50s]
    e 20/60  mAP=0.2031  best=0.2456  [99s]
    e 30/60  mAP=0.2452  best=0.2580  [149s]
    e 40/60  mAP=0.2382  best=0.2580  [198s]
    e 50/60  mAP=0.2485  best=0.2580  [248s]
    e 60/60  mAP=0.2499  best=0.2580  [297s]
  gap_se    seed45  best_mAP=0.2580 @ep24  893,096p 0.8757G  [298s]
    e  1/60  mAP=0.0538  best=0.0538  [5s]
    e 10/60  mAP=0.1987  best=0.2018  [50s]
    e 20/60  mAP=0.2441  best=0.2537  [99s]
    e 30/60  mAP=0.2556  best=0.2577  [149s]
    e 40/60  mAP=0.2588  best=0.2654  [198s]
    e 50/60  mAP=0.2488  best=0.2654  [248s]
    e 60/60  mAP=0.2506  best=0.2654  [297s]
  gap_se    seed46  best_mAP=0.2654 @ep32  893,096p 0.8757G  [298s]
  -> gap_se    mean=0.2681 +-0.0121

cell           mean      +-    d_pp     params    GMAC  verdict
full         0.2649  0.0081   +0.00    851,816  0.8757  BASE
no_pool      0.2671  0.0085   +0.22    842,920  0.8735  WIN(pareto)
no_d1        0.2608  0.0099   -0.41    740,520  0.8472  WIN(pareto)
no_d4        0.2440  0.0040   -2.09    740,520  0.8472  LOSS
no_d8        0.2489  0.0040   -1.60    740,520  0.8472  LOSS
no_d16       0.2535  0.0048   -1.14    740,520  0.8472  WIN(pareto)
gap_cat      0.2638  0.0062   -0.12    860,712  0.8758  NEUTRAL
gap_se       0.2681  0.0121   +0.32    893,096  0.8757  NEUTRAL

-> /Volumes/T9/IndraAstra/dhiraj/neuro_graph/results/seg/seg_step022_t0__mini_mps.json
