
======================================================================
seg_step024 blocks  cells=['e8', 'vgg', 'sep', 'ir', 'cnx']  seeds=[42, 43, 44, 45, 46]
  E2 -> E8(scratch) arm=H1 alpha=2.0 beta=1.0  device=mps
======================================================================
  budget = e8 0.8450 GMAC; solving interior widths
    vgg  width=0.859 -> 0.8546G (+1.1%)
    sep  width=3.261 -> 0.8517G (+0.8%)
    ir   width=0.919 -> 0.8375G (-0.9%)
    cnx  width=0.402 -> 0.8467G (+0.2%)
  teacher teacher_E2_e60_seed42__mini_mps.pt  best_mAP=0.2650
    e  1/60  mAP=0.0565  best=0.0565  [5s]
    e 10/60  mAP=0.1678  best=0.1678  [48s]
    e 20/60  mAP=0.1903  best=0.2263  [95s]
    e 30/60  mAP=0.2423  best=0.2484  [142s]
    e 40/60  mAP=0.2500  best=0.2595  [189s]
    e 50/60  mAP=0.2464  best=0.2595  [237s]
    e 60/60  mAP=0.2509  best=0.2595  [287s]
  e8   seed42  best_mAP=0.2595 @ep37  731,624p 0.8450G  [287s]
    e  1/60  mAP=0.0508  best=0.0508  [5s]
    e 10/60  mAP=0.1557  best=0.1557  [51s]
    e 20/60  mAP=0.2122  best=0.2122  [105s]
    e 30/60  mAP=0.2456  best=0.2474  [163s]
    e 40/60  mAP=0.2493  best=0.2534  [213s]
    e 50/60  mAP=0.2461  best=0.2561  [264s]
    e 60/60  mAP=0.2474  best=0.2561  [319s]
  e8   seed43  best_mAP=0.2561 @ep41  731,624p 0.8450G  [319s]
    e  1/60  mAP=0.0457  best=0.0457  [6s]
    e 10/60  mAP=0.1570  best=0.1570  [55s]
    e 20/60  mAP=0.2117  best=0.2117  [106s]
    e 30/60  mAP=0.2293  best=0.2336  [157s]
    e 40/60  mAP=0.2390  best=0.2452  [214s]
    e 50/60  mAP=0.2321  best=0.2452  [268s]
    e 60/60  mAP=0.2376  best=0.2452  [316s]
  e8   seed44  best_mAP=0.2452 @ep37  731,624p 0.8450G  [316s]
    e  1/60  mAP=0.0520  best=0.0520  [5s]
    e 10/60  mAP=0.1508  best=0.1653  [47s]
    e 20/60  mAP=0.2119  best=0.2137  [94s]
    e 30/60  mAP=0.2272  best=0.2374  [141s]
    e 40/60  mAP=0.2359  best=0.2431  [188s]
    e 50/60  mAP=0.2402  best=0.2434  [235s]
    e 60/60  mAP=0.2414  best=0.2434  [282s]
  e8   seed45  best_mAP=0.2434 @ep44  731,624p 0.8450G  [282s]
    e  1/60  mAP=0.0469  best=0.0469  [5s]
    e 10/60  mAP=0.1660  best=0.1660  [47s]
    e 20/60  mAP=0.2292  best=0.2337  [94s]
    e 30/60  mAP=0.2394  best=0.2394  [141s]
    e 40/60  mAP=0.2489  best=0.2513  [188s]
    e 50/60  mAP=0.2460  best=0.2537  [235s]
    e 60/60  mAP=0.2501  best=0.2537  [283s]
  e8   seed46  best_mAP=0.2537 @ep49  731,624p 0.8450G  [283s]
  -> e8   mean=0.2516 +-0.0070
    e  1/60  mAP=0.0580  best=0.0580  [6s]
    e 10/60  mAP=0.1701  best=0.1701  [58s]
    e 20/60  mAP=0.2044  best=0.2293  [115s]
    e 30/60  mAP=0.2370  best=0.2451  [173s]
