==================================================================
data_step001 modes=['baseline', 'max_only', 'max_preserve', 'argmax_bucket', 'posterize2']  device=mps
/Volumes/T9/IndraAstra/dhiraj/neuro_graph/scripts/frontier/data_step001_maxchannel.py:60: VisibleDeprecationWarning: dtype(): align should be passed as Python or NumPy boolean but got `align=0`. Did you mean to pass a tuple to create a subarray type? (Deprecated NumPy 2.4)
  b = pickle.load(open(d / f"data_batch_{i}", "rb"), encoding="bytes")
/Volumes/T9/IndraAstra/dhiraj/neuro_graph/scripts/frontier/data_step001_maxchannel.py:64: VisibleDeprecationWarning: dtype(): align should be passed as Python or NumPy boolean but got `align=0`. Did you mean to pass a tuple to create a subarray type? (Deprecated NumPy 2.4)
  tb = pickle.load(open(d / "test_batch", "rb"), encoding="bytes")
  train (25000, 3, 32, 32)  val (10000, 3, 32, 32)  [0s]
  baseline       ep1/20 val_acc=0.4468 ent=4.3678b [4s]
  baseline       ep2/20 val_acc=0.5501 ent=4.3678b [5s]
  baseline       ep3/20 val_acc=0.5435 ent=4.3678b [6s]
  baseline       ep4/20 val_acc=0.5451 ent=4.3678b [7s]
  baseline       ep5/20 val_acc=0.5371 ent=4.3678b [8s]
  baseline       ep6/20 val_acc=0.4246 ent=4.3678b [9s]
  baseline       ep7/20 val_acc=0.4474 ent=4.3678b [10s]
  baseline       ep8/20 val_acc=0.5283 ent=4.3678b [11s]
  baseline       ep9/20 val_acc=0.5541 ent=4.3678b [12s]
  baseline       ep10/20 val_acc=0.5839 ent=4.3678b [13s]
  baseline       ep11/20 val_acc=0.5489 ent=4.3678b [14s]
  baseline       ep12/20 val_acc=0.6384 ent=4.3678b [15s]
  baseline       ep13/20 val_acc=0.6303 ent=4.3678b [16s]
  baseline       ep14/20 val_acc=0.6322 ent=4.3678b [17s]
  baseline       ep15/20 val_acc=0.6147 ent=4.3678b [18s]
  baseline       ep16/20 val_acc=0.5767 ent=4.3678b [19s]
  baseline       ep17/20 val_acc=0.5516 ent=4.3678b [20s]
  baseline       ep18/20 val_acc=0.6018 ent=4.3678b [21s]
  baseline       ep19/20 val_acc=0.6701 ent=4.3678b [22s]
  baseline       ep20/20 val_acc=0.6035 ent=4.3678b [23s]
  max_only       ep1/20 val_acc=0.3699 ent=2.2974b [24s]
  max_only       ep2/20 val_acc=0.4107 ent=2.2974b [25s]
  max_only       ep3/20 val_acc=0.4688 ent=2.2974b [26s]
  max_only       ep4/20 val_acc=0.4860 ent=2.2974b [27s]
  max_only       ep5/20 val_acc=0.5025 ent=2.2974b [28s]
  max_only       ep6/20 val_acc=0.4968 ent=2.2974b [29s]
  max_only       ep7/20 val_acc=0.4840 ent=2.2974b [30s]
  max_only       ep8/20 val_acc=0.5190 ent=2.2974b [31s]
  max_only       ep9/20 val_acc=0.5044 ent=2.2974b [32s]
  max_only       ep10/20 val_acc=0.5512 ent=2.2974b [33s]
  max_only       ep11/20 val_acc=0.5430 ent=2.2974b [34s]
  max_only       ep12/20 val_acc=0.4620 ent=2.2974b [35s]
  max_only       ep13/20 val_acc=0.4870 ent=2.2974b [36s]
  max_only       ep14/20 val_acc=0.5524 ent=2.2974b [37s]
  max_only       ep15/20 val_acc=0.4663 ent=2.2974b [38s]
  max_only       ep16/20 val_acc=0.5178 ent=2.2974b [39s]
  max_only       ep17/20 val_acc=0.5217 ent=2.2974b [40s]
  max_only       ep18/20 val_acc=0.5830 ent=2.2974b [41s]
  max_only       ep19/20 val_acc=0.4166 ent=2.2974b [42s]
  max_only       ep20/20 val_acc=0.5663 ent=2.2974b [43s]
  max_preserve   ep1/20 val_acc=0.3520 ent=4.1908b [45s]
  max_preserve   ep2/20 val_acc=0.4615 ent=4.1908b [46s]
  max_preserve   ep3/20 val_acc=0.5260 ent=4.1908b [47s]
  max_preserve   ep4/20 val_acc=0.5479 ent=4.1908b [48s]
  max_preserve   ep5/20 val_acc=0.4818 ent=4.1908b [49s]
  max_preserve   ep6/20 val_acc=0.5223 ent=4.1908b [50s]
  max_preserve   ep7/20 val_acc=0.5328 ent=4.1908b [51s]
  max_preserve   ep8/20 val_acc=0.5313 ent=4.1908b [52s]
  max_preserve   ep9/20 val_acc=0.5127 ent=4.1908b [53s]
  max_preserve   ep10/20 val_acc=0.6017 ent=4.1908b [54s]
  max_preserve   ep11/20 val_acc=0.5273 ent=4.1908b [55s]
  max_preserve   ep12/20 val_acc=0.5798 ent=4.1908b [56s]
  max_preserve   ep13/20 val_acc=0.5377 ent=4.1908b [57s]
  max_preserve   ep14/20 val_acc=0.6423 ent=4.1908b [58s]
  max_preserve   ep15/20 val_acc=0.5351 ent=4.1908b [59s]
  max_preserve   ep16/20 val_acc=0.5733 ent=4.1908b [60s]
  max_preserve   ep17/20 val_acc=0.5002 ent=4.1908b [61s]
  max_preserve   ep18/20 val_acc=0.5700 ent=4.1908b [62s]
  max_preserve   ep19/20 val_acc=0.5750 ent=4.1908b [63s]
  max_preserve   ep20/20 val_acc=0.6010 ent=4.1908b [64s]
  argmax_bucket  ep1/20 val_acc=0.3107 ent=0.9183b [65s]
  argmax_bucket  ep2/20 val_acc=0.3134 ent=0.9183b [66s]
  argmax_bucket  ep3/20 val_acc=0.3353 ent=0.9183b [67s]
  argmax_bucket  ep4/20 val_acc=0.3053 ent=0.9183b [68s]
  argmax_bucket  ep5/20 val_acc=0.3360 ent=0.9183b [69s]
  argmax_bucket  ep6/20 val_acc=0.3379 ent=0.9183b [70s]
  argmax_bucket  ep7/20 val_acc=0.3636 ent=0.9183b [71s]
  argmax_bucket  ep8/20 val_acc=0.3598 ent=0.9183b [72s]
  argmax_bucket  ep9/20 val_acc=0.3259 ent=0.9183b [73s]
  argmax_bucket  ep10/20 val_acc=0.3090 ent=0.9183b [74s]
  argmax_bucket  ep11/20 val_acc=0.3261 ent=0.9183b [75s]
  argmax_bucket  ep12/20 val_acc=0.3401 ent=0.9183b [76s]
  argmax_bucket  ep13/20 val_acc=0.2916 ent=0.9183b [77s]
  argmax_bucket  ep14/20 val_acc=0.3602 ent=0.9183b [78s]
  argmax_bucket  ep15/20 val_acc=0.3342 ent=0.9183b [79s]
  argmax_bucket  ep16/20 val_acc=0.3591 ent=0.9183b [80s]
  argmax_bucket  ep17/20 val_acc=0.3228 ent=0.9183b [81s]
  argmax_bucket  ep18/20 val_acc=0.3579 ent=0.9183b [82s]
  argmax_bucket  ep19/20 val_acc=0.3334 ent=0.9183b [83s]
  argmax_bucket  ep20/20 val_acc=0.3506 ent=0.9183b [84s]
  posterize2     ep1/20 val_acc=0.3595 ent=1.4371b [86s]
  posterize2     ep2/20 val_acc=0.3685 ent=1.4371b [87s]
  posterize2     ep3/20 val_acc=0.4478 ent=1.4371b [88s]
  posterize2     ep4/20 val_acc=0.4200 ent=1.4371b [89s]
  posterize2     ep5/20 val_acc=0.4037 ent=1.4371b [90s]
  posterize2     ep6/20 val_acc=0.5515 ent=1.4371b [91s]
  posterize2     ep7/20 val_acc=0.5106 ent=1.4371b [92s]
  posterize2     ep8/20 val_acc=0.5407 ent=1.4371b [93s]
  posterize2     ep9/20 val_acc=0.5117 ent=1.4371b [94s]
  posterize2     ep10/20 val_acc=0.4845 ent=1.4371b [95s]
  posterize2     ep11/20 val_acc=0.5248 ent=1.4371b [96s]
  posterize2     ep12/20 val_acc=0.5377 ent=1.4371b [97s]
  posterize2     ep13/20 val_acc=0.5936 ent=1.4371b [98s]
  posterize2     ep14/20 val_acc=0.5294 ent=1.4371b [99s]
  posterize2     ep15/20 val_acc=0.5720 ent=1.4371b [100s]
  posterize2     ep16/20 val_acc=0.4977 ent=1.4371b [101s]
  posterize2     ep17/20 val_acc=0.5773 ent=1.4371b [102s]
  posterize2     ep18/20 val_acc=0.5149 ent=1.4371b [103s]
  posterize2     ep19/20 val_acc=0.4596 ent=1.4371b [104s]
  posterize2     ep20/20 val_acc=0.5347 ent=1.4371b [105s]

  mode            entropy      acc  Δvs_baseline
  baseline          4.368   0.6701  +0.0000
  max_only          2.297   0.5830  -0.0871
  max_preserve      4.191   0.6423  -0.0278
  argmax_bucket     0.918   0.3636  -0.3065
  posterize2        1.437   0.5936  -0.0765
-> data_step001_maxchannel_all__mini_mps.json
