==================================================================
data_step002 seam-carve  device=cpu
/Volumes/T9/IndraAstra/dhiraj/neuro_graph/scripts/frontier/data_step002_seamcarve.py:58: VisibleDeprecationWarning: dtype(): align should be passed as Python or NumPy boolean but got `align=0`. Did you mean to pass a tuple to create a subarray type? (Deprecated NumPy 2.4)
  b = pickle.load(open(d / f"data_batch_{i}", "rb"), encoding="bytes")
/Volumes/T9/IndraAstra/dhiraj/neuro_graph/scripts/frontier/data_step002_seamcarve.py:61: VisibleDeprecationWarning: dtype(): align should be passed as Python or NumPy boolean but got `align=0`. Did you mean to pass a tuple to create a subarray type? (Deprecated NumPy 2.4)
  tb = pickle.load(open(d / "test_batch", "rb"), encoding="bytes")
  train (25000, 3, 32, 32)  val (10000, 3, 32, 32)  [0s]
  baseline   ep1/20 acc=0.4702 px=1024 [12s]
  baseline   ep2/20 acc=0.4470 px=1024 [23s]
  baseline   ep3/20 acc=0.4118 px=1024 [35s]
  baseline   ep4/20 acc=0.4365 px=1024 [46s]
  baseline   ep5/20 acc=0.5339 px=1024 [57s]
  baseline   ep6/20 acc=0.4904 px=1024 [69s]
  baseline   ep7/20 acc=0.6005 px=1024 [80s]
  baseline   ep8/20 acc=0.5936 px=1024 [91s]
  baseline   ep9/20 acc=0.5524 px=1024 [103s]
  baseline   ep10/20 acc=0.4973 px=1024 [114s]
  baseline   ep11/20 acc=0.6087 px=1024 [126s]
  baseline   ep12/20 acc=0.5951 px=1024 [137s]
  baseline   ep13/20 acc=0.5919 px=1024 [148s]
  baseline   ep14/20 acc=0.6309 px=1024 [160s]
  baseline   ep15/20 acc=0.6323 px=1024 [171s]
  baseline   ep16/20 acc=0.5740 px=1024 [182s]
  baseline   ep17/20 acc=0.4846 px=1024 [194s]
  baseline   ep18/20 acc=0.5808 px=1024 [205s]
  baseline   ep19/20 acc=0.5055 px=1024 [216s]
  baseline   ep20/20 acc=0.6584 px=1024 [228s]
  resize24   ep1/20 acc=0.3662 px=576 [234s]
  resize24   ep2/20 acc=0.4750 px=576 [241s]
  resize24   ep3/20 acc=0.4557 px=576 [248s]
  resize24   ep4/20 acc=0.5481 px=576 [254s]
  resize24   ep5/20 acc=0.5593 px=576 [261s]
  resize24   ep6/20 acc=0.5328 px=576 [268s]
  resize24   ep7/20 acc=0.4333 px=576 [275s]
  resize24   ep8/20 acc=0.5397 px=576 [281s]
  resize24   ep9/20 acc=0.6077 px=576 [288s]
  resize24   ep10/20 acc=0.5711 px=576 [295s]
  resize24   ep11/20 acc=0.5395 px=576 [301s]
  resize24   ep12/20 acc=0.6291 px=576 [308s]
  resize24   ep13/20 acc=0.5855 px=576 [315s]
  resize24   ep14/20 acc=0.5212 px=576 [322s]
  resize24   ep15/20 acc=0.5817 px=576 [328s]
  resize24   ep16/20 acc=0.6427 px=576 [335s]
  resize24   ep17/20 acc=0.5290 px=576 [342s]
  resize24   ep18/20 acc=0.6102 px=576 [348s]
  resize24   ep19/20 acc=0.5593 px=576 [355s]
  resize24   ep20/20 acc=0.6237 px=576 [362s]
  seam24     ep1/20 acc=0.4435 px=576 [377s]
  seam24     ep2/20 acc=0.5147 px=576 [385s]
  seam24     ep3/20 acc=0.5640 px=576 [393s]
  seam24     ep4/20 acc=0.5488 px=576 [400s]
  seam24     ep5/20 acc=0.5495 px=576 [408s]
  seam24     ep6/20 acc=0.5679 px=576 [415s]
  seam24     ep7/20 acc=0.4500 px=576 [423s]
  seam24     ep8/20 acc=0.6204 px=576 [431s]
  seam24     ep9/20 acc=0.6054 px=576 [438s]
  seam24     ep10/20 acc=0.5589 px=576 [446s]
  seam24     ep11/20 acc=0.6046 px=576 [453s]
  seam24     ep12/20 acc=0.5024 px=576 [461s]
  seam24     ep13/20 acc=0.5797 px=576 [468s]
  seam24     ep14/20 acc=0.6102 px=576 [475s]
  seam24     ep15/20 acc=0.6348 px=576 [483s]
  seam24     ep16/20 acc=0.5872 px=576 [490s]
  seam24     ep17/20 acc=0.5879 px=576 [497s]
  seam24     ep18/20 acc=0.5954 px=576 [505s]
  seam24     ep19/20 acc=0.4921 px=576 [512s]
  seam24     ep20/20 acc=0.6087 px=576 [520s]
  seam_hi    ep1/20 acc=0.4517 px=784 [534s]
  seam_hi    ep2/20 acc=0.4027 px=784 [543s]
  seam_hi    ep3/20 acc=0.5396 px=784 [552s]
  seam_hi    ep4/20 acc=0.5028 px=784 [561s]
  seam_hi    ep5/20 acc=0.5443 px=784 [570s]
  seam_hi    ep6/20 acc=0.5699 px=784 [579s]
  seam_hi    ep7/20 acc=0.5699 px=784 [588s]
  seam_hi    ep8/20 acc=0.4704 px=784 [596s]
  seam_hi    ep9/20 acc=0.5444 px=784 [605s]
  seam_hi    ep10/20 acc=0.6181 px=784 [613s]
  seam_hi    ep11/20 acc=0.5868 px=784 [621s]
  seam_hi    ep12/20 acc=0.6466 px=784 [630s]
  seam_hi    ep13/20 acc=0.5359 px=784 [638s]
  seam_hi    ep14/20 acc=0.6160 px=784 [646s]
  seam_hi    ep15/20 acc=0.6540 px=784 [654s]
  seam_hi    ep16/20 acc=0.5501 px=784 [663s]
  seam_hi    ep17/20 acc=0.6544 px=784 [671s]
  seam_hi    ep18/20 acc=0.6036 px=784 [679s]
  seam_hi    ep19/20 acc=0.6142 px=784 [688s]
  seam_hi    ep20/20 acc=0.5296 px=784 [696s]

  mode          px     acc  Δbaseline  Δresize(same-budget)
  baseline    1024  0.6584  +0.0000   +0.0157
  resize24     576  0.6427  -0.0157   +0.0000
  seam24       576  0.6348  -0.0236   -0.0079
  seam_hi      784  0.6544  -0.0040   +0.0117
-> /Volumes/T9/IndraAstra/dhiraj/neuro_graph/results/frontier/data_step002_seamcarve__mini_cpu.json
