Device: mps
Loading CIFAR-100 datasets...
/Volumes/T9/IndraAstra/dhiraj/neuro_graph/d_env/lib/python3.14/site-packages/torchvision/datasets/cifar.py:83: VisibleDeprecationWarning: dtype(): align should be passed as Python or NumPy boolean but got `align=0`. Did you mean to pass a tuple to create a subarray type? (Deprecated NumPy 2.4)
  entry = pickle.load(f, encoding="latin1")
  train: 50000  val: 10000
Loading VGG16 pretrained...

Extracting train features...
  [train] 64/50000  152 img/s  ETA 329s
  [train] 3264/50000  162 img/s  ETA 289s
  [train] 6464/50000  163 img/s  ETA 267s
  [train] 9664/50000  165 img/s  ETA 245s
  [train] 12864/50000  166 img/s  ETA 223s
  [train] 16064/50000  168 img/s  ETA 202s
  [train] 19264/50000  169 img/s  ETA 182s
  [train] 22464/50000  170 img/s  ETA 162s
  [train] 25664/50000  171 img/s  ETA 142s
  [train] 28864/50000  172 img/s  ETA 123s
  [train] 32064/50000  172 img/s  ETA 104s
  [train] 35264/50000  173 img/s  ETA 85s
  [train] 38464/50000  173 img/s  ETA 67s
  [train] 41664/50000  174 img/s  ETA 48s
  [train] 44864/50000  174 img/s  ETA 30s
  [train] 48064/50000  174 img/s  ETA 11s
  [train] DONE 50000 samples in 286s

Extracting val features...
  [val] 64/10000  182 img/s  ETA 55s
  [val] 3264/10000  181 img/s  ETA 37s
  [val] 6464/10000  181 img/s  ETA 20s
  [val] 9664/10000  181 img/s  ETA 2s
  [val] DONE 10000 samples in 55s

Writing HDF5: /Volumes/T9/IndraAstra/dhiraj/neuro_graph/data/store_cifar100.h5
File size: 1.15 GB
DONE.
