Device: mps
Loading CIFAR-10 datasets...
/Volumes/T9/IndraAstra/dhiraj/neuro_graph/d_env/lib/python3.14/site-packages/torchvision/datasets/cifar.py:83: VisibleDeprecationWarning: dtype(): align should be passed as Python or NumPy boolean but got `align=0`. Did you mean to pass a tuple to create a subarray type? (Deprecated NumPy 2.4)
  entry = pickle.load(f, encoding="latin1")
  train: 50000  val: 10000
Loading VGG16 pretrained...

Extracting train features...
  [train] 64/50000  147 img/s  ETA 341s
  [train] 3264/50000  194 img/s  ETA 241s
  [train] 6464/50000  192 img/s  ETA 227s
  [train] 9664/50000  189 img/s  ETA 213s
  [train] 12864/50000  185 img/s  ETA 201s
  [train] 16064/50000  183 img/s  ETA 186s
  [train] 19264/50000  181 img/s  ETA 170s
  [train] 22464/50000  180 img/s  ETA 153s
  [train] 25664/50000  180 img/s  ETA 135s
  [train] 28864/50000  180 img/s  ETA 118s
  [train] 32064/50000  180 img/s  ETA 100s
  [train] 35264/50000  180 img/s  ETA 82s
  [train] 38464/50000  180 img/s  ETA 64s
  [train] 41664/50000  181 img/s  ETA 46s
  [train] 44864/50000  181 img/s  ETA 28s
  [train] 48064/50000  181 img/s  ETA 11s
  [train] DONE 50000 samples in 276s

Extracting val features...
  [val] 64/10000  184 img/s  ETA 54s
  [val] 3264/10000  186 img/s  ETA 36s
  [val] 6464/10000  184 img/s  ETA 19s
  [val] 9664/10000  185 img/s  ETA 2s
  [val] DONE 10000 samples in 54s

Writing HDF5: /Volumes/T9/IndraAstra/dhiraj/neuro_graph/data/store_cifar10.h5
File size: 1.18 GB
DONE.
