/Volumes/T9/IndraAstra/dhiraj/neuro_graph/d_env/lib/python3.14/site-packages/torchvision/datasets/cifar.py:83: VisibleDeprecationWarning: dtype(): align should be passed as Python or NumPy boolean but got `align=0`. Did you mean to pass a tuple to create a subarray type? (Deprecated NumPy 2.4)
  entry = pickle.load(f, encoding="latin1")
Device: cpu

--- train pass: original ---
  [train/original] 64/50000  19 img/s  ETA 2562s
  [train/original] 3264/50000  20 img/s  ETA 2335s
  [train/original] 6464/50000  20 img/s  ETA 2187s
  [train/original] 9664/50000  20 img/s  ETA 2031s
  [train/original] 12864/50000  20 img/s  ETA 1875s
  [train/original] 16064/50000  20 img/s  ETA 1716s
  [train/original] 19264/50000  20 img/s  ETA 1556s
  [train/original] 22464/50000  20 img/s  ETA 1395s
  [train/original] 25664/50000  20 img/s  ETA 1235s
  [train/original] 28864/50000  20 img/s  ETA 1073s
Traceback (most recent call last):
  File "/Volumes/T9/IndraAstra/dhiraj/neuro_graph/scripts/extract_cifar10_vgg16_features_aug.py", line 36, in <module>
    import torchvision
ModuleNotFoundError: No module named 'torchvision'
DONE
/Volumes/T9/IndraAstra/dhiraj/neuro_graph/d_env/lib/python3.14/site-packages/torchvision/datasets/cifar.py:83: VisibleDeprecationWarning: dtype(): align should be passed as Python or NumPy boolean but got `align=0`. Did you mean to pass a tuple to create a subarray type? (Deprecated NumPy 2.4)
  entry = pickle.load(f, encoding="latin1")
Device: cpu

--- train pass: original ---
  [train/original] 64/50000  23 img/s  ETA 2185s
/Volumes/T9/IndraAstra/dhiraj/neuro_graph/d_env/lib/python3.14/site-packages/torchvision/datasets/cifar.py:83: VisibleDeprecationWarning: dtype(): align should be passed as Python or NumPy boolean but got `align=0`. Did you mean to pass a tuple to create a subarray type? (Deprecated NumPy 2.4)
  entry = pickle.load(f, encoding="latin1")
Device: cpu

--- train pass: original ---
  [train/original] 64/50000  23 img/s  ETA 2152s
  [train/original] 3264/50000  24 img/s  ETA 1981s
  [train/original] 6464/50000  24 img/s  ETA 1831s
  [train/original] 9664/50000  24 img/s  ETA 1716s
  [train/original] 12864/50000  23 img/s  ETA 1609s
  [train/original] 16064/50000  22 img/s  ETA 1520s
  [train/original] 19264/50000  22 img/s  ETA 1369s
  [train/original] 22464/50000  22 img/s  ETA 1230s
  [train/original] 25664/50000  22 img/s  ETA 1088s
  [train/original] 28864/50000  22 img/s  ETA 946s
  [train/original] 32064/50000  22 img/s  ETA 804s
  [train/original] 35264/50000  22 img/s  ETA 662s
  [train/original] 38464/50000  22 img/s  ETA 519s
  [train/original] 41664/50000  22 img/s  ETA 376s
  [train/original] 44864/50000  22 img/s  ETA 232s
  [train/original] 48064/50000  22 img/s  ETA 88s
  [train/original] DONE 50000 samples  2257s

--- train pass: hflip ---
  [train/hflip] 64/50000  23 img/s  ETA 2140s
  [train/hflip] 3264/50000  20 img/s  ETA 2311s
  [train/hflip] 6464/50000  21 img/s  ETA 2079s
  [train/hflip] 9664/50000  21 img/s  ETA 1912s
  [train/hflip] 12864/50000  21 img/s  ETA 1755s
  [train/hflip] 16064/50000  22 img/s  ETA 1572s
  [train/hflip] 19264/50000  22 img/s  ETA 1417s
  [train/hflip] 22464/50000  22 img/s  ETA 1265s
  [train/hflip] 25664/50000  22 img/s  ETA 1114s
  [train/hflip] 28864/50000  22 img/s  ETA 967s
  [train/hflip] 32064/50000  22 img/s  ETA 821s
  [train/hflip] 35264/50000  22 img/s  ETA 672s
  [train/hflip] 38464/50000  22 img/s  ETA 523s
  [train/hflip] 41664/50000  22 img/s  ETA 376s
  [train/hflip] 44864/50000  22 img/s  ETA 232s
  [train/hflip] 48064/50000  22 img/s  ETA 88s
  [train/hflip] DONE 50000 samples  2269s

Train combined: 100000 samples

--- val pass: original ---
  [val/original] 64/10000  15 img/s  ETA 675s
  [val/original] 3264/10000  21 img/s  ETA 320s
  [val/original] 6464/10000  21 img/s  ETA 170s
  [val/original] 9664/10000  21 img/s  ETA 16s
  [val/original] DONE 10000 samples  473s

Writing HDF5: /Volumes/T9/IndraAstra/dhiraj/neuro_graph/data/store_cifar10_aug.h5
File size: 2.14 GB  (100000 train + 10000 val)
DONE.
DONE
