
======================================================================
glam_step002 — A1 width×depth sweep T0 (20ep, 50%)  grid=[(1, 8, 16), (1, 32, 16), (2, 8, 16), (2, 32, 16)]
  device=cpu  FFN-head ref ~93.2% @ 1.11M
======================================================================

────────────────────────────────────────────────────────────
A1 L=1 d_out=8 M=16  params=47,370 (0.0396% FC)  device=cpu
  e  1/20  val=0.9042  best=0.9042  [0s]
  e  5/20  val=0.9684  best=0.9684  [1s]
  e 10/20  val=0.9699  best=0.9704  [2s]
  e 15/20  val=0.9704  best=0.9704  [2s]
  e 20/20  val=0.9704  best=0.9704  [3s]
  DONE: best=0.9704 @ep7  params=47,370  3s

────────────────────────────────────────────────────────────
A1 L=1 d_out=32 M=16  params=189,450 (0.1584% FC)  device=cpu
  e  1/20  val=0.9501  best=0.9501  [0s]
  e  5/20  val=0.9689  best=0.9689  [1s]
  e 10/20  val=0.9712  best=0.9717  [3s]
  e 15/20  val=0.9710  best=0.9717  [4s]
  e 20/20  val=0.9710  best=0.9717  [5s]
  DONE: best=0.9717 @ep9  params=189,450  5s

────────────────────────────────────────────────────────────
A1 L=2 d_out=8 M=16  params=48,522 (0.0406% FC)  device=cpu
  e  1/20  val=0.8902  best=0.8902  [0s]
  e  5/20  val=0.9671  best=0.9671  [1s]
  e 10/20  val=0.9697  best=0.9697  [2s]
  e 15/20  val=0.9697  best=0.9699  [3s]
  e 20/20  val=0.9694  best=0.9699  [5s]
  DONE: best=0.9699 @ep13  params=48,522  5s

────────────────────────────────────────────────────────────
A1 L=2 d_out=32 M=16  params=206,346 (0.1725% FC)  device=cpu
  e  1/20  val=0.9511  best=0.9511  [0s]
  e  5/20  val=0.9702  best=0.9702  [2s]
  e 10/20  val=0.9699  best=0.9702  [5s]
  e 15/20  val=0.9702  best=0.9702  [7s]
  e 20/20  val=0.9697  best=0.9702  [9s]
  DONE: best=0.9702 @ep5  params=206,346  9s

======================================================================
glam_step002 A1 SWEEP DONE (FFN-head ref ~93.2% @ 1.11M)
  L=1 d_out=  8 M= 16  0.9704  47,370 (0.0396%)
  L=1 d_out= 32 M= 16  0.9717  189,450 (0.1584%)
  L=2 d_out=  8 M= 16  0.9699  48,522 (0.0406%)
  L=2 d_out= 32 M= 16  0.9702  206,346 (0.1725%)

-> /Volumes/T9/IndraAstra/dhiraj/neuro_graph/results/glam/glam_step002_A1_t0_seed44__mini_cpu.json
