
======================================================================
glam_step010 — weight-RReLU readout Imagenette T0 (20ep, 50%)  sweep=True  seeds=[42]
  device=mps  store=data/store_cifar10.h5
======================================================================

────────────────────────────────────────────────────────────
R0 sparsity=0.7 rand=False  params=47,370 (0.0396% FC)  device=mps
  e  1/20  val=0.7930  best=0.7930  zero_frac=0.000  α=1  [0s]
  e  5/20  val=0.8523  best=0.8523  zero_frac=0.000  α=0.2336  [1s]
  e 10/20  val=0.8560  best=0.8560  zero_frac=0.000  α=0.03793  [3s]
  e 15/20  val=0.8538  best=0.8560  zero_frac=0.000  α=0.006158  [4s]
  e 20/20  val=0.8539  best=0.8560  zero_frac=0.000  α=0.001  [5s]
  DONE: best=0.8560 @ep10  zero_frac=0.000  eff_params=47,370  5s
-> /Volumes/T9/IndraAstra/dhiraj/neuro_graph/results/glam/glam_step010_R0_t0c10_seed42__mini_mps.json

────────────────────────────────────────────────────────────
R1 sparsity=0.9 rand=False  params=47,370 (0.0396% FC)  device=mps
  e  1/20  val=0.7521  best=0.7521  zero_frac=0.900  α=1  [0s]
  e  5/20  val=0.8176  best=0.8176  zero_frac=0.900  α=0.2336  [2s]
  e 10/20  val=0.8374  best=0.8374  zero_frac=0.900  α=0.03793  [4s]
  e 15/20  val=0.8372  best=0.8381  zero_frac=0.900  α=0.006158  [6s]
  e 20/20  val=0.8364  best=0.8381  zero_frac=0.900  α=0.001  [7s]
  DONE: best=0.8381 @ep13  zero_frac=0.900  eff_params=10,506  7s
-> /Volumes/T9/IndraAstra/dhiraj/neuro_graph/results/glam/glam_step010_R1_s0.9_t0c10_seed42__mini_mps.json

────────────────────────────────────────────────────────────
R2 sparsity=0.9 rand=True  params=47,370 (0.0396% FC)  device=mps
  e  1/20  val=0.7521  best=0.7521  zero_frac=0.900  α=1  [0s]
  e  5/20  val=0.8079  best=0.8079  zero_frac=0.900  α=0.2336  [2s]
  e 10/20  val=0.8344  best=0.8344  zero_frac=0.900  α=0.03793  [3s]
  e 15/20  val=0.8334  best=0.8352  zero_frac=0.900  α=0.006158  [4s]
  e 20/20  val=0.8344  best=0.8352  zero_frac=0.900  α=0.001  [6s]
  DONE: best=0.8352 @ep11  zero_frac=0.900  eff_params=10,506  6s
-> /Volumes/T9/IndraAstra/dhiraj/neuro_graph/results/glam/glam_step010_R2_s0.9_t0c10_seed42__mini_mps.json

────────────────────────────────────────────────────────────
R1 sparsity=0.95 rand=False  params=47,370 (0.0396% FC)  device=mps
  e  1/20  val=0.6930  best=0.6930  zero_frac=0.950  α=1  [0s]
  e  5/20  val=0.7635  best=0.7635  zero_frac=0.950  α=0.2336  [2s]
  e 10/20  val=0.8215  best=0.8215  zero_frac=0.950  α=0.03793  [4s]
  e 15/20  val=0.8279  best=0.8279  zero_frac=0.950  α=0.006158  [5s]
  e 20/20  val=0.8276  best=0.8285  zero_frac=0.950  α=0.001  [7s]
  DONE: best=0.8285 @ep18  zero_frac=0.950  eff_params=8,459  7s
-> /Volumes/T9/IndraAstra/dhiraj/neuro_graph/results/glam/glam_step010_R1_s0.95_t0c10_seed42__mini_mps.json

────────────────────────────────────────────────────────────
R2 sparsity=0.95 rand=True  params=47,370 (0.0396% FC)  device=mps
  e  1/20  val=0.6930  best=0.6930  zero_frac=0.950  α=1  [0s]
  e  5/20  val=0.7414  best=0.7414  zero_frac=0.950  α=0.2336  [1s]
  e 10/20  val=0.8139  best=0.8139  zero_frac=0.950  α=0.03793  [3s]
  e 15/20  val=0.8218  best=0.8218  zero_frac=0.950  α=0.006158  [4s]
  e 20/20  val=0.8228  best=0.8229  zero_frac=0.950  α=0.001  [6s]
  DONE: best=0.8229 @ep18  zero_frac=0.950  eff_params=8,459  6s
-> /Volumes/T9/IndraAstra/dhiraj/neuro_graph/results/glam/glam_step010_R2_s0.95_t0c10_seed42__mini_mps.json

────────────────────────────────────────────────────────────
R1 sparsity=0.97 rand=False  params=47,370 (0.0396% FC)  device=mps
  e  1/20  val=0.6536  best=0.6536  zero_frac=0.970  α=1  [0s]
  e  5/20  val=0.6924  best=0.6924  zero_frac=0.970  α=0.2336  [2s]
  e 10/20  val=0.7883  best=0.7883  zero_frac=0.970  α=0.03793  [4s]
  e 15/20  val=0.8031  best=0.8031  zero_frac=0.970  α=0.006158  [6s]
  e 20/20  val=0.8044  best=0.8044  zero_frac=0.970  α=0.001  [7s]
  DONE: best=0.8044 @ep20  zero_frac=0.970  eff_params=7,639  7s
-> /Volumes/T9/IndraAstra/dhiraj/neuro_graph/results/glam/glam_step010_R1_s0.97_t0c10_seed42__mini_mps.json

────────────────────────────────────────────────────────────
R2 sparsity=0.97 rand=True  params=47,370 (0.0396% FC)  device=mps
  e  1/20  val=0.6536  best=0.6536  zero_frac=0.970  α=1  [0s]
  e  5/20  val=0.6670  best=0.6670  zero_frac=0.970  α=0.2336  [1s]
  e 10/20  val=0.7842  best=0.7842  zero_frac=0.970  α=0.03793  [3s]
  e 15/20  val=0.8058  best=0.8058  zero_frac=0.970  α=0.006158  [4s]
  e 20/20  val=0.8076  best=0.8079  zero_frac=0.970  α=0.001  [6s]
  DONE: best=0.8079 @ep19  zero_frac=0.970  eff_params=7,639  6s
-> /Volumes/T9/IndraAstra/dhiraj/neuro_graph/results/glam/glam_step010_R2_s0.97_t0c10_seed42__mini_mps.json
