
======================================================================
glam_step002 — A2 width×depth sweep T0 (20ep, 50%)  grid=[(1, 8, 16), (2, 8, 16)]
  device=cpu  FFN-head ref ~93.2% @ 1.11M
======================================================================

────────────────────────────────────────────────────────────
A2 L=1 d_out=8 M=16  params=47,370 (0.0396% FC)  device=cpu
  e  1/20  val=0.6938  best=0.6938  [0s]
  e  5/20  val=0.9490  best=0.9490  [1s]
  e 10/20  val=0.9490  best=0.9498  [2s]
  e 15/20  val=0.9501  best=0.9501  [3s]
  e 20/20  val=0.9498  best=0.9501  [4s]
  DONE: best=0.9501 @ep12  params=47,370  4s

────────────────────────────────────────────────────────────
A2 L=2 d_out=8 M=16  params=48,522 (0.0406% FC)  device=cpu
  e  1/20  val=0.3340  best=0.3340  [0s]
  e  5/20  val=0.8864  best=0.8864  [1s]
  e 10/20  val=0.8973  best=0.8973  [3s]
  e 15/20  val=0.8989  best=0.8989  [4s]
  e 20/20  val=0.8999  best=0.8999  [6s]
  DONE: best=0.8999 @ep19  params=48,522  6s

======================================================================
glam_step002 A2 SWEEP DONE (FFN-head ref ~93.2% @ 1.11M)
  L=1 d_out=  8 M= 16  0.9501  47,370 (0.0396%)
  L=2 d_out=  8 M= 16  0.8999  48,522 (0.0406%)

-> /Volumes/T9/IndraAstra/dhiraj/neuro_graph/results/glam/glam_step002_A2_t0ms_seed43__mini_cpu.json

======================================================================
glam_step002 — A2 width×depth sweep T0 (20ep, 50%)  grid=[(1, 8, 16), (2, 8, 16)]
  device=cpu  FFN-head ref ~93.2% @ 1.11M
======================================================================

────────────────────────────────────────────────────────────
A2 L=1 d_out=8 M=16  params=47,370 (0.0396% FC)  device=cpu
  e  1/20  val=0.7332  best=0.7332  [0s]
  e  5/20  val=0.9434  best=0.9450  [1s]
  e 10/20  val=0.9432  best=0.9450  [2s]
  e 15/20  val=0.9432  best=0.9450  [3s]
  e 20/20  val=0.9437  best=0.9450  [4s]
  DONE: best=0.9450 @ep4  params=47,370  4s

────────────────────────────────────────────────────────────
A2 L=2 d_out=8 M=16  params=48,522 (0.0406% FC)  device=cpu
  e  1/20  val=0.3702  best=0.3702  [0s]
  e  5/20  val=0.8818  best=0.8818  [1s]
  e 10/20  val=0.8892  best=0.8922  [3s]
  e 15/20  val=0.8912  best=0.8922  [4s]
  e 20/20  val=0.8915  best=0.8922  [6s]
  DONE: best=0.8922 @ep8  params=48,522  6s

======================================================================
glam_step002 A2 SWEEP DONE (FFN-head ref ~93.2% @ 1.11M)
  L=1 d_out=  8 M= 16  0.9450  47,370 (0.0396%)
  L=2 d_out=  8 M= 16  0.8922  48,522 (0.0406%)

-> /Volumes/T9/IndraAstra/dhiraj/neuro_graph/results/glam/glam_step002_A2_t0ms_seed44__mini_cpu.json

======================================================================
glam_step002 — A3 width×depth sweep T0 (20ep, 50%)  grid=[(1, 8, 16), (2, 8, 16)]
  device=cpu  FFN-head ref ~93.2% @ 1.11M
======================================================================

────────────────────────────────────────────────────────────
A3 L=1 d_out=8 M=16  params=47,370 (0.0396% FC)  device=cpu
  e  1/20  val=0.8917  best=0.8917  [0s]
  e  5/20  val=0.9671  best=0.9671  [1s]
  e 10/20  val=0.9682  best=0.9684  [2s]
  e 15/20  val=0.9684  best=0.9684  [3s]
  e 20/20  val=0.9684  best=0.9684  [3s]
  DONE: best=0.9684 @ep7  params=47,370  3s

────────────────────────────────────────────────────────────
A3 L=2 d_out=8 M=16  params=48,522 (0.0406% FC)  device=cpu
  e  1/20  val=0.8535  best=0.8535  [0s]
  e  5/20  val=0.9587  best=0.9587  [1s]
  e 10/20  val=0.9592  best=0.9600  [3s]
  e 15/20  val=0.9600  best=0.9605  [4s]
  e 20/20  val=0.9597  best=0.9605  [5s]
  DONE: best=0.9605 @ep12  params=48,522  5s

======================================================================
glam_step002 A3 SWEEP DONE (FFN-head ref ~93.2% @ 1.11M)
  L=1 d_out=  8 M= 16  0.9684  47,370 (0.0396%)
  L=2 d_out=  8 M= 16  0.9605  48,522 (0.0406%)

-> /Volumes/T9/IndraAstra/dhiraj/neuro_graph/results/glam/glam_step002_A3_t0ms_seed43__mini_cpu.json

======================================================================
glam_step002 — A3 width×depth sweep T0 (20ep, 50%)  grid=[(1, 8, 16), (2, 8, 16)]
  device=cpu  FFN-head ref ~93.2% @ 1.11M
======================================================================

────────────────────────────────────────────────────────────
A3 L=1 d_out=8 M=16  params=47,370 (0.0396% FC)  device=cpu
  e  1/20  val=0.9009  best=0.9009  [0s]
  e  5/20  val=0.9666  best=0.9666  [1s]
  e 10/20  val=0.9684  best=0.9694  [2s]
  e 15/20  val=0.9692  best=0.9694  [3s]
  e 20/20  val=0.9694  best=0.9694  [3s]
  DONE: best=0.9694 @ep7  params=47,370  3s

────────────────────────────────────────────────────────────
A3 L=2 d_out=8 M=16  params=48,522 (0.0406% FC)  device=cpu
  e  1/20  val=0.8639  best=0.8639  [0s]
  e  5/20  val=0.9585  best=0.9585  [1s]
  e 10/20  val=0.9608  best=0.9610  [3s]
  e 15/20  val=0.9608  best=0.9610  [4s]
  e 20/20  val=0.9605  best=0.9610  [5s]
  DONE: best=0.9610 @ep6  params=48,522  5s

======================================================================
glam_step002 A3 SWEEP DONE (FFN-head ref ~93.2% @ 1.11M)
  L=1 d_out=  8 M= 16  0.9694  47,370 (0.0396%)
  L=2 d_out=  8 M= 16  0.9610  48,522 (0.0406%)

-> /Volumes/T9/IndraAstra/dhiraj/neuro_graph/results/glam/glam_step002_A3_t0ms_seed44__mini_cpu.json
