
======================================================================
glam_step002 — A1 width×depth sweep T0 (75ep, 50%)  grid=[(1, 8, 16), (1, 32, 16)]
  device=cpu  FFN-head ref ~93.2% @ 1.11M
======================================================================

────────────────────────────────────────────────────────────
A1 L=1 d_out=8 M=16  params=47,370 (0.0396% FC)  device=cpu
  e  1/75  val=0.6611  best=0.6611  [0s]
  e  5/75  val=0.9636  best=0.9636  [1s]
  e 10/75  val=0.9692  best=0.9692  [1s]
  e 15/75  val=0.9702  best=0.9702  [2s]
  e 20/75  val=0.9707  best=0.9707  [3s]
  e 25/75  val=0.9704  best=0.9707  [4s]
  e 30/75  val=0.9710  best=0.9710  [4s]
  e 35/75  val=0.9710  best=0.9712  [5s]
  e 40/75  val=0.9712  best=0.9712  [6s]
  e 45/75  val=0.9710  best=0.9712  [7s]
  e 50/75  val=0.9715  best=0.9717  [7s]
  e 55/75  val=0.9717  best=0.9717  [8s]
  e 60/75  val=0.9717  best=0.9717  [9s]
  e 65/75  val=0.9717  best=0.9717  [9s]
  e 70/75  val=0.9717  best=0.9717  [10s]
  e 75/75  val=0.9717  best=0.9717  [11s]
  DONE: best=0.9717 @ep49  params=47,370  11s

────────────────────────────────────────────────────────────
A1 L=1 d_out=32 M=16  params=189,450 (0.1584% FC)  device=cpu
  e  1/75  val=0.9223  best=0.9223  [0s]
  e  5/75  val=0.9656  best=0.9694  [1s]
  e 10/75  val=0.9735  best=0.9735  [3s]
  e 15/75  val=0.9717  best=0.9735  [4s]
  e 20/75  val=0.9722  best=0.9735  [5s]
  e 25/75  val=0.9720  best=0.9735  [6s]
  e 30/75  val=0.9720  best=0.9735  [8s]
  e 35/75  val=0.9720  best=0.9735  [9s]
  e 40/75  val=0.9720  best=0.9735  [10s]
  e 45/75  val=0.9722  best=0.9735  [12s]
  e 50/75  val=0.9727  best=0.9735  [13s]
  e 55/75  val=0.9727  best=0.9735  [14s]
  e 60/75  val=0.9732  best=0.9735  [16s]
  e 65/75  val=0.9732  best=0.9735  [17s]
  e 70/75  val=0.9732  best=0.9735  [18s]
  e 75/75  val=0.9732  best=0.9735  [19s]
  DONE: best=0.9735 @ep10  params=189,450  19s

======================================================================
glam_step002 A1 SWEEP DONE (FFN-head ref ~93.2% @ 1.11M)
  L=1 d_out=  8 M= 16  0.9717  47,370 (0.0396%)
  L=1 d_out= 32 M= 16  0.9735  189,450 (0.1584%)

-> /Volumes/T9/IndraAstra/dhiraj/neuro_graph/results/glam/glam_step002_A1_t1_seed42__mini_cpu.json

======================================================================
glam_step002 — A1 width×depth sweep T0 (75ep, 50%)  grid=[(1, 8, 16), (1, 32, 16)]
  device=cpu  FFN-head ref ~93.2% @ 1.11M
======================================================================

────────────────────────────────────────────────────────────
A1 L=1 d_out=8 M=16  params=47,370 (0.0396% FC)  device=cpu
  e  1/75  val=0.6143  best=0.6143  [0s]
  e  5/75  val=0.9625  best=0.9625  [1s]
  e 10/75  val=0.9661  best=0.9671  [1s]
  e 15/75  val=0.9687  best=0.9687  [2s]
  e 20/75  val=0.9692  best=0.9692  [3s]
  e 25/75  val=0.9692  best=0.9692  [4s]
  e 30/75  val=0.9694  best=0.9697  [4s]
  e 35/75  val=0.9694  best=0.9699  [5s]
  e 40/75  val=0.9694  best=0.9699  [6s]
  e 45/75  val=0.9694  best=0.9699  [7s]
  e 50/75  val=0.9694  best=0.9699  [7s]
  e 55/75  val=0.9694  best=0.9699  [8s]
  e 60/75  val=0.9694  best=0.9699  [9s]
  e 65/75  val=0.9694  best=0.9699  [10s]
  e 70/75  val=0.9694  best=0.9699  [10s]
  e 75/75  val=0.9694  best=0.9699  [11s]
  DONE: best=0.9699 @ep34  params=47,370  11s

────────────────────────────────────────────────────────────
A1 L=1 d_out=32 M=16  params=189,450 (0.1584% FC)  device=cpu
  e  1/75  val=0.9124  best=0.9124  [0s]
  e  5/75  val=0.9697  best=0.9697  [1s]
  e 10/75  val=0.9717  best=0.9717  [3s]
  e 15/75  val=0.9717  best=0.9722  [4s]
  e 20/75  val=0.9720  best=0.9722  [5s]
  e 25/75  val=0.9720  best=0.9722  [6s]
  e 30/75  val=0.9720  best=0.9722  [8s]
  e 35/75  val=0.9717  best=0.9722  [9s]
  e 40/75  val=0.9722  best=0.9722  [10s]
  e 45/75  val=0.9722  best=0.9722  [12s]
  e 50/75  val=0.9722  best=0.9722  [13s]
  e 55/75  val=0.9722  best=0.9722  [14s]
  e 60/75  val=0.9722  best=0.9722  [16s]
  e 65/75  val=0.9722  best=0.9722  [17s]
  e 70/75  val=0.9722  best=0.9722  [18s]
  e 75/75  val=0.9722  best=0.9722  [19s]
  DONE: best=0.9722 @ep13  params=189,450  19s

======================================================================
glam_step002 A1 SWEEP DONE (FFN-head ref ~93.2% @ 1.11M)
  L=1 d_out=  8 M= 16  0.9699  47,370 (0.0396%)
  L=1 d_out= 32 M= 16  0.9722  189,450 (0.1584%)

-> /Volumes/T9/IndraAstra/dhiraj/neuro_graph/results/glam/glam_step002_A1_t1_seed43__mini_cpu.json

======================================================================
glam_step002 — A1 width×depth sweep T0 (75ep, 50%)  grid=[(1, 8, 16), (1, 32, 16)]
  device=cpu  FFN-head ref ~93.2% @ 1.11M
======================================================================

────────────────────────────────────────────────────────────
A1 L=1 d_out=8 M=16  params=47,370 (0.0396% FC)  device=cpu
  e  1/75  val=0.6364  best=0.6364  [0s]
  e  5/75  val=0.9646  best=0.9646  [1s]
  e 10/75  val=0.9697  best=0.9697  [1s]
  e 15/75  val=0.9715  best=0.9717  [2s]
  e 20/75  val=0.9715  best=0.9717  [3s]
  e 25/75  val=0.9725  best=0.9725  [4s]
  e 30/75  val=0.9722  best=0.9725  [4s]
  e 35/75  val=0.9725  best=0.9725  [5s]
  e 40/75  val=0.9725  best=0.9727  [6s]
  e 45/75  val=0.9727  best=0.9730  [7s]
  e 50/75  val=0.9730  best=0.9730  [7s]
  e 55/75  val=0.9730  best=0.9730  [8s]
  e 60/75  val=0.9730  best=0.9730  [9s]
  e 65/75  val=0.9730  best=0.9730  [9s]
  e 70/75  val=0.9730  best=0.9730  [10s]
  e 75/75  val=0.9730  best=0.9730  [11s]
  DONE: best=0.9730 @ep41  params=47,370  11s

────────────────────────────────────────────────────────────
A1 L=1 d_out=32 M=16  params=189,450 (0.1584% FC)  device=cpu
  e  1/75  val=0.9164  best=0.9164  [0s]
  e  5/75  val=0.9674  best=0.9674  [1s]
  e 10/75  val=0.9692  best=0.9702  [3s]
  e 15/75  val=0.9694  best=0.9702  [4s]
  e 20/75  val=0.9702  best=0.9702  [5s]
  e 25/75  val=0.9704  best=0.9704  [7s]
  e 30/75  val=0.9710  best=0.9710  [8s]
  e 35/75  val=0.9710  best=0.9710  [9s]
  e 40/75  val=0.9707  best=0.9710  [10s]
  e 45/75  val=0.9707  best=0.9710  [12s]
  e 50/75  val=0.9707  best=0.9710  [13s]
  e 55/75  val=0.9707  best=0.9710  [14s]
  e 60/75  val=0.9707  best=0.9710  [16s]
  e 65/75  val=0.9707  best=0.9710  [17s]
  e 70/75  val=0.9707  best=0.9710  [18s]
  e 75/75  val=0.9707  best=0.9710  [19s]
  DONE: best=0.9710 @ep29  params=189,450  19s

======================================================================
glam_step002 A1 SWEEP DONE (FFN-head ref ~93.2% @ 1.11M)
  L=1 d_out=  8 M= 16  0.9730  47,370 (0.0396%)
  L=1 d_out= 32 M= 16  0.9710  189,450 (0.1584%)

-> /Volumes/T9/IndraAstra/dhiraj/neuro_graph/results/glam/glam_step002_A1_t1_seed44__mini_cpu.json
