
######################################################################
# /Volumes/T9/IndraAstra/dhiraj/neuro_graph/scripts/seg/seg_step002_encoder_flops.py --arm E6 --seed 42 --device mps
######################################################################

======================================================================
seg_step002 — E6  128px -> 16x16, C=4 x K=2
  device=mps  seed=42
======================================================================
  trainable=2,630,248  MACs/frame=1.331G  (drone ceiling 1.0G)  train=2000 val=500
  e  1/20  mAP=0.0514  bce=0.2357  best=0.0514  [4s]
  e  5/20  mAP=0.1081  bce=0.1119  best=0.1081  [20s]
  e 10/20  mAP=0.1653  bce=0.1027  best=0.1653  [40s]
  e 15/20  mAP=0.1980  bce=0.0969  best=0.2005  [60s]
  e 20/20  mAP=0.1967  bce=0.0970  best=0.2005  [80s]
  DONE: best_mAP=0.2005 @ep13  {'person': 0.2851, 'vehicle': 0.0355, 'animal': 0.0964, 'object': 0.3698}  80s

-> /Volumes/T9/IndraAstra/dhiraj/neuro_graph/results/seg/seg_step002_E6_t0_seed42__mini_mps.json

######################################################################
# /Volumes/T9/IndraAstra/dhiraj/neuro_graph/scripts/seg/seg_step002_encoder_flops.py --arm E6 --seed 43 --device mps
######################################################################

======================================================================
seg_step002 — E6  128px -> 16x16, C=4 x K=2
  device=mps  seed=43
======================================================================
  trainable=2,630,248  MACs/frame=1.331G  (drone ceiling 1.0G)  train=2000 val=500
  e  1/20  mAP=0.0471  bce=0.2419  best=0.0471  [4s]
  e  5/20  mAP=0.0978  bce=0.1178  best=0.0978  [20s]
  e 10/20  mAP=0.1528  bce=0.1039  best=0.1582  [40s]
  e 15/20  mAP=0.1835  bce=0.0977  best=0.1838  [60s]
  e 20/20  mAP=0.1859  bce=0.0981  best=0.1872  [80s]
  DONE: best_mAP=0.1872 @ep18  {'person': 0.2482, 'vehicle': 0.0303, 'animal': 0.0849, 'object': 0.3802}  80s

-> /Volumes/T9/IndraAstra/dhiraj/neuro_graph/results/seg/seg_step002_E6_t0_seed43__mini_mps.json

######################################################################
# /Volumes/T9/IndraAstra/dhiraj/neuro_graph/scripts/seg/seg_step002_encoder_flops.py --arm E6 --seed 44 --device mps
######################################################################

======================================================================
seg_step002 — E6  128px -> 16x16, C=4 x K=2
  device=mps  seed=44
======================================================================
  trainable=2,630,248  MACs/frame=1.331G  (drone ceiling 1.0G)  train=2000 val=500
  e  1/20  mAP=0.0516  bce=0.2304  best=0.0516  [4s]
  e  5/20  mAP=0.1076  bce=0.1127  best=0.1076  [20s]
  e 10/20  mAP=0.1599  bce=0.1013  best=0.1599  [40s]
  e 15/20  mAP=0.1723  bce=0.0984  best=0.1802  [60s]
  e 20/20  mAP=0.1753  bce=0.0985  best=0.1802  [80s]
  DONE: best_mAP=0.1802 @ep12  {'person': 0.2535, 'vehicle': 0.0311, 'animal': 0.0512, 'object': 0.3656}  80s

-> /Volumes/T9/IndraAstra/dhiraj/neuro_graph/results/seg/seg_step002_E6_t0_seed44__mini_mps.json

######################################################################
# /Volumes/T9/IndraAstra/dhiraj/neuro_graph/scripts/seg/seg_step002_encoder_flops.py --arm E7 --seed 42 --device mps
######################################################################

======================================================================
seg_step002 — E7  128px -> 16x16, C=4 x K=2
  device=mps  seed=42
======================================================================
  trainable=851,816  MACs/frame=0.876G  (drone ceiling 1.0G)  train=2000 val=500
  e  1/20  mAP=0.0523  bce=0.2399  best=0.0523  [3s]
  e  5/20  mAP=0.0880  bce=0.1160  best=0.0880  [15s]
  e 10/20  mAP=0.1665  bce=0.1030  best=0.1665  [30s]
  e 15/20  mAP=0.1948  bce=0.0973  best=0.1948  [45s]
  e 20/20  mAP=0.2013  bce=0.0963  best=0.2017  [60s]
  DONE: best_mAP=0.2017 @ep19  {'person': 0.2938, 'vehicle': 0.034, 'animal': 0.1143, 'object': 0.3632}  60s

-> /Volumes/T9/IndraAstra/dhiraj/neuro_graph/results/seg/seg_step002_E7_t0_seed42__mini_mps.json

######################################################################
# /Volumes/T9/IndraAstra/dhiraj/neuro_graph/scripts/seg/seg_step002_encoder_flops.py --arm E7 --seed 43 --device mps
######################################################################

======================================================================
seg_step002 — E7  128px -> 16x16, C=4 x K=2
  device=mps  seed=43
======================================================================
  trainable=851,816  MACs/frame=0.876G  (drone ceiling 1.0G)  train=2000 val=500
  e  1/20  mAP=0.0506  bce=0.2531  best=0.0506  [3s]
  e  5/20  mAP=0.0911  bce=0.1135  best=0.0911  [15s]
  e 10/20  mAP=0.1510  bce=0.1039  best=0.1549  [30s]
  e 15/20  mAP=0.1836  bce=0.0993  best=0.1836  [45s]
  e 20/20  mAP=0.1850  bce=0.0985  best=0.1857  [60s]
  DONE: best_mAP=0.1857 @ep17  {'person': 0.2239, 'vehicle': 0.0344, 'animal': 0.1184, 'object': 0.3631}  60s

-> /Volumes/T9/IndraAstra/dhiraj/neuro_graph/results/seg/seg_step002_E7_t0_seed43__mini_mps.json

######################################################################
# /Volumes/T9/IndraAstra/dhiraj/neuro_graph/scripts/seg/seg_step002_encoder_flops.py --arm E7 --seed 44 --device mps
######################################################################

======================================================================
seg_step002 — E7  128px -> 16x16, C=4 x K=2
  device=mps  seed=44
======================================================================
  trainable=851,816  MACs/frame=0.876G  (drone ceiling 1.0G)  train=2000 val=500
  e  1/20  mAP=0.0544  bce=0.2344  best=0.0544  [3s]
  e  5/20  mAP=0.1068  bce=0.1128  best=0.1068  [15s]
  e 10/20  mAP=0.1561  bce=0.1024  best=0.1561  [30s]
  e 15/20  mAP=0.1790  bce=0.1012  best=0.1794  [45s]
  e 20/20  mAP=0.1884  bce=0.0980  best=0.1885  [60s]
  DONE: best_mAP=0.1885 @ep16  {'person': 0.2596, 'vehicle': 0.0464, 'animal': 0.0845, 'object': 0.3629}  60s

-> /Volumes/T9/IndraAstra/dhiraj/neuro_graph/results/seg/seg_step002_E7_t0_seed44__mini_mps.json

SWEEP DONE  6 cells  437s  failures=none
