
######################################################################
# /Volumes/T9/IndraAstra/dhiraj/neuro_graph/scripts/seg/seg_step002_encoder_flops.py --arm E7 --seed 42 --device mps --epochs 60 --tag t0e60
######################################################################

======================================================================
seg_step002 — E7  128px -> 16x16, C=4 x K=2
  device=mps  seed=42
======================================================================
  trainable=851,816  MACs/frame=0.876G  (drone ceiling 1.0G)  train=2000 val=500
  e  1/60  mAP=0.0536  bce=0.5091  best=0.0536  [3s]
  e  5/60  mAP=0.0694  bce=0.1182  best=0.0694  [15s]
  e 10/60  mAP=0.1338  bce=0.1150  best=0.1338  [30s]
  e 15/60  mAP=0.1689  bce=0.1011  best=0.1723  [45s]
  e 20/60  mAP=0.1941  bce=0.0984  best=0.1941  [60s]
  e 25/60  mAP=0.1788  bce=0.1041  best=0.1960  [75s]
  e 30/60  mAP=0.1900  bce=0.1037  best=0.1960  [90s]
  e 35/60  mAP=0.1721  bce=0.1151  best=0.1960  [105s]
  e 40/60  mAP=0.1780  bce=0.1210  best=0.1960  [120s]
  e 45/60  mAP=0.1751  bce=0.1274  best=0.1960  [135s]
  e 50/60  mAP=0.1766  bce=0.1290  best=0.1960  [150s]
  e 55/60  mAP=0.1732  bce=0.1310  best=0.1960  [165s]
  e 60/60  mAP=0.1733  bce=0.1315  best=0.1960  [180s]
  DONE: best_mAP=0.1960 @ep23  {'person': 0.2416, 'vehicle': 0.0412, 'animal': 0.1096, 'object': 0.3007}  180s

-> /Volumes/T9/IndraAstra/dhiraj/neuro_graph/results/seg/seg_step002_E7_t0e60_seed42__mini_mps.json

######################################################################
# /Volumes/T9/IndraAstra/dhiraj/neuro_graph/scripts/seg/seg_step002_encoder_flops.py --arm E7 --seed 43 --device mps --epochs 60 --tag t0e60
######################################################################

======================================================================
seg_step002 — E7  128px -> 16x16, C=4 x K=2
  device=mps  seed=43
======================================================================
  trainable=851,816  MACs/frame=0.876G  (drone ceiling 1.0G)  train=2000 val=500
  e  1/60  mAP=0.0499  bce=0.5395  best=0.0499  [3s]
  e  5/60  mAP=0.0680  bce=0.1180  best=0.0680  [15s]
  e 10/60  mAP=0.1475  bce=0.1057  best=0.1475  [30s]
  e 15/60  mAP=0.1674  bce=0.1051  best=0.1674  [45s]
  e 20/60  mAP=0.1931  bce=0.1000  best=0.1931  [60s]
  e 25/60  mAP=0.1895  bce=0.1015  best=0.2030  [75s]
  e 30/60  mAP=0.1717  bce=0.1091  best=0.2030  [90s]
  e 35/60  mAP=0.1777  bce=0.1149  best=0.2030  [105s]
  e 40/60  mAP=0.1816  bce=0.1195  best=0.2030  [120s]
  e 45/60  mAP=0.1829  bce=0.1241  best=0.2030  [135s]
  e 50/60  mAP=0.1752  bce=0.1298  best=0.2030  [150s]
  e 55/60  mAP=0.1729  bce=0.1321  best=0.2030  [164s]
  e 60/60  mAP=0.1738  bce=0.1317  best=0.2030  [179s]
  DONE: best_mAP=0.2030 @ep24  {'person': 0.2341, 'vehicle': 0.0304, 'animal': 0.119, 'object': 0.3119}  180s

-> /Volumes/T9/IndraAstra/dhiraj/neuro_graph/results/seg/seg_step002_E7_t0e60_seed43__mini_mps.json

######################################################################
# /Volumes/T9/IndraAstra/dhiraj/neuro_graph/scripts/seg/seg_step002_encoder_flops.py --arm E7 --seed 44 --device mps --epochs 60 --tag t0e60
######################################################################

======================================================================
seg_step002 — E7  128px -> 16x16, C=4 x K=2
  device=mps  seed=44
======================================================================
  trainable=851,816  MACs/frame=0.876G  (drone ceiling 1.0G)  train=2000 val=500
  e  1/60  mAP=0.0514  bce=0.4939  best=0.0514  [3s]
  e  5/60  mAP=0.0778  bce=0.1172  best=0.0778  [15s]
  e 10/60  mAP=0.1551  bce=0.1042  best=0.1551  [30s]
  e 15/60  mAP=0.1724  bce=0.1009  best=0.1724  [45s]
  e 20/60  mAP=0.1989  bce=0.1027  best=0.1989  [60s]
  e 25/60  mAP=0.2124  bce=0.0978  best=0.2232  [75s]
  e 30/60  mAP=0.2115  bce=0.1043  best=0.2246  [90s]
  e 35/60  mAP=0.2023  bce=0.1099  best=0.2246  [105s]
  e 40/60  mAP=0.1932  bce=0.1176  best=0.2246  [120s]
  e 45/60  mAP=0.1917  bce=0.1251  best=0.2246  [135s]
  e 50/60  mAP=0.1904  bce=0.1268  best=0.2246  [150s]
  e 55/60  mAP=0.1886  bce=0.1292  best=0.2246  [165s]
  e 60/60  mAP=0.1883  bce=0.1293  best=0.2246  [180s]
  DONE: best_mAP=0.2246 @ep29  {'person': 0.2248, 'vehicle': 0.0581, 'animal': 0.1509, 'object': 0.3195}  180s

-> /Volumes/T9/IndraAstra/dhiraj/neuro_graph/results/seg/seg_step002_E7_t0e60_seed44__mini_mps.json

######################################################################
# /Volumes/T9/IndraAstra/dhiraj/neuro_graph/scripts/seg/seg_step002_encoder_flops.py --arm E2 --seed 42 --device mps --epochs 60 --tag t0e60
######################################################################

======================================================================
seg_step002 — E2  128px -> 16x16, C=4 x K=2
  device=mps  seed=42
======================================================================
  trainable=2,195,656  MACs/frame=3.232G  (drone ceiling 1.0G)  train=2000 val=500
  e  1/60  mAP=0.0517  bce=0.4884  best=0.0517  [5s]
  e  5/60  mAP=0.0955  bce=0.1144  best=0.0955  [26s]
  e 10/60  mAP=0.1920  bce=0.1006  best=0.1920  [51s]
  e 15/60  mAP=0.2191  bce=0.0970  best=0.2191  [76s]
  e 20/60  mAP=0.2483  bce=0.0992  best=0.2483  [102s]
  e 25/60  mAP=0.2307  bce=0.1111  best=0.2650  [127s]
  e 30/60  mAP=0.2389  bce=0.1134  best=0.2650  [153s]
  e 35/60  mAP=0.2227  bce=0.1250  best=0.2650  [178s]
  e 40/60  mAP=0.2116  bce=0.1346  best=0.2650  [203s]
  e 45/60  mAP=0.2183  bce=0.1371  best=0.2650  [229s]
  e 50/60  mAP=0.2096  bce=0.1417  best=0.2650  [258s]
  e 55/60  mAP=0.2119  bce=0.1415  best=0.2650  [285s]
  e 60/60  mAP=0.2111  bce=0.1420  best=0.2650  [310s]
  DONE: best_mAP=0.2650 @ep23  {'person': 0.2745, 'vehicle': 0.0465, 'animal': 0.1466, 'object': 0.3766}  311s

-> /Volumes/T9/IndraAstra/dhiraj/neuro_graph/results/seg/seg_step002_E2_t0e60_seed42__mini_mps.json

######################################################################
# /Volumes/T9/IndraAstra/dhiraj/neuro_graph/scripts/seg/seg_step002_encoder_flops.py --arm E2 --seed 43 --device mps --epochs 60 --tag t0e60
######################################################################

======================================================================
seg_step002 — E2  128px -> 16x16, C=4 x K=2
  device=mps  seed=43
======================================================================
  trainable=2,195,656  MACs/frame=3.232G  (drone ceiling 1.0G)  train=2000 val=500
  e  1/60  mAP=0.0530  bce=0.5360  best=0.0530  [5s]
  e  5/60  mAP=0.1168  bce=0.1130  best=0.1168  [26s]
  e 10/60  mAP=0.2051  bce=0.0998  best=0.2051  [51s]
  e 15/60  mAP=0.2150  bce=0.0954  best=0.2150  [76s]
  e 20/60  mAP=0.2360  bce=0.0954  best=0.2460  [102s]
  e 25/60  mAP=0.2286  bce=0.1135  best=0.2569  [127s]
  e 30/60  mAP=0.2230  bce=0.1185  best=0.2569  [153s]
  e 35/60  mAP=0.2185  bce=0.1240  best=0.2569  [179s]
  e 40/60  mAP=0.2243  bce=0.1255  best=0.2569  [205s]
  e 45/60  mAP=0.2047  bce=0.1357  best=0.2569  [231s]
  e 50/60  mAP=0.2015  bce=0.1423  best=0.2569  [258s]
  e 55/60  mAP=0.2035  bce=0.1418  best=0.2569  [284s]
  e 60/60  mAP=0.2027  bce=0.1427  best=0.2569  [311s]
  DONE: best_mAP=0.2569 @ep21  {'person': 0.2936, 'vehicle': 0.034, 'animal': 0.1228, 'object': 0.3602}  311s

-> /Volumes/T9/IndraAstra/dhiraj/neuro_graph/results/seg/seg_step002_E2_t0e60_seed43__mini_mps.json

######################################################################
# /Volumes/T9/IndraAstra/dhiraj/neuro_graph/scripts/seg/seg_step002_encoder_flops.py --arm E2 --seed 44 --device mps --epochs 60 --tag t0e60
######################################################################

======================================================================
seg_step002 — E2  128px -> 16x16, C=4 x K=2
  device=mps  seed=44
======================================================================
  trainable=2,195,656  MACs/frame=3.232G  (drone ceiling 1.0G)  train=2000 val=500
  e  1/60  mAP=0.0524  bce=0.5443  best=0.0524  [5s]
  e  5/60  mAP=0.1010  bce=0.1138  best=0.1010  [27s]
  e 10/60  mAP=0.1968  bce=0.0982  best=0.1968  [53s]
  e 15/60  mAP=0.2238  bce=0.0981  best=0.2238  [80s]
  e 20/60  mAP=0.2573  bce=0.0946  best=0.2573  [107s]
  e 25/60  mAP=0.2437  bce=0.1077  best=0.2573  [133s]
  e 30/60  mAP=0.2262  bce=0.1171  best=0.2573  [159s]
  e 35/60  mAP=0.2269  bce=0.1265  best=0.2573  [185s]
  e 40/60  mAP=0.2295  bce=0.1290  best=0.2573  [211s]
  e 45/60  mAP=0.2203  bce=0.1357  best=0.2573  [237s]
  e 50/60  mAP=0.2218  bce=0.1372  best=0.2573  [264s]
  e 55/60  mAP=0.2168  bce=0.1404  best=0.2573  [290s]
  e 60/60  mAP=0.2178  bce=0.1407  best=0.2573  [316s]
  DONE: best_mAP=0.2573 @ep20  {'person': 0.2916, 'vehicle': 0.0872, 'animal': 0.1162, 'object': 0.376}  316s

-> /Volumes/T9/IndraAstra/dhiraj/neuro_graph/results/seg/seg_step002_E2_t0e60_seed44__mini_mps.json

SWEEP DONE  6 cells  1494s  failures=none
