
######################################################################
# /Volumes/T9/IndraAstra/dhiraj/neuro_graph/scripts/seg/seg_step010_feature_hint.py --arm H1 --seed 47 --device mps --student_arm E12 --tag a_e12
######################################################################

======================================================================
seg_step010 — H1  E2 -> E12  alpha=2.0 beta=1.0
  device=mps  seed=47
======================================================================
  teacher teacher_E2_e60_seed42__mini_mps.pt  best_mAP=0.2650
  student trainable=1,091,144  MACs/frame=0.8164G  (ceiling 1.0G)
    e  1/60  mAP=0.0568  best=0.0568  [5s]
    e 10/60  mAP=0.2128  best=0.2128  [52s]
    e 20/60  mAP=0.2490  best=0.2499  [103s]
    e 30/60  mAP=0.2274  best=0.2633  [155s]
    e 40/60  mAP=0.2623  best=0.2633  [207s]
    e 50/60  mAP=0.2613  best=0.2638  [258s]
    e 60/60  mAP=0.2633  best=0.2638  [310s]
  DONE: best_mAP=0.2638 @ep48  {'person': 0.2947, 'vehicle': 0.1572, 'animal': 0.2019, 'object': 0.3992}  310s

-> /Volumes/T9/IndraAstra/dhiraj/neuro_graph/results/seg/seg_step010_H1_a_e12_seed47__mini_mps.json

######################################################################
# /Volumes/T9/IndraAstra/dhiraj/neuro_graph/scripts/seg/seg_step010_feature_hint.py --arm H1 --seed 48 --device mps --student_arm E12 --tag a_e12
######################################################################

======================================================================
seg_step010 — H1  E2 -> E12  alpha=2.0 beta=1.0
  device=mps  seed=48
======================================================================
  teacher teacher_E2_e60_seed42__mini_mps.pt  best_mAP=0.2650
  student trainable=1,091,144  MACs/frame=0.8164G  (ceiling 1.0G)
    e  1/60  mAP=0.0575  best=0.0575  [5s]
    e 10/60  mAP=0.2103  best=0.2103  [52s]
    e 20/60  mAP=0.2609  best=0.2609  [103s]
    e 30/60  mAP=0.2606  best=0.2645  [155s]
    e 40/60  mAP=0.2580  best=0.2645  [206s]
    e 50/60  mAP=0.2581  best=0.2645  [258s]
    e 60/60  mAP=0.2580  best=0.2645  [310s]
  DONE: best_mAP=0.2645 @ep29  {'person': 0.2985, 'vehicle': 0.1708, 'animal': 0.1674, 'object': 0.3952}  310s

-> /Volumes/T9/IndraAstra/dhiraj/neuro_graph/results/seg/seg_step010_H1_a_e12_seed48__mini_mps.json

######################################################################
# /Volumes/T9/IndraAstra/dhiraj/neuro_graph/scripts/seg/seg_step010_feature_hint.py --arm H1 --seed 49 --device mps --student_arm E12 --tag a_e12
######################################################################

======================================================================
seg_step010 — H1  E2 -> E12  alpha=2.0 beta=1.0
  device=mps  seed=49
======================================================================
  teacher teacher_E2_e60_seed42__mini_mps.pt  best_mAP=0.2650
  student trainable=1,091,144  MACs/frame=0.8164G  (ceiling 1.0G)
    e  1/60  mAP=0.0571  best=0.0571  [5s]
    e 10/60  mAP=0.2072  best=0.2072  [52s]
    e 20/60  mAP=0.2580  best=0.2580  [103s]
    e 30/60  mAP=0.2618  best=0.2618  [155s]
    e 40/60  mAP=0.2657  best=0.2657  [207s]
    e 50/60  mAP=0.2668  best=0.2673  [258s]
    e 60/60  mAP=0.2668  best=0.2674  [310s]
  DONE: best_mAP=0.2674 @ep51  {'person': 0.2865, 'vehicle': 0.1628, 'animal': 0.2183, 'object': 0.3995}  310s

-> /Volumes/T9/IndraAstra/dhiraj/neuro_graph/results/seg/seg_step010_H1_a_e12_seed49__mini_mps.json

######################################################################
# /Volumes/T9/IndraAstra/dhiraj/neuro_graph/scripts/seg/seg_step010_feature_hint.py --arm H1 --seed 50 --device mps --student_arm E12 --tag a_e12
######################################################################

======================================================================
seg_step010 — H1  E2 -> E12  alpha=2.0 beta=1.0
  device=mps  seed=50
======================================================================
  teacher teacher_E2_e60_seed42__mini_mps.pt  best_mAP=0.2650
  student trainable=1,091,144  MACs/frame=0.8164G  (ceiling 1.0G)
    e  1/60  mAP=0.0573  best=0.0573  [5s]
    e 10/60  mAP=0.2015  best=0.2015  [52s]
    e 20/60  mAP=0.2365  best=0.2397  [103s]
    e 30/60  mAP=0.2395  best=0.2600  [155s]
    e 40/60  mAP=0.2483  best=0.2600  [206s]
    e 50/60  mAP=0.2555  best=0.2600  [258s]
    e 60/60  mAP=0.2523  best=0.2600  [310s]
  DONE: best_mAP=0.2600 @ep21  {'person': 0.3091, 'vehicle': 0.1705, 'animal': 0.1554, 'object': 0.3742}  310s

-> /Volumes/T9/IndraAstra/dhiraj/neuro_graph/results/seg/seg_step010_H1_a_e12_seed50__mini_mps.json

######################################################################
# /Volumes/T9/IndraAstra/dhiraj/neuro_graph/scripts/seg/seg_step010_feature_hint.py --arm H1 --seed 51 --device mps --student_arm E12 --tag a_e12
######################################################################

======================================================================
seg_step010 — H1  E2 -> E12  alpha=2.0 beta=1.0
  device=mps  seed=51
======================================================================
  teacher teacher_E2_e60_seed42__mini_mps.pt  best_mAP=0.2650
  student trainable=1,091,144  MACs/frame=0.8164G  (ceiling 1.0G)
    e  1/60  mAP=0.0567  best=0.0567  [5s]
    e 10/60  mAP=0.1879  best=0.1946  [52s]
    e 20/60  mAP=0.2329  best=0.2569  [103s]
    e 30/60  mAP=0.2610  best=0.2676  [155s]
    e 40/60  mAP=0.2635  best=0.2719  [206s]
    e 50/60  mAP=0.2705  best=0.2742  [258s]
    e 60/60  mAP=0.2718  best=0.2742  [310s]
  DONE: best_mAP=0.2742 @ep47  {'person': 0.3181, 'vehicle': 0.1745, 'animal': 0.1987, 'object': 0.396}  310s

-> /Volumes/T9/IndraAstra/dhiraj/neuro_graph/results/seg/seg_step010_H1_a_e12_seed51__mini_mps.json

SWEEP DONE  5 cells  1567s  failures=none
