Device: mps  Epochs: 120  Sched: plateau  Data: data/store.h5
grad_clip_norm: inf (no clipping) — set via experiment_config
Dataset loaded into RAM: train=9469  val=3925  (1.34 GB features)
Dataset: train=9469  val=3925  (in-memory, data/store.h5)

=================================================================
A. thresh=0.0  geo=True   dynamic_z_geo  N=512 D=4 plateau 120ep
=================================================================
  e  1  loss=10.7689  task=10.7671  safety=0.0029  top1=0.1261  lr=2.36e-03
  e 10  loss=2.5521  task=2.5512  safety=0.0016  top1=0.1223  lr=2.36e-03
  e 20  loss=2.1852  task=2.1840  safety=0.0020  top1=0.1361  lr=2.36e-03
  e 30  loss=2.1472  task=2.1462  safety=0.0017  top1=0.1671  lr=2.36e-03
  e 40  loss=2.1401  task=2.1393  safety=0.0013  top1=0.1654  lr=2.36e-03
  e 50  loss=2.1333  task=2.1327  safety=0.0011  top1=0.1750  lr=2.36e-03
  e 60  loss=2.1317  task=2.1311  safety=0.0010  top1=0.1597  lr=2.36e-03
  e 70  loss=2.1313  task=2.1307  safety=0.0010  top1=0.1544  lr=2.36e-03
  e 80  loss=2.1272  task=2.1266  safety=0.0010  top1=0.1888  lr=2.36e-03
  e 90  loss=2.1221  task=2.1215  safety=0.0010  top1=0.1654  lr=1.18e-03
  e100  loss=2.1207  task=2.1201  safety=0.0010  top1=0.1811  lr=1.18e-03
  e110  loss=2.1218  task=2.1212  safety=0.0011  top1=0.1822  lr=5.91e-04
  e120  loss=2.1183  task=2.1177  safety=0.0011  top1=0.1704  lr=5.91e-04
  top1_best=0.1949  best_ep=106  task=2.118  t=128s

=================================================================
B. thresh=0.1  geo=True   dynamic_z_geo  N=512 D=4 plateau 120ep
=================================================================
  e  1  loss=10.8646  task=10.8629  safety=0.0029  top1=0.1241  lr=2.36e-03
  e 10  loss=2.5544  task=2.5534  safety=0.0016  top1=0.1279  lr=2.36e-03
  e 20  loss=2.1849  task=2.1838  safety=0.0019  top1=0.1549  lr=2.36e-03
  e 30  loss=2.1464  task=2.1454  safety=0.0018  top1=0.1552  lr=2.36e-03
  e 40  loss=2.1399  task=2.1391  safety=0.0013  top1=0.1763  lr=2.36e-03
  e 50  loss=2.1378  task=2.1372  safety=0.0011  top1=0.1676  lr=2.36e-03
  e 60  loss=2.1307  task=2.1301  safety=0.0010  top1=0.1883  lr=2.36e-03
  e 70  loss=2.1285  task=2.1279  safety=0.0010  top1=0.1633  lr=2.36e-03
  e 80  loss=2.1258  task=2.1253  safety=0.0009  top1=0.1885  lr=2.36e-03
  e 90  loss=2.1206  task=2.1200  safety=0.0010  top1=0.1768  lr=1.18e-03
  e100  loss=2.1208  task=2.1202  safety=0.0010  top1=0.1603  lr=1.18e-03
  e110  loss=2.1187  task=2.1181  safety=0.0011  top1=0.1745  lr=5.91e-04
  e120  loss=2.1177  task=2.1171  safety=0.0011  top1=0.1715  lr=2.96e-04
  top1_best=0.1921  best_ep=92  task=2.118  t=138s

=================================================================
C. thresh=0.3  geo=True   dynamic_z_geo  N=512 D=4 plateau 120ep
=================================================================
  e  1  loss=10.8019  task=10.8001  safety=0.0029  top1=0.1320  lr=2.36e-03
  e 10  loss=2.5537  task=2.5528  safety=0.0016  top1=0.1320  lr=2.36e-03
  e 20  loss=2.1842  task=2.1830  safety=0.0019  top1=0.1338  lr=2.36e-03
  e 30  loss=2.1467  task=2.1457  safety=0.0018  top1=0.1692  lr=2.36e-03
  e 40  loss=2.1399  task=2.1391  safety=0.0013  top1=0.1628  lr=2.36e-03
  e 50  loss=2.1320  task=2.1314  safety=0.0011  top1=0.1628  lr=2.36e-03
  e 60  loss=2.1319  task=2.1313  safety=0.0010  top1=0.1781  lr=2.36e-03
  e 70  loss=2.1283  task=2.1277  safety=0.0010  top1=0.1625  lr=2.36e-03
  e 80  loss=2.1281  task=2.1275  safety=0.0010  top1=0.1595  lr=2.36e-03
  e 90  loss=2.1219  task=2.1213  safety=0.0011  top1=0.1901  lr=1.18e-03
  e100  loss=2.1217  task=2.1211  safety=0.0011  top1=0.1493  lr=1.18e-03
  e110  loss=2.1187  task=2.1180  safety=0.0011  top1=0.1738  lr=5.91e-04
  e120  loss=2.1188  task=2.1181  safety=0.0012  top1=0.1768  lr=5.91e-04
  top1_best=0.1901  best_ep=90  task=2.119  t=156s

=================================================================
D. thresh=0.0  geo=False  dynamic_z      N=512 D=4 plateau 120ep
=================================================================
  e  1  loss=10.8625  task=10.8607  safety=0.0029  top1=0.1218  lr=2.36e-03
  e 10  loss=2.5513  task=2.5504  safety=0.0016  top1=0.1322  lr=2.36e-03
  e 20  loss=2.1825  task=2.1813  safety=0.0020  top1=0.1363  lr=2.36e-03
  e 30  loss=2.1475  task=2.1464  safety=0.0018  top1=0.1852  lr=2.36e-03
  e 40  loss=2.1386  task=2.1378  safety=0.0013  top1=0.1592  lr=2.36e-03
  e 50  loss=2.1375  task=2.1369  safety=0.0011  top1=0.1850  lr=2.36e-03
  e 60  loss=2.1295  task=2.1289  safety=0.0010  top1=0.1720  lr=2.36e-03
  e 70  loss=2.1309  task=2.1303  safety=0.0010  top1=0.1694  lr=2.36e-03
  e 80  loss=2.1267  task=2.1262  safety=0.0010  top1=0.1847  lr=2.36e-03
  e 90  loss=2.1247  task=2.1241  safety=0.0011  top1=0.1725  lr=2.36e-03
  e100  loss=2.1233  task=2.1226  safety=0.0011  top1=0.1845  lr=2.36e-03
  e110  loss=2.1240  task=2.1234  safety=0.0011  top1=0.1878  lr=2.36e-03
  e120  loss=2.1236  task=2.1230  safety=0.0011  top1=0.1748  lr=2.36e-03
  top1_best=0.2003  best_ep=69  task=2.123  t=111s

Saved -> results/train_step5_plateau_noclip.json

-- Plateau + no-clip sweep (vs iter1 target: D~26.5%) ------------------
  Config                                                             top1_best  vs_iter1    t(s)
  -----------------------------------------------------------------  ---------  --------  ------
  A                                                                     0.1949   -0.0703     128
  B                                                                     0.1921   -0.0731     138
  C                                                                     0.1901   -0.0751     156
  D                                                                     0.2003   -0.0649     111

  Config D (pure dynamic_z): 0.2003
  -> Still stuck at 20.03%. Plateau is not the explanation.
  -> Investigate: model architecture change, data pipeline, or seed.
