Device: cpu  Epochs: 75  Batch: 128  Data: 50%
Step 83: Group state + inter-group dynamic routing
n_groups assumed winner from step82: 16
⚠️  Update N_GROUPS_HIDDEN at top of file after step82 results
step69 Ref = 0.8336
Dataset loaded into RAM: train=9469  val=3925  (1.34 GB features)
Dataset: train=4734  val=3925

======================================================================
Ref  step82 winner — group topology, no inter-group routing (β=0)
======================================================================
  e  1  loss=2.6854  task=2.6123  safety=0.1494  top1=0.2023  lr=2.36e-03
  e 10  loss=1.6112  task=1.5460  safety=0.1336  top1=0.7019  lr=2.36e-03
  e 20  loss=1.4122  task=1.3533  safety=0.1207  top1=0.7136  lr=2.36e-03
  e 30  loss=1.2702  task=1.2159  safety=0.1111  top1=0.7353  lr=2.36e-03
  e 40  loss=1.1707  task=1.1203  safety=0.1032  top1=0.7641  lr=2.36e-03
  e 50  loss=1.0755  task=1.0282  safety=0.0969  top1=0.8074  lr=2.36e-03
  e 60  loss=1.0153  task=0.9704  safety=0.0919  top1=0.7580  lr=2.36e-03
  e 70  loss=0.9588  task=0.9162  safety=0.0872  top1=0.7427  lr=2.36e-03
  top1_best=0.8380  best_ep=71/75 (95%)  vs_step69=+0.0044  t=1912s
  [saved train_step83_group_routing.json]

======================================================================
A    inter-group dot-product score, β=0.5, every K_iter step
======================================================================
  e  1  loss=5.7761  task=5.7031  safety=0.1493  top1=0.1060  lr=2.36e-03
  e 10  loss=2.1580  task=2.0951  safety=0.1288  top1=0.2596  lr=2.36e-03
  e 20  loss=1.6735  task=1.6187  safety=0.1123  top1=0.4130  lr=2.36e-03
  e 30  loss=1.2407  task=1.1883  safety=0.1072  top1=0.5725  lr=2.36e-03
  e 40  loss=1.0617  task=1.0107  safety=0.1044  top1=0.6792  lr=2.36e-03
  e 50  loss=1.0143  task=0.9640  safety=0.1029  top1=0.7315  lr=2.36e-03
  e 60  loss=0.9355  task=0.8856  safety=0.1021  top1=0.7389  lr=2.36e-03
  e 70  loss=0.8427  task=0.7932  safety=0.1013  top1=0.6693  lr=2.36e-03
  top1_best=0.7862  best_ep=75/75 (100%)  vs_step69=-0.0474  t=2510s
  [saved train_step83_group_routing.json]

======================================================================
B    inter-group dot-product score, β=0.5, FINAL step only
======================================================================
  e  1  loss=3.0699  task=2.9968  safety=0.1497  top1=0.2015  lr=2.36e-03
  e 10  loss=1.6560  task=1.5911  safety=0.1327  top1=0.6515  lr=2.36e-03
