Device: mps  Epochs: 120
Loaded: train=18938  val=3925

=================================================================
A. thresh=0.0  geo=True   dynamic_z_geo  N=512 D=4 aug 120ep
=================================================================
  e  1  loss=7.3026  task=7.3015  safety=0.0019  top1=0.0983  lr=2.36e-03
  e 10  loss=2.1395  task=2.1386  safety=0.0015  top1=0.1620  lr=2.32e-03
  e 20  loss=2.1283  task=2.1279  safety=0.0007  top1=0.1419  lr=2.21e-03
  e 30  loss=2.1226  task=2.1223  safety=0.0006  top1=0.1855  lr=2.02e-03
  e 40  loss=2.1248  task=2.1245  safety=0.0005  top1=0.1875  lr=1.77e-03
  e 50  loss=2.1213  task=2.1210  safety=0.0006  top1=0.1761  lr=1.49e-03
  e 60  loss=2.1194  task=2.1191  safety=0.0006  top1=0.1896  lr=1.18e-03
  e 70  loss=2.1186  task=2.1182  safety=0.0007  top1=0.1618  lr=8.76e-04
  e 80  loss=2.1186  task=2.1182  safety=0.0007  top1=0.1873  lr=5.91e-04
  e 90  loss=2.1180  task=2.1176  safety=0.0008  top1=0.1694  lr=3.46e-04
  e100  loss=2.1171  task=2.1167  safety=0.0008  top1=0.1717  lr=1.58e-04
  top1_best=0.1896  best_ep=60  task=nan  t=300s

=================================================================
B. thresh=0.1  geo=True   dynamic_z_geo  N=512 D=4 aug 120ep
=================================================================
  e  1  loss=7.3026  task=7.3015  safety=0.0019  top1=0.0983  lr=2.36e-03
  e 10  loss=2.1395  task=2.1386  safety=0.0015  top1=0.1620  lr=2.32e-03
  e 20  loss=2.1283  task=2.1279  safety=0.0007  top1=0.1419  lr=2.21e-03
  e 30  loss=2.1226  task=2.1223  safety=0.0006  top1=0.1855  lr=2.02e-03
  e 40  loss=2.1248  task=2.1245  safety=0.0005  top1=0.1875  lr=1.77e-03
  e 50  loss=2.1213  task=2.1210  safety=0.0006  top1=0.1761  lr=1.49e-03
  e 60  loss=2.1194  task=2.1191  safety=0.0006  top1=0.1896  lr=1.18e-03
  e 70  loss=2.1186  task=2.1182  safety=0.0007  top1=0.1618  lr=8.76e-04
  e 80  loss=2.1186  task=2.1182  safety=0.0007  top1=0.1873  lr=5.91e-04
  e 90  loss=2.1180  task=2.1176  safety=0.0008  top1=0.1694  lr=3.46e-04
  e100  loss=2.1171  task=2.1167  safety=0.0008  top1=0.1717  lr=1.58e-04
  top1_best=0.1896  best_ep=60  task=nan  t=300s

=================================================================
C. thresh=0.3  geo=True   dynamic_z_geo  N=512 D=4 aug 120ep
=================================================================
  e  1  loss=7.3026  task=7.3015  safety=0.0019  top1=0.0983  lr=2.36e-03
  e 10  loss=2.1395  task=2.1386  safety=0.0015  top1=0.1620  lr=2.32e-03
  e 20  loss=2.1283  task=2.1279  safety=0.0007  top1=0.1419  lr=2.21e-03
  e 30  loss=2.1226  task=2.1223  safety=0.0006  top1=0.1855  lr=2.02e-03
  e 40  loss=2.1248  task=2.1245  safety=0.0005  top1=0.1875  lr=1.77e-03
  e 50  loss=2.1213  task=2.1210  safety=0.0006  top1=0.1761  lr=1.49e-03
  e 60  loss=2.1194  task=2.1191  safety=0.0006  top1=0.1896  lr=1.18e-03
  e 70  loss=2.1186  task=2.1182  safety=0.0007  top1=0.1618  lr=8.76e-04
  e 80  loss=2.1186  task=2.1182  safety=0.0007  top1=0.1873  lr=5.91e-04
  e 90  loss=2.1180  task=2.1176  safety=0.0008  top1=0.1694  lr=3.46e-04
  e100  loss=2.1171  task=2.1167  safety=0.0008  top1=0.1717  lr=1.58e-04
  top1_best=0.1896  best_ep=60  task=nan  t=300s

=================================================================
D. thresh=0.0  geo=False  dynamic_z      N=512 D=4 aug 120ep
=================================================================
  e  1  loss=7.3026  task=7.3015  safety=0.0019  top1=0.0983  lr=2.36e-03
  e 10  loss=2.1395  task=2.1386  safety=0.0015  top1=0.1620  lr=2.32e-03
  e 20  loss=2.1283  task=2.1279  safety=0.0007  top1=0.1419  lr=2.21e-03
  e 30  loss=2.1226  task=2.1223  safety=0.0006  top1=0.1855  lr=2.02e-03
  e 40  loss=2.1248  task=2.1245  safety=0.0005  top1=0.1875  lr=1.77e-03
  e 50  loss=2.1213  task=2.1210  safety=0.0006  top1=0.1761  lr=1.49e-03
  e 60  loss=2.1194  task=2.1191  safety=0.0006  top1=0.1896  lr=1.18e-03
  e 70  loss=2.1186  task=2.1182  safety=0.0007  top1=0.1618  lr=8.76e-04
  e 80  loss=2.1186  task=2.1182  safety=0.0007  top1=0.1873  lr=5.91e-04
  e 90  loss=2.1180  task=2.1176  safety=0.0008  top1=0.1694  lr=3.46e-04
  e100  loss=2.1171  task=2.1167  safety=0.0008  top1=0.1717  lr=1.58e-04
  top1_best=0.1896  best_ep=60  task=nan  t=214s

Saved -> results/train_thresh_sweep.json

-- Threshold / geo sweep ------------------------------------------
  Config                                                             top1_best  vs iter1-ctrl    t(s)
  -----------------------------------------------------------------  ---------  --------  ------
  A                                                                     0.1896   +0.0000     300
  B                                                                     0.1896   +0.0000     300
  C                                                                     0.1896   +0.0000     300
  D                                                                     0.1896   +0.0000     214

  Key question — config D (pure dynamic_z, no thresh, no geo):
  -> Still 18.96%. Regression is from aug data distribution shift.
  -> hflip augmentation may be changing VGG feature distribution.
  -> Consider: train on original data only, or reduce hflip fraction.
