Step 514 — Incremental K_hh expansion (additive, non-destructive)
  N=512 K_hh_start=2  expand schedule=[(15, 1), (30, 1), (45, 1)]
  Final K_hh if A_expand succeeds: 5
Dataset loaded into RAM: train=9469  val=3925  (1.34 GB features)

--- Shared warmup phase ---
  [warmup] ep  5  val=0.5806
  [warmup] ep 10  val=0.6375
  [warmup] ep 15  val=0.6464
  [warmup] ep 20  val=0.6861
  [warmup] ep 25  val=0.6856
  [warmup] ep 30  val=0.6138
  [warmup done] top1=0.6138

────────────────────────────────────────────────────────────
Config Ref_static
────────────────────────────────────────────────────────────
  ep  5  val=0.6757  K_hh=2
  ep 10  val=0.7162  K_hh=2
  ep 15  val=0.7134  K_hh=2
  ep 20  val=0.7460  K_hh=2
  ep 25  val=0.7516  K_hh=2
  ep 30  val=0.7478  K_hh=2
  ep 35  val=0.7368  K_hh=2
  ep 40  val=0.7674  K_hh=2
  ep 45  val=0.7582  K_hh=2
  ep 50  val=0.7355  K_hh=2
  ep 55  val=0.7406  K_hh=2
  ep 60  val=0.7554  K_hh=2
  → Ref_static best=0.7791 final_K_hh=2 edges_added=0

────────────────────────────────────────────────────────────
Config A_expand
────────────────────────────────────────────────────────────
  ep  5  val=0.6800  K_hh=2
  ep 10  val=0.7213  K_hh=2
  ep 15  val=0.7141  K_hh=2
  [expand at ep15] adding 1 edge/neuron (K_hh 2 → 3)
  ep 20  val=0.6555  K_hh=3
  ep 25  val=0.7108  K_hh=3
  ep 30  val=0.7014  K_hh=3
  [expand at ep30] adding 1 edge/neuron (K_hh 3 → 4)
  ep 35  val=0.6639  K_hh=4
  ep 40  val=0.7437  K_hh=4
  ep 45  val=0.7712  K_hh=4
  [expand at ep45] adding 1 edge/neuron (K_hh 4 → 5)
  ep 50  val=0.7075  K_hh=5
  ep 55  val=0.7310  K_hh=5
  ep 60  val=0.7735  K_hh=5
  → A_expand best=0.7735 final_K_hh=5 edges_added=1536


========== STEP 514 SUMMARY ==========
  Shared warmup: 0.6138
  Ref_static    best=0.7791  final_K_hh=2  edges_added=0
  A_expand      best=0.7735  final_K_hh=5  edges_added=1536

Δ(A_expand − Ref_static): -0.56pp  (more DoF hypothesis test)

Total: 328s
