Step 520 — Alternating W_pos/edge training cycle
  N=512 K_hh=2  edge_frac=0.01 (max 10 swaps/event)
  warmup=30ep  cycles=2  pos=20ep  edges=20ep
Dataset loaded into RAM: train=9469  val=3925  (1.34 GB features)

────────────────────────────────────────────────────────────
Config Ref (rule=None)
────────────────────────────────────────────────────────────
  [warmup] 30ep static
    warmup ep  5  val=0.5544
    warmup ep 10  val=0.5906
    warmup ep 15  val=0.6650
    warmup ep 20  val=0.6721
    warmup ep 25  val=0.7083
    warmup ep 30  val=0.7083
    warmup best: 0.7083
  [cycle 1] pos-only 20ep
    pos ep  5  val=0.7154
    pos ep 10  val=0.7427
    pos ep 15  val=0.7269
    pos ep 20  val=0.7164
  [cycle 1] Ref_static: continuing pos training for edge_epochs
  [cycle 2] pos-only 20ep
    pos ep  5  val=0.7582
    pos ep 10  val=0.7261
    pos ep 15  val=0.7432
    pos ep 20  val=0.7490
  [cycle 2] Ref_static: continuing pos training for edge_epochs
  [final pos] 10ep
  → Ref best=0.7758

────────────────────────────────────────────────────────────
Config A_low (rule=low)
────────────────────────────────────────────────────────────
  [warmup] 30ep static
    warmup ep  5  val=0.5483
    warmup ep 10  val=0.5880
    warmup ep 15  val=0.6617
    warmup ep 20  val=0.6739
    warmup ep 25  val=0.7101
    warmup ep 30  val=0.7024
    warmup best: 0.7101
  [cycle 1] pos-only 20ep
    pos ep  5  val=0.7080
    pos ep 10  val=0.7450
    pos ep 15  val=0.7248
    pos ep 20  val=0.7108
  [cycle 1] edges-only 20ep  (max 10 swaps/ep)
    edge ep  5  val=0.5141  swaps=10  diff=4.8%
    edge ep 10  val=0.3893  swaps=10  diff=9.4%
    edge ep 15  val=0.3732  swaps=10  diff=13.6%
    edge ep 20  val=0.3024  swaps=10  diff=17.6%
  [cycle 2] pos-only 20ep
    pos ep  5  val=0.6777
    pos ep 10  val=0.6953
    pos ep 15  val=0.6994
    pos ep 20  val=0.7203
  [cycle 2] edges-only 20ep  (max 10 swaps/ep)
    edge ep  5  val=0.4604  swaps=10  diff=21.3%
    edge ep 10  val=0.4158  swaps=10  diff=25.0%
    edge ep 15  val=0.1197  swaps=10  diff=28.4%
    edge ep 20  val=0.1432  swaps=10  diff=31.6%
  [final pos] 10ep
  → A_low best=0.7478

────────────────────────────────────────────────────────────
Config B_high (rule=high)
────────────────────────────────────────────────────────────
  [warmup] 30ep static
    warmup ep  5  val=0.5513
    warmup ep 10  val=0.5911
    warmup ep 15  val=0.6617
    warmup ep 20  val=0.6782
    warmup ep 25  val=0.7126
    warmup ep 30  val=0.6981
    warmup best: 0.7126
  [cycle 1] pos-only 20ep
    pos ep  5  val=0.7096
    pos ep 10  val=0.7452
    pos ep 15  val=0.7225
    pos ep 20  val=0.7129
  [cycle 1] edges-only 20ep  (max 10 swaps/ep)
    edge ep  5  val=0.4838  swaps=10  diff=4.9%
    edge ep 10  val=0.3582  swaps=10  diff=9.5%
    edge ep 15  val=0.2451  swaps=10  diff=13.7%
    edge ep 20  val=0.1931  swaps=10  diff=17.5%
  [cycle 2] pos-only 20ep
    pos ep  5  val=0.6899
    pos ep 10  val=0.7017
    pos ep 15  val=0.7164
    pos ep 20  val=0.7304
  [cycle 2] edges-only 20ep  (max 10 swaps/ep)
    edge ep  5  val=0.4510  swaps=10  diff=20.5%
    edge ep 10  val=0.3531  swaps=10  diff=24.2%
    edge ep 15  val=0.2512  swaps=10  diff=27.4%
    edge ep 20  val=0.2841  swaps=10  diff=31.0%
  [final pos] 10ep
  → B_high best=0.7490


========== STEP 520 SUMMARY ==========
  Ref       best=0.7758  warmup_best=0.7083  swaps=0
  A_low     best=0.7478  warmup_best=0.7101  swaps=400
  B_high    best=0.7490  warmup_best=0.7126  swaps=400
  Δ(A_low − Ref): -2.80pp
  Δ(B_high − Ref): -2.68pp

Total: 534s
