Step 510 — Warmup Checkpoint N=512 epochs=30
  Output: /Volumes/T9/IndraAstra/dhiraj/neuro_graph/results/warmup_ckpt_n512_ep30.pt
Dataset loaded into RAM: train=9469  val=3925  (1.34 GB features)
  params=8,864  N=512  K_hh=2  K_iter=5
  e  1  loss=2.3473  task=2.3473  safety=0.0000  top1=0.4036  lr=2.36e-03
  ep  5  val=0.6436
  ep 10  val=0.6566
  e 10  loss=1.2753  task=1.2753  safety=0.0000  top1=0.6566  lr=2.36e-03
  ep 15  val=0.7345
  ep 20  val=0.7383
  e 20  loss=1.1062  task=1.1062  safety=0.0000  top1=0.7383  lr=2.36e-03
  ep 25  val=0.7315
  ep 30  val=0.6978
  e 30  loss=1.0291  task=1.0291  safety=0.0000  top1=0.6978  lr=2.36e-03

Training done. Best val top1 = 0.7730  elapsed=96s

Saving checkpoint → /Volumes/T9/IndraAstra/dhiraj/neuro_graph/results/warmup_ckpt_n512_ep30.pt

Collecting activation statistics...
Saved activation stats → /Volumes/T9/IndraAstra/dhiraj/neuro_graph/results/warmup_stats_n512_ep30.json
  mu_per_neuron range: [0.2818, 0.8183]
  sigma_per_neuron range: [0.0025, 0.2034]

Ready for step511-514 (dynamic connectivity mechanisms).
