Step 614 — CIFAR-100 N-scaling (SGNNET) + hidden-scaling (MLP)
  Goal: find scaling ceiling for both models at 100 classes
  data=data/store_cifar100.h5  seed=42  epochs=50  device=cpu
Dataset loaded into RAM: train=50000  val=10000  (6.02 GB features)
  Train=50000  Val=10000


────────────────────────────────────────────────────────────
Config MLP_256  params=6,448,484  flops≈12.90M
────────────────────────────────────────────────────────────
  ep  1  val=0.6208
  ep 10  val=0.6294
  ep 20  val=0.6098
  ep 30  val=0.6460
  ep 40  val=0.6604
  ep 50  val=0.6711
  → best=0.6715 @ep47  elapsed=186s

────────────────────────────────────────────────────────────
Config MLP_512  params=12,896,868  flops≈25.79M
────────────────────────────────────────────────────────────
  ep  1  val=0.6207
  ep 10  val=0.6155
  ep 20  val=0.6134
  ep 30  val=0.6357
  ep 40  val=0.6668
  ep 50  val=0.6771
  → best=0.6775 @ep48  elapsed=336s

────────────────────────────────────────────────────────────
Config MLP_1024  params=25,793,636  flops≈51.59M
────────────────────────────────────────────────────────────
  ep  1  val=0.6293
  ep 10  val=0.6123
  ep 20  val=0.6160
  ep 30  val=0.6475
  ep 40  val=0.6702
  ep 50  val=0.6711
  → best=0.6721 @ep46  elapsed=612s

────────────────────────────────────────────────────────────
Config MLP_2048  params=51,587,172  flops≈103.17M
────────────────────────────────────────────────────────────
  ep  1  val=0.6155
  ep 10  val=0.6147
  ep 20  val=0.6264
  ep 30  val=0.6425
  ep 40  val=0.6656
  ep 50  val=0.6811
  → best=0.6813 @ep48  elapsed=1102s

────────────────────────────────────────────────────────────
Config MLP_4096  params=103,174,244  flops≈206.34M
────────────────────────────────────────────────────────────
  ep  1  val=0.6069
  ep 10  val=0.6034
  ep 20  val=0.6228
  ep 30  val=0.6481
