Device: mps  Epochs: 75  Batch: 128  N=4096  Data: 50%
Step 86: FLOPs / accuracy Pareto sweep
Ref: step71 Ref (N=4096, K_hh=6, K_iter=8) = 0.9587

  Cfg      FLOPs   vs_VGG16   K_hh  K_iter    D  Description
  Ref      47.2M      0.39x      6       8   64  Ref  K_hh=6  K_iter=8  D=64  (baseline)
  A        38.8M      0.32x      4       8   64  A    K_hh=4  K_iter=8  D=64  (-23% FLOPs)
  B        34.6M      0.29x      3       8   64  B    K_hh=3  K_iter=8  D=64  (-34% FLOPs)
  C        30.4M      0.25x      2       8   64  C    K_hh=2  K_iter=8  D=64  (-45% FLOPs)
  D        39.3M      0.33x      6       6   64  D    K_hh=6  K_iter=6  D=64  (-23% FLOPs)
  E        33.0M      0.28x      4       6   64  E    K_hh=4  K_iter=6  D=64  (-42% FLOPs)
  F        23.6M      0.20x      6       8   32  F    K_hh=6  K_iter=8  D=32  (-50% FLOPs)
  G        31.5M      0.26x      6       4   64  G    K_hh=6  K_iter=4  D=64  (-37% FLOPs)
  H        15.7M      0.13x      6       4   32  H    K_hh=6  K_iter=4  D=32  (-68% FLOPs)
  I        40.6M      0.34x      6       8   64  I    K_in=25 K_iter=8  D=64  (-13% FLOPs)

Dataset loaded into RAM: train=9469  val=3925  (1.34 GB features)
Dataset: train=4734  val=3925

======================================================================
E    K_hh=4  K_iter=6  D=64  (-42% FLOPs)
  K_hh=4  K_iter=6  D=64  params=529,024  FLOPs=33.0M  vs_VGG16=0.28x
======================================================================
  e  1  loss=8.4925  task=8.4389  safety=0.1550  top1=0.3587  lr=2.36e-03
  e 10  loss=0.4335  task=0.4121  safety=0.0618  top1=0.9113  lr=2.36e-03
  e 20  loss=0.2971  task=0.2824  safety=0.0424  top1=0.9124  lr=2.36e-03
  e 30  loss=0.2419  task=0.2300  safety=0.0345  top1=0.9238  lr=2.36e-03
  e 40  loss=0.2231  task=0.2121  safety=0.0318  top1=0.9310  lr=2.36e-03
  e 50  loss=0.1922  task=0.1828  safety=0.0274  top1=0.9483  lr=2.36e-03
  e 60  loss=0.1810  task=0.1721  safety=0.0258  top1=0.9310  lr=2.36e-03
  e 70  loss=0.1615  task=0.1536  safety=0.0230  top1=0.9559  lr=2.36e-03
  top1_best=0.9559  best_ep=70/75 (93%)  vs_ref=-0.0028  FLOPs=33.0M  t=4131s
  [saved train_step86_pareto_flops.json]

======================================================================
F    K_hh=6  K_iter=8  D=32  (-50% FLOPs)
  K_hh=6  K_iter=8  D=32  params=266,560  FLOPs=23.6M  vs_VGG16=0.20x
======================================================================
  e  1  loss=6.4691  task=6.4246  safety=0.1286  top1=0.4586  lr=2.36e-03
