Step 521 — Multi-fwd-bwd deep supervision on K_iter
  N=2048 K_iter=5 30ep 50% T0
Dataset loaded into RAM: train=9469  val=3925  (1.34 GB features)

────────────────────────────────────────────────────────────
Config Ref: single loss at K_iter=5 (baseline)
────────────────────────────────────────────────────────────
  params=34,976  k_only_forward=5
  ep  5  train_loss=0.1626  val=0.8991
  ep 10  train_loss=0.0738  val=0.9348
  ep 15  train_loss=0.0469  val=0.9220
  ep 20  train_loss=0.0242  val=0.9411
  ep 25  train_loss=0.0158  val=0.9422
  ep 30  train_loss=0.0144  val=0.9432
  → best=0.9475  elapsed=163s

────────────────────────────────────────────────────────────
Config A_ds_3to5: DS at iters {3,4,5}
────────────────────────────────────────────────────────────
  params=34,976  k_only_forward=2
  ep  5  train_loss=1.3845  val=0.8020
  ep 10  train_loss=0.9843  val=0.8474
  ep 15  train_loss=0.8042  val=0.8752
  ep 20  train_loss=0.6934  val=0.8787
  ep 25  train_loss=0.6158  val=0.8871
  ep 30  train_loss=0.5585  val=0.8856
  → best=0.8876  elapsed=163s

────────────────────────────────────────────────────────────
Config B_ds_2to5: DS at iters {2,3,4,5}
────────────────────────────────────────────────────────────
  params=34,976  k_only_forward=1
  ep  5  train_loss=1.6862  val=0.7959
  ep 10  train_loss=1.3376  val=0.8527
  ep 15  train_loss=1.1781  val=0.8716
  ep 20  train_loss=1.0814  val=0.8731
  ep 25  train_loss=1.0036  val=0.8864
  ep 30  train_loss=0.9486  val=0.8904
  → best=0.8904  elapsed=140s

────────────────────────────────────────────────────────────
Config C_ds_4to5: DS at iters {4,5}
────────────────────────────────────────────────────────────
  params=34,976  k_only_forward=3
  ep  5  train_loss=1.0796  val=0.8000
  ep 10  train_loss=0.6927  val=0.8466
  ep 15  train_loss=0.5321  val=0.8708
  ep 20  train_loss=0.4413  val=0.8856
  ep 25  train_loss=0.3812  val=0.8894
  ep 30  train_loss=0.3405  val=0.8920
  → best=0.8920  elapsed=136s

────────────────────────────────────────────────────────────
Config D_ds_all: DS at all iters {1..5}
────────────────────────────────────────────────────────────
  params=34,976  k_only_forward=0
  ep  5  train_loss=1.6873  val=0.7997
  ep 10  train_loss=1.3380  val=0.8494
  ep 15  train_loss=1.1790  val=0.8729
  ep 20  train_loss=1.0817  val=0.8775
  ep 25  train_loss=1.0024  val=0.8846
  ep 30  train_loss=0.9488  val=0.8910
  → best=0.8910  elapsed=139s


========== STEP 521 SUMMARY ==========
  Ref           k_only_fwd=5  best=0.9475
  A_ds_3to5     k_only_fwd=2  best=0.8876
  B_ds_2to5     k_only_fwd=1  best=0.8904
  C_ds_4to5     k_only_fwd=3  best=0.8920
  D_ds_all      k_only_fwd=0  best=0.8910
  Δ(A_ds_3to5 − Ref): -5.99pp
  Δ(B_ds_2to5 − Ref): -5.71pp
  Δ(C_ds_4to5 − Ref): -5.55pp
  Δ(D_ds_all − Ref): -5.66pp
