Data: 50,176 pairs  train=40,140  val=10,036  dim=768

=================================================================
step989 — SGNNET as GPT-2 FFN replacement (founding vision T0)
  Task:    MSE regression x_ffn(768) → y_ffn(768)
  Device:  mps  epochs=20  batch=256  seed=42
  Advance: val_mse <= Ref*2.0  AND  cos_sim >= 0.5
=================================================================


───────────────────────────────────────────────────────
Config: Ref_mlp  params=394,240
  ep  5  val_mse=0.3586  cos_sim=0.5536
  ep 10  val_mse=0.3488  cos_sim=0.5705
  ep 15  val_mse=0.3443  cos_sim=0.5773
  ep 20  val_mse=0.3414  cos_sim=0.5813
  DONE: best_val_mse=0.34141  cos_sim@best=0.5813  ep20  8s

───────────────────────────────────────────────────────
Config: A_sgnnet_d16  params=20,480
  ep  5  val_mse=0.6574  cos_sim=0.1448
  ep 10  val_mse=0.6302  cos_sim=0.1633
  ep 15  val_mse=0.6026  cos_sim=0.1719
  ep 20  val_mse=0.5776  cos_sim=0.1865
  DONE: best_val_mse=0.57757  cos_sim@best=0.1865  ep20  48s

───────────────────────────────────────────────────────
Config: B_sgnnet_d32  params=40,960
  ep  5  val_mse=0.5585  cos_sim=0.1971
  ep 10  val_mse=0.5561  cos_sim=0.2023
  ep 15  val_mse=0.5505  cos_sim=0.2076
  ep 20  val_mse=0.5461  cos_sim=0.2126
  DONE: best_val_mse=0.54613  cos_sim@best=0.2126  ep20  88s

=================================================================
step989 SUMMARY  (Ref_mlp val_mse=0.34141)
  Config                    params    val_mse   cos_sim  verdict
  ────────────────────────────────────────────────────────────
  Ref_mlp                  394,240    0.34141    0.5813  Ref
  A_sgnnet_d16              20,480    0.57757    0.1865  NEUTRAL/KILL
  B_sgnnet_d32              40,960    0.54613    0.2126  NEUTRAL/KILL

-> /Volumes/T9/IndraAstra/dhiraj/neuro_graph/results/train_step989_ffn_distil_t0_seed42.json
