
======================================================================
Step 300 — Polarizer α sweep at N=2048 D=16 (Tier-1, 75ep, 50% data)
Running: ['Ref', 'A050', 'A100', 'A150', 'A200', 'A250']
======================================================================
Dataset loaded into RAM: train=9469  val=3925  (1.34 GB features)

────────────────────────────────────────────────────────────
Config Ref: kind=ref, alpha=None
────────────────────────────────────────────────────────────
  params=34,976
  ep  1  val=0.4008
  e  1  loss=6.0750  task=6.0750  safety=0.0000  top1=0.4008  lr=2.36e-03
  ep 10  val=0.9024
  e 10  loss=0.3911  task=0.3911  safety=0.0000  top1=0.9024  lr=2.36e-03
  ep 20  val=0.9182
  e 20  loss=0.2770  task=0.2770  safety=0.0000  top1=0.9182  lr=2.36e-03
  ep 30  val=0.9213
  e 30  loss=0.2272  task=0.2272  safety=0.0000  top1=0.9213  lr=2.36e-03
  ep 40  val=0.9144
  e 40  loss=0.2037  task=0.2037  safety=0.0000  top1=0.9144  lr=2.36e-03
  ep 50  val=0.9200
  e 50  loss=0.1860  task=0.1860  safety=0.0000  top1=0.9200  lr=2.36e-03
  ep 60  val=0.9325
  e 60  loss=0.1712  task=0.1712  safety=0.0000  top1=0.9325  lr=2.36e-03
  ep 70  val=0.9315
  e 70  loss=0.1607  task=0.1607  safety=0.0000  top1=0.9315  lr=2.36e-03
  ep 75  val=0.9279
  → best=0.9389 @ ep72  (384s)

────────────────────────────────────────────────────────────
Config A050: kind=polar, alpha=0.5
────────────────────────────────────────────────────────────
  params=34,976
  ep  1  val=0.4782
  e  1  loss=4.8579  task=4.8579  safety=0.0000  top1=0.4782  lr=2.36e-03
  ep 10  val=0.9080
  e 10  loss=0.2967  task=0.2967  safety=0.0000  top1=0.9080  lr=2.36e-03
  ep 20  val=0.9251
  e 20  loss=0.1945  task=0.1945  safety=0.0000  top1=0.9251  lr=2.36e-03
  ep 30  val=0.9304
  e 30  loss=0.1482  task=0.1482  safety=0.0000  top1=0.9304  lr=2.36e-03
  ep 40  val=0.9332
  e 40  loss=0.1231  task=0.1231  safety=0.0000  top1=0.9332  lr=2.36e-03
  ep 50  val=0.9345
  e 50  loss=0.1039  task=0.1039  safety=0.0000  top1=0.9345  lr=2.36e-03
  ep 60  val=0.9424
  e 60  loss=0.0908  task=0.0908  safety=0.0000  top1=0.9424  lr=2.36e-03
  ep 70  val=0.9399
  e 70  loss=0.0810  task=0.0810  safety=0.0000  top1=0.9399  lr=2.36e-03
  ep 75  val=0.9406
  → best=0.9452 @ ep72  (692s)

────────────────────────────────────────────────────────────
Config A100: kind=polar, alpha=1.0
────────────────────────────────────────────────────────────
  params=34,976
  ep  1  val=0.4010
  e  1  loss=6.0750  task=6.0750  safety=0.0000  top1=0.4010  lr=2.36e-03
  ep 10  val=0.9017
  e 10  loss=0.3905  task=0.3905  safety=0.0000  top1=0.9017  lr=2.36e-03
  ep 20  val=0.9172
  e 20  loss=0.2773  task=0.2773  safety=0.0000  top1=0.9172  lr=2.36e-03
  ep 30  val=0.9248
  e 30  loss=0.2272  task=0.2272  safety=0.0000  top1=0.9248  lr=2.36e-03
  ep 40  val=0.9126
  e 40  loss=0.2011  task=0.2011  safety=0.0000  top1=0.9126  lr=2.36e-03
  ep 50  val=0.9180
  e 50  loss=0.1864  task=0.1864  safety=0.0000  top1=0.9180  lr=2.36e-03
  ep 60  val=0.9330
  e 60  loss=0.1700  task=0.1700  safety=0.0000  top1=0.9330  lr=2.36e-03
  ep 70  val=0.9315
  e 70  loss=0.1568  task=0.1568  safety=0.0000  top1=0.9315  lr=2.36e-03
  ep 75  val=0.9302
  → best=0.9406 @ ep72  (704s)

────────────────────────────────────────────────────────────
Config A150: kind=polar, alpha=1.5
────────────────────────────────────────────────────────────
  params=34,976
  ep  1  val=0.3878
  e  1  loss=6.4162  task=6.4162  safety=0.0000  top1=0.3878  lr=2.36e-03
  ep 10  val=0.8795
  e 10  loss=0.3930  task=0.3930  safety=0.0000  top1=0.8795  lr=2.36e-03
  ep 20  val=0.9129
  e 20  loss=0.2593  task=0.2593  safety=0.0000  top1=0.9129  lr=2.36e-03
  ep 30  val=0.9185
  e 30  loss=0.1992  task=0.1992  safety=0.0000  top1=0.9185  lr=2.36e-03
  ep 40  val=0.9269
  e 40  loss=0.1675  task=0.1675  safety=0.0000  top1=0.9269  lr=2.36e-03
  ep 50  val=0.9302
  e 50  loss=0.1427  task=0.1427  safety=0.0000  top1=0.9302  lr=2.36e-03
  ep 60  val=0.9366
  e 60  loss=0.1235  task=0.1235  safety=0.0000  top1=0.9366  lr=2.36e-03
  ep 70  val=0.9355
  e 70  loss=0.1132  task=0.1132  safety=0.0000  top1=0.9355  lr=2.36e-03
  ep 75  val=0.9363
  → best=0.9406 @ ep65  (642s)

────────────────────────────────────────────────────────────
Config A200: kind=polar, alpha=2.0
────────────────────────────────────────────────────────────
  params=34,976
  ep  1  val=0.3924
  e  1  loss=6.0830  task=6.0830  safety=0.0000  top1=0.3924  lr=2.36e-03
  ep 10  val=0.8915
  e 10  loss=0.3349  task=0.3349  safety=0.0000  top1=0.8915  lr=2.36e-03
  ep 20  val=0.9175
  e 20  loss=0.2004  task=0.2004  safety=0.0000  top1=0.9175  lr=2.36e-03
  ep 30  val=0.9254
  e 30  loss=0.1479  task=0.1479  safety=0.0000  top1=0.9254  lr=2.36e-03
  ep 40  val=0.9361
  e 40  loss=0.1145  task=0.1145  safety=0.0000  top1=0.9361  lr=2.36e-03
