Step 512 — Dynamic connectivity v2 (threshold-gated, rate-limited)
  N=512 rewire_every=15 max_swaps/neuron=1 threshold=0.02
  k_candidates=4  rewire_epochs=60
  Running: ['Ref_static', 'A_coact_low', 'B_coact_hi']
Dataset loaded into RAM: train=9469  val=3925  (1.34 GB features)

────────────────────────────────────────────────────────────
Config Ref_static (rule=None)
────────────────────────────────────────────────────────────
  loaded checkpoint: ep 30, best top1 0.7730
  ep  5  val=0.7468
  ep 10  val=0.7516
  ep 15  val=0.7549
  ep 20  val=0.7776
  ep 25  val=0.7794
  ep 30  val=0.7493
  ep 35  val=0.7549
  ep 40  val=0.7832
  ep 45  val=0.7738
  ep 50  val=0.7549
  ep 55  val=0.7791
  ep 60  val=0.7824
  → Ref_static best=0.7969  swaps=0

────────────────────────────────────────────────────────────
Config A_coact_low (rule=low)
────────────────────────────────────────────────────────────
  loaded checkpoint: ep 30, best top1 0.7730
  ep  5  val=0.7439
  ep 10  val=0.7445
  ep 15  val=0.7572
  [rewire at ep15] swaps=470 diff_from_initial=45.9%
  ep 20  val=0.6219
  ep 25  val=0.6385
  ep 30  val=0.6545
  [rewire at ep30] swaps=458 diff_from_initial=69.7%
  ep 35  val=0.5409
  ep 40  val=0.6046
  ep 45  val=0.6456
  [rewire at ep45] swaps=463 diff_from_initial=82.3%
  ep 50  val=0.6020
  ep 55  val=0.6813
  ep 60  val=0.6800
  → A_coact_low best=0.7735  swaps=1391

────────────────────────────────────────────────────────────
Config B_coact_hi (rule=high)
────────────────────────────────────────────────────────────
  loaded checkpoint: ep 30, best top1 0.7730
  ep  5  val=0.7488
  ep 10  val=0.7473
  ep 15  val=0.7587
  [rewire at ep15] swaps=260 diff_from_initial=25.4%
  ep 20  val=0.6986
  ep 25  val=0.7004
  ep 30  val=0.6981
  [rewire at ep30] swaps=250 diff_from_initial=42.6%
  ep 35  val=0.6367
  ep 40  val=0.6938
  ep 45  val=0.6935
  [rewire at ep45] swaps=267 diff_from_initial=57.2%
  ep 50  val=0.6940
  ep 55  val=0.7022
  ep 60  val=0.7348
  → B_coact_hi best=0.7745  swaps=777


========== STEP 512 SUMMARY ==========
  Ref_static      best=0.7969  rewires=0 swaps=0
  A_coact_low     best=0.7735  rewires=3 swaps=1391
  B_coact_hi      best=0.7745  rewires=3 swaps=777
  Δ(A_coact_low − Ref_static): -2.34pp
  Δ(B_coact_hi − Ref_static): -2.24pp

Total: 392s
Saved: /Volumes/T9/IndraAstra/dhiraj/neuro_graph/results/train_step512_dynconn_v2.json
