
======================================================================
Step 719 — ΔW proj N=64 D=32 Tier-1 (W_pos diversity hypothesis)
N=64 D=32 FLOPs=0.061M  Device=cpu
Baseline: N=64 D=16 gave Ref≈37% A_proj≈53% Δ≈+16pp (step717)
Hypothesis: D=32 → richer W_pos → larger ΔW gain at small N
======================================================================
Dataset loaded into RAM: train=9469  val=3925  (1.34 GB features)

──────────────────────────────────────────────────
Ref
──────────────────────────────────────────────────
  params=2,432
  e  1  loss=2.3883  task=2.3883  safety=0.0000  top1=0.0999  lr=2.36e-03
  ep 10  val=0.2043
  e 10  loss=2.2069  task=2.2069  safety=0.0000  top1=0.2043  lr=2.36e-03
  ep 20  val=0.2973
  e 20  loss=2.1784  task=2.1784  safety=0.0000  top1=0.2973  lr=2.36e-03
  ep 30  val=0.3315
  e 30  loss=2.1563  task=2.1563  safety=0.0000  top1=0.3315  lr=2.36e-03
  ep 40  val=0.3498
  e 40  loss=2.1437  task=2.1437  safety=0.0000  top1=0.3498  lr=2.36e-03
  ep 50  val=0.3401
  e 50  loss=2.1355  task=2.1355  safety=0.0000  top1=0.3401  lr=2.36e-03
  ep 60  val=0.3080
  e 60  loss=2.1261  task=2.1261  safety=0.0000  top1=0.3080  lr=2.36e-03
  ep 70  val=0.3389
  e 70  loss=2.1188  task=2.1188  safety=0.0000  top1=0.3389  lr=2.36e-03
  → best=0.3636 @ ep48

──────────────────────────────────────────────────
A_proj
──────────────────────────────────────────────────
  params=2,432
  e  1  loss=2.3022  task=2.3022  safety=0.0000  top1=0.1539  lr=2.36e-03
  ep 10  val=0.3924
  e 10  loss=2.0000  task=2.0000  safety=0.0000  top1=0.3924  lr=2.36e-03
  ep 20  val=0.4599
  e 20  loss=1.8556  task=1.8556  safety=0.0000  top1=0.4599  lr=2.36e-03
  ep 30  val=0.4825
  e 30  loss=1.7733  task=1.7733  safety=0.0000  top1=0.4825  lr=2.36e-03
  ep 40  val=0.4815
  e 40  loss=1.7255  task=1.7255  safety=0.0000  top1=0.4815  lr=2.36e-03
  ep 50  val=0.5070
  e 50  loss=1.6930  task=1.6930  safety=0.0000  top1=0.5070  lr=2.36e-03
  ep 60  val=0.4925
  e 60  loss=1.6742  task=1.6742  safety=0.0000  top1=0.4925  lr=2.36e-03
  ep 70  val=0.5172
  e 70  loss=1.6448  task=1.6448  safety=0.0000  top1=0.5172  lr=2.36e-03
  → best=0.5332 @ ep63

======================================================================
D=32: Ref=0.3636  A_proj=0.5332  Δ=+0.1696 (+16.96pp)
D=16: Ref=37.0%   A_proj=53.0%   Δ=+16pp  (step717)
  → PARTIAL: D=32 moderately larger — W_pos diversity is a contributing factor

→ /Volumes/T9/IndraAstra/dhiraj/neuro_graph/results/train_step719_delta_n64_d32.json
