Device: mps  Epochs: 75  Batch: 128  Data: 50%
FAST ABLATION BENCHMARK — steps 58-61 compare against this result
Config: AntiHebbian alpha=1.0 wpos / dynamic_z_geo / beam=16 / geo_gamma=0.5
Dataset loaded into RAM: train=9469  val=3925  (1.34 GB features)
Dataset: train=4734  val=3925

======================================================================
Ref   AntiHebb alpha=1.0 wpos (50% data, 75ep)
======================================================================
  e  1  loss=4.4572  task=4.3836  safety=0.1506  top1=0.0823  lr=2.36e-03
  e 10  loss=1.8008  task=1.7547  safety=0.0944  top1=0.4031  lr=2.36e-03
  e 20  loss=1.4837  task=1.4522  safety=0.0645  top1=0.4660  lr=2.36e-03
  e 30  loss=1.3099  task=1.2851  safety=0.0507  top1=0.6015  lr=2.36e-03
  e 40  loss=1.1959  task=1.1747  safety=0.0433  top1=0.6359  lr=2.36e-03
  e 50  loss=1.0960  task=1.0770  safety=0.0387  top1=0.6594  lr=2.36e-03
  e 60  loss=1.0153  task=0.9978  safety=0.0358  top1=0.6731  lr=2.36e-03
  e 70  loss=0.9670  task=0.9507  safety=0.0334  top1=0.7124  lr=2.36e-03
  top1_best=0.7353  best_ep=73/75 (97%)  diag=converged  t=3066s

Saved -> /Volumes/T9/IndraAstra/dhiraj/neuro_graph/results/train_step57_benchmark_ablation.json

-- Step 57 Benchmark Result --
  top1_best : 0.7353
  best_epoch: 73/75
  elapsed   : 3066s

  REF_BASELINE for steps 58-61: 0.7353
  (steps 58-61 use this as the comparison point for vs_Ref column)
