Step 266 — All-winners combo at N=4096 T2 (ΔW rot + aug + K_iter sweep)
  data=data/store.h5  seed=42  epochs=150  device=cuda
  Target: ≥97.4% (beat step265 97.35%)
Dataset loaded into RAM: train=9469  val=3925  (1.34 GB features)
  Train=9469  Val=3925

────────────────────────────────────────────────────────────
Config Ref: K=5 ΔW rot + aug at N=4096 (baseline)
────────────────────────────────────────────────────────────
  params=69,793  K_iter=5
  e  1  loss=15.5528  task=15.5528  safety=0.0000  top1=0.2390  lr=2.36e-03
  ep 10  val=0.9424
  e 10  loss=0.2146  task=0.2146  safety=0.0000  top1=0.9424  lr=2.36e-03
  ep 20  val=0.9615
  e 20  loss=0.1002  task=0.1002  safety=0.0000  top1=0.9615  lr=2.36e-03
  ep 30  val=0.9643
  e 30  loss=0.0692  task=0.0692  safety=0.0000  top1=0.9643  lr=2.36e-03
  ep 40  val=0.9661
  e 40  loss=0.0512  task=0.0512  safety=0.0000  top1=0.9661  lr=2.36e-03
  ep 50  val=0.9692
  e 50  loss=0.0379  task=0.0379  safety=0.0000  top1=0.9692  lr=2.36e-03
  ep 60  val=0.9689
  e 60  loss=0.0291  task=0.0291  safety=0.0000  top1=0.9689  lr=2.36e-03
  ep 70  val=0.9727
  e 70  loss=0.0225  task=0.0225  safety=0.0000  top1=0.9727  lr=2.36e-03
  ep 80  val=0.9732
  e 80  loss=0.0225  task=0.0225  safety=0.0000  top1=0.9732  lr=2.36e-03
  ep 90  val=0.9732
  e 90  loss=0.0184  task=0.0184  safety=0.0000  top1=0.9732  lr=2.36e-03
  ep100  val=0.9707
  e100  loss=0.0170  task=0.0170  safety=0.0000  top1=0.9707  lr=2.36e-03
  ep110  val=0.9712
  e110  loss=0.0150  task=0.0150  safety=0.0000  top1=0.9712  lr=2.36e-03
  ep120  val=0.9743
  e120  loss=0.0187  task=0.0187  safety=0.0000  top1=0.9743  lr=2.36e-03
  ep130  val=0.9758
  e130  loss=0.0075  task=0.0075  safety=0.0000  top1=0.9758  lr=1.18e-03
  ep140  val=0.9748
  e140  loss=0.0069  task=0.0069  safety=0.0000  top1=0.9748  lr=1.18e-03
  ep150  val=0.9761
  e150  loss=0.0074  task=0.0074  safety=0.0000  top1=0.9761  lr=1.18e-03
  → best=0.9771 @ep113  elapsed=1612s

────────────────────────────────────────────────────────────
Config A_k4: K=4 ΔW rot + aug at N=4096 (ALL WINNERS combo)
────────────────────────────────────────────────────────────
  params=69,793  K_iter=4
  e  1  loss=16.9685  task=16.9685  safety=0.0000  top1=0.2107  lr=2.36e-03
  ep 10  val=0.9450
  e 10  loss=0.2030  task=0.2030  safety=0.0000  top1=0.9450  lr=2.36e-03
  ep 20  val=0.9597
  e 20  loss=0.0999  task=0.0999  safety=0.0000  top1=0.9597  lr=2.36e-03
  ep 30  val=0.9669
  e 30  loss=0.0683  task=0.0683  safety=0.0000  top1=0.9669  lr=2.36e-03
  ep 40  val=0.9648
  e 40  loss=0.0501  task=0.0501  safety=0.0000  top1=0.9648  lr=2.36e-03
  ep 50  val=0.9692
  e 50  loss=0.0415  task=0.0415  safety=0.0000  top1=0.9692  lr=2.36e-03
  ep 60  val=0.9715
  e 60  loss=0.0332  task=0.0332  safety=0.0000  top1=0.9715  lr=2.36e-03
  ep 70  val=0.9707
  e 70  loss=0.0294  task=0.0294  safety=0.0000  top1=0.9707  lr=2.36e-03
  ep 80  val=0.9738
  e 80  loss=0.0213  task=0.0213  safety=0.0000  top1=0.9738  lr=2.36e-03
  ep 90  val=0.9725
  e 90  loss=0.0191  task=0.0191  safety=0.0000  top1=0.9725  lr=2.36e-03
  ep100  val=0.9750
  e100  loss=0.0197  task=0.0197  safety=0.0000  top1=0.9750  lr=2.36e-03
  ep110  val=0.9732
  e110  loss=0.0172  task=0.0172  safety=0.0000  top1=0.9732  lr=2.36e-03
  ep120  val=0.9710
  e120  loss=0.0140  task=0.0140  safety=0.0000  top1=0.9710  lr=2.36e-03
  ep130  val=0.9715
  e130  loss=0.0156  task=0.0156  safety=0.0000  top1=0.9715  lr=2.36e-03
  ep140  val=0.9745
  e140  loss=0.0129  task=0.0129  safety=0.0000  top1=0.9745  lr=2.36e-03
  ep150  val=0.9730
  e150  loss=0.0126  task=0.0126  safety=0.0000  top1=0.9730  lr=2.36e-03
  → best=0.9766 @ep108  elapsed=1324s

========== STEP 266 SUMMARY (N=4096 T2 seed=42) ==========
  Ref     K_iter=5  best=0.9771
  A_k4    K_iter=4  best=0.9766

Δ(K=4 − K=5): -0.05pp at N=4096 with rotation+aug
