
========================================================================
CNN step004 T2  device=mps  epochs=150  seed=1
  train=9469 (100% — T2 full dataset)  val=3925  batch=32
========================================================================

  config          params   MACs(M)  %VGG16conv    T1_acc  desc
  --------------------------------------------------------------------------------
  Ref            419,146     183.2      1.246%    0.7317  ref: 64/128/256 k=7
  D_small_s      149,674      57.5      0.391%    0.7096  small+side: 32/64/128 k=7
  F_wide         825,482     559.8      3.808%    0.7442  wide: 128/256/256 k=7
  --------------------------------------------------------------------------------
  VGG16-conv   14,700,000   14700.0    100.000%       N/A  (teacher reference)

────────────────────────────────────────────────────────────
Ref: ref: 64/128/256 k=7  T1=0.7317
  params=419,146  MACs=183.2M  (1.246% of VGG16-conv)
  ep 10  val=0.6864  best=0.7205
  ep 20  val=0.7496  best=0.7587
  ep 30  val=0.7506  best=0.7689
  ep 40  val=0.7539  best=0.7710
  ep 50  val=0.7618  best=0.7710
  ep 60  val=0.7419  best=0.7710
  ep 70  val=0.7399  best=0.7710
  ep 80  val=0.7368  best=0.7710
  ep 90  val=0.7389  best=0.7710
  ep100  val=0.7231  best=0.7710
  ep110  val=0.7297  best=0.7710
  ep120  val=0.7282  best=0.7710
  ep130  val=0.7284  best=0.7710
  ep140  val=0.7271  best=0.7710
  ep150  val=0.7320  best=0.7710
  -> best=0.7710 @ep35  Δ_vs_Ref=+0.00pp  T1→T2=+3.93pp  5164s

────────────────────────────────────────────────────────────
D_small_s: small+side: 32/64/128 k=7  T1=0.7096
  params=149,674  MACs=57.5M  (0.391% of VGG16-conv)
  ep 10  val=0.6668  best=0.6668
  ep 20  val=0.6894  best=0.7042
  ep 30  val=0.7373  best=0.7422
  ep 40  val=0.7544  best=0.7544
  ep 50  val=0.7376  best=0.7608
  ep 60  val=0.7508  best=0.7608
  ep 70  val=0.7480  best=0.7608
  ep 80  val=0.7468  best=0.7608
  ep 90  val=0.7508  best=0.7608
  ep100  val=0.7490  best=0.7608
  ep110  val=0.7389  best=0.7608
  ep120  val=0.7330  best=0.7608
  ep130  val=0.7373  best=0.7608
  ep140  val=0.7338  best=0.7608
  ep150  val=0.7366  best=0.7608
  -> best=0.7608 @ep42  Δ_vs_Ref=-1.02pp  T1→T2=+5.12pp  3759s

────────────────────────────────────────────────────────────
F_wide: wide: 128/256/256 k=7  T1=0.7442
  params=825,482  MACs=559.8M  (3.808% of VGG16-conv)
  ep 10  val=0.7439  best=0.7493
  ep 20  val=0.7689  best=0.7903
  ep 30  val=0.7615  best=0.7903
  ep 40  val=0.7682  best=0.7903
  ep 50  val=0.7585  best=0.7903
  ep 60  val=0.7595  best=0.7903
  ep 70  val=0.7608  best=0.7903
  ep 80  val=0.7539  best=0.7903
  ep 90  val=0.7562  best=0.7903
  ep100  val=0.7526  best=0.7903
  ep110  val=0.7511  best=0.7903
  ep120  val=0.7600  best=0.7903
  ep130  val=0.7511  best=0.7903
  ep140  val=0.7559  best=0.7903
  ep150  val=0.7552  best=0.7903
  -> best=0.7903 @ep18  Δ_vs_Ref=+1.94pp  T1→T2=+4.61pp  8229s

========================================================================
CNN STEP004 T2 SUMMARY — (150ep, 100% data)
========================================================================
  config          params   MACs(M)   T1_acc   T2_acc       Δ_Ref     T1→T2  efficiency
  ------------------------------------------------------------------------------------------
  Ref            419,146     183.2   0.7317   0.7710      +0.00pp   +3.93pp  acc/MACs=0.004 %/M
  D_small_s      149,674      57.5   0.7096   0.7608      -1.02pp   +5.12pp  acc/MACs=0.013 %/M
  F_wide         825,482     559.8   0.7442   0.7903      +1.94pp   +4.61pp  acc/MACs=0.001 %/M

  Paper Pareto (D_small_s vs Ref):
    Accuracy gap:  1.02pp
    MACs ratio:    3.2× fewer
    Params ratio:  2.8× fewer
    Advance basis: efficiency-Pareto (not accuracy threshold)

  Paper Pareto (F_wide vs Ref):
    Accuracy gain: +1.93pp
    MACs cost:     3.1× more

-> /Volumes/T9/IndraAstra/dhiraj/neuro_graph/results/cnn_step004_t2_seed1__mini_mps.json

========================================================================
CNN step004 T2  device=mps  epochs=150  seed=2
  train=9469 (100% — T2 full dataset)  val=3925  batch=32
========================================================================

  config          params   MACs(M)  %VGG16conv    T1_acc  desc
  --------------------------------------------------------------------------------
  Ref            419,146     183.2      1.246%    0.7317  ref: 64/128/256 k=7
  D_small_s      149,674      57.5      0.391%    0.7096  small+side: 32/64/128 k=7
  F_wide         825,482     559.8      3.808%    0.7442  wide: 128/256/256 k=7
  --------------------------------------------------------------------------------
  VGG16-conv   14,700,000   14700.0    100.000%       N/A  (teacher reference)

────────────────────────────────────────────────────────────
Ref: ref: 64/128/256 k=7  T1=0.7317
  params=419,146  MACs=183.2M  (1.246% of VGG16-conv)
  ep 10  val=0.7134  best=0.7134
  ep 20  val=0.7597  best=0.7633
  ep 30  val=0.7434  best=0.7773
  ep 40  val=0.7455  best=0.7773
  ep 50  val=0.7664  best=0.7773
  ep 60  val=0.7396  best=0.7773
  ep 70  val=0.7358  best=0.7773
  ep 80  val=0.7292  best=0.7773
  ep 90  val=0.7284  best=0.7773
  ep100  val=0.7355  best=0.7773
  ep110  val=0.7243  best=0.7773
  ep120  val=0.7307  best=0.7773
  ep130  val=0.7322  best=0.7773
  ep140  val=0.7317  best=0.7773
  ep150  val=0.7271  best=0.7773
  -> best=0.7773 @ep27  Δ_vs_Ref=+0.00pp  T1→T2=+4.56pp  5139s

────────────────────────────────────────────────────────────
D_small_s: small+side: 32/64/128 k=7  T1=0.7096
  params=149,674  MACs=57.5M  (0.391% of VGG16-conv)
  ep 10  val=0.6456  best=0.6456
  ep 20  val=0.7034  best=0.7034
  ep 30  val=0.7396  best=0.7396
  ep 40  val=0.7442  best=0.7498
  ep 50  val=0.7470  best=0.7564
  ep 60  val=0.7531  best=0.7564
  ep 70  val=0.7501  best=0.7564
  ep 80  val=0.7378  best=0.7564
  ep 90  val=0.7391  best=0.7564
  ep100  val=0.7371  best=0.7564
  ep110  val=0.7345  best=0.7564
  ep120  val=0.7289  best=0.7564
  ep130  val=0.7315  best=0.7564
  ep140  val=0.7266  best=0.7564
  ep150  val=0.7320  best=0.7564
  -> best=0.7564 @ep45  Δ_vs_Ref=-2.09pp  T1→T2=+4.68pp  3720s

────────────────────────────────────────────────────────────
F_wide: wide: 128/256/256 k=7  T1=0.7442
  params=825,482  MACs=559.8M  (3.808% of VGG16-conv)
  ep 10  val=0.7450  best=0.7450
  ep 20  val=0.7753  best=0.7890
  ep 30  val=0.7753  best=0.7931
  ep 40  val=0.7697  best=0.7931
  ep 50  val=0.7493  best=0.7931
  ep 60  val=0.7625  best=0.7931
  ep 70  val=0.7615  best=0.7931
  ep 80  val=0.7615  best=0.7931
  ep 90  val=0.7603  best=0.7931
  ep100  val=0.7643  best=0.7931
  ep110  val=0.7582  best=0.7931
  ep120  val=0.7575  best=0.7931
  ep130  val=0.7595  best=0.7931
  ep140  val=0.7643  best=0.7931
  ep150  val=0.7615  best=0.7931
  -> best=0.7931 @ep21  Δ_vs_Ref=+1.58pp  T1→T2=+4.89pp  8160s

========================================================================
CNN STEP004 T2 SUMMARY — (150ep, 100% data)
========================================================================
  config          params   MACs(M)   T1_acc   T2_acc       Δ_Ref     T1→T2  efficiency
  ------------------------------------------------------------------------------------------
  Ref            419,146     183.2   0.7317   0.7773      +0.00pp   +4.56pp  acc/MACs=0.004 %/M
  D_small_s      149,674      57.5   0.7096   0.7564      -2.09pp   +4.68pp  acc/MACs=0.013 %/M
  F_wide         825,482     559.8   0.7442   0.7931      +1.58pp   +4.89pp  acc/MACs=0.001 %/M

  Paper Pareto (D_small_s vs Ref):
    Accuracy gap:  2.09pp
    MACs ratio:    3.2× fewer
    Params ratio:  2.8× fewer
    Advance basis: efficiency-Pareto (not accuracy threshold)

  Paper Pareto (F_wide vs Ref):
    Accuracy gain: +1.58pp
    MACs cost:     3.1× more

-> /Volumes/T9/IndraAstra/dhiraj/neuro_graph/results/cnn_step004_t2_seed2__mini_mps.json

========================================================================
CNN step004 T2  device=mps  epochs=150  seed=3
  train=9469 (100% — T2 full dataset)  val=3925  batch=32
========================================================================

  config          params   MACs(M)  %VGG16conv    T1_acc  desc
  --------------------------------------------------------------------------------
  Ref            419,146     183.2      1.246%    0.7317  ref: 64/128/256 k=7
  D_small_s      149,674      57.5      0.391%    0.7096  small+side: 32/64/128 k=7
  F_wide         825,482     559.8      3.808%    0.7442  wide: 128/256/256 k=7
  --------------------------------------------------------------------------------
  VGG16-conv   14,700,000   14700.0    100.000%       N/A  (teacher reference)

────────────────────────────────────────────────────────────
Ref: ref: 64/128/256 k=7  T1=0.7317
  params=419,146  MACs=183.2M  (1.246% of VGG16-conv)
  ep 10  val=0.7055  best=0.7055
  ep 20  val=0.7350  best=0.7580
  ep 30  val=0.7817  best=0.7817
  ep 40  val=0.7541  best=0.7827
  ep 50  val=0.7554  best=0.7827
  ep 60  val=0.7368  best=0.7827
  ep 70  val=0.7455  best=0.7827
  ep 80  val=0.7419  best=0.7827
  ep 90  val=0.7348  best=0.7827
  ep100  val=0.7353  best=0.7827
  ep110  val=0.7399  best=0.7827
  ep120  val=0.7396  best=0.7827
  ep130  val=0.7348  best=0.7827
  ep140  val=0.7322  best=0.7827
  ep150  val=0.7325  best=0.7827
  -> best=0.7827 @ep33  Δ_vs_Ref=+0.00pp  T1→T2=+5.10pp  5152s

────────────────────────────────────────────────────────────
D_small_s: small+side: 32/64/128 k=7  T1=0.7096
  params=149,674  MACs=57.5M  (0.391% of VGG16-conv)
  ep 10  val=0.6517  best=0.6517
  ep 20  val=0.7050  best=0.7256
  ep 30  val=0.7297  best=0.7480
  ep 40  val=0.7475  best=0.7625
  ep 50  val=0.7506  best=0.7625
  ep 60  val=0.7508  best=0.7702
  ep 70  val=0.7518  best=0.7702
  ep 80  val=0.7511  best=0.7702
  ep 90  val=0.7524  best=0.7702
  ep100  val=0.7409  best=0.7702
  ep110  val=0.7480  best=0.7702
  ep120  val=0.7371  best=0.7702
  ep130  val=0.7427  best=0.7702
  ep140  val=0.7394  best=0.7702
  ep150  val=0.7406  best=0.7702
  -> best=0.7702 @ep57  Δ_vs_Ref=-1.25pp  T1→T2=+6.06pp  3717s

────────────────────────────────────────────────────────────
F_wide: wide: 128/256/256 k=7  T1=0.7442
  params=825,482  MACs=559.8M  (3.808% of VGG16-conv)
  ep 10  val=0.7465  best=0.7590
  ep 20  val=0.7778  best=0.7839
  ep 30  val=0.7605  best=0.7839
  ep 40  val=0.7766  best=0.7839
  ep 50  val=0.7631  best=0.7839
  ep 60  val=0.7488  best=0.7839
  ep 70  val=0.7557  best=0.7839
  ep 80  val=0.7582  best=0.7839
  ep 90  val=0.7605  best=0.7839
  ep100  val=0.7633  best=0.7839
  ep110  val=0.7587  best=0.7839
  ep120  val=0.7587  best=0.7839
  ep130  val=0.7554  best=0.7839
  ep140  val=0.7582  best=0.7839
  ep150  val=0.7564  best=0.7839
  -> best=0.7839 @ep18  Δ_vs_Ref=+0.13pp  T1→T2=+3.97pp  8175s

========================================================================
CNN STEP004 T2 SUMMARY — (150ep, 100% data)
========================================================================
  config          params   MACs(M)   T1_acc   T2_acc       Δ_Ref     T1→T2  efficiency
  ------------------------------------------------------------------------------------------
  Ref            419,146     183.2   0.7317   0.7827      +0.00pp   +5.10pp  acc/MACs=0.004 %/M
  D_small_s      149,674      57.5   0.7096   0.7702      -1.25pp   +6.06pp  acc/MACs=0.013 %/M
  F_wide         825,482     559.8   0.7442   0.7839      +0.13pp   +3.97pp  acc/MACs=0.001 %/M

  Paper Pareto (D_small_s vs Ref):
    Accuracy gap:  1.25pp
    MACs ratio:    3.2× fewer
    Params ratio:  2.8× fewer
    Advance basis: efficiency-Pareto (not accuracy threshold)

  Paper Pareto (F_wide vs Ref):
    Accuracy gain: +0.12pp
    MACs cost:     3.1× more

-> /Volumes/T9/IndraAstra/dhiraj/neuro_graph/results/cnn_step004_t2_seed3__mini_mps.json
cnn_step005 — CNN distiller multi-seed variance
  configs=Ref,D_small_s,F_wide  seeds=[1, 2, 3]  slot=mini_mps
  seed=42 reference: Ref=77.35%, D_small_s=74.52%, F_wide=TBD

============================================================
Launching configs=Ref,D_small_s,F_wide seed=1 ...
============================================================

============================================================
Launching configs=Ref,D_small_s,F_wide seed=2 ...
============================================================

============================================================
Launching configs=Ref,D_small_s,F_wide seed=3 ...
============================================================

cnn_step005 complete. Seeds: [1, 2, 3], configs: Ref,D_small_s,F_wide
Results: results/cnn_step004_t2_seed{N}__*.json (reuses step004 output paths)
