Device: mps  Epochs: 75  Batch: 128  Data: 50%  N: 4096
Step 71: K_iter sweep at N=4096 (patched arch, Gen4+ params)
Fixed: turing=0.3  reflect=0.5  AH=1.0  beam=16  geo=0.5  K_phase=8
step70 full-scale ref (100%/150ep): 0.9720
step69A at N=1024   (50%/75ep):     0.8504
Dataset loaded into RAM: train=9469  val=3925  (1.34 GB features)
Dataset: train=4734  val=3925
Topology: N=4096 K_local=4 K_random=2 K_in=50 n_groups=512

  Config Ref: K_iter=8  529,024 trainable params

======================================================================
Ref  K_iter=8  (Gen4+ reference, matches step70 params)
======================================================================
  e  1  loss=3.5569  task=3.5057  safety=0.1481  top1=0.7042  lr=2.36e-03
  e 10  loss=0.3145  task=0.2990  safety=0.0449  top1=0.9116  lr=2.36e-03
  e 20  loss=0.2296  task=0.2183  safety=0.0327  top1=0.9231  lr=2.36e-03
  e 30  loss=0.2154  task=0.2048  safety=0.0307  top1=0.9197  lr=2.36e-03
  e 40  loss=0.1754  task=0.1668  safety=0.0250  top1=0.9391  lr=2.36e-03
  e 50  loss=0.1521  task=0.1446  safety=0.0217  top1=0.9386  lr=2.36e-03
  e 60  loss=0.1183  task=0.1125  safety=0.0169  top1=0.9409  lr=2.36e-03
  e 70  loss=0.1245  task=0.1184  safety=0.0178  top1=0.9587  lr=2.36e-03
  top1_best=0.9587  best_ep=70/75 (93%)  vs_step70=-0.0133  vs_step69A=+0.1083  t=12271s
  [saved train_step71_kiter_n4096.json]

  Config A: K_iter=4  529,024 trainable params

======================================================================
A    K_iter=4  (half routing depth)
======================================================================
  e  1  loss=4.6293  task=4.5792  safety=0.1451  top1=0.3032  lr=2.36e-03
  e 10  loss=0.9057  task=0.8611  safety=0.1290  top1=0.8375  lr=2.36e-03
  e 20  loss=0.6379  task=0.6065  safety=0.0910  top1=0.8846  lr=2.36e-03
  e 30  loss=0.5084  task=0.4834  safety=0.0725  top1=0.8876  lr=2.36e-03
  e 40  loss=0.4257  task=0.4047  safety=0.0607  top1=0.9154  lr=2.36e-03
  e 50  loss=0.3752  task=0.3567  safety=0.0535  top1=0.8983  lr=2.36e-03
  e 60  loss=0.3331  task=0.3167  safety=0.0475  top1=0.9190  lr=2.36e-03
  e 70  loss=0.3107  task=0.2954  safety=0.0443  top1=0.9192  lr=2.36e-03
  top1_best=0.9282  best_ep=59/75 (79%)  vs_step70=-0.0438  vs_step69A=+0.0778  t=6417s
  [saved train_step71_kiter_n4096.json]

  Config B: K_iter=6  529,024 trainable params

======================================================================
B    K_iter=6  (3/4 routing depth)
======================================================================
  e  1  loss=6.9530  task=6.9022  safety=0.1470  top1=0.3460  lr=2.36e-03
  e 10  loss=0.6201  task=0.5896  safety=0.0884  top1=0.8983  lr=2.36e-03
  e 20  loss=0.4202  task=0.3995  safety=0.0599  top1=0.9103  lr=2.36e-03
  e 30  loss=0.3446  task=0.3276  safety=0.0491  top1=0.9241  lr=2.36e-03
  e 40  loss=0.2972  task=0.2825  safety=0.0424  top1=0.9238  lr=2.36e-03
  e 50  loss=0.2563  task=0.2437  safety=0.0366  top1=0.9274  lr=2.36e-03
  e 60  loss=0.2468  task=0.2346  safety=0.0352  top1=0.9511  lr=2.36e-03
  e 70  loss=0.2108  task=0.2004  safety=0.0301  top1=0.9427  lr=2.36e-03
  top1_best=0.9511  best_ep=60/75 (80%)  vs_step70=-0.0209  vs_step69A=+0.1007  t=9432s
  [saved train_step71_kiter_n4096.json]

  Config C: K_iter=12  529,024 trainable params

======================================================================
C    K_iter=12 (1.5× routing depth)
======================================================================
  e  1  loss=1.8572  task=1.8113  safety=0.1327  top1=0.8296  lr=2.36e-03
  e 10  loss=0.1990  task=0.1892  safety=0.0284  top1=0.9182  lr=2.36e-03
  e 20  loss=0.2001  task=0.1902  safety=0.0285  top1=0.9185  lr=2.36e-03
  e 30  loss=0.1634  task=0.1553  safety=0.0233  top1=0.9386  lr=2.36e-03
  e 40  loss=0.1464  task=0.1392  safety=0.0209  top1=0.9488  lr=2.36e-03
  e 50  loss=0.1114  task=0.1059  safety=0.0159  top1=0.9508  lr=2.36e-03
  e 60  loss=0.1193  task=0.1135  safety=0.0170  top1=0.9429  lr=2.36e-03
  e 70  loss=0.0353  task=0.0336  safety=0.0050  top1=0.9654  lr=1.18e-03
  top1_best=0.9666  best_ep=75/75 (100%)  vs_step70=-0.0054  vs_step69A=+0.1162  t=18382s
  [saved train_step71_kiter_n4096.json]

  Config D: K_iter=16  529,024 trainable params

======================================================================
D    K_iter=16 (2× routing depth, step68 winner at N=1024)
======================================================================
  e  1  loss=2.1919  task=2.1413  safety=0.1465  top1=0.7595  lr=2.36e-03
  e 10  loss=0.3499  task=0.3327  safety=0.0499  top1=0.9022  lr=2.36e-03
  e 20  loss=0.3483  task=0.3311  safety=0.0497  top1=0.9090  lr=2.36e-03
  e 30  loss=0.2731  task=0.2596  safety=0.0389  top1=0.9187  lr=2.36e-03
  e 40  loss=0.2483  task=0.2360  safety=0.0354  top1=0.9034  lr=2.36e-03
  e 50  loss=0.2288  task=0.2175  safety=0.0326  top1=0.8846  lr=2.36e-03
  e 60  loss=0.1371  task=0.1303  safety=0.0195  top1=0.9496  lr=1.18e-03
  e 70  loss=0.0483  task=0.0459  safety=0.0069  top1=0.9582  lr=1.18e-03
  top1_best=0.9631  best_ep=75/75 (100%)  vs_step70=-0.0089  vs_step69A=+0.1127  t=23087s
  [saved train_step71_kiter_n4096.json]

======================================================================
STEP 71 COMPLETE — K_iter sweep at N=4096
step70 full-scale (100%/150ep, K_iter=8): 0.9720
step69A at N=1024 (50%/75ep,  K_iter=8): 0.8504

  Key    K_iter      top1   vs step70  vs step69A
  -------------------------------------------------------
  Ref         8  0.9587    -0.0133      +0.1083
  A           4  0.9282    -0.0438      +0.0778
  B           6  0.9511    -0.0209      +0.1007
  C          12  0.9666    -0.0054      +0.1162
  D          16  0.9631    -0.0089      +0.1127

  K_iter efficiency curve (vs Ref=0.9587):
    K_iter= 4: -0.0305
    K_iter= 6: -0.0076
    K_iter=12: +0.0079
    K_iter=16: +0.0044
