Step 511 — Dynamic connectivity (A=co_act_low diversification)
  N=512 rewire_every=5 rewire_epochs=60
Dataset loaded into RAM: train=9469  val=3925  (1.34 GB features)

────────────────────────────────────────────────────────────
Config Ref_static
────────────────────────────────────────────────────────────
  loaded checkpoint: ep 30, best top1 0.7730
  ep  5  val=0.7455
  ep 10  val=0.7480
  ep 15  val=0.7567
  ep 20  val=0.7814
  ep 25  val=0.7794
  ep 30  val=0.7521
  ep 35  val=0.7488
  ep 40  val=0.7776
  ep 45  val=0.7735
  ep 50  val=0.7526
  ep 55  val=0.7748
  ep 60  val=0.7839
  → best=0.7952  rewires=0  elapsed=131s

────────────────────────────────────────────────────────────
Config A_coact_low
────────────────────────────────────────────────────────────
  loaded checkpoint: ep 30, best top1 0.7730
  ep  5  val=0.7508
  [rewire #1 at ep5] diff from initial: 90.6%
  ep 10  val=0.6023
  [rewire #2 at ep10] diff from initial: 97.7%
  ep 15  val=0.6280
  [rewire #3 at ep15] diff from initial: 99.2%
  ep 20  val=0.6262
  [rewire #4 at ep20] diff from initial: 99.9%
  ep 25  val=0.6487
  [rewire #5 at ep25] diff from initial: 99.7%
  ep 30  val=0.6586
  [rewire #6 at ep30] diff from initial: 99.7%
  ep 35  val=0.6061
  [rewire #7 at ep35] diff from initial: 99.8%
  ep 40  val=0.5656
  [rewire #8 at ep40] diff from initial: 99.9%
  ep 45  val=0.5399
  [rewire #9 at ep45] diff from initial: 99.9%
  ep 50  val=0.6173
  [rewire #10 at ep50] diff from initial: 99.7%
  ep 55  val=0.5992
  [rewire #11 at ep55] diff from initial: 99.8%
  ep 60  val=0.5776
  → best=0.7631  rewires=11  elapsed=135s


========== STEP 511 SUMMARY ==========
  Ref_static      best=0.7952  rewires=0
  A_coact_low     best=0.7631  rewires=11

Δ(A_coact_low − Ref_static): -3.21pp

Total: 267s
Saved: /Volumes/T9/IndraAstra/dhiraj/neuro_graph/results/train_step511_dynconn_coact_low.json
