Device: mps  Epochs: 75  Batch: 128  Data: 50%
Step 73: Softmax redistribution routing — gate-death bypass
Ref: step69 AH sum routing = 0.8336
Dataset loaded into RAM: train=9469  val=3925  (1.34 GB features)
Dataset: train=4734  val=3925

======================================================================
Ref  AH sum routing (control — step69 Ref)
======================================================================
  e  1  loss=2.3481  task=2.2748  safety=0.1499  top1=0.4662  lr=2.36e-03
  e 10  loss=1.4431  task=1.3749  safety=0.1395  top1=0.6818  lr=2.36e-03
  e 20  loss=1.2408  task=1.1771  safety=0.1304  top1=0.8092  lr=2.36e-03
  e 30  loss=1.1498  task=1.0895  safety=0.1234  top1=0.7493  lr=2.36e-03
  e 40  loss=1.0537  task=0.9962  safety=0.1177  top1=0.7539  lr=2.36e-03
  e 50  loss=1.0013  task=0.9463  safety=0.1127  top1=0.7908  lr=2.36e-03
  e 60  loss=0.9218  task=0.8688  safety=0.1085  top1=0.8211  lr=2.36e-03
  e 70  loss=0.9115  task=0.8601  safety=0.1052  top1=0.8041  lr=2.36e-03
  top1_best=0.8456  best_ep=67/75 (89%)  vs_ref=+0.0120  t=1822s
  [saved train_step73_softmax_routing.json]

======================================================================
A    softmax(Z_dot / τ=1.0) — Z-state only, no AH
======================================================================
  e  1  loss=3.4178  task=3.3756  safety=0.0863  top1=0.1146  lr=2.36e-03
  e 10  loss=2.0835  task=2.0826  safety=0.0020  top1=0.2838  lr=2.36e-03
  e 20  loss=1.9624  task=1.9611  safety=0.0025  top1=0.4076  lr=2.36e-03
  e 30  loss=1.9009  task=1.8995  safety=0.0028  top1=0.4499  lr=2.36e-03
  e 40  loss=1.8613  task=1.8598  safety=0.0030  top1=0.5139  lr=2.36e-03
  e 50  loss=1.8344  task=1.8328  safety=0.0033  top1=0.5223  lr=2.36e-03
  e 60  loss=1.8085  task=1.8068  safety=0.0036  top1=0.4703  lr=2.36e-03
  e 70  loss=1.7888  task=1.7869  safety=0.0038  top1=0.5315  lr=2.36e-03
  top1_best=0.5577  best_ep=71/75 (95%)  vs_ref=-0.2759  t=2269s
  [saved train_step73_softmax_routing.json]

======================================================================
B    softmax(Z_dot / τ=1.0 + AH_logit) — Z-state + AH (main hypothesis)
======================================================================
  e  1  loss=3.8595  task=3.7864  safety=0.1497  top1=0.1941  lr=2.36e-03
  e 10  loss=1.6248  task=1.5702  safety=0.1116  top1=0.6808  lr=2.36e-03
  e 20  loss=1.3423  task=1.2905  safety=0.1061  top1=0.7870  lr=2.36e-03
  e 30  loss=1.1989  task=1.1476  safety=0.1051  top1=0.8079  lr=2.36e-03
  e 40  loss=1.1095  task=1.0582  safety=0.1049  top1=0.8247  lr=2.36e-03
  e 50  loss=1.0591  task=1.0078  safety=0.1049  top1=0.8209  lr=2.36e-03
  e 60  loss=1.0208  task=0.9696  safety=0.1048  top1=0.8138  lr=2.36e-03
  e 70  loss=0.9931  task=0.9414  safety=0.1057  top1=0.8425  lr=2.36e-03
  top1_best=0.8487  best_ep=69/75 (92%)  vs_ref=+0.0151  t=2266s
  [saved train_step73_softmax_routing.json]

======================================================================
C    softmax(AH_logit) — AH-only softmax redistribution
======================================================================
  e  1  loss=2.8913  task=2.8185  safety=0.1490  top1=0.1564  lr=2.36e-03
  e 10  loss=1.6254  task=1.5769  safety=0.0993  top1=0.6583  lr=2.36e-03
  e 20  loss=1.3835  task=1.3398  safety=0.0895  top1=0.7796  lr=2.36e-03
  e 30  loss=1.2431  task=1.1993  safety=0.0896  top1=0.7806  lr=2.36e-03
  e 40  loss=1.1559  task=1.1115  safety=0.0909  top1=0.8275  lr=2.36e-03
  e 50  loss=1.0943  task=1.0493  safety=0.0921  top1=0.8387  lr=2.36e-03
  e 60  loss=1.0481  task=1.0028  safety=0.0926  top1=0.8476  lr=2.36e-03
  e 70  loss=1.0198  task=0.9740  safety=0.0938  top1=0.8385  lr=2.36e-03
  top1_best=0.8558  best_ep=66/75 (88%)  vs_ref=+0.0222  t=1695s
  [saved train_step73_softmax_routing.json]

======================================================================
D    softmax(Z_dot / τ=0.3 + AH_logit) — sharper redistribution
======================================================================
  e  1  loss=3.4804  task=3.4066  safety=0.1509  top1=0.1730  lr=2.36e-03
  e 10  loss=1.6081  task=1.5518  safety=0.1154  top1=0.7019  lr=2.36e-03
  e 20  loss=1.3212  task=1.2640  safety=0.1171  top1=0.7934  lr=2.36e-03
  e 30  loss=1.1783  task=1.1208  safety=0.1177  top1=0.8171  lr=2.36e-03
  e 40  loss=1.0886  task=1.0299  safety=0.1202  top1=0.8349  lr=2.36e-03
  e 50  loss=1.0311  task=0.9711  safety=0.1229  top1=0.8311  lr=2.36e-03
  e 60  loss=0.9899  task=0.9292  safety=0.1243  top1=0.8443  lr=2.36e-03
  e 70  loss=0.9604  task=0.8962  safety=0.1314  top1=0.8372  lr=2.36e-03
  top1_best=0.8634  best_ep=72/75 (96%)  vs_ref=+0.0298  t=2260s
  [saved train_step73_softmax_routing.json]

======================================================================
STEP 73 COMPLETE — Softmax redistribution routing
Ref (AH sum routing): 0.8336

  Key       top1    vs_ref    score_mode    tau
  Ref   0.8456    +0.0120           ref    1.0
  A     0.5577    -0.2759         z_dot    1.0
  B     0.8487    +0.0151          z_ah    1.0
  C     0.8558    +0.0222       ah_only    1.0
  D     0.8634    +0.0298          z_ah    0.3

  Interpretation:
  B > Ref → softmax redistribution + AH beats sum routing
  B > A   → AH diversity pressure contributes even in softmax mode
  C > Ref → Σ=1 normalization alone is beneficial (AH sum ≠ redistribution)
  D > B   → sharper routing (lower τ) is beneficial
