
======================================================================
Step 301 — ΔW × AH interaction at N=2048 D=16 (Tier-0)
Hypothesis: ΔW + weak AH may outperform ΔW alone
Running: ['Ref', 'A_proj', 'B_a025', 'B_a050', 'B_a075', 'B_a100', 'C_rot', 'C_rot_a050']
======================================================================
Dataset loaded into RAM: train=9469  val=3925  (1.34 GB features)

────────────────────────────────────────────────────────────
Config Ref: mode=ref, α_AH=None
────────────────────────────────────────────────────────────
  params=34,976
  ep  1  val=0.3997
  e  1  loss=6.0757  task=6.0757  safety=0.0000  top1=0.3997  lr=2.36e-03
  ep  5  val=0.8222
  ep 10  val=0.9004
  e 10  loss=0.3906  task=0.3906  safety=0.0000  top1=0.9004  lr=2.36e-03
  ep 15  val=0.8925
  ep 20  val=0.9187
  e 20  loss=0.2778  task=0.2778  safety=0.0000  top1=0.9187  lr=2.36e-03
  → best=0.9187 @ ep20  (119s)

────────────────────────────────────────────────────────────
Config A_proj: mode=proj, α_AH=0.0
────────────────────────────────────────────────────────────
  params=34,977
  ep  1  val=0.7666
  e  1  loss=2.5202  task=2.5202  safety=0.0000  top1=0.7666  lr=2.36e-03
  ep  5  val=0.9045
  ep 10  val=0.9317
  e 10  loss=0.0837  task=0.0837  safety=0.0000  top1=0.9317  lr=2.36e-03
  ep 15  val=0.9345
  ep 20  val=0.9401
  e 20  loss=0.0349  task=0.0349  safety=0.0000  top1=0.9401  lr=2.36e-03
  → best=0.9401 @ ep20  (134s)

────────────────────────────────────────────────────────────
Config B_a025: mode=proj, α_AH=0.25
────────────────────────────────────────────────────────────
  params=34,977
  ep  1  val=0.6978
  e  1  loss=2.9833  task=2.9833  safety=0.0000  top1=0.6978  lr=2.36e-03
  ep  5  val=0.8963
  ep 10  val=0.9256
  e 10  loss=0.1332  task=0.1332  safety=0.0000  top1=0.9256  lr=2.36e-03
  ep 15  val=0.9261
  ep 20  val=0.9363
  e 20  loss=0.0621  task=0.0621  safety=0.0000  top1=0.9363  lr=2.36e-03
  → best=0.9399 @ ep17  (147s)

────────────────────────────────────────────────────────────
Config B_a050: mode=proj, α_AH=0.5
────────────────────────────────────────────────────────────
  params=34,977
  ep  1  val=0.5073
  e  1  loss=4.1443  task=4.1443  safety=0.0000  top1=0.5073  lr=2.36e-03
  ep  5  val=0.8706
  ep 10  val=0.9096
  e 10  loss=0.2272  task=0.2272  safety=0.0000  top1=0.9096  lr=2.36e-03
  ep 15  val=0.9113
  ep 20  val=0.9238
  e 20  loss=0.1261  task=0.1261  safety=0.0000  top1=0.9238  lr=2.36e-03
  → best=0.9238 @ ep20  (149s)

────────────────────────────────────────────────────────────
Config B_a075: mode=proj, α_AH=0.75
────────────────────────────────────────────────────────────
  params=34,977
  ep  1  val=0.2122
  e  1  loss=9.3558  task=9.3558  safety=0.0000  top1=0.2122  lr=2.36e-03
  ep  5  val=0.7623
  ep 10  val=0.8586
  e 10  loss=0.4288  task=0.4288  safety=0.0000  top1=0.8586  lr=2.36e-03
  ep 15  val=0.8846
