Dataset loaded into RAM: train=9469  val=3925  (1.34 GB features)

======================================================================
step993 — Additive dynamic connectivity T1 (75ep, 50% data, Imagenette, N=512)
  T0 results: Ref=0.6127  A=0.6194(+0.67)  B=0.6278(+1.51)  C=0.6242(+1.15)
  All 3 T0 configs advance. T1 confirms real signal.
  device=mps  epochs=75  seed=42  batch=512
  Advance: any config >= Ref +0.5pp → defaults update / T2
======================================================================


────────────────────────────────────────────────────────────
Config: Ref  params=8,864  device=mps
  e  1  loss=3.9105  top1=0.1065  lr=2.36e-03
  e  1  loss=3.9105  task=3.9105  safety=0.0000  top1=0.1065  lr=2.36e-03
  e  2  loss=2.4631  top1=0.1493  lr=2.36e-03
  e  3  loss=2.2386  top1=0.2020  lr=2.36e-03
  e  4  loss=2.0996  top1=0.2599  lr=2.36e-03
  e  5  loss=2.0113  top1=0.3294  lr=2.36e-03
  e  6  loss=1.9406  top1=0.3659  lr=2.36e-03
  e  7  loss=1.8840  top1=0.4132  lr=2.36e-03
  e  8  loss=1.8285  top1=0.4558  lr=2.36e-03
  e  9  loss=1.7909  top1=0.4945  lr=2.36e-03
  e 10  loss=1.7542  top1=0.5073  lr=2.36e-03
  e 10  loss=1.7542  task=1.7542  safety=0.0000  top1=0.5073  lr=2.36e-03
  e 11  loss=1.7200  top1=0.5177  lr=2.36e-03
  e 12  loss=1.7079  top1=0.5506  lr=2.36e-03
  e 13  loss=1.6751  top1=0.5704  lr=2.36e-03
  e 14  loss=1.6425  top1=0.5707  lr=2.36e-03
  e 15  loss=1.6289  top1=0.5648  lr=2.36e-03
  e 16  loss=1.6112  top1=0.5865  lr=2.36e-03
  e 17  loss=1.5912  top1=0.5829  lr=2.36e-03
  e 18  loss=1.5694  top1=0.6046  lr=2.36e-03
  e 19  loss=1.5512  top1=0.6166  lr=2.36e-03
  e 20  loss=1.5372  top1=0.6117  lr=2.36e-03
  e 20  loss=1.5372  task=1.5372  safety=0.0000  top1=0.6117  lr=2.36e-03
  e 21  loss=1.5155  top1=0.6262  lr=2.36e-03
  e 22  loss=1.5049  top1=0.6222  lr=2.36e-03
  e 23  loss=1.4824  top1=0.6303  lr=2.36e-03
  e 24  loss=1.4711  top1=0.6410  lr=2.36e-03
  e 25  loss=1.4578  top1=0.6558  lr=2.36e-03
  e 26  loss=1.4446  top1=0.6512  lr=2.36e-03
  e 27  loss=1.4322  top1=0.6527  lr=2.36e-03
  e 28  loss=1.4237  top1=0.6752  lr=2.36e-03
  e 29  loss=1.4050  top1=0.6668  lr=2.36e-03
  e 30  loss=1.3970  top1=0.6726  lr=2.36e-03
  e 30  loss=1.3970  task=1.3970  safety=0.0000  top1=0.6726  lr=2.36e-03
  e 31  loss=1.3890  top1=0.6716  lr=2.36e-03
  e 32  loss=1.3805  top1=0.6841  lr=2.36e-03
  e 33  loss=1.3849  top1=0.6790  lr=2.36e-03
  e 34  loss=1.3694  top1=0.6866  lr=2.36e-03
  e 35  loss=1.3492  top1=0.6930  lr=2.36e-03
  e 36  loss=1.3525  top1=0.6696  lr=2.36e-03
  e 37  loss=1.3508  top1=0.6948  lr=2.36e-03
  e 38  loss=1.3532  top1=0.6869  lr=2.36e-03
  e 39  loss=1.3387  top1=0.6759  lr=2.36e-03
  e 40  loss=1.3398  top1=0.6968  lr=2.36e-03
  e 40  loss=1.3398  task=1.3398  safety=0.0000  top1=0.6968  lr=2.36e-03
  e 41  loss=1.3163  top1=0.6899  lr=2.36e-03
  e 42  loss=1.3151  top1=0.6955  lr=2.36e-03
  e 43  loss=1.3080  top1=0.7083  lr=2.36e-03
  e 44  loss=1.3135  top1=0.6754  lr=2.36e-03
  e 45  loss=1.3063  top1=0.7065  lr=2.36e-03
  e 46  loss=1.2866  top1=0.7088  lr=2.36e-03
  e 47  loss=1.2903  top1=0.6968  lr=2.36e-03
  e 48  loss=1.2903  top1=0.6657  lr=2.36e-03
  e 49  loss=1.2825  top1=0.7047  lr=2.36e-03
  e 50  loss=1.2835  top1=0.7146  lr=2.36e-03
  e 50  loss=1.2835  task=1.2835  safety=0.0000  top1=0.7146  lr=2.36e-03
  e 51  loss=1.2710  top1=0.6859  lr=2.36e-03
  e 52  loss=1.2732  top1=0.6696  lr=2.36e-03
  e 53  loss=1.2620  top1=0.7032  lr=2.36e-03
  e 54  loss=1.2521  top1=0.7034  lr=2.36e-03
  e 55  loss=1.2491  top1=0.7014  lr=2.36e-03
  e 56  loss=1.2472  top1=0.7014  lr=2.36e-03
  e 57  loss=1.2549  top1=0.6935  lr=2.36e-03
  e 58  loss=1.2439  top1=0.7210  lr=2.36e-03
  e 59  loss=1.2357  top1=0.7134  lr=2.36e-03
  e 60  loss=1.2238  top1=0.7052  lr=2.36e-03
  e 60  loss=1.2238  task=1.2238  safety=0.0000  top1=0.7052  lr=2.36e-03
  e 61  loss=1.2150  top1=0.6971  lr=2.36e-03
  e 62  loss=1.2282  top1=0.6958  lr=2.36e-03
  e 63  loss=1.2064  top1=0.7315  lr=2.36e-03
  e 64  loss=1.1985  top1=0.7350  lr=2.36e-03
  e 65  loss=1.2060  top1=0.7152  lr=2.36e-03
  e 66  loss=1.2109  top1=0.7057  lr=2.36e-03
  e 67  loss=1.1885  top1=0.6930  lr=2.36e-03
  e 68  loss=1.1935  top1=0.7248  lr=2.36e-03
  e 69  loss=1.1901  top1=0.7088  lr=2.36e-03
  e 70  loss=1.1847  top1=0.7042  lr=2.36e-03
  e 70  loss=1.1847  task=1.1847  safety=0.0000  top1=0.7042  lr=2.36e-03
  e 71  loss=1.1699  top1=0.7108  lr=2.36e-03
  e 72  loss=1.1782  top1=0.7297  lr=2.36e-03
  e 73  loss=1.1749  top1=0.7210  lr=2.36e-03
  e 74  loss=1.1715  top1=0.7070  lr=2.36e-03
  e 75  loss=1.1739  top1=0.7241  lr=2.36e-03
  DONE: best=0.7350 @ep64  59s

────────────────────────────────────────────────────────────
Config: A_additive_10  params=8,864  device=mps
  e  1  loss=3.9076  top1=0.1004  lr=2.36e-03
  e  1  loss=3.9076  task=3.9076  safety=0.0000  top1=0.1004  lr=2.36e-03
  e  2  loss=2.4646  top1=0.1552  lr=2.36e-03
  e  3  loss=2.2220  top1=0.2023  lr=2.36e-03
  e  4  loss=2.1034  top1=0.2581  lr=2.36e-03
  e  5  loss=2.0053  top1=0.3355  lr=2.36e-03
  e  6  loss=1.9352  top1=0.3755  lr=2.36e-03
  e  7  loss=1.8748  top1=0.4166  lr=2.36e-03
  e  8  loss=1.8393  top1=0.4566  lr=2.36e-03
  e  9  loss=1.7966  top1=0.4772  lr=2.36e-03
  e 10  loss=1.7581  top1=0.5108  lr=2.36e-03
  e 10  loss=1.7581  task=1.7581  safety=0.0000  top1=0.5108  lr=2.36e-03
  e 11  loss=1.7265  top1=0.5192  lr=2.36e-03
  e 12  loss=1.6941  top1=0.5490  lr=2.36e-03
  e 13  loss=1.6778  top1=0.5315  lr=2.36e-03
  e 14  loss=1.6596  top1=0.5710  lr=2.36e-03
  e 15  loss=1.6373  top1=0.5753  lr=2.36e-03
  e 16  loss=1.6077  top1=0.5819  lr=2.36e-03
  e 17  loss=1.5967  top1=0.6020  lr=2.36e-03
  e 18  loss=1.5688  top1=0.5957  lr=2.36e-03
  e 19  loss=1.5552  top1=0.6206  lr=2.36e-03
  e 20  loss=1.5332  top1=0.6293  lr=2.36e-03
  e 20  loss=1.5332  task=1.5332  safety=0.0000  top1=0.6293  lr=2.36e-03
  e 21  loss=1.5261  top1=0.6227  lr=2.36e-03
  e 22  loss=1.5039  top1=0.6318  lr=2.36e-03
  e 23  loss=1.4981  top1=0.6326  lr=2.36e-03
  e 24  loss=1.4825  top1=0.6199  lr=2.36e-03
  e 25  loss=1.4784  top1=0.6341  lr=2.36e-03
  e 26  loss=1.4613  top1=0.6252  lr=2.36e-03
  e 27  loss=1.4494  top1=0.6594  lr=2.36e-03
  e 28  loss=1.4444  top1=0.6298  lr=2.36e-03
  e 29  loss=1.4435  top1=0.6599  lr=2.36e-03
  e 30  loss=1.4249  top1=0.6543  lr=2.36e-03
  e 30  loss=1.4249  task=1.4249  safety=0.0000  top1=0.6543  lr=2.36e-03
  e 31  loss=1.4117  top1=0.6568  lr=2.36e-03
  e 32  loss=1.4059  top1=0.6701  lr=2.36e-03
  e 33  loss=1.3826  top1=0.6652  lr=2.36e-03
  e 34  loss=1.3816  top1=0.6749  lr=2.36e-03
  e 35  loss=1.3725  top1=0.6662  lr=2.36e-03
  e 36  loss=1.3684  top1=0.6721  lr=2.36e-03
  e 37  loss=1.3521  top1=0.6772  lr=2.36e-03
  e 38  loss=1.3556  top1=0.6713  lr=2.36e-03
  e 39  loss=1.3600  top1=0.6576  lr=2.36e-03
  e 40  loss=1.3498  top1=0.6487  lr=2.36e-03
  e 40  loss=1.3498  task=1.3498  safety=0.0000  top1=0.6487  lr=2.36e-03
  e 41  loss=1.3514  top1=0.6731  lr=2.36e-03
  e 42  loss=1.3366  top1=0.6831  lr=2.36e-03
  e 43  loss=1.3294  top1=0.6925  lr=2.36e-03
  e 44  loss=1.3209  top1=0.6713  lr=2.36e-03
  e 45  loss=1.3181  top1=0.6841  lr=2.36e-03
  e 46  loss=1.3146  top1=0.6910  lr=2.36e-03
  e 47  loss=1.3114  top1=0.6818  lr=2.36e-03
  e 48  loss=1.2996  top1=0.6683  lr=2.36e-03
  e 49  loss=1.3088  top1=0.6614  lr=2.36e-03
  e 50  loss=1.2919  top1=0.6780  lr=2.36e-03
  e 50  loss=1.2919  task=1.2919  safety=0.0000  top1=0.6780  lr=2.36e-03
  e 51  loss=1.2880  top1=0.7009  lr=2.36e-03
  e 52  loss=1.2874  top1=0.6596  lr=2.36e-03
  e 53  loss=1.2856  top1=0.6619  lr=2.36e-03
  e 54  loss=1.2675  top1=0.6938  lr=2.36e-03
  e 55  loss=1.2766  top1=0.6989  lr=2.36e-03
  e 56  loss=1.2694  top1=0.6935  lr=2.36e-03
  e 57  loss=1.2615  top1=0.7111  lr=2.36e-03
  e 58  loss=1.2524  top1=0.6915  lr=2.36e-03
  e 59  loss=1.2492  top1=0.6841  lr=2.36e-03
  e 60  loss=1.2506  top1=0.6660  lr=2.36e-03
  e 60  loss=1.2506  task=1.2506  safety=0.0000  top1=0.6660  lr=2.36e-03
  e 61  loss=1.2485  top1=0.7108  lr=2.36e-03
  e 62  loss=1.2268  top1=0.6907  lr=2.36e-03
  e 63  loss=1.2188  top1=0.7203  lr=2.36e-03
  e 64  loss=1.2134  top1=0.6963  lr=2.36e-03
  e 65  loss=1.2084  top1=0.7039  lr=2.36e-03
  e 66  loss=1.2065  top1=0.7062  lr=2.36e-03
  e 67  loss=1.1983  top1=0.6917  lr=2.36e-03
  e 68  loss=1.1972  top1=0.6762  lr=2.36e-03
  e 69  loss=1.2065  top1=0.7185  lr=2.36e-03
  e 70  loss=1.1914  top1=0.7185  lr=2.36e-03
  e 70  loss=1.1914  task=1.1914  safety=0.0000  top1=0.7185  lr=2.36e-03
  e 71  loss=1.1899  top1=0.7167  lr=2.36e-03
  e 72  loss=1.1733  top1=0.7124  lr=2.36e-03
  e 73  loss=1.1667  top1=0.7167  lr=2.36e-03
  e 74  loss=1.1855  top1=0.7024  lr=2.36e-03
  e 75  loss=1.1842  top1=0.6561  lr=2.36e-03
  DONE: best=0.7203 @ep63  1138s

────────────────────────────────────────────────────────────
Config: B_additive_05  params=8,864  device=mps
  e  1  loss=3.8529  top1=0.1068  lr=2.36e-03
  e  1  loss=3.8529  task=3.8529  safety=0.0000  top1=0.1068  lr=2.36e-03
  e  2  loss=2.4470  top1=0.1613  lr=2.36e-03
  e  3  loss=2.2208  top1=0.2038  lr=2.36e-03
  e  4  loss=2.0897  top1=0.2662  lr=2.36e-03
  e  5  loss=2.0000  top1=0.3424  lr=2.36e-03
  e  6  loss=1.9359  top1=0.3786  lr=2.36e-03
  e  7  loss=1.8684  top1=0.4311  lr=2.36e-03
  e  8  loss=1.8219  top1=0.4690  lr=2.36e-03
  e  9  loss=1.7755  top1=0.4945  lr=2.36e-03
  e 10  loss=1.7455  top1=0.5083  lr=2.36e-03
  e 10  loss=1.7455  task=1.7455  safety=0.0000  top1=0.5083  lr=2.36e-03
  e 11  loss=1.7204  top1=0.5404  lr=2.36e-03
  e 12  loss=1.6866  top1=0.5304  lr=2.36e-03
  e 13  loss=1.6667  top1=0.5654  lr=2.36e-03
  e 14  loss=1.6381  top1=0.5730  lr=2.36e-03
  e 15  loss=1.6157  top1=0.5722  lr=2.36e-03
  e 16  loss=1.5995  top1=0.6054  lr=2.36e-03
  e 17  loss=1.5890  top1=0.5908  lr=2.36e-03
  e 18  loss=1.5592  top1=0.6064  lr=2.36e-03
  e 19  loss=1.5446  top1=0.6059  lr=2.36e-03
  e 20  loss=1.5309  top1=0.6257  lr=2.36e-03
  e 20  loss=1.5309  task=1.5309  safety=0.0000  top1=0.6257  lr=2.36e-03
  e 21  loss=1.5168  top1=0.6194  lr=2.36e-03
  e 22  loss=1.5006  top1=0.6339  lr=2.36e-03
  e 23  loss=1.4868  top1=0.6492  lr=2.36e-03
  e 24  loss=1.4653  top1=0.6423  lr=2.36e-03
  e 25  loss=1.4614  top1=0.6594  lr=2.36e-03
  e 26  loss=1.4531  top1=0.6609  lr=2.36e-03
  e 27  loss=1.4356  top1=0.6166  lr=2.36e-03
  e 28  loss=1.4402  top1=0.6657  lr=2.36e-03
  e 29  loss=1.4247  top1=0.6474  lr=2.36e-03
  e 30  loss=1.4126  top1=0.6568  lr=2.36e-03
  e 30  loss=1.4126  task=1.4126  safety=0.0000  top1=0.6568  lr=2.36e-03
  e 31  loss=1.4162  top1=0.6627  lr=2.36e-03
  e 32  loss=1.3916  top1=0.6512  lr=2.36e-03
  e 33  loss=1.3881  top1=0.6813  lr=2.36e-03
  e 34  loss=1.3733  top1=0.6851  lr=2.36e-03
  e 35  loss=1.3684  top1=0.6721  lr=2.36e-03
  e 36  loss=1.3585  top1=0.6685  lr=2.36e-03
  e 37  loss=1.3558  top1=0.6767  lr=2.36e-03
  e 38  loss=1.3538  top1=0.6718  lr=2.36e-03
  e 39  loss=1.3482  top1=0.6543  lr=2.36e-03
  e 40  loss=1.3450  top1=0.6876  lr=2.36e-03
  e 40  loss=1.3450  task=1.3450  safety=0.0000  top1=0.6876  lr=2.36e-03
  e 41  loss=1.3306  top1=0.6764  lr=2.36e-03
  e 42  loss=1.3349  top1=0.6859  lr=2.36e-03
  e 43  loss=1.3263  top1=0.6971  lr=2.36e-03
  e 44  loss=1.3162  top1=0.6594  lr=2.36e-03
  e 45  loss=1.3129  top1=0.6782  lr=2.36e-03
  e 46  loss=1.3155  top1=0.6917  lr=2.36e-03
  e 47  loss=1.3105  top1=0.6907  lr=2.36e-03
  e 48  loss=1.2962  top1=0.6859  lr=2.36e-03
  e 49  loss=1.2949  top1=0.6869  lr=2.36e-03
  e 50  loss=1.2858  top1=0.6953  lr=2.36e-03
  e 50  loss=1.2858  task=1.2858  safety=0.0000  top1=0.6953  lr=2.36e-03
  e 51  loss=1.2808  top1=0.6981  lr=2.36e-03
  e 52  loss=1.2872  top1=0.7001  lr=2.36e-03
  e 53  loss=1.2759  top1=0.6961  lr=2.36e-03
  e 54  loss=1.2703  top1=0.6882  lr=2.36e-03
  e 55  loss=1.2754  top1=0.6825  lr=2.36e-03
  e 56  loss=1.2557  top1=0.6912  lr=2.36e-03
  e 57  loss=1.2489  top1=0.7106  lr=2.36e-03
  e 58  loss=1.2552  top1=0.7042  lr=2.36e-03
  e 59  loss=1.2485  top1=0.7065  lr=2.36e-03
  e 60  loss=1.2318  top1=0.6787  lr=2.36e-03
  e 60  loss=1.2318  task=1.2318  safety=0.0000  top1=0.6787  lr=2.36e-03
  e 61  loss=1.2397  top1=0.7039  lr=2.36e-03
  e 62  loss=1.2276  top1=0.7052  lr=2.36e-03
  e 63  loss=1.2341  top1=0.6973  lr=2.36e-03
  e 64  loss=1.2383  top1=0.6912  lr=2.36e-03
  e 65  loss=1.2173  top1=0.6861  lr=2.36e-03
  e 66  loss=1.2223  top1=0.7159  lr=2.36e-03
  e 67  loss=1.2209  top1=0.7108  lr=2.36e-03
  e 68  loss=1.2098  top1=0.7177  lr=2.36e-03
  e 69  loss=1.2154  top1=0.7152  lr=2.36e-03
  e 70  loss=1.2072  top1=0.7055  lr=2.36e-03
  e 70  loss=1.2072  task=1.2072  safety=0.0000  top1=0.7055  lr=2.36e-03
  e 71  loss=1.2064  top1=0.6836  lr=2.36e-03
  e 72  loss=1.1996  top1=0.7144  lr=2.36e-03
  e 73  loss=1.1980  top1=0.7106  lr=2.36e-03
  e 74  loss=1.1938  top1=0.7037  lr=2.36e-03
  e 75  loss=1.1813  top1=0.6902  lr=2.36e-03
  DONE: best=0.7177 @ep68  1138s

────────────────────────────────────────────────────────────
Config: C_learned_alpha  params=8,865  device=mps
  e  1  loss=3.8619  top1=0.1004  lr=2.36e-03
  e  1  loss=3.8619  task=3.8619  safety=0.0000  top1=0.1004  lr=2.36e-03
  e  2  loss=2.4590  top1=0.1575  lr=2.36e-03
  e  3  loss=2.2189  top1=0.2005  lr=2.36e-03
  e  4  loss=2.1009  top1=0.2650  lr=2.36e-03
  e  5  loss=2.0089  top1=0.3302  lr=2.36e-03
  e  6  loss=1.9429  top1=0.3804  lr=2.36e-03
  e  7  loss=1.8822  top1=0.4219  lr=2.36e-03
  e  8  loss=1.8280  top1=0.4583  lr=2.36e-03
  e  9  loss=1.7862  top1=0.4856  lr=2.36e-03
  e 10  loss=1.7619  top1=0.4978  lr=2.36e-03
  e 10  loss=1.7619  task=1.7619  safety=0.0000  top1=0.4978  lr=2.36e-03
  e 11  loss=1.7315  top1=0.5332  lr=2.36e-03
  e 12  loss=1.6961  top1=0.5350  lr=2.36e-03
  e 13  loss=1.6699  top1=0.5600  lr=2.36e-03
  e 14  loss=1.6451  top1=0.5761  lr=2.36e-03
  e 15  loss=1.6266  top1=0.5791  lr=2.36e-03
  e 16  loss=1.6134  top1=0.5531  lr=2.36e-03
  e 17  loss=1.5885  top1=0.6043  lr=2.36e-03
  e 18  loss=1.5670  top1=0.6048  lr=2.36e-03
  e 19  loss=1.5557  top1=0.5959  lr=2.36e-03
  e 20  loss=1.5400  top1=0.6270  lr=2.36e-03
  e 20  loss=1.5400  task=1.5400  safety=0.0000  top1=0.6270  lr=2.36e-03
  e 21  loss=1.5182  top1=0.6150  lr=2.36e-03
  e 22  loss=1.5129  top1=0.6161  lr=2.36e-03
  e 23  loss=1.4992  top1=0.6408  lr=2.36e-03
  e 24  loss=1.4868  top1=0.6408  lr=2.36e-03
  e 25  loss=1.4741  top1=0.6441  lr=2.36e-03
  e 26  loss=1.4572  top1=0.6482  lr=2.36e-03
  e 27  loss=1.4415  top1=0.6540  lr=2.36e-03
  e 28  loss=1.4375  top1=0.6520  lr=2.36e-03
  e 29  loss=1.4300  top1=0.6721  lr=2.36e-03
  e 30  loss=1.4230  top1=0.6482  lr=2.36e-03
  e 30  loss=1.4230  task=1.4230  safety=0.0000  top1=0.6482  lr=2.36e-03
  e 31  loss=1.4102  top1=0.6459  lr=2.36e-03
  e 32  loss=1.3890  top1=0.6627  lr=2.36e-03
  e 33  loss=1.3842  top1=0.6639  lr=2.36e-03
  e 34  loss=1.3894  top1=0.6535  lr=2.36e-03
  e 35  loss=1.3816  top1=0.6306  lr=2.36e-03
  e 36  loss=1.3632  top1=0.6484  lr=2.36e-03
  e 37  loss=1.3592  top1=0.6795  lr=2.36e-03
  e 38  loss=1.3587  top1=0.6876  lr=2.36e-03
  e 39  loss=1.3397  top1=0.6754  lr=2.36e-03
  e 40  loss=1.3392  top1=0.6815  lr=2.36e-03
  e 40  loss=1.3392  task=1.3392  safety=0.0000  top1=0.6815  lr=2.36e-03
  e 41  loss=1.3398  top1=0.6876  lr=2.36e-03
  e 42  loss=1.3214  top1=0.6848  lr=2.36e-03
  e 43  loss=1.3163  top1=0.6864  lr=2.36e-03
  e 44  loss=1.3168  top1=0.6803  lr=2.36e-03
  e 45  loss=1.3113  top1=0.6805  lr=2.36e-03
  e 46  loss=1.3072  top1=0.6859  lr=2.36e-03
  e 47  loss=1.2920  top1=0.6721  lr=2.36e-03
  e 48  loss=1.2956  top1=0.6800  lr=2.36e-03
  e 49  loss=1.2874  top1=0.6843  lr=2.36e-03
  e 50  loss=1.2821  top1=0.6780  lr=2.36e-03
  e 50  loss=1.2821  task=1.2821  safety=0.0000  top1=0.6780  lr=2.36e-03
  e 51  loss=1.2766  top1=0.6836  lr=2.36e-03
  e 52  loss=1.2733  top1=0.6904  lr=2.36e-03
  e 53  loss=1.2572  top1=0.6935  lr=2.36e-03
  e 54  loss=1.2662  top1=0.6894  lr=2.36e-03
  e 55  loss=1.2569  top1=0.7006  lr=2.36e-03
  e 56  loss=1.2419  top1=0.6961  lr=2.36e-03
  e 57  loss=1.2430  top1=0.7004  lr=2.36e-03
  e 58  loss=1.2383  top1=0.6876  lr=2.36e-03
  e 59  loss=1.2433  top1=0.6999  lr=2.36e-03
  e 60  loss=1.2290  top1=0.7019  lr=2.36e-03
  e 60  loss=1.2290  task=1.2290  safety=0.0000  top1=0.7019  lr=2.36e-03
  e 61  loss=1.2100  top1=0.7144  lr=2.36e-03
  e 62  loss=1.2184  top1=0.7009  lr=2.36e-03
  e 63  loss=1.2097  top1=0.7098  lr=2.36e-03
  e 64  loss=1.2148  top1=0.7139  lr=2.36e-03
  e 65  loss=1.2117  top1=0.7192  lr=2.36e-03
  e 66  loss=1.2116  top1=0.7124  lr=2.36e-03
  e 67  loss=1.2214  top1=0.7045  lr=2.36e-03
  e 68  loss=1.2116  top1=0.6866  lr=2.36e-03
  e 69  loss=1.2039  top1=0.7096  lr=2.36e-03
  e 70  loss=1.1972  top1=0.7108  lr=2.36e-03
  e 70  loss=1.1972  task=1.1972  safety=0.0000  top1=0.7108  lr=2.36e-03
  e 71  loss=1.1923  top1=0.7159  lr=2.36e-03
  e 72  loss=1.2017  top1=0.6912  lr=2.36e-03
  e 73  loss=1.1879  top1=0.7159  lr=2.36e-03
  e 74  loss=1.1810  top1=0.7152  lr=2.36e-03
  e 75  loss=1.1832  top1=0.7203  lr=2.36e-03
  DONE: best=0.7203 @ep75  1137s

======================================================================
step993 SUMMARY  (Ref=0.7350  N=512  75ep)
  Ref                             0.7350  (+0.0000)  Ref
  A_additive_10                   0.7203  (-0.0147)  NEUTRAL/KILL
  B_additive_05                   0.7177  (-0.0173)  NEUTRAL/KILL
  C_learned_alpha                 0.7203  (-0.0147)  NEUTRAL/KILL

-> /Volumes/T9/IndraAstra/dhiraj/neuro_graph/results/train_step993_additive_t1_seed42__mini_mps.json
