Dataset loaded into RAM: train=9469  val=3925  (1.34 GB features)

========================================================================
step965 — Adiabatic Update T0 (20ep, 50%)
  device=mps  epochs=20  seed=42
  N=2048/D=16/K_hh=2/K_iter=5
  Gradient masking applied to W_pos only (routing geometry).
  All other params (W_in, W_out, theta) update normally.
  Canonical ref (step887): 0.9638

  Config        update_frac   quantum   accum
  Ref                  100%     False       1
  A_top01                1%     False       1
  B_top05                5%     False       1
  C_top20               20%     False       1
  D_quantum            100%      True       1
  E_accum4               5%     False       4
========================================================================

────────────────────────────────────────────────────────────
Ref: update_frac=100%  quantum=False  accum=1  params=34,976
  e  1  top1=0.7771  lr=9.94e-04
  e  2  top1=0.8657  lr=9.76e-04
  e  3  top1=0.8497  lr=9.46e-04
  e  4  top1=0.8820  lr=9.05e-04
  e  5  top1=0.8833  lr=8.55e-04
  e  6  top1=0.8749  lr=7.96e-04
  e  7  top1=0.8869  lr=7.30e-04
  e  8  top1=0.8915  lr=6.58e-04
  e  9  top1=0.8907  lr=5.82e-04
  e 10  top1=0.8866  lr=5.05e-04
  e 11  top1=0.8930  lr=4.28e-04
  e 12  top1=0.8981  lr=3.52e-04
  e 13  top1=0.8879  lr=2.80e-04
  e 14  top1=0.8991  lr=2.14e-04
  e 15  top1=0.8999  lr=1.55e-04
  e 16  top1=0.9037  lr=1.05e-04
  e 17  top1=0.9022  lr=6.40e-05
  e 18  top1=0.9019  lr=3.42e-05
  e 19  top1=0.9024  lr=1.61e-05
  e 20  top1=0.9024  lr=1.00e-05
  -> best=0.9037 @ep16  Δ=+0.00pp  ep98=7  (baseline)
────────────────────────────────────────────────────────────
A_top01: update_frac=1%  quantum=False  accum=1  params=34,976
  e  1  top1=0.5911  lr=9.94e-04
  e  2  top1=0.7636  lr=9.76e-04
  e  3  top1=0.8051  lr=9.46e-04
  e  4  top1=0.8273  lr=9.05e-04
  e  5  top1=0.8346  lr=8.55e-04
  e  6  top1=0.8466  lr=7.96e-04
  e  7  top1=0.8497  lr=7.30e-04
  e  8  top1=0.8599  lr=6.58e-04
  e  9  top1=0.8545  lr=5.82e-04
  e 10  top1=0.8716  lr=5.05e-04
  e 11  top1=0.8731  lr=4.28e-04
  e 12  top1=0.8767  lr=3.52e-04
  e 13  top1=0.8767  lr=2.80e-04
  e 14  top1=0.8815  lr=2.14e-04
  e 15  top1=0.8800  lr=1.55e-04
  e 16  top1=0.8815  lr=1.05e-04
  e 17  top1=0.8818  lr=6.40e-05
  e 18  top1=0.8792  lr=3.42e-05
  e 19  top1=0.8841  lr=1.61e-05
  e 20  top1=0.8831  lr=1.00e-05
  -> best=0.8841 @ep19  Δ=-1.96pp  ep98=10  KILL
────────────────────────────────────────────────────────────
B_top05: update_frac=5%  quantum=False  accum=1  params=34,976
  e  1  top1=0.6749  lr=9.94e-04
  e  2  top1=0.8013  lr=9.76e-04
  e  3  top1=0.8296  lr=9.46e-04
  e  4  top1=0.8545  lr=9.05e-04
  e  5  top1=0.8538  lr=8.55e-04
  e  6  top1=0.8550  lr=7.96e-04
  e  7  top1=0.8752  lr=7.30e-04
  e  8  top1=0.8693  lr=6.58e-04
  e  9  top1=0.8678  lr=5.82e-04
  e 10  top1=0.8818  lr=5.05e-04
  e 11  top1=0.8838  lr=4.28e-04
  e 12  top1=0.8787  lr=3.52e-04
  e 13  top1=0.8841  lr=2.80e-04
  e 14  top1=0.8848  lr=2.14e-04
  e 15  top1=0.8854  lr=1.55e-04
  e 16  top1=0.8871  lr=1.05e-04
  e 17  top1=0.8856  lr=6.40e-05
  e 18  top1=0.8904  lr=3.42e-05
  e 19  top1=0.8904  lr=1.61e-05
  e 20  top1=0.8899  lr=1.00e-05
  -> best=0.8904 @ep18  Δ=-1.32pp  ep98=7  KILL
────────────────────────────────────────────────────────────
C_top20: update_frac=20%  quantum=False  accum=1  params=34,976
  e  1  top1=0.7353  lr=9.94e-04
  e  2  top1=0.8344  lr=9.76e-04
  e  3  top1=0.8487  lr=9.46e-04
  e  4  top1=0.8693  lr=9.05e-04
  e  5  top1=0.8764  lr=8.55e-04
  e  6  top1=0.8841  lr=7.96e-04
  e  7  top1=0.8815  lr=7.30e-04
  e  8  top1=0.8775  lr=6.58e-04
  e  9  top1=0.8810  lr=5.82e-04
  e 10  top1=0.8887  lr=5.05e-04
  e 11  top1=0.8910  lr=4.28e-04
  e 12  top1=0.8889  lr=3.52e-04
  e 13  top1=0.8920  lr=2.80e-04
  e 14  top1=0.8966  lr=2.14e-04
  e 15  top1=0.8945  lr=1.55e-04
  e 16  top1=0.8943  lr=1.05e-04
  e 17  top1=0.8953  lr=6.40e-05
  e 18  top1=0.8953  lr=3.42e-05
  e 19  top1=0.8950  lr=1.61e-05
  e 20  top1=0.8927  lr=1.00e-05
  -> best=0.8966 @ep14  Δ=-0.71pp  ep98=6  KILL
────────────────────────────────────────────────────────────
D_quantum: update_frac=100%  quantum=True  accum=1  params=34,976
  e  1  top1=0.7824  lr=9.94e-04
  e  2  top1=0.8696  lr=9.76e-04
  e  3  top1=0.8489  lr=9.46e-04
  e  4  top1=0.8836  lr=9.05e-04
  e  5  top1=0.8856  lr=8.55e-04
  e  6  top1=0.8777  lr=7.96e-04
  e  7  top1=0.8894  lr=7.30e-04
  e  8  top1=0.8871  lr=6.58e-04
  e  9  top1=0.8932  lr=5.82e-04
  e 10  top1=0.8950  lr=5.05e-04
  e 11  top1=0.8991  lr=4.28e-04
  e 12  top1=0.9022  lr=3.52e-04
  e 13  top1=0.8978  lr=2.80e-04
  e 14  top1=0.8996  lr=2.14e-04
  e 15  top1=0.9004  lr=1.55e-04
  e 16  top1=0.9034  lr=1.05e-04
  e 17  top1=0.9019  lr=6.40e-05
  e 18  top1=0.9001  lr=3.42e-05
  e 19  top1=0.9006  lr=1.61e-05
  e 20  top1=0.9006  lr=1.00e-05
  -> best=0.9034 @ep16  Δ=-0.03pp  ep98=5  INTERESTING
────────────────────────────────────────────────────────────
E_accum4: update_frac=5%  quantum=False  accum=4  params=34,976
  e  1  top1=0.1748  lr=1.00e-03
  e  2  top1=0.3778  lr=9.99e-04
  e  3  top1=0.5921  lr=9.97e-04
  e  4  top1=0.7103  lr=9.94e-04
  e  5  top1=0.7513  lr=9.91e-04
  e  6  top1=0.7885  lr=9.87e-04
  e  7  top1=0.8089  lr=9.82e-04
  e  8  top1=0.8260  lr=9.76e-04
  e  9  top1=0.8339  lr=9.70e-04
  e 10  top1=0.8403  lr=9.63e-04
  e 11  top1=0.8454  lr=9.55e-04
  e 12  top1=0.8522  lr=9.46e-04
  e 13  top1=0.8601  lr=9.37e-04
  e 14  top1=0.8563  lr=9.28e-04
  e 15  top1=0.8622  lr=9.17e-04
  e 16  top1=0.8611  lr=9.05e-04
  e 17  top1=0.8675  lr=8.94e-04
  e 18  top1=0.8718  lr=8.82e-04
  e 19  top1=0.8647  lr=8.70e-04
  e 20  top1=0.8680  lr=8.55e-04
  -> best=0.8718 @ep18  Δ=-3.18pp  ep98=13  KILL

========================================================================
STEP 965 SUMMARY — Adiabatic Update T0
========================================================================
  Ref          frac=100%  q=False  acc=1  best=0.9037  Δ=+0.00pp  ep98=7  (ref)
  A_top01      frac=1%  q=False  acc=1  best=0.8841  Δ=-1.96pp  ep98=10  KILL
  B_top05      frac=5%  q=False  acc=1  best=0.8904  Δ=-1.32pp  ep98=7  KILL
  C_top20      frac=20%  q=False  acc=1  best=0.8966  Δ=-0.71pp  ep98=6  KILL
  D_quantum    frac=100%  q=True  acc=1  best=0.9034  Δ=-0.03pp  ep98=5  INTER
  E_accum4     frac=5%  q=False  acc=4  best=0.8718  Δ=-3.18pp  ep98=13  KILL

-> /Volumes/T9/IndraAstra/dhiraj/neuro_graph/results/train_step965_adiabatic_update_t0_seed42__mini_mps.json
