Phase 2: training  Train=67349  Val=872  dim=768

────────────────────────────────────────────────────────────
Config: Linear
────────────────────────────────────────────────────────────
  params=1,538
  ep  1  val=0.8360
  ep 10  val=0.8349
  ep 20  val=0.8406
  ep 30  val=0.8165
  ep 40  val=0.8326
  ep 50  val=0.8326
  ep 60  val=0.8383
  ep 70  val=0.8326
  ep 80  val=0.8291
  ep 90  val=0.8326
  ep100  val=0.8314
  ep110  val=0.8337
  ep120  val=0.8326
  ep130  val=0.8337
  ep140  val=0.8326
  ep150  val=0.8326
  → best=0.8463 @ep18  elapsed=103s

────────────────────────────────────────────────────────────
Config: MLP_64
────────────────────────────────────────────────────────────
  params=49,346
  ep  1  val=0.8096
  ep 10  val=0.8165
  ep 20  val=0.8268
  ep 30  val=0.8222
  ep 40  val=0.8234
  ep 50  val=0.8303
  ep 60  val=0.8314
  ep 70  val=0.8326
  ep 80  val=0.8394
  ep 90  val=0.8372
  ep100  val=0.8326
  ep110  val=0.8326
  ep120  val=0.8337
  ep130  val=0.8337
  ep140  val=0.8372
