Dataset loaded into RAM: train=9469  val=3925  (1.34 GB features)

========================================================================
step951 — K_in Signal Purity Sweep T0 (20ep, 50% data)
  device=cpu  epochs=20  seed=42
  N=2048/D=16/K_hh=2/K_iter=5  (params fixed = 34,976)
  Seed: Z[i,0]=sum(x[conn_in[i]])  Z[i,1:D]=Fourier(pos)
  Signal lives in 1 scalar. Routing spreads it across 16D.
  Haki checkpoints: epochs [1, 5, 10, 20]
  Context: step887 K_in=25 canonical = 0.9638

  Config      K_in   Coverage   K_in/D
  Ref           25     204.1%     1.56
  A_kin5         5      40.8%     0.31
  B_kin10       10      81.6%     0.62
  C_kin15       15     122.4%     0.94
  D_kin40       40     326.5%     2.50
  E_kin60       60     489.8%     3.75
========================================================================

────────────────────────────────────────────────────────────────────────
Ref: K_in=25  coverage=204.1%  K_in/D=1.56  params=34,976
  e  1  top1=0.7738  lr=2.36e-03  | seed_F=0.648  final_F=0.548  gain=-0.100  PR=2.29  dead=0.000
  e  1  loss=2.4823  task=2.4823  safety=0.0000  top1=0.7738  lr=2.36e-03
  e  2  top1=0.8591  lr=2.36e-03
  e  3  top1=0.8851  lr=2.36e-03
  e  4  top1=0.8912  lr=2.36e-03
  e  5  top1=0.9116  lr=2.36e-03  | seed_F=0.648  final_F=0.572  gain=-0.076  PR=2.29  dead=0.000
  e  6  top1=0.9118  lr=2.36e-03
  e  7  top1=0.9197  lr=2.36e-03
  e  8  top1=0.9228  lr=2.36e-03
  e  9  top1=0.9185  lr=2.36e-03
  e 10  top1=0.9327  lr=2.36e-03  | seed_F=0.648  final_F=0.548  gain=-0.100  PR=2.28  dead=0.000
  e 10  loss=0.0883  task=0.0883  safety=0.0000  top1=0.9327  lr=2.36e-03
  e 11  top1=0.9332  lr=2.36e-03
  e 12  top1=0.9279  lr=2.36e-03
  e 13  top1=0.9340  lr=2.36e-03
  e 14  top1=0.9310  lr=2.36e-03
  e 15  top1=0.9386  lr=2.36e-03
  e 16  top1=0.9332  lr=2.36e-03
  e 17  top1=0.9383  lr=2.36e-03
  e 18  top1=0.9355  lr=2.36e-03
  e 19  top1=0.9363  lr=2.36e-03
  e 20  top1=0.9378  lr=2.36e-03  | seed_F=0.648  final_F=0.529  gain=-0.119  PR=2.25  dead=0.000
  e 20  loss=0.0339  task=0.0339  safety=0.0000  top1=0.9378  lr=2.36e-03
  → best=0.9386 @ep15  Δ=+0.00pp  (baseline)
     Final haki: {'seed_fisher': 0.648, 'final_fisher': 0.5289, 'routing_gain': -0.119, 'pr': 2.246, 'dead_frac': 0.0}
────────────────────────────────────────────────────────────────────────
A_kin5: K_in=5  coverage=40.8%  K_in/D=0.31  params=34,976
  e  1  top1=0.5738  lr=2.36e-03  | seed_F=0.488  final_F=0.215  gain=-0.273  PR=2.46  dead=0.000
  e  1  loss=3.3212  task=3.3212  safety=0.0000  top1=0.5738  lr=2.36e-03
  e  2  top1=0.7455  lr=2.36e-03
  e  3  top1=0.7964  lr=2.36e-03
  e  4  top1=0.8285  lr=2.36e-03
  e  5  top1=0.8553  lr=2.36e-03  | seed_F=0.488  final_F=0.210  gain=-0.279  PR=2.50  dead=0.000
  e  6  top1=0.8517  lr=2.36e-03
  e  7  top1=0.8729  lr=2.36e-03
  e  8  top1=0.8790  lr=2.36e-03
  e  9  top1=0.8772  lr=2.36e-03
  e 10  top1=0.8912  lr=2.36e-03  | seed_F=0.488  final_F=0.207  gain=-0.282  PR=2.54  dead=0.000
  e 10  loss=0.1401  task=0.1401  safety=0.0000  top1=0.8912  lr=2.36e-03
  e 11  top1=0.8925  lr=2.36e-03
  e 12  top1=0.8920  lr=2.36e-03
  e 13  top1=0.8894  lr=2.36e-03
  e 14  top1=0.8950  lr=2.36e-03
  e 15  top1=0.8991  lr=2.36e-03
  e 16  top1=0.9019  lr=2.36e-03
  e 17  top1=0.8983  lr=2.36e-03
  e 18  top1=0.8973  lr=2.36e-03
  e 19  top1=0.9047  lr=2.36e-03
  e 20  top1=0.9055  lr=2.36e-03  | seed_F=0.488  final_F=0.200  gain=-0.289  PR=2.57  dead=0.000
  e 20  loss=0.0554  task=0.0554  safety=0.0000  top1=0.9055  lr=2.36e-03
  → best=0.9055 @ep20  Δ=-3.31pp  KILL
     Final haki: {'seed_fisher': 0.4885, 'final_fisher': 0.1996, 'routing_gain': -0.289, 'pr': 2.57, 'dead_frac': 0.0}
────────────────────────────────────────────────────────────────────────
B_kin10: K_in=10  coverage=81.6%  K_in/D=0.62  params=34,976
  e  1  top1=0.7154  lr=2.36e-03  | seed_F=0.609  final_F=0.313  gain=-0.296  PR=2.12  dead=0.000
  e  1  loss=2.3908  task=2.3908  safety=0.0000  top1=0.7154  lr=2.36e-03
  e  2  top1=0.8245  lr=2.36e-03
  e  3  top1=0.8530  lr=2.36e-03
  e  4  top1=0.8680  lr=2.36e-03
  e  5  top1=0.8721  lr=2.36e-03  | seed_F=0.609  final_F=0.307  gain=-0.301  PR=2.13  dead=0.000
  e  6  top1=0.8810  lr=2.36e-03
  e  7  top1=0.8943  lr=2.36e-03
  e  8  top1=0.8986  lr=2.36e-03
  e  9  top1=0.8961  lr=2.36e-03
  e 10  top1=0.9045  lr=2.36e-03  | seed_F=0.609  final_F=0.288  gain=-0.320  PR=2.16  dead=0.000
  e 10  loss=0.0936  task=0.0936  safety=0.0000  top1=0.9045  lr=2.36e-03
  e 11  top1=0.9075  lr=2.36e-03
  e 12  top1=0.9093  lr=2.36e-03
  e 13  top1=0.9098  lr=2.36e-03
  e 14  top1=0.9098  lr=2.36e-03
  e 15  top1=0.9134  lr=2.36e-03
  e 16  top1=0.9152  lr=2.36e-03
  e 17  top1=0.9139  lr=2.36e-03
  e 18  top1=0.9192  lr=2.36e-03
  e 19  top1=0.9213  lr=2.36e-03
  e 20  top1=0.9241  lr=2.36e-03  | seed_F=0.609  final_F=0.294  gain=-0.315  PR=2.24  dead=0.000
  e 20  loss=0.0370  task=0.0370  safety=0.0000  top1=0.9241  lr=2.36e-03
  → best=0.9241 @ep20  Δ=-1.45pp  KILL
     Final haki: {'seed_fisher': 0.6087, 'final_fisher': 0.2938, 'routing_gain': -0.3148, 'pr': 2.24, 'dead_frac': 0.0}
────────────────────────────────────────────────────────────────────────
C_kin15: K_in=15  coverage=122.4%  K_in/D=0.94  params=34,976
  e  1  top1=0.7213  lr=2.36e-03  | seed_F=0.632  final_F=0.329  gain=-0.303  PR=2.04  dead=0.000
  e  1  loss=2.7520  task=2.7520  safety=0.0000  top1=0.7213  lr=2.36e-03
  e  2  top1=0.8352  lr=2.36e-03
  e  3  top1=0.8522  lr=2.36e-03
  e  4  top1=0.8660  lr=2.36e-03
  e  5  top1=0.8866  lr=2.36e-03  | seed_F=0.632  final_F=0.335  gain=-0.297  PR=2.04  dead=0.000
  e  6  top1=0.8910  lr=2.36e-03
  e  7  top1=0.9017  lr=2.36e-03
  e  8  top1=0.9083  lr=2.36e-03
  e  9  top1=0.9029  lr=2.36e-03
  e 10  top1=0.9154  lr=2.36e-03  | seed_F=0.632  final_F=0.349  gain=-0.283  PR=2.05  dead=0.000
  e 10  loss=0.1002  task=0.1002  safety=0.0000  top1=0.9154  lr=2.36e-03
  e 11  top1=0.9157  lr=2.36e-03
  e 12  top1=0.9154  lr=2.36e-03
  e 13  top1=0.9159  lr=2.36e-03
  e 14  top1=0.9177  lr=2.36e-03
  e 15  top1=0.9175  lr=2.36e-03
  e 16  top1=0.9241  lr=2.36e-03
  e 17  top1=0.9169  lr=2.36e-03
  e 18  top1=0.9271  lr=2.36e-03
  e 19  top1=0.9261  lr=2.36e-03
  e 20  top1=0.9246  lr=2.36e-03  | seed_F=0.632  final_F=0.331  gain=-0.301  PR=2.06  dead=0.000
  e 20  loss=0.0409  task=0.0409  safety=0.0000  top1=0.9246  lr=2.36e-03
  → best=0.9271 @ep18  Δ=-1.15pp  KILL
     Final haki: {'seed_fisher': 0.6321, 'final_fisher': 0.3309, 'routing_gain': -0.3012, 'pr': 2.056, 'dead_frac': 0.0}
────────────────────────────────────────────────────────────────────────
D_kin40: K_in=40  coverage=326.5%  K_in/D=2.50  params=34,976
  e  1  top1=0.8023  lr=2.36e-03  | seed_F=0.660  final_F=0.418  gain=-0.242  PR=2.09  dead=0.000
  e  1  loss=2.1331  task=2.1331  safety=0.0000  top1=0.8023  lr=2.36e-03
  e  2  top1=0.8668  lr=2.36e-03
  e  3  top1=0.8927  lr=2.36e-03
  e  4  top1=0.9017  lr=2.36e-03
  e  5  top1=0.9126  lr=2.36e-03  | seed_F=0.660  final_F=0.427  gain=-0.233  PR=2.10  dead=0.000
  e  6  top1=0.9197  lr=2.36e-03
  e  7  top1=0.9223  lr=2.36e-03
  e  8  top1=0.9243  lr=2.36e-03
  e  9  top1=0.9279  lr=2.36e-03
  e 10  top1=0.9327  lr=2.36e-03  | seed_F=0.660  final_F=0.426  gain=-0.234  PR=2.12  dead=0.000
  e 10  loss=0.0737  task=0.0737  safety=0.0000  top1=0.9327  lr=2.36e-03
  e 11  top1=0.9297  lr=2.36e-03
  e 12  top1=0.9353  lr=2.36e-03
  e 13  top1=0.9350  lr=2.36e-03
  e 14  top1=0.9343  lr=2.36e-03
  e 15  top1=0.9419  lr=2.36e-03
  e 16  top1=0.9406  lr=2.36e-03
  e 17  top1=0.9373  lr=2.36e-03
  e 18  top1=0.9429  lr=2.36e-03
  e 19  top1=0.9399  lr=2.36e-03
  e 20  top1=0.9442  lr=2.36e-03  | seed_F=0.660  final_F=0.419  gain=-0.240  PR=2.15  dead=0.000
  e 20  loss=0.0319  task=0.0319  safety=0.0000  top1=0.9442  lr=2.36e-03
  → best=0.9442 @ep20  Δ=+0.56pp  ADVANCE→T1
     Final haki: {'seed_fisher': 0.6599, 'final_fisher': 0.4194, 'routing_gain': -0.2405, 'pr': 2.155, 'dead_frac': 0.0}
────────────────────────────────────────────────────────────────────────
E_kin60: K_in=60  coverage=489.8%  K_in/D=3.75  params=34,976
  e  1  top1=0.8122  lr=2.36e-03  | seed_F=0.661  final_F=0.448  gain=-0.214  PR=2.21  dead=0.000
  e  1  loss=1.9697  task=1.9697  safety=0.0000  top1=0.8122  lr=2.36e-03
  e  2  top1=0.8803  lr=2.36e-03
  e  3  top1=0.8994  lr=2.36e-03
  e  4  top1=0.9078  lr=2.36e-03
  e  5  top1=0.9195  lr=2.36e-03  | seed_F=0.661  final_F=0.446  gain=-0.216  PR=2.26  dead=0.000
  e  6  top1=0.9251  lr=2.36e-03
  e  7  top1=0.9299  lr=2.36e-03
  e  8  top1=0.9320  lr=2.36e-03
  e  9  top1=0.9358  lr=2.36e-03
  e 10  top1=0.9325  lr=2.36e-03  | seed_F=0.661  final_F=0.454  gain=-0.207  PR=2.31  dead=0.000
  e 10  loss=0.0657  task=0.0657  safety=0.0000  top1=0.9325  lr=2.36e-03
  e 11  top1=0.9391  lr=2.36e-03
  e 12  top1=0.9409  lr=2.36e-03
  e 13  top1=0.9432  lr=2.36e-03
  e 14  top1=0.9401  lr=2.36e-03
  e 15  top1=0.9457  lr=2.36e-03
  e 16  top1=0.9445  lr=2.36e-03
  e 17  top1=0.9480  lr=2.36e-03
  e 18  top1=0.9460  lr=2.36e-03
  e 19  top1=0.9478  lr=2.36e-03
  e 20  top1=0.9501  lr=2.36e-03  | seed_F=0.661  final_F=0.480  gain=-0.181  PR=2.38  dead=0.000
  e 20  loss=0.0264  task=0.0264  safety=0.0000  top1=0.9501  lr=2.36e-03
  → best=0.9501 @ep20  Δ=+1.15pp  ADVANCE→T1
     Final haki: {'seed_fisher': 0.6614, 'final_fisher': 0.4799, 'routing_gain': -0.1815, 'pr': 2.378, 'dead_frac': 0.0}

========================================================================
STEP 951 SUMMARY — K_in Signal Purity Sweep
  (Context: step887 K_in=25 T2 = 0.9638)
========================================================================
  Config      K_in    Cov%    params     best         Δ   seed_F   finalF     gain     PR    dead  verdict
  Ref           25  204.1%    34,976   0.9386    +0.00pp    0.648    0.529   -0.119   2.25  0.0000  (ref)
  A_kin5         5   40.8%    34,976   0.9055    -3.31pp    0.488    0.200   -0.289   2.57  0.0000  KILL
  B_kin10       10   81.6%    34,976   0.9241    -1.45pp    0.609    0.294   -0.315   2.24  0.0000  KILL
  C_kin15       15  122.4%    34,976   0.9271    -1.15pp    0.632    0.331   -0.301   2.06  0.0000  KILL
  D_kin40       40  326.5%    34,976   0.9442    +0.56pp    0.660    0.419   -0.240   2.15  0.0000  ADV
  E_kin60       60  489.8%    34,976   0.9501    +1.15pp    0.661    0.480   -0.181   2.38  0.0000  ADV

→ /Volumes/T9/IndraAstra/dhiraj/neuro_graph/results/train_step951_kin_purity_t0_seed42__mini_cpu.json
