
======================================================================
train_step850_vgg_fc_pareto — VGG-FC Pareto baseline
Running: ['MLP_128']  on cpu
======================================================================
Dataset loaded into RAM: train=9469  val=3925  (1.34 GB features)
  Train=9469  Val=3925

────────────────────────────────────────────────────────────
Config MLP_128: h=128 layers=1
  FLOPs=6,425,088 (6.43M)  params=3,212,682
────────────────────────────────────────────────────────────
  ep  1  val=0.9656
  ep 10  val=0.9740
  ep 20  val=0.9743
  ep 30  val=0.9761
  ep 40  val=0.9755
  ep 50  val=0.9748
  ep 60  val=0.9674
  ep 70  val=0.9679
  ep 80  val=0.9694
  ep 90  val=0.9697
  ep100  val=0.9707
  ep110  val=0.9717
  ep120  val=0.9712
  ep130  val=0.9715
  ep140  val=0.9715
  ep150  val=0.9717
  → best=0.9778 @ ep38  (39s)

======================================================================
train_step850_vgg_fc_pareto SUMMARY
======================================================================
  Config           FLOPs(M)     Params     Top1
  ────────────── ────────── ────────── ────────
  SGNNET_K1            0.20     34,976   0.9595  [prior]
  SGNNET               1.85     67,744   0.9552  [prior]
  Linear               0.50    250,890   0.9692  [prior]
  MLP_37               1.86    928,673   0.9771  [prior]
  MLP_64               3.21  1,607,050   0.9720  [prior]
  MLP_128              6.43  3,212,682   0.9778  [NEW]

→ /Volumes/T9/IndraAstra/dhiraj/neuro_graph/results/train_step850_vgg_fc_pareto__mini_cpu.json
