
======================================================================
Step 237 — Connectivity Sweep: K=16→1, 1 edge/neuron/epoch
Total epochs: 16 (one per connectivity level)
Running: ['A', 'B']
======================================================================
Dataset loaded into RAM: train=9469  val=3925  (1.34 GB features)

────────────────────────────────────────────────────────────
Config A: ah pruning, K=16→1
────────────────────────────────────────────────────────────
  params=67,744  initial K=16
  ep  1  val=0.1024  avg_k=15.0
  e  1  loss=11.6477  task=11.6477  safety=0.0000  top1=0.1024  lr=2.36e-03
  ep  2  val=0.1631  avg_k=14.0
  ep  3  val=0.2018  avg_k=13.0
  ep  4  val=0.2912  avg_k=12.0
  ep  5  val=0.4069  avg_k=11.0
  ep  6  val=0.4418  avg_k=10.0
  ep  7  val=0.5613  avg_k=9.0
  ep  8  val=0.6150  avg_k=8.0
  ep  9  val=0.6395  avg_k=7.0
  ep 10  val=0.6736  avg_k=6.0
  e 10  loss=1.3000  task=1.3000  safety=0.0000  top1=0.6736  lr=2.36e-03
  ep 11  val=0.7024  avg_k=5.0
