
======================================================================
Step 728 — ΔW rot vs proj N=4096 Tier-0 scout (ceiling behaviour)
N=4096 D=16 FLOPs=1.966M  Device=cpu
Known: proj HURTS at N=4096 (−0.74pp, step704). Does rot help or also hurt?
======================================================================
Dataset loaded into RAM: train=9469  val=3925  (1.34 GB features)

──────────────────────────────────────────────────
Ref
──────────────────────────────────────────────────
  params=69,792
  e  1  loss=9.0782  task=9.0782  safety=0.0000  top1=0.5521  lr=2.36e-03
  ep  5  val=0.9011
  ep 10  val=0.9254
  e 10  loss=0.1671  task=0.1671  safety=0.0000  top1=0.9254  lr=2.36e-03
  ep 15  val=0.9404
  ep 20  val=0.9450
  e 20  loss=0.0934  task=0.0934  safety=0.0000  top1=0.9450  lr=2.36e-03
  → best=0.9450 @ ep20

──────────────────────────────────────────────────
A_proj
──────────────────────────────────────────────────
  params=69,793
  e  1  loss=6.0917  task=6.0917  safety=0.0000  top1=0.7763  lr=2.36e-03
  ep  5  val=0.9241
  ep 10  val=0.9304
  e 10  loss=0.0332  task=0.0332  safety=0.0000  top1=0.9304  lr=2.36e-03
  ep 15  val=0.9376
  ep 20  val=0.9414
  e 20  loss=0.0113  task=0.0113  safety=0.0000  top1=0.9414  lr=2.36e-03
  → best=0.9414 @ ep19

──────────────────────────────────────────────────
A_rot
──────────────────────────────────────────────────
  params=69,793
  e  1  loss=27.1105  task=27.1105  safety=0.0000  top1=0.1452  lr=2.36e-03
  ep  5  val=0.7047
  ep 10  val=0.9011
  e 10  loss=0.4847  task=0.4847  safety=0.0000  top1=0.9011  lr=2.36e-03
  ep 15  val=0.9200
  ep 20  val=0.9414
  e 20  loss=0.2064  task=0.2064  safety=0.0000  top1=0.9414  lr=2.36e-03
  → best=0.9462 @ ep19

======================================================================
Ref=0.9450  A_proj=0.9414(Δ=-0.0036)  A_rot=0.9462(Δ=+0.0012)
  → ROT SURVIVES CEILING: rot helps (+0.12pp), proj still hurts (-0.36pp)

→ /Volumes/T9/IndraAstra/dhiraj/neuro_graph/results/train_step728_rotation_n4096_t0.json
