
======================================================================
Step 231 — Mechanism Diagnostics: How does SGNNET actually work?
======================================================================
Dataset loaded into RAM: train=9469  val=3925  (1.34 GB features)

────────────────────────────────────────────────────────────
Config A: Standard
────────────────────────────────────────────────────────────
  params=34,976
  e  1  loss=6.0757  task=6.0757  safety=0.0000  top1=0.3997  lr=2.36e-03
  ep  5  val=0.8214
  ep 10  val=0.9014
  e 10  loss=0.3901  task=0.3901  safety=0.0000  top1=0.9014  lr=2.36e-03
  ep 15  val=0.8953
  ep 20  val=0.9197
  e 20  loss=0.2778  task=0.2778  safety=0.0000  top1=0.9197  lr=2.36e-03
  → best=0.9197 @ ep20  (91s)

  Running diagnostics on trained model A...
  H1: Class-specific neuron activation...
    → avg overlap = 0.2387
  H2: Connected neuron diversity...
    → connected cos = 0.756, random cos = 0.7565
  H3: Per-step accuracy...
    → step_0: 0.0907
    → step_1: 0.094
    → step_2: 0.1062
    → step_3: 0.1001
    → step_4: 0.0242
    → step_5: 0.921
  H4: Input-dependent activation patterns...
    → avg cross-class overlap = 0.2951

────────────────────────────────────────────────────────────
Config B: Frozen W_pos
────────────────────────────────────────────────────────────
  params=34,976
  Frozen 32,768 hidden W_pos params (output W_pos still learns)
  e  1  loss=19.6051  task=19.6051  safety=0.0000  top1=0.0925  lr=2.36e-03
  ep  5  val=0.0981
  ep 10  val=0.1246
  e 10  loss=2.4984  task=2.4984  safety=0.0000  top1=0.1246  lr=2.36e-03
  ep 15  val=0.1480
  ep 20  val=0.1676
  e 20  loss=2.2913  task=2.2913  safety=0.0000  top1=0.1676  lr=2.36e-03
  → best=0.1715 @ ep19  (92s)

  Running diagnostics on frozen-W_pos model B...
  H2 (frozen): Connected neuron diversity...
    → connected cos = 0.7552, random cos = 0.7567
  H3 (frozen): Per-step accuracy...
    → step_0: 0.1009
    → step_1: 0.1001
    → step_2: 0.1001
    → step_3: 0.1001
    → step_4: 0.0961
    → step_5: 0.1674

======================================================================
STEP 231 SUMMARY — Mechanism Diagnostics
======================================================================

  Config A (standard):  best=0.9197
  Config B (frozen W):  best=0.1715
  H5 delta (A-B): +0.7482 — W_pos learning matters

  H1 class specificity: overlap=0.2387
      (0.0=perfectly class-specific, 1.0=identical for all classes)
  H2 diversity: connected=0.7560 vs random=0.7565
      (connected < random = AH forces diversity)
  H3 refinement: step_0=0.0907 → step_5=0.921
      (increasing = routing helps)
  H4 input-dependence: overlap=0.2951
      (low = different inputs activate different neurons)

→ /Volumes/T9/IndraAstra/dhiraj/neuro_graph/results/train_step231_mechanism_diagnostics.json
