Step 520 — Alternating W_pos/edge training cycle
  N=512 K_hh=2  edge_frac=0.01 (max 10 swaps/event)
  warmup=30ep  cycles=2  pos=20ep  edges=20ep
Dataset loaded into RAM: train=9469  val=3925  (1.34 GB features)

────────────────────────────────────────────────────────────
Config Ref (rule=None)
────────────────────────────────────────────────────────────
  [warmup] 30ep static
    warmup ep  5  val=0.5597
    warmup ep 10  val=0.5967
    warmup ep 15  val=0.6555
    warmup ep 20  val=0.6767
    warmup ep 25  val=0.7098
    warmup ep 30  val=0.6915
    warmup best: 0.7098
  [cycle 1] pos-only 20ep
    pos ep  5  val=0.7047
    pos ep 10  val=0.7483
    pos ep 15  val=0.7259
    pos ep 20  val=0.7129
  [cycle 1] Ref_static: continuing pos training for edge_epochs
  [cycle 2] pos-only 20ep
    pos ep  5  val=0.7590
    pos ep 10  val=0.7279
    pos ep 15  val=0.7496
    pos ep 20  val=0.7557
  [cycle 2] Ref_static: continuing pos training for edge_epochs
  [final pos] 10ep
  → Ref best=0.7768

────────────────────────────────────────────────────────────
Config A_low (rule=low)
────────────────────────────────────────────────────────────
  [warmup] 30ep static
    warmup ep  5  val=0.5539
    warmup ep 10  val=0.5873
    warmup ep 15  val=0.6596
    warmup ep 20  val=0.6762
    warmup ep 25  val=0.7096
    warmup ep 30  val=0.6943
    warmup best: 0.7124
  [cycle 1] pos-only 20ep
    pos ep  5  val=0.7098
    pos ep 10  val=0.7427
    pos ep 15  val=0.7320
    pos ep 20  val=0.7152
  [cycle 1] edges-only 20ep  (max 10 swaps/ep)
    edge ep  5  val=0.2775  swaps=10  diff=4.7%
    edge ep 10  val=0.1414  swaps=10  diff=9.3%
    edge ep 15  val=0.1908  swaps=10  diff=13.5%
    edge ep 20  val=0.2706  swaps=10  diff=17.6%
  [cycle 2] pos-only 20ep
    pos ep  5  val=0.6749
    pos ep 10  val=0.7200
    pos ep 15  val=0.7485
    pos ep 20  val=0.7457
  [cycle 2] edges-only 20ep  (max 10 swaps/ep)
    edge ep  5  val=0.4642  swaps=10  diff=21.7%
    edge ep 10  val=0.4066  swaps=10  diff=25.5%
    edge ep 15  val=0.2311  swaps=10  diff=28.5%
    edge ep 20  val=0.1773  swaps=10  diff=31.3%
  [final pos] 10ep
  → A_low best=0.7485

────────────────────────────────────────────────────────────
Config B_high (rule=high)
────────────────────────────────────────────────────────────
  [warmup] 30ep static
    warmup ep  5  val=0.5516
    warmup ep 10  val=0.5906
    warmup ep 15  val=0.6639
    warmup ep 20  val=0.6800
    warmup ep 25  val=0.7118
    warmup ep 30  val=0.7027
    warmup best: 0.7118
  [cycle 1] pos-only 20ep
    pos ep  5  val=0.7154
    pos ep 10  val=0.7503
    pos ep 15  val=0.7279
    pos ep 20  val=0.7187
  [cycle 1] edges-only 20ep  (max 10 swaps/ep)
    edge ep  5  val=0.4925  swaps=10  diff=4.8%
    edge ep 10  val=0.4298  swaps=10  diff=9.5%
    edge ep 15  val=0.3348  swaps=10  diff=13.7%
    edge ep 20  val=0.3149  swaps=10  diff=17.6%
  [cycle 2] pos-only 20ep
    pos ep  5  val=0.6864
    pos ep 10  val=0.7185
    pos ep 15  val=0.7106
    pos ep 20  val=0.7363
  [cycle 2] edges-only 20ep  (max 10 swaps/ep)
    edge ep  5  val=0.4262  swaps=10  diff=21.3%
    edge ep 10  val=0.4726  swaps=10  diff=24.9%
    edge ep 15  val=0.2637  swaps=10  diff=28.5%
    edge ep 20  val=0.2594  swaps=10  diff=31.8%
  [final pos] 10ep
  → B_high best=0.7503


========== STEP 520 SUMMARY ==========
  Ref       best=0.7768  warmup_best=0.7098  swaps=0
  A_low     best=0.7485  warmup_best=0.7124  swaps=400
  B_high    best=0.7503  warmup_best=0.7118  swaps=400
  Δ(A_low − Ref): -2.83pp
  Δ(B_high − Ref): -2.65pp

Total: 323s
