Step 521 — Multi-fwd-bwd deep supervision on K_iter
  N=2048 K_iter=5 30ep 50% T0
Dataset loaded into RAM: train=9469  val=3925  (1.34 GB features)

────────────────────────────────────────────────────────────
Config Ref: single loss at K_iter=5 (baseline)
────────────────────────────────────────────────────────────
  params=34,976  k_only_forward=5
  ep  5  train_loss=0.1686  val=0.8996
  ep 10  train_loss=0.0726  val=0.9371
  ep 15  train_loss=0.0484  val=0.9274
  ep 20  train_loss=0.0260  val=0.9442
  ep 25  train_loss=0.0161  val=0.9450
  ep 30  train_loss=0.0129  val=0.9447
  → best=0.9455  elapsed=186s

────────────────────────────────────────────────────────────
Config A_ds_3to5: DS at iters {3,4,5}
────────────────────────────────────────────────────────────
  params=34,976  k_only_forward=2
  ep  5  train_loss=1.3844  val=0.8082
  ep 10  train_loss=0.9795  val=0.8420
  ep 15  train_loss=0.7996  val=0.8729
  ep 20  train_loss=0.6928  val=0.8805
  ep 25  train_loss=0.6153  val=0.8871
  ep 30  train_loss=0.5581  val=0.8889
  → best=0.8920  elapsed=181s

────────────────────────────────────────────────────────────
Config B_ds_2to5: DS at iters {2,3,4,5}
────────────────────────────────────────────────────────────
  params=34,976  k_only_forward=1
  ep  5  train_loss=1.6875  val=0.8000
  ep 10  train_loss=1.3346  val=0.8522
  ep 15  train_loss=1.1779  val=0.8741
  ep 20  train_loss=1.0827  val=0.8803
  ep 25  train_loss=1.0051  val=0.8836
  ep 30  train_loss=0.9501  val=0.8869
  → best=0.8869  elapsed=184s

────────────────────────────────────────────────────────────
Config C_ds_4to5: DS at iters {4,5}
────────────────────────────────────────────────────────────
  params=34,976  k_only_forward=3
  ep  5  train_loss=1.0754  val=0.7980
  ep 10  train_loss=0.6909  val=0.8484
  ep 15  train_loss=0.5338  val=0.8772
  ep 20  train_loss=0.4412  val=0.8902
  ep 25  train_loss=0.3800  val=0.8958
  ep 30  train_loss=0.3373  val=0.8953
  → best=0.8958  elapsed=163s

────────────────────────────────────────────────────────────
Config D_ds_all: DS at all iters {1..5}
────────────────────────────────────────────────────────────
  params=34,976  k_only_forward=0
  ep  5  train_loss=1.6865  val=0.8043
  ep 10  train_loss=1.3364  val=0.8484
  ep 15  train_loss=1.1799  val=0.8713
  ep 20  train_loss=1.0833  val=0.8775
  ep 25  train_loss=1.0024  val=0.8815
  ep 30  train_loss=0.9496  val=0.8943
  → best=0.8943  elapsed=128s


========== STEP 521 SUMMARY ==========
  Ref           k_only_fwd=5  best=0.9455
  A_ds_3to5     k_only_fwd=2  best=0.8920
  B_ds_2to5     k_only_fwd=1  best=0.8869
  C_ds_4to5     k_only_fwd=3  best=0.8958
  D_ds_all      k_only_fwd=0  best=0.8943
  Δ(A_ds_3to5 − Ref): -5.35pp
  Δ(B_ds_2to5 − Ref): -5.86pp
  Δ(C_ds_4to5 − Ref): -4.97pp
  Δ(D_ds_all − Ref): -5.12pp
