
======================================================================
Step 170 — warm+W_proj N=2048 D=16 (efficiency track phase-exit test)
N=2048  D=16  K_hh=8  K_iter=8  Epochs=75  Data=50%
Phase-exit: ≥95% @ FLOPs ~6.2M
======================================================================

Training N=2048 D=16 teacher K=12 for 75ep...
Dataset loaded into RAM: train=9469  val=3925  (1.34 GB features)
  e  1  loss=7.9307  task=7.9307  safety=0.0000  top1=0.1310  lr=2.36e-03
  ep 10  val=0.7068
  e 10  loss=1.2450  task=1.2450  safety=0.0000  top1=0.7068  lr=2.36e-03
  ep 20  val=0.8224
  e 20  loss=0.7616  task=0.7616  safety=0.0000  top1=0.8224  lr=2.36e-03
  ep 30  val=0.8397
  e 30  loss=0.5674  task=0.5674  safety=0.0000  top1=0.8397  lr=2.36e-03
  ep 40  val=0.8502
  e 40  loss=0.4792  task=0.4792  safety=0.0000  top1=0.8502  lr=2.36e-03
  ep 50  val=0.8769
  e 50  loss=0.4376  task=0.4376  safety=0.0000  top1=0.8769  lr=2.36e-03
  ep 60  val=0.8683
  e 60  loss=0.3804  task=0.3804  safety=0.0000  top1=0.8683  lr=2.36e-03
  ep 70  val=0.8889
  e 70  loss=0.3562  task=0.3562  safety=0.0000  top1=0.8889  lr=2.36e-03
  Teacher done: 0.8948

────────────────────────────────────────────────────────────
Config Ref: Ref  K=8 scratch N=2048 D=16
────────────────────────────────────────────────────────────
  params=67,744
  e  1  loss=8.2946  task=8.2946  safety=0.0000  top1=0.1735  lr=2.36e-03
  ep 10  val=0.7231
  e 10  loss=1.1702  task=1.1702  safety=0.0000  top1=0.7231  lr=2.36e-03
  ep 20  val=0.8385
  e 20  loss=0.7379  task=0.7379  safety=0.0000  top1=0.8385  lr=2.36e-03
  ep 30  val=0.8403
  e 30  loss=0.5579  task=0.5579  safety=0.0000  top1=0.8403  lr=2.36e-03
  ep 40  val=0.8726
  e 40  loss=0.4653  task=0.4653  safety=0.0000  top1=0.8726  lr=2.36e-03
  ep 50  val=0.8838
  e 50  loss=0.4046  task=0.4046  safety=0.0000  top1=0.8838  lr=2.36e-03
  ep 60  val=0.8910
  e 60  loss=0.3597  task=0.3597  safety=0.0000  top1=0.8910  lr=2.36e-03
  ep 70  val=0.8958
  e 70  loss=0.3298  task=0.3298  safety=0.0000  top1=0.8958  lr=2.36e-03

  top1=0.9098  vs_Ref=+0.0000  (0.040pp short)  elapsed=11.7min

────────────────────────────────────────────────────────────
Config B: B    warm+W_proj N=2048 D=16 ← phase-exit test
────────────────────────────────────────────────────────────
    warm_load: 8 keys, 1 new, 0 teacher-only
  params=68,000
  e  1  loss=13.6485  task=13.6485  safety=0.0000  top1=0.2451  lr=2.36e-03
  ep 10  val=0.8632
  e 10  loss=0.4140  task=0.4140  safety=0.0000  top1=0.8632  lr=2.36e-03
  ep 20  val=0.9009
  e 20  loss=0.2432  task=0.2432  safety=0.0000  top1=0.9009  lr=2.36e-03
  ep 30  val=0.9164
  e 30  loss=0.1806  task=0.1806  safety=0.0000  top1=0.9164  lr=2.36e-03
  ep 40  val=0.9185
  e 40  loss=0.1471  task=0.1471  safety=0.0000  top1=0.9185  lr=2.36e-03
  ep 50  val=0.9271
  e 50  loss=0.1269  task=0.1269  safety=0.0000  top1=0.9271  lr=2.36e-03
  ep 60  val=0.9302
  e 60  loss=0.1079  task=0.1079  safety=0.0000  top1=0.9302  lr=2.36e-03
  ep 70  val=0.9320
  e 70  loss=0.0960  task=0.0960  safety=0.0000  top1=0.9320  lr=2.36e-03

  top1=0.9343  vs_Ref=+0.0245  (0.016pp short)  elapsed=18.3min

======================================================================
STEP 170 SUMMARY — warm+W_proj N=2048 D=16
======================================================================
Ref: 0.9098  vs_Ref=+0.0000  (0.040pp short)
B: 0.9343  vs_Ref=+0.0245  (0.016pp short)
Results → /Volumes/T9/IndraAstra/dhiraj/neuro_graph/results/train_step170_warmproj_n2048.json
