Dataset loaded into RAM: train=9469  val=3925  (1.34 GB features)

========================================================================
step957 — Matryoshka Representation Learning T0 (20ep, 50%)
  device=cpu  epochs=20  seed=42
  N=2048/D=16/K_hh=2/K_iter=5/K_in=25
  Motivation: PR≈2.3 (step952) → 13+ dims near-dead → MRL forces full usage
  PR tracked at epochs [1, 5, 10, 20]
  step887 canonical = 0.9638

  Config       d_subs          alpha   aux_heads
  Ref          (Trainer)           —           0
  A_uniform    [2, 4, 8]         1.0           3
  B_decay2     [2, 4, 8]         0.5           3
  C_d48only    [4, 8]            1.0           2
========================================================================

────────────────────────────────────────────────────────────
Ref: params=34,976  spec=None
  e  1  top1=0.7740  lr=2.36e-03
  e  1  loss=2.4823  task=2.4823  safety=0.0000  top1=0.7740  lr=2.36e-03
  e  2  top1=0.8655  lr=2.36e-03
  e  3  top1=0.8843  lr=2.36e-03
  e  4  top1=0.8955  lr=2.36e-03
  e  5  top1=0.9108  lr=2.36e-03
  e  6  top1=0.9108  lr=2.36e-03
  e  7  top1=0.9149  lr=2.36e-03
  e  8  top1=0.9192  lr=2.36e-03
  e  9  top1=0.9274  lr=2.36e-03
  e 10  top1=0.9312  lr=2.36e-03
  e 10  loss=0.0817  task=0.0817  safety=0.0000  top1=0.9312  lr=2.36e-03
  e 11  top1=0.9294  lr=2.36e-03
  e 12  top1=0.9355  lr=2.36e-03
  e 13  top1=0.9312  lr=2.36e-03
  e 14  top1=0.9343  lr=2.36e-03
  e 15  top1=0.9302  lr=2.36e-03
  e 16  top1=0.9376  lr=2.36e-03
  e 17  top1=0.9355  lr=2.36e-03
  e 18  top1=0.9389  lr=2.36e-03
  e 19  top1=0.9386  lr=2.36e-03
  e 20  top1=0.9404  lr=2.36e-03
  e 20  loss=0.0344  task=0.0344  safety=0.0000  top1=0.9404  lr=2.36e-03
  -> best=0.9404 @ep20  Δ=+0.00pp  (baseline)
  -> PR_log={'final': 1.827}
────────────────────────────────────────────────────────────
A_uniform: params=35,116  spec=([2, 4, 8], 1.0)
  e  1  top1=0.7697  loss=9.5260  PR=2.22  lr=2.36e-03
  e  2  top1=0.8601  loss=7.3909  lr=2.36e-03
  e  3  top1=0.8769  loss=7.2039  lr=2.36e-03
  e  4  top1=0.8968  loss=7.1320  lr=2.36e-03
  e  5  top1=0.9085  loss=7.0794  PR=2.27  lr=2.36e-03
  e  6  top1=0.9136  loss=7.0550  lr=2.36e-03
  e  7  top1=0.9152  loss=7.0356  lr=2.36e-03
  e  8  top1=0.9246  loss=7.0134  lr=2.36e-03
  e  9  top1=0.9276  loss=6.9994  lr=2.36e-03
  e 10  top1=0.9317  loss=6.9857  PR=2.34  lr=2.36e-03
  e 11  top1=0.9294  loss=6.9789  lr=2.36e-03
  e 12  top1=0.9304  loss=6.9706  lr=2.36e-03
  e 13  top1=0.9315  loss=6.9622  lr=2.36e-03
  e 14  top1=0.9350  loss=6.9578  lr=2.36e-03
  e 15  top1=0.9358  loss=6.9532  lr=2.36e-03
  e 16  top1=0.9371  loss=6.9498  lr=2.36e-03
  e 17  top1=0.9348  loss=6.9462  lr=2.36e-03
  e 18  top1=0.9368  loss=6.9423  lr=2.36e-03
  e 19  top1=0.9396  loss=6.9385  lr=2.36e-03
  e 20  top1=0.9358  loss=6.9383  PR=2.37  lr=2.36e-03
  -> best=0.9396 @ep19  Δ=-0.08pp  NEUTRAL
  -> PR_log={1: 2.221, 5: 2.268, 10: 2.344, 20: 2.37}
────────────────────────────────────────────────────────────
B_decay2: params=35,116  spec=([2, 4, 8], 0.5)
  e  1  top1=0.7694  loss=4.6272  PR=2.22  lr=2.36e-03
  e  2  top1=0.8594  loss=2.4942  lr=2.36e-03
  e  3  top1=0.8780  loss=2.3078  lr=2.36e-03
  e  4  top1=0.8978  loss=2.2390  lr=2.36e-03
  e  5  top1=0.9103  loss=2.1857  PR=2.25  lr=2.36e-03
  e  6  top1=0.9149  loss=2.1615  lr=2.36e-03
  e  7  top1=0.9159  loss=2.1425  lr=2.36e-03
  e  8  top1=0.9241  loss=2.1198  lr=2.36e-03
  e  9  top1=0.9294  loss=2.1081  lr=2.36e-03
  e 10  top1=0.9299  loss=2.0942  PR=2.31  lr=2.36e-03
  e 11  top1=0.9282  loss=2.0873  lr=2.36e-03
  e 12  top1=0.9304  loss=2.0785  lr=2.36e-03
  e 13  top1=0.9332  loss=2.0720  lr=2.36e-03
  e 14  top1=0.9338  loss=2.0682  lr=2.36e-03
  e 15  top1=0.9361  loss=2.0638  lr=2.36e-03
  e 16  top1=0.9373  loss=2.0618  lr=2.36e-03
  e 17  top1=0.9358  loss=2.0566  lr=2.36e-03
  e 18  top1=0.9383  loss=2.0540  lr=2.36e-03
  e 19  top1=0.9401  loss=2.0506  lr=2.36e-03
  e 20  top1=0.9394  loss=2.0489  PR=2.32  lr=2.36e-03
  -> best=0.9401 @ep19  Δ=-0.03pp  NEUTRAL
  -> PR_log={1: 2.223, 5: 2.246, 10: 2.308, 20: 2.323}
────────────────────────────────────────────────────────────
C_d48only: params=35,096  spec=([4, 8], 1.0)
  e  1  top1=0.7641  loss=7.1548  PR=2.05  lr=2.36e-03
  e  2  top1=0.8647  loss=5.0674  lr=2.36e-03
  e  3  top1=0.8828  loss=4.9023  lr=2.36e-03
  e  4  top1=0.8966  loss=4.8307  lr=2.36e-03
  e  5  top1=0.9070  loss=4.7818  PR=2.30  lr=2.36e-03
  e  6  top1=0.9195  loss=4.7441  lr=2.36e-03
  e  7  top1=0.9228  loss=4.7209  lr=2.36e-03
  e  8  top1=0.9261  loss=4.7063  lr=2.36e-03
  e  9  top1=0.9271  loss=4.6932  lr=2.36e-03
  e 10  top1=0.9228  loss=4.6855  PR=2.32  lr=2.36e-03
  e 11  top1=0.9282  loss=4.6805  lr=2.36e-03
  e 12  top1=0.9330  loss=4.6676  lr=2.36e-03
  e 13  top1=0.9343  loss=4.6581  lr=2.36e-03
  e 14  top1=0.9345  loss=4.6533  lr=2.36e-03
  e 15  top1=0.9340  loss=4.6497  lr=2.36e-03
  e 16  top1=0.9327  loss=4.6430  lr=2.36e-03
  e 17  top1=0.9389  loss=4.6420  lr=2.36e-03
  e 18  top1=0.9389  loss=4.6364  lr=2.36e-03
  e 19  top1=0.9317  loss=4.6344  lr=2.36e-03
  e 20  top1=0.9378  loss=4.6342  PR=2.18  lr=2.36e-03
  -> best=0.9389 @ep17  Δ=-0.15pp  NEUTRAL
  -> PR_log={1: 2.049, 5: 2.298, 10: 2.323, 20: 2.177}

========================================================================
STEP 957 SUMMARY — Matryoshka D T0
========================================================================
  Ref          params=  34,976  best=0.9404  Δ=+0.00pp  (ref)  pr={'final': 1.827}
  A_uniform    params=  35,116  best=0.9396  Δ=-0.08pp  NEU  pr={1: 2.221, 5: 2.268, 10: 2.344, 20: 2.37}
  B_decay2     params=  35,116  best=0.9401  Δ=-0.03pp  NEU  pr={1: 2.223, 5: 2.246, 10: 2.308, 20: 2.323}
  C_d48only    params=  35,096  best=0.9389  Δ=-0.15pp  NEU  pr={1: 2.049, 5: 2.298, 10: 2.323, 20: 2.177}

-> /Volumes/T9/IndraAstra/dhiraj/neuro_graph/results/train_step957_matryoshka_d_t0_seed42__mini_cpu.json
