Dataset loaded into RAM: train=9469  val=3925  (1.34 GB features)
Dataset loaded into RAM: train=18938  val=3925  (2.29 GB features)
Step 280 — Aug @ N=1024 T2 (150ep, 100% data)
  device=mps  seed=42  N=1024  D=16  K_iter=5
  routing_MACs=328K  Train=9469  Val=3925

────────────────────────────────────────────────────────────
Ref_n1024: N=1024 no-aug T2 ref  params=17,568
  e  1  loss=2.4729  task=2.4729  safety=0.0000  top1=0.5997  lr=2.36e-03
  e 10  loss=0.6996  task=0.6996  safety=0.0000  top1=0.8428  lr=2.36e-03
  ep 15  val=0.8731
  e 20  loss=0.5732  task=0.5732  safety=0.0000  top1=0.8619  lr=2.36e-03
  ep 30  val=0.8683
  e 30  loss=0.5185  task=0.5185  safety=0.0000  top1=0.8683  lr=2.36e-03
  e 40  loss=0.4880  task=0.4880  safety=0.0000  top1=0.8803  lr=2.36e-03
  ep 45  val=0.8892
  e 50  loss=0.4575  task=0.4575  safety=0.0000  top1=0.8889  lr=2.36e-03
  ep 60  val=0.8754
  e 60  loss=0.4375  task=0.4375  safety=0.0000  top1=0.8754  lr=2.36e-03
  e 70  loss=0.4242  task=0.4242  safety=0.0000  top1=0.8716  lr=2.36e-03
  ep 75  val=0.8861
  e 80  loss=0.4133  task=0.4133  safety=0.0000  top1=0.8859  lr=2.36e-03
  ep 90  val=0.8775
  e 90  loss=0.4124  task=0.4124  safety=0.0000  top1=0.8775  lr=2.36e-03
  e100  loss=0.3982  task=0.3982  safety=0.0000  top1=0.8899  lr=2.36e-03
  ep105  val=0.8994
  e110  loss=0.3914  task=0.3914  safety=0.0000  top1=0.8932  lr=2.36e-03
  ep120  val=0.8991
  e120  loss=0.3964  task=0.3964  safety=0.0000  top1=0.8991  lr=2.36e-03
  e130  loss=0.3851  task=0.3851  safety=0.0000  top1=0.8838  lr=2.36e-03
  ep135  val=0.8813
  e140  loss=0.3770  task=0.3770  safety=0.0000  top1=0.9042  lr=2.36e-03
  ep150  val=0.9039
  e150  loss=0.3789  task=0.3789  safety=0.0000  top1=0.9039  lr=2.36e-03
  → Ref_n1024  best=0.9057 @ep141  Δ=+0.00pp  458s
────────────────────────────────────────────────────────────
A_n1024_aug: N=1024 + aug T2 (step278 T1 advance: +1.30pp)  params=17,568
  e  1  loss=1.8564  task=1.8564  safety=0.0000  top1=0.7241  lr=2.36e-03
  e 10  loss=0.5876  task=0.5876  safety=0.0000  top1=0.8499  lr=2.36e-03
  ep 15  val=0.8810
  e 20  loss=0.4952  task=0.4952  safety=0.0000  top1=0.8670  lr=2.36e-03
  ep 30  val=0.8792
  e 30  loss=0.4476  task=0.4476  safety=0.0000  top1=0.8792  lr=2.36e-03
  e 40  loss=0.4199  task=0.4199  safety=0.0000  top1=0.8897  lr=2.36e-03
  ep 45  val=0.8854
  e 50  loss=0.4041  task=0.4041  safety=0.0000  top1=0.8910  lr=2.36e-03
  ep 60  val=0.8846
  e 60  loss=0.3902  task=0.3902  safety=0.0000  top1=0.8846  lr=2.36e-03
  e 70  loss=0.3814  task=0.3814  safety=0.0000  top1=0.8976  lr=2.36e-03
  ep 75  val=0.8938
  e 80  loss=0.3711  task=0.3711  safety=0.0000  top1=0.9014  lr=2.36e-03
  ep 90  val=0.8961
  e 90  loss=0.3740  task=0.3740  safety=0.0000  top1=0.8961  lr=2.36e-03
  e100  loss=0.3598  task=0.3598  safety=0.0000  top1=0.9050  lr=2.36e-03
  ep105  val=0.9014
  e110  loss=0.3638  task=0.3638  safety=0.0000  top1=0.9029  lr=2.36e-03
  ep120  val=0.9039
  e120  loss=0.3398  task=0.3398  safety=0.0000  top1=0.9039  lr=1.18e-03
  e130  loss=0.3403  task=0.3403  safety=0.0000  top1=0.9011  lr=1.18e-03
  ep135  val=0.9068
  e140  loss=0.3415  task=0.3415  safety=0.0000  top1=0.9078  lr=1.18e-03
  ep150  val=0.9106
  e150  loss=0.3297  task=0.3297  safety=0.0000  top1=0.9106  lr=5.91e-04
  → A_n1024_aug  best=0.9111 @ep149  Δ=+0.54pp  804s

============================================================
STEP 280 SUMMARY — Aug @ N=1024 T2 (scaling curve bottom)
  Ref_n1024        aug=n  best=0.9057  Δ=+0.00pp
  A_n1024_aug      aug=y  best=0.9111  Δ=+0.54pp
