
======================================================================
Step 217b — Polarizer Tier-1 (75ep 50% data)
Tier-0 winner: full polarizer +1.27pp. Testing α=1.0 and α=1.5
======================================================================
Dataset loaded into RAM: train=9469  val=3925  (1.34 GB features)

────────────────────────────────────────────────────────────
Config Ref: polarizer_alpha=0.0
────────────────────────────────────────────────────────────
  params=67,744
  e  1  loss=6.1136  task=6.1136  safety=0.0000  top1=0.3656  lr=2.36e-03
  ep 10  val=0.8871
  e 10  loss=0.3995  task=0.3995  safety=0.0000  top1=0.8871  lr=2.36e-03
  ep 20  val=0.9111
  e 20  loss=0.2765  task=0.2765  safety=0.0000  top1=0.9111  lr=2.36e-03
  ep 30  val=0.9213
  e 30  loss=0.2247  task=0.2247  safety=0.0000  top1=0.9213  lr=2.36e-03
  ep 40  val=0.9271
  e 40  loss=0.2036  task=0.2036  safety=0.0000  top1=0.9271  lr=2.36e-03
  ep 50  val=0.9287
  e 50  loss=0.1799  task=0.1799  safety=0.0000  top1=0.9287  lr=2.36e-03
  ep 60  val=0.9289
  e 60  loss=0.1660  task=0.1660  safety=0.0000  top1=0.9289  lr=2.36e-03
  ep 70  val=0.9225
  e 70  loss=0.1611  task=0.1611  safety=0.0000  top1=0.9225  lr=2.36e-03
  → best=0.9401 @ ep72  (387s)

────────────────────────────────────────────────────────────
Config A: polarizer_alpha=1.0
────────────────────────────────────────────────────────────
  params=67,744
  e  1  loss=5.5791  task=5.5791  safety=0.0000  top1=0.4168  lr=2.36e-03
  ep 10  val=0.9055
  e 10  loss=0.2334  task=0.2334  safety=0.0000  top1=0.9055  lr=2.36e-03
  ep 20  val=0.9289
  e 20  loss=0.1289  task=0.1289  safety=0.0000  top1=0.9289  lr=2.36e-03
  ep 30  val=0.9368
  e 30  loss=0.0870  task=0.0870  safety=0.0000  top1=0.9368  lr=2.36e-03
  ep 40  val=0.9414
  e 40  loss=0.0646  task=0.0646  safety=0.0000  top1=0.9414  lr=2.36e-03
  ep 50  val=0.9373
  e 50  loss=0.0519  task=0.0519  safety=0.0000  top1=0.9373  lr=2.36e-03
  ep 60  val=0.9490
  e 60  loss=0.0388  task=0.0388  safety=0.0000  top1=0.9490  lr=2.36e-03
  ep 70  val=0.9496
  e 70  loss=0.0375  task=0.0375  safety=0.0000  top1=0.9496  lr=2.36e-03
  → best=0.9518 @ ep75  (540s)

────────────────────────────────────────────────────────────
Config B: polarizer_alpha=1.5
────────────────────────────────────────────────────────────
  params=67,744
  e  1  loss=7.9851  task=7.9851  safety=0.0000  top1=0.3399  lr=2.36e-03
  ep 10  val=0.9152
  e 10  loss=0.2445  task=0.2445  safety=0.0000  top1=0.9152  lr=2.36e-03
  ep 20  val=0.9383
  e 20  loss=0.1343  task=0.1343  safety=0.0000  top1=0.9383  lr=2.36e-03
  ep 30  val=0.9455
  e 30  loss=0.0901  task=0.0901  safety=0.0000  top1=0.9455  lr=2.36e-03
  ep 40  val=0.9498
  e 40  loss=0.0656  task=0.0656  safety=0.0000  top1=0.9498  lr=2.36e-03
  ep 50  val=0.9534
  e 50  loss=0.0542  task=0.0542  safety=0.0000  top1=0.9534  lr=2.36e-03
  ep 60  val=0.9539
  e 60  loss=0.0416  task=0.0416  safety=0.0000  top1=0.9539  lr=2.36e-03
  ep 70  val=0.9559
  e 70  loss=0.0379  task=0.0379  safety=0.0000  top1=0.9559  lr=2.36e-03
  → best=0.9592 @ ep67  (480s)

======================================================================
STEP 217b SUMMARY — Polarizer Tier-1
  Ref (α=0.0): 0.9401
  A (α=1.0): 0.9518  Δ=+0.0117
  B (α=1.5): 0.9592  Δ=+0.0191
======================================================================
