Device: mps  Epochs: 90  D=16  N=512
Goal: beam-restricted routing — accuracy vs compute tradeoff
Reference FLOPs: K_iter=3 full = 1633M
Dataset loaded into RAM: train=9469  val=3925  (1.34 GB features)
Dataset: train=9469  val=3925

======================================================================
Ref. K_iter=3  route=512 (full N)
======================================================================
  e  1  loss=3.3370  task=3.3188  safety=0.0313  top1=0.1549  lr=2.36e-03
  e 10  loss=2.1277  task=2.1265  safety=0.0020  top1=0.1628  lr=2.36e-03
  e 20  loss=2.1134  task=2.1121  safety=0.0023  top1=0.1982  lr=2.36e-03
  e 30  loss=2.0986  task=2.0972  safety=0.0025  top1=0.2046  lr=2.36e-03
  e 40  loss=2.0892  task=2.0877  safety=0.0026  top1=0.1618  lr=2.36e-03
  e 50  loss=2.0758  task=2.0742  safety=0.0029  top1=0.2041  lr=2.36e-03
  e 60  loss=2.0706  task=2.0688  safety=0.0030  top1=0.2301  lr=2.36e-03
  e 70  loss=2.0643  task=2.0624  safety=0.0032  top1=0.2311  lr=2.36e-03
  e 80  loss=2.0565  task=2.0545  safety=0.0034  top1=0.2298  lr=2.36e-03
  e 90  loss=2.0536  task=2.0516  safety=0.0034  top1=0.2278  lr=2.36e-03
  top1=0.2685  ep=75/90  FLOPs=1633M  t=1315s (14.6s/ep)

======================================================================
A.  K_iter=3  route=128
======================================================================
  e  1  loss=4.2377  task=4.2191  safety=0.0319  top1=0.1006  lr=2.36e-03
  e 10  loss=2.1772  task=2.1728  safety=0.0077  top1=0.1959  lr=2.36e-03
  e 20  loss=2.0494  task=2.0439  safety=0.0094  top1=0.2285  lr=2.36e-03
  e 30  loss=2.0102  task=2.0045  safety=0.0099  top1=0.2489  lr=2.36e-03
  e 40  loss=1.9917  task=1.9857  safety=0.0103  top1=0.2581  lr=2.36e-03
  e 50  loss=1.9833  task=1.9774  safety=0.0102  top1=0.2555  lr=2.36e-03
  e 60  loss=1.9788  task=1.9727  safety=0.0105  top1=0.2586  lr=2.36e-03
  e 70  loss=1.9757  task=1.9695  safety=0.0106  top1=0.2627  lr=2.36e-03
  e 80  loss=1.9746  task=1.9683  safety=0.0109  top1=0.2596  lr=2.36e-03
  e 90  loss=1.9726  task=1.9663  safety=0.0109  top1=0.2685  lr=2.36e-03
  top1=0.2731  ep=88/90  FLOPs=108M  t=1007s (11.2s/ep)

======================================================================
B.  K_iter=3  route=64
======================================================================
  e  1  loss=3.4916  task=3.4731  safety=0.0318  top1=0.1004  lr=2.36e-03
  e 10  loss=2.1692  task=2.1658  safety=0.0058  top1=0.2130  lr=2.36e-03
  e 20  loss=2.0527  task=2.0485  safety=0.0072  top1=0.2497  lr=2.36e-03
  e 30  loss=1.9992  task=1.9946  safety=0.0079  top1=0.2762  lr=2.36e-03
  e 40  loss=1.9756  task=1.9705  safety=0.0088  top1=0.2803  lr=2.36e-03
  e 50  loss=1.9673  task=1.9620  safety=0.0090  top1=0.2930  lr=2.36e-03
  e 60  loss=1.9615  task=1.9561  safety=0.0093  top1=0.2854  lr=2.36e-03
  e 70  loss=1.9596  task=1.9540  safety=0.0097  top1=0.2869  lr=2.36e-03
  e 80  loss=1.9581  task=1.9524  safety=0.0099  top1=0.2935  lr=2.36e-03
