Device: cpu  Epochs: 75  Batch: 128  Data: 50%
Step 76: alpha_turing sweep — W_phase now learned (theta-fix analogy)
step69 Ref (turing=0.0): 0.8336
step69 A   (turing=0.3, W_phase frozen-random): 0.8504
Dataset loaded into RAM: train=9469  val=3925  (1.34 GB features)
Dataset: train=4734  val=3925

======================================================================
Ref  alpha_turing=0.0  (Gen4+ baseline = 83.36%)
======================================================================
  W_phase: not used (alpha_turing=0.0)
  e  1  loss=2.3480  task=2.2747  safety=0.1500  top1=0.4746  lr=2.36e-03
  e 10  loss=1.4357  task=1.3676  safety=0.1393  top1=0.7060  lr=2.36e-03
  e 20  loss=1.2333  task=1.1697  safety=0.1302  top1=0.7939  lr=2.36e-03
  e 30  loss=1.1320  task=1.0717  safety=0.1234  top1=0.7014  lr=2.36e-03
  e 40  loss=1.0270  task=0.9695  safety=0.1177  top1=0.7946  lr=2.36e-03
  e 50  loss=0.9703  task=0.9152  safety=0.1127  top1=0.8031  lr=2.36e-03
  e 60  loss=0.9047  task=0.8518  safety=0.1083  top1=0.8237  lr=2.36e-03
  e 70  loss=0.8780  task=0.8267  safety=0.1049  top1=0.7949  lr=2.36e-03
  top1_best=0.8367  best_ep=67/75 (89%)  vs_ref=+0.0031  vs_step69A=-0.0137  t=1658s
  [saved train_step76_wphase_sweep.json]

======================================================================
A    alpha_turing=0.1  (conservative)
======================================================================
  W_phase: LEARNABLE at lr=2.364e-03  (was frozen-at-random in step69)
  alpha_turing=0.1  — phase inhibition ACTIVE
  e  1  loss=2.4637  task=2.3903  safety=0.1502  top1=0.3661  lr=2.36e-03
  e 10  loss=1.4767  task=1.4092  safety=0.1382  top1=0.6892  lr=2.36e-03
  e 20  loss=1.3025  task=1.2397  safety=0.1285  top1=0.6897  lr=2.36e-03
  e 30  loss=1.1765  task=1.1170  safety=0.1217  top1=0.6275  lr=2.36e-03
  e 40  loss=1.0595  task=1.0029  safety=0.1159  top1=0.7490  lr=2.36e-03
  e 50  loss=1.0045  task=0.9501  safety=0.1114  top1=0.8237  lr=2.36e-03
  e 60  loss=0.9579  task=0.9054  safety=0.1074  top1=0.8125  lr=2.36e-03
  e 70  loss=0.9266  task=0.8757  safety=0.1042  top1=0.7732  lr=2.36e-03
  top1_best=0.8655  best_ep=73/75 (97%)  vs_ref=+0.0319  vs_step69A=+0.0151  t=3595s
  [saved train_step76_wphase_sweep.json]

======================================================================
B    alpha_turing=0.3  (step69 A repro — 85.04%?)
======================================================================
  W_phase: LEARNABLE at lr=2.364e-03  (was frozen-at-random in step69)
  alpha_turing=0.3  — phase inhibition ACTIVE
  e  1  loss=2.4592  task=2.3855  safety=0.1507  top1=0.3559  lr=2.36e-03
  e 10  loss=1.4875  task=1.4192  safety=0.1397  top1=0.6553  lr=2.36e-03
  e 20  loss=1.2667  task=1.2031  safety=0.1303  top1=0.7289  lr=2.36e-03
  e 30  loss=1.1590  task=1.0987  safety=0.1235  top1=0.7809  lr=2.36e-03
  e 40  loss=1.0644  task=1.0067  safety=0.1180  top1=0.7322  lr=2.36e-03
  e 50  loss=1.0130  task=0.9576  safety=0.1135  top1=0.7697  lr=2.36e-03
  e 60  loss=0.9291  task=0.8756  safety=0.1094  top1=0.8020  lr=2.36e-03
  e 70  loss=0.9031  task=0.8513  safety=0.1060  top1=0.7732  lr=2.36e-03
  top1_best=0.8441  best_ep=67/75 (89%)  vs_ref=+0.0105  vs_step69A=-0.0063  t=3688s
  [saved train_step76_wphase_sweep.json]

======================================================================
C    alpha_turing=0.5
======================================================================
  W_phase: LEARNABLE at lr=2.364e-03  (was frozen-at-random in step69)
  alpha_turing=0.5  — phase inhibition ACTIVE
  e  1  loss=2.5801  task=2.5073  safety=0.1491  top1=0.3121  lr=2.36e-03
  e 10  loss=1.5052  task=1.4386  safety=0.1364  top1=0.6586  lr=2.36e-03
  e 20  loss=1.3119  task=1.2496  safety=0.1275  top1=0.7406  lr=2.36e-03
  e 30  loss=1.1759  task=1.1169  safety=0.1207  top1=0.7162  lr=2.36e-03
  e 40  loss=1.0993  task=1.0429  safety=0.1153  top1=0.7778  lr=2.36e-03
  e 50  loss=1.0268  task=0.9726  safety=0.1108  top1=0.7363  lr=2.36e-03
  e 60  loss=0.9720  task=0.9197  safety=0.1070  top1=0.7985  lr=2.36e-03
  e 70  loss=0.9111  task=0.8602  safety=0.1041  top1=0.8313  lr=2.36e-03
  top1_best=0.8313  best_ep=70/75 (93%)  vs_ref=-0.0023  vs_step69A=-0.0191  t=3114s
  [saved train_step76_wphase_sweep.json]

======================================================================
D    alpha_turing=1.0  (equal weight to structural)
======================================================================
  W_phase: LEARNABLE at lr=2.364e-03  (was frozen-at-random in step69)
  alpha_turing=1.0  — phase inhibition ACTIVE
  e  1  loss=2.6403  task=2.5670  safety=0.1501  top1=0.2520  lr=2.36e-03
  e 10  loss=1.6067  task=1.5390  safety=0.1386  top1=0.6211  lr=2.36e-03
  e 20  loss=1.3659  task=1.3030  safety=0.1286  top1=0.6082  lr=2.36e-03
  e 30  loss=1.2417  task=1.1822  safety=0.1218  top1=0.6989  lr=2.36e-03
  e 40  loss=1.1038  task=1.0471  safety=0.1161  top1=0.7042  lr=2.36e-03
  e 50  loss=1.0419  task=0.9875  safety=0.1114  top1=0.7108  lr=2.36e-03
  e 60  loss=0.9591  task=0.9066  safety=0.1075  top1=0.7592  lr=2.36e-03
  e 70  loss=0.9268  task=0.8760  safety=0.1039  top1=0.7047  lr=2.36e-03
  top1_best=0.7837  best_ep=73/75 (97%)  vs_ref=-0.0499  vs_step69A=-0.0667  t=3758s
  [saved train_step76_wphase_sweep.json]

======================================================================
STEP 76 COMPLETE — alpha_turing sweep (W_phase now learned)
step69 Ref=0.8336  step69 A(turing=0.3 frozen)=0.8504

  Key       top1    vs_ref   vs_step69A  α_turing
  Ref   0.8367    +0.0031    -0.0137         0.0
  A     0.8655    +0.0319    +0.0151         0.1
  B     0.8441    +0.0105    -0.0063         0.3
  C     0.8313    -0.0023    -0.0191         0.5
  D     0.7837    -0.0499    -0.0667         1.0

  B > step69 A: learning W_phase improves on frozen-random init
  Monotone: α=0.3 is still optimal (N=1024 finding holds)
  Peak shifts: N-dependent turing — cross-ref with step70 N=4096 results
