Device: mps  Epochs: 120  D=16  N=512  encoding=fourier
Goal: signed coupling (exc+inh via cosine sign) + STDP causal excitation
Dataset loaded into RAM: train=9469  val=3925  (1.34 GB features)
Dataset: train=9469  val=3925

======================================================================
Ref. dynamic_z_geo  [baseline]
======================================================================
  e  1  loss=3.3370  task=3.3188  safety=0.0313  top1=0.1549  lr=2.36e-03
  e 10  loss=2.1277  task=2.1265  safety=0.0020  top1=0.1628  lr=2.36e-03
  e 20  loss=2.1134  task=2.1121  safety=0.0023  top1=0.1982  lr=2.36e-03
  e 30  loss=2.0986  task=2.0972  safety=0.0025  top1=0.2046  lr=2.36e-03
  e 40  loss=2.0892  task=2.0877  safety=0.0026  top1=0.1618  lr=2.36e-03
  e 50  loss=2.0758  task=2.0742  safety=0.0029  top1=0.2041  lr=2.36e-03
  e 60  loss=2.0706  task=2.0688  safety=0.0030  top1=0.2301  lr=2.36e-03
  e 70  loss=2.0643  task=2.0624  safety=0.0032  top1=0.2311  lr=2.36e-03
  e 80  loss=2.0565  task=2.0545  safety=0.0034  top1=0.2298  lr=2.36e-03
  e 90  loss=2.0536  task=2.0516  safety=0.0034  top1=0.2278  lr=2.36e-03
  e100  loss=2.0491  task=2.0471  safety=0.0035  top1=0.2775  lr=2.36e-03
  e110  loss=2.0477  task=2.0456  safety=0.0035  top1=0.2622  lr=2.36e-03
  e120  loss=2.0438  task=2.0417  safety=0.0037  top1=0.2583  lr=2.36e-03
  top1_best=0.2856  best_ep=99  task=2.041  t=1425s

======================================================================
A. Signed full  α=0.3  [all-pairs O(N²)]
======================================================================
  e  1  loss=6.0111  task=5.9930  safety=0.0311  top1=0.1205  lr=2.36e-03
  e 10  loss=1.8548  task=1.8533  safety=0.0025  top1=0.3394  lr=2.36e-03
  e 20  loss=1.7759  task=1.7738  safety=0.0036  top1=0.3475  lr=2.36e-03
  e 30  loss=1.7549  task=1.7526  safety=0.0039  top1=0.3710  lr=2.36e-03
  e 40  loss=1.7451  task=1.7426  safety=0.0043  top1=0.3773  lr=2.36e-03
  e 50  loss=1.7365  task=1.7339  safety=0.0046  top1=0.3847  lr=2.36e-03
  e 60  loss=1.7267  task=1.7240  safety=0.0047  top1=0.4015  lr=2.36e-03
  e 70  loss=1.7212  task=1.7184  safety=0.0048  top1=0.3842  lr=2.36e-03
  e 80  loss=1.7194  task=1.7166  safety=0.0048  top1=0.3862  lr=2.36e-03
  e 90  loss=1.7121  task=1.7093  safety=0.0049  top1=0.3832  lr=2.36e-03
  e100  loss=1.7083  task=1.7055  safety=0.0049  top1=0.3893  lr=2.36e-03
  e110  loss=1.7074  task=1.7045  safety=0.0049  top1=0.3990  lr=2.36e-03
  e120  loss=1.7041  task=1.7012  safety=0.0050  top1=0.3692  lr=2.36e-03
  top1_best=0.4015  best_ep=60  task=1.701  t=2050s

======================================================================
B. Signed sparse  α=0.3  k=32  [top-32 exc + top-32 inh]
======================================================================
  top1_best=0.0986  best_ep=1  task=nan  t=80s

======================================================================
C. Signed sparse  α=0.1  k=32  [weaker coupling]
======================================================================
  top1_best=0.0986  best_ep=1  task=nan  t=80s

======================================================================
D. STDP S2  α=0.2  [causal cross-step excitation]
======================================================================
  e  1  loss=3.4776  task=3.4594  safety=0.0313  top1=0.1373  lr=2.36e-03
  e 10  loss=2.1052  task=2.1043  safety=0.0015  top1=0.1799  lr=2.36e-03
  e 20  loss=2.0835  task=2.0827  safety=0.0014  top1=0.1801  lr=2.36e-03
  e 30  loss=2.0813  task=2.0805  safety=0.0014  top1=0.1745  lr=2.36e-03
  e 40  loss=2.0729  task=2.0721  safety=0.0013  top1=0.1811  lr=2.36e-03
  e 50  loss=2.0738  task=2.0731  safety=0.0013  top1=0.1936  lr=2.36e-03
  e 60  loss=2.0669  task=2.0661  safety=0.0013  top1=0.1860  lr=1.18e-03
  e 70  loss=2.0643  task=2.0635  safety=0.0013  top1=0.1883  lr=1.18e-03
  e 80  loss=2.0637  task=2.0629  safety=0.0013  top1=0.1845  lr=1.18e-03
  e 90  loss=2.0597  task=2.0589  safety=0.0014  top1=0.1837  lr=5.91e-04
  e100  loss=2.0597  task=2.0590  safety=0.0013  top1=0.1946  lr=5.91e-04
  e110  loss=2.0586  task=2.0578  safety=0.0013  top1=0.1888  lr=2.96e-04
  e120  loss=2.0583  task=2.0576  safety=0.0013  top1=0.1870  lr=2.96e-04
  top1_best=0.1977  best_ep=99  task=2.058  t=1681s

======================================================================
E. Signed sparse + STDP  α=0.3  α_stdp=0.2  [combined]
======================================================================
  top1_best=0.0986  best_ep=1  task=nan  t=82s

Saved -> results/train_step18_signed_coupling.json

-- Signed coupling + STDP  (ref=0.2856) ---------------------------
  Config                                                        top1_best    vs_ref    t(s)
  ----------------------------------------------------------------------------------------
  Ref                                                              0.2856   +0.0000    1425
  A                                                                0.4015   +0.1159    2050
  B                                                                0.0986   -0.1870      80
  C                                                                0.0986   -0.1870      80
  D                                                                0.1977   -0.0879    1680
  E                                                                0.0986   -0.1870      82
