Device: mps  Epochs: 120  D=16  encoding=fourier
Goal: N scale sweep at D=16 — polynomial width scaling test
Dataset loaded into RAM: train=9469  val=3925  (1.34 GB features)
Dataset: train=9469  val=3925  (in-memory, data/store.h5)

=================================================================
A. N=512   D=16  dynamic_z_geo  120ep  [step9A ref at 120ep]
=================================================================
  e  1  loss=3.3370  task=3.3188  safety=0.0313  top1=0.1549  lr=2.36e-03
  e 10  loss=2.1277  task=2.1265  safety=0.0020  top1=0.1628  lr=2.36e-03
  e 20  loss=2.1134  task=2.1121  safety=0.0023  top1=0.1982  lr=2.36e-03
  e 30  loss=2.0986  task=2.0972  safety=0.0025  top1=0.2046  lr=2.36e-03
  e 40  loss=2.0892  task=2.0877  safety=0.0026  top1=0.1618  lr=2.36e-03
  e 50  loss=2.0758  task=2.0742  safety=0.0029  top1=0.2041  lr=2.36e-03
  e 60  loss=2.0706  task=2.0688  safety=0.0030  top1=0.2301  lr=2.36e-03
  e 70  loss=2.0643  task=2.0624  safety=0.0032  top1=0.2311  lr=2.36e-03
  e 80  loss=2.0565  task=2.0545  safety=0.0034  top1=0.2298  lr=2.36e-03
  e 90  loss=2.0536  task=2.0516  safety=0.0034  top1=0.2278  lr=2.36e-03
  e100  loss=2.0491  task=2.0471  safety=0.0035  top1=0.2775  lr=2.36e-03
  e110  loss=2.0477  task=2.0456  safety=0.0035  top1=0.2622  lr=2.36e-03
  e120  loss=2.0438  task=2.0417  safety=0.0037  top1=0.2583  lr=2.36e-03
  top1_best=0.2856  best_ep=99  task=2.041  t=1075s

=================================================================
B. N=1024  D=16  dynamic_z_geo  120ep  [2x neurons]
=================================================================
  e  1  loss=8.2715  task=8.2575  safety=0.0287  top1=0.1330  lr=2.36e-03
  e 10  loss=2.1080  task=2.1073  safety=0.0014  top1=0.1633  lr=2.36e-03
  e 20  loss=2.0704  task=2.0697  safety=0.0015  top1=0.2059  lr=2.36e-03
  e 30  loss=2.0386  task=2.0378  safety=0.0018  top1=0.2464  lr=2.36e-03
  e 40  loss=2.0311  task=2.0301  safety=0.0019  top1=0.2265  lr=2.36e-03
  e 50  loss=2.0166  task=2.0156  safety=0.0020  top1=0.2660  lr=2.36e-03
  e 60  loss=2.0006  task=1.9996  safety=0.0021  top1=0.2823  lr=2.36e-03
  e 70  loss=1.9895  task=1.9884  safety=0.0022  top1=0.2991  lr=2.36e-03
  e 80  loss=1.9815  task=1.9803  safety=0.0024  top1=0.3027  lr=2.36e-03
  e 90  loss=1.9708  task=1.9696  safety=0.0025  top1=0.2729  lr=2.36e-03
  e100  loss=1.9632  task=1.9619  safety=0.0026  top1=0.2696  lr=2.36e-03
  e110  loss=1.9578  task=1.9565  safety=0.0027  top1=0.3175  lr=2.36e-03
  e120  loss=1.9588  task=1.9574  safety=0.0028  top1=0.2815  lr=2.36e-03
  top1_best=0.3432  best_ep=115  task=1.953  t=2397s

=================================================================
C. N=2048  D=16  dynamic_z_geo  120ep  [4x neurons]
=================================================================
  e  1  loss=12.9944  task=12.9837  safety=0.0260  top1=0.1197  lr=2.36e-03
  e 10  loss=2.1805  task=2.1803  safety=0.0004  top1=0.1473  lr=2.36e-03
  e 20  loss=2.1295  task=2.1293  safety=0.0004  top1=0.1676  lr=2.36e-03
  e 30  loss=2.0683  task=2.0681  safety=0.0005  top1=0.2242  lr=2.36e-03
  e 40  loss=2.0251  task=2.0249  safety=0.0005  top1=0.2690  lr=2.36e-03
  e 50  loss=1.9873  task=1.9871  safety=0.0006  top1=0.2718  lr=2.36e-03
  e 60  loss=1.9710  task=1.9708  safety=0.0007  top1=0.2818  lr=2.36e-03
  e 70  loss=1.9553  task=1.9550  safety=0.0007  top1=0.2471  lr=2.36e-03
  e 80  loss=1.9470  task=1.9467  safety=0.0007  top1=0.2823  lr=2.36e-03
  e 90  loss=1.9323  task=1.9319  safety=0.0008  top1=0.2940  lr=2.36e-03
  e100  loss=1.9281  task=1.9278  safety=0.0008  top1=0.2932  lr=2.36e-03
  e110  loss=1.9169  task=1.9166  safety=0.0009  top1=0.2925  lr=2.36e-03
  e120  loss=1.8974  task=1.8970  safety=0.0009  top1=0.3190  lr=2.36e-03
  top1_best=0.3373  best_ep=114  task=1.902  t=4769s

Saved -> results/train_step12_n_scale_d16.json

-- N scale at D=16 Fourier (polynomial width scaling) --------------------
  Config                                                   top1_best   vs_N512    t(s)
  -------------------------------------------------------  ---------  --------  ------
  A                                                           0.2856   +0.0000    1075
  B                                                           0.3432   +0.0576    2397
  C                                                           0.3373   +0.0517    4769

  N=512→1024 gain: +0.0576
  N=512→2048 gain: +0.0517
  Gain ratio (1024/2048): 1.11  (linear=0.5, plateau>1.0)

  step9A full 150ep ref: 0.2922
