Device: mps  Epochs: 150  D=16  N=512
Goal: O(N×K) sparse signed coupling — how much of step18's 40.15% can we recover?
Reference ceiling: step18 full all-pairs = 40.15%  (O(N²))
Dataset loaded into RAM: train=9469  val=3925  (1.34 GB features)
Dataset: train=9469  val=3925

======================================================================
Ref. baseline dynamic_z_geo  [no signed coupling]
======================================================================
  e  1  loss=3.3370  task=3.3188  safety=0.0313  top1=0.1549  lr=2.36e-03
  e 10  loss=2.1277  task=2.1265  safety=0.0020  top1=0.1628  lr=2.36e-03
  e 20  loss=2.1134  task=2.1121  safety=0.0023  top1=0.1982  lr=2.36e-03
  e 30  loss=2.0986  task=2.0972  safety=0.0025  top1=0.2046  lr=2.36e-03
  e 40  loss=2.0892  task=2.0877  safety=0.0026  top1=0.1618  lr=2.36e-03
  e 50  loss=2.0758  task=2.0742  safety=0.0029  top1=0.2041  lr=2.36e-03
  e 60  loss=2.0706  task=2.0688  safety=0.0030  top1=0.2301  lr=2.36e-03
  e 70  loss=2.0643  task=2.0624  safety=0.0032  top1=0.2311  lr=2.36e-03
  e 80  loss=2.0565  task=2.0545  safety=0.0034  top1=0.2298  lr=2.36e-03
  e 90  loss=2.0536  task=2.0516  safety=0.0034  top1=0.2278  lr=2.36e-03
  e100  loss=2.0491  task=2.0471  safety=0.0035  top1=0.2775  lr=2.36e-03
  e110  loss=2.0477  task=2.0456  safety=0.0035  top1=0.2622  lr=2.36e-03
  e120  loss=2.0438  task=2.0417  safety=0.0037  top1=0.2583  lr=2.36e-03
  e130  loss=2.0440  task=2.0418  safety=0.0037  top1=0.2242  lr=2.36e-03
  e140  loss=2.0398  task=2.0375  safety=0.0039  top1=0.2392  lr=2.36e-03
  e150  loss=2.0355  task=2.0331  safety=0.0041  top1=0.2517  lr=2.36e-03
  top1_best=0.2922  best_ep=131/150 (87%)  diag=converged  t=2118s

======================================================================
A.  sparse-signed K_phase=8   α=0.3  K_iter=3  [lean O(N×8)]
======================================================================
  e  1  loss=4.2965  task=4.2782  safety=0.0315  top1=0.1246  lr=2.36e-03
  e 10  loss=2.1068  task=2.1056  safety=0.0021  top1=0.2168  lr=2.36e-03
  e 20  loss=2.0905  task=2.0893  safety=0.0021  top1=0.1959  lr=2.36e-03
  e 30  loss=2.0726  task=2.0712  safety=0.0024  top1=0.2132  lr=2.36e-03
  e 40  loss=2.0635  task=2.0619  safety=0.0027  top1=0.2278  lr=2.36e-03
  e 50  loss=2.0537  task=2.0520  safety=0.0029  top1=0.2181  lr=2.36e-03
  e 60  loss=2.0450  task=2.0431  safety=0.0032  top1=0.1865  lr=2.36e-03
  e 70  loss=2.0381  task=2.0360  safety=0.0035  top1=0.2499  lr=2.36e-03
  e 80  loss=2.0348  task=2.0327  safety=0.0037  top1=0.2769  lr=2.36e-03
  e 90  loss=2.0312  task=2.0289  safety=0.0039  top1=0.2408  lr=2.36e-03
