Dataset loaded into RAM: train=9469  val=3925  (1.34 GB features)

==========================================================================
step952 — Grouped Input Projection T0 + Haki (20ep, 50% data)
  device=mps  epochs=20  seed=42
  N=2048/D=16/K_in=25/K_hh=2/K_iter=5
  Seed: Z[i,0]=W_proj·x[conn_in[i]]  Z[i,1:D]=Fourier(pos)
  Softmax(W_proj) preserves scale. Init: uniform (= sum / K_in).
  Context: step887 K_in=25 canonical = 0.9638

  Config           mode           G   extra_p   total_p
  Ref              sum         None         0    34,976
  A_shared         shared      None        25    35,001
  C2_grouped16     grouped       16       400    35,376
  C_grouped64      grouped       64     1,600    36,576
  B_grouped256     grouped      256     6,400    41,376
  D_node           node        None    51,200    86,176
  E_multiout       multiout    None   409,600   444,576
==========================================================================

──────────────────────────────────────────────────────────────────────────
Ref: mode=sum  G=None  extra_params=0  total=34,976
  e  1  top1=0.7748  lr=2.36e-03  | seed_F=0.648  final_F=0.548  gain=-0.100  PR=2.29  dead=0.000
  e  1  loss=2.4821  task=2.4821  safety=0.0000  top1=0.7748  lr=2.36e-03
  e  2  top1=0.8606  lr=2.36e-03
  e  3  top1=0.8848  lr=2.36e-03
  e  4  top1=0.8910  lr=2.36e-03
  e  5  top1=0.9134  lr=2.36e-03  | seed_F=0.648  final_F=0.566  gain=-0.082  PR=2.28  dead=0.000
  e  6  top1=0.9141  lr=2.36e-03
  e  7  top1=0.9231  lr=2.36e-03
  e  8  top1=0.9248  lr=2.36e-03
  e  9  top1=0.9195  lr=2.36e-03
  e 10  top1=0.9371  lr=2.36e-03  | seed_F=0.648  final_F=0.543  gain=-0.105  PR=2.26  dead=0.000
  e 10  loss=0.0881  task=0.0881  safety=0.0000  top1=0.9371  lr=2.36e-03
  e 11  top1=0.9348  lr=2.36e-03
  e 12  top1=0.9302  lr=2.36e-03
  e 13  top1=0.9338  lr=2.36e-03
  e 14  top1=0.9289  lr=2.36e-03
  e 15  top1=0.9391  lr=2.36e-03
  e 16  top1=0.9363  lr=2.36e-03
  e 17  top1=0.9383  lr=2.36e-03
  e 18  top1=0.9381  lr=2.36e-03
  e 19  top1=0.9381  lr=2.36e-03
  e 20  top1=0.9391  lr=2.36e-03  | seed_F=0.648  final_F=0.520  gain=-0.128  PR=2.24  dead=0.000
  e 20  loss=0.0342  task=0.0342  safety=0.0000  top1=0.9391  lr=2.36e-03
  → best=0.9391 @ep15  Δ=+0.00pp
     Final haki: {'seed_fisher': 0.648, 'final_fisher': 0.5198, 'routing_gain': -0.1282, 'pr': 2.241, 'dead_frac': 0.0}
──────────────────────────────────────────────────────────────────────────
A_shared: mode=shared  G=None  extra_params=25  total=35,001
  e  1  top1=0.7758  lr=2.36e-03  | seed_F=0.648  final_F=0.548  gain=-0.100  PR=2.29  dead=0.000
  e  1  loss=2.4822  task=2.4822  safety=0.0000  top1=0.7758  lr=2.36e-03
  e  2  top1=0.8609  lr=2.36e-03
  e  3  top1=0.8859  lr=2.36e-03
  e  4  top1=0.8910  lr=2.36e-03
  e  5  top1=0.9126  lr=2.36e-03  | seed_F=0.648  final_F=0.577  gain=-0.071  PR=2.29  dead=0.000
  e  6  top1=0.9121  lr=2.36e-03
  e  7  top1=0.9205  lr=2.36e-03
  e  8  top1=0.9210  lr=2.36e-03
  e  9  top1=0.9180  lr=2.36e-03
  e 10  top1=0.9332  lr=2.36e-03  | seed_F=0.648  final_F=0.549  gain=-0.099  PR=2.27  dead=0.000
  e 10  loss=0.0876  task=0.0876  safety=0.0000  top1=0.9332  lr=2.36e-03
  e 11  top1=0.9338  lr=2.36e-03
  e 12  top1=0.9287  lr=2.36e-03
  e 13  top1=0.9358  lr=2.36e-03
  e 14  top1=0.9315  lr=2.36e-03
  e 15  top1=0.9381  lr=2.36e-03
  e 16  top1=0.9358  lr=2.36e-03
  e 17  top1=0.9386  lr=2.36e-03
  e 18  top1=0.9363  lr=2.36e-03
  e 19  top1=0.9373  lr=2.36e-03
  e 20  top1=0.9383  lr=2.36e-03  | seed_F=0.648  final_F=0.542  gain=-0.106  PR=2.25  dead=0.000
  e 20  loss=0.0343  task=0.0343  safety=0.0000  top1=0.9383  lr=2.36e-03
  → best=0.9386 @ep17  Δ=-0.05pp
     Final haki: {'seed_fisher': 0.648, 'final_fisher': 0.5421, 'routing_gain': -0.1059, 'pr': 2.253, 'dead_frac': 0.0}
──────────────────────────────────────────────────────────────────────────
C2_grouped16: mode=grouped  G=16  extra_params=400  total=35,376
  e  1  top1=0.7748  lr=2.36e-03  | seed_F=0.648  final_F=0.548  gain=-0.100  PR=2.29  dead=0.000
  e  1  loss=2.4821  task=2.4821  safety=0.0000  top1=0.7748  lr=2.36e-03
  e  2  top1=0.8604  lr=2.36e-03
  e  3  top1=0.8848  lr=2.36e-03
  e  4  top1=0.8912  lr=2.36e-03
  e  5  top1=0.9152  lr=2.36e-03  | seed_F=0.648  final_F=0.558  gain=-0.090  PR=2.27  dead=0.000
  e  6  top1=0.9129  lr=2.36e-03
  e  7  top1=0.9197  lr=2.36e-03
  e  8  top1=0.9248  lr=2.36e-03
  e  9  top1=0.9192  lr=2.36e-03
  e 10  top1=0.9345  lr=2.36e-03  | seed_F=0.648  final_F=0.540  gain=-0.108  PR=2.26  dead=0.000
  e 10  loss=0.0876  task=0.0876  safety=0.0000  top1=0.9345  lr=2.36e-03
  e 11  top1=0.9345  lr=2.36e-03
  e 12  top1=0.9322  lr=2.36e-03
  e 13  top1=0.9340  lr=2.36e-03
  e 14  top1=0.9304  lr=2.36e-03
  e 15  top1=0.9391  lr=2.36e-03
  e 16  top1=0.9355  lr=2.36e-03
  e 17  top1=0.9386  lr=2.36e-03
  e 18  top1=0.9378  lr=2.36e-03
  e 19  top1=0.9404  lr=2.36e-03
  e 20  top1=0.9378  lr=2.36e-03  | seed_F=0.648  final_F=0.520  gain=-0.128  PR=2.22  dead=0.000
  e 20  loss=0.0338  task=0.0338  safety=0.0000  top1=0.9378  lr=2.36e-03
  → best=0.9404 @ep19  Δ=+0.13pp
     Final haki: {'seed_fisher': 0.648, 'final_fisher': 0.5202, 'routing_gain': -0.1278, 'pr': 2.218, 'dead_frac': 0.0}
──────────────────────────────────────────────────────────────────────────
C_grouped64: mode=grouped  G=64  extra_params=1,600  total=36,576
  e  1  top1=0.7748  lr=2.36e-03  | seed_F=0.648  final_F=0.547  gain=-0.101  PR=2.29  dead=0.000
  e  1  loss=2.4821  task=2.4821  safety=0.0000  top1=0.7748  lr=2.36e-03
  e  2  top1=0.8596  lr=2.36e-03
  e  3  top1=0.8856  lr=2.36e-03
  e  4  top1=0.8915  lr=2.36e-03
  e  5  top1=0.9152  lr=2.36e-03  | seed_F=0.648  final_F=0.574  gain=-0.074  PR=2.29  dead=0.000
  e  6  top1=0.9108  lr=2.36e-03
  e  7  top1=0.9197  lr=2.36e-03
  e  8  top1=0.9218  lr=2.36e-03
  e  9  top1=0.9169  lr=2.36e-03
  e 10  top1=0.9332  lr=2.36e-03  | seed_F=0.648  final_F=0.555  gain=-0.093  PR=2.27  dead=0.000
  e 10  loss=0.0872  task=0.0872  safety=0.0000  top1=0.9332  lr=2.36e-03
  e 11  top1=0.9358  lr=2.36e-03
  e 12  top1=0.9302  lr=2.36e-03
  e 13  top1=0.9315  lr=2.36e-03
  e 14  top1=0.9320  lr=2.36e-03
  e 15  top1=0.9378  lr=2.36e-03
  e 16  top1=0.9355  lr=2.36e-03
  e 17  top1=0.9391  lr=2.36e-03
  e 18  top1=0.9368  lr=2.36e-03
  e 19  top1=0.9401  lr=2.36e-03
  e 20  top1=0.9386  lr=2.36e-03  | seed_F=0.648  final_F=0.536  gain=-0.112  PR=2.24  dead=0.000
  e 20  loss=0.0334  task=0.0334  safety=0.0000  top1=0.9386  lr=2.36e-03
  → best=0.9401 @ep19  Δ=+0.10pp
     Final haki: {'seed_fisher': 0.648, 'final_fisher': 0.5362, 'routing_gain': -0.1118, 'pr': 2.236, 'dead_frac': 0.0}
──────────────────────────────────────────────────────────────────────────
B_grouped256: mode=grouped  G=256  extra_params=6,400  total=41,376
  e  1  top1=0.7750  lr=2.36e-03  | seed_F=0.648  final_F=0.547  gain=-0.101  PR=2.29  dead=0.000
  e  1  loss=2.4821  task=2.4821  safety=0.0000  top1=0.7750  lr=2.36e-03
  e  2  top1=0.8622  lr=2.36e-03
  e  3  top1=0.8841  lr=2.36e-03
  e  4  top1=0.8927  lr=2.36e-03
  e  5  top1=0.9139  lr=2.36e-03  | seed_F=0.648  final_F=0.569  gain=-0.079  PR=2.28  dead=0.000
  e  6  top1=0.9134  lr=2.36e-03
  e  7  top1=0.9205  lr=2.36e-03
  e  8  top1=0.9210  lr=2.36e-03
  e  9  top1=0.9175  lr=2.36e-03
  e 10  top1=0.9345  lr=2.36e-03  | seed_F=0.648  final_F=0.541  gain=-0.107  PR=2.26  dead=0.000
  e 10  loss=0.0874  task=0.0874  safety=0.0000  top1=0.9345  lr=2.36e-03
  e 11  top1=0.9348  lr=2.36e-03
  e 12  top1=0.9294  lr=2.36e-03
  e 13  top1=0.9327  lr=2.36e-03
  e 14  top1=0.9317  lr=2.36e-03
  e 15  top1=0.9389  lr=2.36e-03
  e 16  top1=0.9345  lr=2.36e-03
  e 17  top1=0.9373  lr=2.36e-03
  e 18  top1=0.9366  lr=2.36e-03
  e 19  top1=0.9386  lr=2.36e-03
  e 20  top1=0.9394  lr=2.36e-03  | seed_F=0.648  final_F=0.522  gain=-0.126  PR=2.23  dead=0.000
  e 20  loss=0.0339  task=0.0339  safety=0.0000  top1=0.9394  lr=2.36e-03
  → best=0.9394 @ep20  Δ=+0.03pp
     Final haki: {'seed_fisher': 0.648, 'final_fisher': 0.5217, 'routing_gain': -0.1263, 'pr': 2.23, 'dead_frac': 0.0}
──────────────────────────────────────────────────────────────────────────
D_node: mode=node  G=None  extra_params=51,200  total=86,176
  e  1  top1=0.7745  lr=2.36e-03  | seed_F=0.648  final_F=0.548  gain=-0.100  PR=2.29  dead=0.000
  e  1  loss=2.4822  task=2.4822  safety=0.0000  top1=0.7745  lr=2.36e-03
  e  2  top1=0.8609  lr=2.36e-03
  e  3  top1=0.8861  lr=2.36e-03
  e  4  top1=0.8902  lr=2.36e-03
  e  5  top1=0.9157  lr=2.36e-03  | seed_F=0.648  final_F=0.564  gain=-0.084  PR=2.29  dead=0.000
  e  6  top1=0.9129  lr=2.36e-03
  e  7  top1=0.9220  lr=2.36e-03
  e  8  top1=0.9233  lr=2.36e-03
  e  9  top1=0.9195  lr=2.36e-03
  e 10  top1=0.9350  lr=2.36e-03  | seed_F=0.648  final_F=0.538  gain=-0.110  PR=2.26  dead=0.000
  e 10  loss=0.0869  task=0.0869  safety=0.0000  top1=0.9350  lr=2.36e-03
  e 11  top1=0.9338  lr=2.36e-03
  e 12  top1=0.9279  lr=2.36e-03
  e 13  top1=0.9363  lr=2.36e-03
  e 14  top1=0.9325  lr=2.36e-03
  e 15  top1=0.9376  lr=2.36e-03
  e 16  top1=0.9345  lr=2.36e-03
  e 17  top1=0.9381  lr=2.36e-03
  e 18  top1=0.9378  lr=2.36e-03
  e 19  top1=0.9396  lr=2.36e-03
  e 20  top1=0.9373  lr=2.36e-03  | seed_F=0.648  final_F=0.517  gain=-0.131  PR=2.23  dead=0.000
  e 20  loss=0.0336  task=0.0336  safety=0.0000  top1=0.9373  lr=2.36e-03
  → best=0.9396 @ep19  Δ=+0.05pp
     Final haki: {'seed_fisher': 0.648, 'final_fisher': 0.5172, 'routing_gain': -0.1308, 'pr': 2.231, 'dead_frac': 0.0}
──────────────────────────────────────────────────────────────────────────
E_multiout: mode=multiout  G=None  extra_params=409,600  total=444,576
  e  1  top1=0.7098  lr=2.36e-03  | seed_F=0.608  final_F=0.377  gain=-0.230  PR=2.76  dead=0.000
  e  1  loss=2.9719  task=2.9719  safety=0.0000  top1=0.7098  lr=2.36e-03
  e  2  top1=0.8217  lr=2.36e-03
  e  3  top1=0.8499  lr=2.36e-03
  e  4  top1=0.8729  lr=2.36e-03
  e  5  top1=0.8736  lr=2.36e-03  | seed_F=0.608  final_F=0.377  gain=-0.231  PR=2.71  dead=0.000
  e  6  top1=0.8800  lr=2.36e-03
  e  7  top1=0.8973  lr=2.36e-03
  e  8  top1=0.8950  lr=2.36e-03
  e  9  top1=0.8983  lr=2.36e-03
  e 10  top1=0.9045  lr=2.36e-03  | seed_F=0.608  final_F=0.365  gain=-0.243  PR=2.70  dead=0.000
  e 10  loss=0.0778  task=0.0778  safety=0.0000  top1=0.9045  lr=2.36e-03
  e 11  top1=0.9073  lr=2.36e-03
  e 12  top1=0.9093  lr=2.36e-03
  e 13  top1=0.9136  lr=2.36e-03
  e 14  top1=0.9157  lr=2.36e-03
  e 15  top1=0.9141  lr=2.36e-03
  e 16  top1=0.9154  lr=2.36e-03
  e 17  top1=0.9182  lr=2.36e-03
  e 18  top1=0.9159  lr=2.36e-03
  e 19  top1=0.9205  lr=2.36e-03
  e 20  top1=0.9215  lr=2.36e-03  | seed_F=0.608  final_F=0.378  gain=-0.230  PR=2.70  dead=0.000
  e 20  loss=0.0269  task=0.0269  safety=0.0000  top1=0.9215  lr=2.36e-03
  → best=0.9215 @ep20  Δ=-1.76pp
     Final haki: {'seed_fisher': 0.6076, 'final_fisher': 0.3779, 'routing_gain': -0.2298, 'pr': 2.704, 'dead_frac': 0.0}

==========================================================================
STEP 952 SUMMARY — Grouped Input Projection
  (Context: step887 K_in=25 T2 = 0.9638)
==========================================================================
  Config           mode          params     best         Δ   seed_F   finalF     gain     PR  verdict
  Ref              sum           34,976   0.9391    +0.00pp    0.648    0.520   -0.128   2.24  (baseline)
  A_shared         shared        35,001   0.9386    -0.05pp    0.648    0.542   -0.106   2.25  NEUTRAL
  C2_grouped16     grouped       35,376   0.9404    +0.13pp    0.648    0.520   -0.128   2.22  NEUTRAL
  C_grouped64      grouped       36,576   0.9401    +0.10pp    0.648    0.536   -0.112   2.24  NEUTRAL
  B_grouped256     grouped       41,376   0.9394    +0.03pp    0.648    0.522   -0.126   2.23  NEUTRAL
  D_node           node          86,176   0.9396    +0.05pp    0.648    0.517   -0.131   2.23  NEUTRAL
  E_multiout       multiout     444,576   0.9215    -1.76pp    0.608    0.378   -0.230   2.70  KILL

→ /Volumes/T9/IndraAstra/dhiraj/neuro_graph/results/train_step952_grouped_input_proj_t0_seed42__mini_mps.json
