
======================================================================
step961b — ESC-50 large-N at K_in=1 T0 (20ep, 50% data)
  device=mps  epochs=20  seed=42
  K_in=1 (fixed)  D=16  K_hh=2  K_iter=5
  N range: 2048→16384  (step961 showed −14pp at N=2048)
  Linear: 0.4175  |  N2048 ref: 0.3350
======================================================================

────────────────────────────────────────────────────────────
Linear: Linear(384, 50)  params=19,250
  e  1  top1=0.0625  lr=2.98e-03
  e  2  top1=0.1475  lr=2.93e-03
  e  3  top1=0.1625  lr=2.84e-03
  e  4  top1=0.2650  lr=2.71e-03
  e  5  top1=0.2750  lr=2.56e-03
  e  6  top1=0.3200  lr=2.38e-03
  e  7  top1=0.3625  lr=2.18e-03
  e  8  top1=0.3600  lr=1.97e-03
  e  9  top1=0.3575  lr=1.74e-03
  e 10  top1=0.4025  lr=1.51e-03
  e 11  top1=0.4025  lr=1.27e-03
  e 12  top1=0.4050  lr=1.04e-03
  e 13  top1=0.4100  lr=8.26e-04
  e 14  top1=0.4125  lr=6.26e-04
  e 15  top1=0.4100  lr=4.48e-04
  e 16  top1=0.4075  lr=2.96e-04
  e 17  top1=0.4175  lr=1.73e-04
  e 18  top1=0.4175  lr=8.32e-05
  e 19  top1=0.4175  lr=2.84e-05
  e 20  top1=0.4150  lr=1.00e-05
  -> best=0.4175 @ep17  Δ_ref=+8.25pp  Δ_linear=+0.00pp  (linear control)
────────────────────────────────────────────────────────────
N2048: N=2048  K_in=1  cpd=5.3  params=35,616
  e  1  top1=0.0375  lr=2.98e-03
  e  2  top1=0.0675  lr=2.93e-03
  e  3  top1=0.1125  lr=2.84e-03
  e  4  top1=0.1375  lr=2.71e-03
  e  5  top1=0.1775  lr=2.56e-03
  e  6  top1=0.1800  lr=2.38e-03
  e  7  top1=0.2050  lr=2.18e-03
  e  8  top1=0.1925  lr=1.97e-03
  e  9  top1=0.2200  lr=1.74e-03
  e 10  top1=0.2275  lr=1.51e-03
  e 11  top1=0.2375  lr=1.27e-03
  e 12  top1=0.2500  lr=1.04e-03
  e 13  top1=0.2850  lr=8.26e-04
  e 14  top1=0.2700  lr=6.26e-04
  e 15  top1=0.3125  lr=4.48e-04
  e 16  top1=0.3100  lr=2.96e-04
  e 17  top1=0.3125  lr=1.73e-04
  e 18  top1=0.3275  lr=8.32e-05
  e 19  top1=0.3150  lr=2.84e-05
  e 20  top1=0.3200  lr=1.00e-05
  -> best=0.3275 @ep18  Δ_ref=+0.00pp  Δ_linear=-9.00pp  (N=2048 reference)
────────────────────────────────────────────────────────────
N4096: N=4096  K_in=1  cpd=10.7  params=70,432
  e  1  top1=0.0350  lr=2.98e-03
  e  2  top1=0.0775  lr=2.93e-03
  e  3  top1=0.0675  lr=2.84e-03
  e  4  top1=0.1175  lr=2.71e-03
  e  5  top1=0.1200  lr=2.56e-03
  e  6  top1=0.1150  lr=2.38e-03
  e  7  top1=0.1375  lr=2.18e-03
  e  8  top1=0.1950  lr=1.97e-03
  e  9  top1=0.2475  lr=1.74e-03
  e 10  top1=0.2525  lr=1.51e-03
  e 11  top1=0.2350  lr=1.27e-03
  e 12  top1=0.2400  lr=1.04e-03
  e 13  top1=0.2850  lr=8.26e-04
  e 14  top1=0.2725  lr=6.26e-04
  e 15  top1=0.3075  lr=4.48e-04
  e 16  top1=0.3200  lr=2.96e-04
  e 17  top1=0.3200  lr=1.73e-04
  e 18  top1=0.3475  lr=8.32e-05
  e 19  top1=0.3300  lr=2.84e-05
  e 20  top1=0.3275  lr=1.00e-05
  -> best=0.3475 @ep18  Δ_ref=+2.00pp  Δ_linear=-7.00pp  ADVANCE→T1
────────────────────────────────────────────────────────────
N8192: N=8192  K_in=1  cpd=21.3  params=140,064
  e  1  top1=0.0225  lr=2.98e-03
  e  2  top1=0.0325  lr=2.93e-03
  e  3  top1=0.0350  lr=2.84e-03
  e  4  top1=0.0750  lr=2.71e-03
  e  5  top1=0.0650  lr=2.56e-03
  e  6  top1=0.0775  lr=2.38e-03
  e  7  top1=0.0750  lr=2.18e-03
  e  8  top1=0.0925  lr=1.97e-03
  e  9  top1=0.1225  lr=1.74e-03
  e 10  top1=0.1650  lr=1.51e-03
  e 11  top1=0.1550  lr=1.27e-03
  e 12  top1=0.1925  lr=1.04e-03
  e 13  top1=0.1725  lr=8.26e-04
  e 14  top1=0.2025  lr=6.26e-04
  e 15  top1=0.1950  lr=4.48e-04
  e 16  top1=0.2250  lr=2.96e-04
  e 17  top1=0.2500  lr=1.73e-04
  e 18  top1=0.2825  lr=8.32e-05
  e 19  top1=0.2850  lr=2.84e-05
  e 20  top1=0.2925  lr=1.00e-05
  -> best=0.2925 @ep20  Δ_ref=-3.50pp  Δ_linear=-12.50pp  KILL
────────────────────────────────────────────────────────────
N16384: N=16384  K_in=1  cpd=42.7  params=279,328
  e  1  top1=0.0250  lr=2.98e-03
  e  2  top1=0.0225  lr=2.93e-03
  e  3  top1=0.0400  lr=2.84e-03
  e  4  top1=0.0400  lr=2.71e-03
  e  5  top1=0.0500  lr=2.56e-03
  e  6  top1=0.0525  lr=2.38e-03
  e  7  top1=0.0650  lr=2.18e-03
  e  8  top1=0.0700  lr=1.97e-03
  e  9  top1=0.0700  lr=1.74e-03
  e 10  top1=0.0800  lr=1.51e-03
  e 11  top1=0.0825  lr=1.27e-03
  e 12  top1=0.1100  lr=1.04e-03
  e 13  top1=0.0975  lr=8.26e-04
  e 14  top1=0.1575  lr=6.26e-04
  e 15  top1=0.1250  lr=4.48e-04
  e 16  top1=0.1600  lr=2.96e-04
  e 17  top1=0.1950  lr=1.73e-04
  e 18  top1=0.2075  lr=8.32e-05
  e 19  top1=0.2350  lr=2.84e-05
  e 20  top1=0.2450  lr=1.00e-05
  -> best=0.2450 @ep20  Δ_ref=-8.25pp  Δ_linear=-17.25pp  KILL

======================================================================
STEP 961b SUMMARY — ESC-50 large-N at K_in=1 T0
  Linear: 0.4175  |  N2048 ref: 0.3350
======================================================================
  Linear   N=None    cpd=full   best=0.4175  Δ_lin=+0.00pp  (linear control)
  N2048    N=2048    cpd=5.3    best=0.3275  Δ_lin=-9.00pp  (N=2048 reference)
  N4096    N=4096    cpd=10.7   best=0.3475  Δ_lin=-7.00pp  ADVANCE→T1
  N8192    N=8192    cpd=21.3   best=0.2925  Δ_lin=-12.50pp  KILL
  N16384   N=16384   cpd=42.7   best=0.2450  Δ_lin=-17.25pp  KILL

-> /Volumes/T9/IndraAstra/dhiraj/neuro_graph/results/train_step961b_esc50_large_n_kin1_t0_seed42__mini_mps.json
