Dataset loaded into RAM: train=9469  val=3925  (1.34 GB features)

======================================================================
step937 — Z-bias per K_iter T0 (20ep, 50% data)
  device=cpu  epochs=20  seed=42
  N=2048/D=16/K_hh=2/K_iter=5
  AH era ref (step106): +7.42pp at D=64/N=1024/K_iter=12
  Ref context (step907/Ref_dw): 0.9396
======================================================================

────────────────────────────────────────────────────────────
Ref: spec=ref  init=None  params=34,976
  e  1  top1=0.7743  lr=2.36e-03
  e  1  loss=2.4822  task=2.4822  safety=0.0000  top1=0.7743  lr=2.36e-03
  e  2  top1=0.8642  lr=2.36e-03
  e  3  top1=0.8848  lr=2.36e-03
  e  4  top1=0.8963  lr=2.36e-03
  e  5  top1=0.9121  lr=2.36e-03
  e  6  top1=0.9108  lr=2.36e-03
  e  7  top1=0.9152  lr=2.36e-03
  e  8  top1=0.9228  lr=2.36e-03
  e  9  top1=0.9282  lr=2.36e-03
  e 10  top1=0.9335  lr=2.36e-03
  e 10  loss=0.0826  task=0.0826  safety=0.0000  top1=0.9335  lr=2.36e-03
  e 11  top1=0.9307  lr=2.36e-03
  e 12  top1=0.9355  lr=2.36e-03
  e 13  top1=0.9282  lr=2.36e-03
  e 14  top1=0.9348  lr=2.36e-03
  e 15  top1=0.9338  lr=2.36e-03
  e 16  top1=0.9381  lr=2.36e-03
  e 17  top1=0.9361  lr=2.36e-03
  e 18  top1=0.9419  lr=2.36e-03
  e 19  top1=0.9363  lr=2.36e-03
  e 20  top1=0.9411  lr=2.36e-03
  e 20  loss=0.0347  task=0.0347  safety=0.0000  top1=0.9411  lr=2.36e-03
  -> best=0.9419 @ep18  Δ=+0.00pp  105s
────────────────────────────────────────────────────────────
A_z0: spec=zbias  init=0.0  params=35,056
  e  1  top1=0.7743  lr=2.36e-03
  e  1  loss=2.4822  task=2.4822  safety=0.0000  top1=0.7743  lr=2.36e-03
  e  2  top1=0.8647  lr=2.36e-03
  e  3  top1=0.8831  lr=2.36e-03
  e  4  top1=0.8945  lr=2.36e-03
  e  5  top1=0.9131  lr=2.36e-03
  e  6  top1=0.9103  lr=2.36e-03
  e  7  top1=0.9157  lr=2.36e-03
  e  8  top1=0.9213  lr=2.36e-03
  e  9  top1=0.9271  lr=2.36e-03
  e 10  top1=0.9338  lr=2.36e-03
  e 10  loss=0.0821  task=0.0821  safety=0.0000  top1=0.9338  lr=2.36e-03
  e 11  top1=0.9307  lr=2.36e-03
  e 12  top1=0.9332  lr=2.36e-03
  e 13  top1=0.9282  lr=2.36e-03
  e 14  top1=0.9327  lr=2.36e-03
  e 15  top1=0.9343  lr=2.36e-03
  e 16  top1=0.9391  lr=2.36e-03
  e 17  top1=0.9353  lr=2.36e-03
  e 18  top1=0.9419  lr=2.36e-03
  e 19  top1=0.9366  lr=2.36e-03
  e 20  top1=0.9409  lr=2.36e-03
  e 20  loss=0.0345  task=0.0345  safety=0.0000  top1=0.9409  lr=2.36e-03
  -> best=0.9419 @ep18  Δ=+0.00pp  108s
────────────────────────────────────────────────────────────
B_zrnd: spec=zbias  init=0.01  params=35,056
  e  1  top1=0.7684  lr=2.36e-03
  e  1  loss=2.8652  task=2.8652  safety=0.0000  top1=0.7684  lr=2.36e-03
  e  2  top1=0.8545  lr=2.36e-03
  e  3  top1=0.8879  lr=2.36e-03
  e  4  top1=0.9024  lr=2.36e-03
  e  5  top1=0.9080  lr=2.36e-03
  e  6  top1=0.9108  lr=2.36e-03
  e  7  top1=0.9139  lr=2.36e-03
  e  8  top1=0.9266  lr=2.36e-03
  e  9  top1=0.9256  lr=2.36e-03
  e 10  top1=0.9294  lr=2.36e-03
  e 10  loss=0.0815  task=0.0815  safety=0.0000  top1=0.9294  lr=2.36e-03
  e 11  top1=0.9330  lr=2.36e-03
  e 12  top1=0.9335  lr=2.36e-03
  e 13  top1=0.9325  lr=2.36e-03
  e 14  top1=0.9353  lr=2.36e-03
  e 15  top1=0.9368  lr=2.36e-03
  e 16  top1=0.9355  lr=2.36e-03
  e 17  top1=0.9366  lr=2.36e-03
  e 18  top1=0.9399  lr=2.36e-03
  e 19  top1=0.9411  lr=2.36e-03
  e 20  top1=0.9432  lr=2.36e-03
  e 20  loss=0.0345  task=0.0345  safety=0.0000  top1=0.9432  lr=2.36e-03
  -> best=0.9432 @ep20  Δ=+0.13pp  111s

======================================================================
STEP 937 SUMMARY — Z-bias per K_iter T0
======================================================================
  Ref        params=34,976  best=0.9419  Δ=+0.00pp  (baseline)
  A_z0       params=35,056  best=0.9419  Δ=+0.00pp  NEUTRAL
  B_zrnd     params=35,056  best=0.9432  Δ=+0.13pp  NEUTRAL

-> /Volumes/T9/IndraAstra/dhiraj/neuro_graph/results/train_step937_zbias_kiter_t0_seed42__mini_cpu.json
