Dataset loaded into RAM: train=50000  val=10000  (6.02 GB features)

======================================================================
step930 — CIFAR-100 K_hh×K_iter Scout T0 (20ep, 50% data, N=4096)
  device=mps  epochs=20  seed=42
  D=16  K_in=15  N=4096  N_IN=25088  N_OUT=100
  step905 refs: Linear=0.6478  N4096=0.4057
  Question: does deeper/denser routing improve CIFAR-100?
======================================================================

────────────────────────────────────────────────────────────
Linear: Linear  params=2,508,900
  e  1  top1=0.5261  lr=2.98e-03
  e  2  top1=0.5310  lr=2.93e-03
  e  3  top1=0.5416  lr=2.84e-03
  e  4  top1=0.5563  lr=2.71e-03
  e  5  top1=0.5561  lr=2.56e-03
  e  6  top1=0.5560  lr=2.38e-03
  e  7  top1=0.5590  lr=2.18e-03
  e  8  top1=0.5661  lr=1.97e-03
  e  9  top1=0.5779  lr=1.74e-03
  e 10  top1=0.5768  lr=1.51e-03
  e 11  top1=0.5912  lr=1.27e-03
  e 12  top1=0.5938  lr=1.04e-03
  e 13  top1=0.5941  lr=8.26e-04
  e 14  top1=0.6017  lr=6.26e-04
  e 15  top1=0.6026  lr=4.48e-04
  e 16  top1=0.6030  lr=2.96e-04
  e 17  top1=0.6029  lr=1.73e-04
  e 18  top1=0.6022  lr=8.32e-05
  e 19  top1=0.6025  lr=2.84e-05
  e 20  top1=0.6026  lr=1.00e-05
  → best=0.6030 @ep16  +0.00pp  20s
────────────────────────────────────────────────────────────
K1I3: K_hh=1  K_iter=3  params=71,232
  e  1  top1=0.0776  lr=2.98e-03
  e  2  top1=0.1189  lr=2.93e-03
  e  3  top1=0.1516  lr=2.84e-03
  e  4  top1=0.1956  lr=2.71e-03
  e  5  top1=0.1957  lr=2.56e-03
  e  6  top1=0.2033  lr=2.38e-03
  e  7  top1=0.2138  lr=2.18e-03
  e  8  top1=0.2296  lr=1.97e-03
  e  9  top1=0.2336  lr=1.74e-03
  e 10  top1=0.2315  lr=1.51e-03
  e 11  top1=0.2456  lr=1.27e-03
  e 12  top1=0.2699  lr=1.04e-03
  e 13  top1=0.2739  lr=8.26e-04
  e 14  top1=0.2859  lr=6.26e-04
  e 15  top1=0.2940  lr=4.48e-04
  e 16  top1=0.3055  lr=2.96e-04
  e 17  top1=0.3097  lr=1.73e-04
  e 18  top1=0.3175  lr=8.32e-05
  e 19  top1=0.3230  lr=2.84e-05
  e 20  top1=0.3227  lr=1.00e-05
  → best=0.3230 @ep19  -28.00pp  280s
────────────────────────────────────────────────────────────
K1I5: K_hh=1  K_iter=5  params=71,232
  e  1  top1=0.1064  lr=2.98e-03
  e  2  top1=0.1349  lr=2.93e-03
  e  3  top1=0.1983  lr=2.84e-03
  e  4  top1=0.2051  lr=2.71e-03
  e  5  top1=0.2083  lr=2.56e-03
  e  6  top1=0.2090  lr=2.38e-03
  e  7  top1=0.2370  lr=2.18e-03
  e  8  top1=0.2552  lr=1.97e-03
  e  9  top1=0.2552  lr=1.74e-03
  e 10  top1=0.2765  lr=1.51e-03
  e 11  top1=0.2836  lr=1.27e-03
  e 12  top1=0.3106  lr=1.04e-03
  e 13  top1=0.3227  lr=8.26e-04
  e 14  top1=0.3324  lr=6.26e-04
  e 15  top1=0.3393  lr=4.48e-04
  e 16  top1=0.3484  lr=2.96e-04
  e 17  top1=0.3564  lr=1.73e-04
  e 18  top1=0.3673  lr=8.32e-05
  e 19  top1=0.3720  lr=2.84e-05
  e 20  top1=0.3740  lr=1.00e-05
  → best=0.3740 @ep20  -22.90pp  439s
────────────────────────────────────────────────────────────
K1I7: K_hh=1  K_iter=7  params=71,232
  e  1  top1=0.0821  lr=2.98e-03
  e  2  top1=0.0917  lr=2.93e-03
  e  3  top1=0.1401  lr=2.84e-03
  e  4  top1=0.1399  lr=2.71e-03
  e  5  top1=0.1587  lr=2.56e-03
  e  6  top1=0.1638  lr=2.38e-03
  e  7  top1=0.1802  lr=2.18e-03
  e  8  top1=0.1724  lr=1.97e-03
  e  9  top1=0.1811  lr=1.74e-03
  e 10  top1=0.2030  lr=1.51e-03
  e 11  top1=0.2372  lr=1.27e-03
  e 12  top1=0.2630  lr=1.04e-03
  e 13  top1=0.2802  lr=8.26e-04
  e 14  top1=0.2884  lr=6.26e-04
  e 15  top1=0.3068  lr=4.48e-04
  e 16  top1=0.3243  lr=2.96e-04
  e 17  top1=0.3348  lr=1.73e-04
  e 18  top1=0.3483  lr=8.32e-05
  e 19  top1=0.3525  lr=2.84e-05
  e 20  top1=0.3560  lr=1.00e-05
  → best=0.3560 @ep20  -24.70pp  606s
────────────────────────────────────────────────────────────
K2I3: K_hh=2  K_iter=3  params=71,232
  e  1  top1=0.0981  lr=2.98e-03
  e  2  top1=0.1343  lr=2.93e-03
  e  3  top1=0.1893  lr=2.84e-03
  e  4  top1=0.2143  lr=2.71e-03
  e  5  top1=0.2224  lr=2.56e-03
  e  6  top1=0.2478  lr=2.38e-03
  e  7  top1=0.2374  lr=2.18e-03
  e  8  top1=0.2647  lr=1.97e-03
  e  9  top1=0.2717  lr=1.74e-03
  e 10  top1=0.2833  lr=1.51e-03
  e 11  top1=0.2965  lr=1.27e-03
  e 12  top1=0.3142  lr=1.04e-03
  e 13  top1=0.3158  lr=8.26e-04
  e 14  top1=0.3354  lr=6.26e-04
  e 15  top1=0.3324  lr=4.48e-04
  e 16  top1=0.3501  lr=2.96e-04
  e 17  top1=0.3521  lr=1.73e-04
  e 18  top1=0.3606  lr=8.32e-05
  e 19  top1=0.3639  lr=2.84e-05
  e 20  top1=0.3636  lr=1.00e-05
  → best=0.3639 @ep19  -23.91pp  372s
────────────────────────────────────────────────────────────
K2I5: K_hh=2  K_iter=5  params=71,232
  e  1  top1=0.1259  lr=2.98e-03
  e  2  top1=0.1769  lr=2.93e-03
  e  3  top1=0.2266  lr=2.84e-03
  e  4  top1=0.2273  lr=2.71e-03
  e  5  top1=0.2185  lr=2.56e-03
  e  6  top1=0.2187  lr=2.38e-03
  e  7  top1=0.2588  lr=2.18e-03
  e  8  top1=0.2816  lr=1.97e-03
  e  9  top1=0.2989  lr=1.74e-03
  e 10  top1=0.3073  lr=1.51e-03
  e 11  top1=0.3128  lr=1.27e-03
  e 12  top1=0.3350  lr=1.04e-03
  e 13  top1=0.3472  lr=8.26e-04
  e 14  top1=0.3589  lr=6.26e-04
  e 15  top1=0.3705  lr=4.48e-04
  e 16  top1=0.3857  lr=2.96e-04
  e 17  top1=0.3984  lr=1.73e-04
  e 18  top1=0.4038  lr=8.32e-05
  e 19  top1=0.4058  lr=2.84e-05
  e 20  top1=0.4085  lr=1.00e-05
  → best=0.4085 @ep20  -19.45pp  605s
────────────────────────────────────────────────────────────
K2I7: K_hh=2  K_iter=7  params=71,232
  e  1  top1=0.0876  lr=2.98e-03
  e  2  top1=0.1136  lr=2.93e-03
  e  3  top1=0.1338  lr=2.84e-03
  e  4  top1=0.1596  lr=2.71e-03
  e  5  top1=0.1640  lr=2.56e-03
  e  6  top1=0.1594  lr=2.38e-03
  e  7  top1=0.1840  lr=2.18e-03
  e  8  top1=0.2007  lr=1.97e-03
  e  9  top1=0.2250  lr=1.74e-03
  e 10  top1=0.2375  lr=1.51e-03
  e 11  top1=0.2618  lr=1.27e-03
  e 12  top1=0.2866  lr=1.04e-03
  e 13  top1=0.3243  lr=8.26e-04
  e 14  top1=0.3340  lr=6.26e-04
  e 15  top1=0.3425  lr=4.48e-04
  e 16  top1=0.3685  lr=2.96e-04
  e 17  top1=0.3744  lr=1.73e-04
  e 18  top1=0.3881  lr=8.32e-05
  e 19  top1=0.3934  lr=2.84e-05
  e 20  top1=0.3962  lr=1.00e-05
  → best=0.3962 @ep20  -20.68pp  839s
────────────────────────────────────────────────────────────
K4I3: K_hh=4  K_iter=3  params=71,232
  e  1  top1=0.1050  lr=2.98e-03
  e  2  top1=0.1522  lr=2.93e-03
  e  3  top1=0.2089  lr=2.84e-03
  e  4  top1=0.2327  lr=2.71e-03
  e  5  top1=0.2532  lr=2.56e-03
  e  6  top1=0.2554  lr=2.38e-03
  e  7  top1=0.2658  lr=2.18e-03
  e  8  top1=0.2761  lr=1.97e-03
  e  9  top1=0.2946  lr=1.74e-03
  e 10  top1=0.2975  lr=1.51e-03
  e 11  top1=0.3100  lr=1.27e-03
  e 12  top1=0.3350  lr=1.04e-03
  e 13  top1=0.3377  lr=8.26e-04
  e 14  top1=0.3441  lr=6.26e-04
  e 15  top1=0.3528  lr=4.48e-04
  e 16  top1=0.3638  lr=2.96e-04
  e 17  top1=0.3766  lr=1.73e-04
  e 18  top1=0.3782  lr=8.32e-05
  e 19  top1=0.3811  lr=2.84e-05
  e 20  top1=0.3870  lr=1.00e-05
  → best=0.3870 @ep20  -21.60pp  557s
────────────────────────────────────────────────────────────
K4I5: K_hh=4  K_iter=5  params=71,232
  e  1  top1=0.1187  lr=2.98e-03
  e  2  top1=0.1587  lr=2.93e-03
  e  3  top1=0.2095  lr=2.84e-03
  e  4  top1=0.2394  lr=2.71e-03
  e  5  top1=0.2501  lr=2.56e-03
  e  6  top1=0.2484  lr=2.38e-03
  e  7  top1=0.2782  lr=2.18e-03
  e  8  top1=0.2971  lr=1.97e-03
  e  9  top1=0.3113  lr=1.74e-03
  e 10  top1=0.3173  lr=1.51e-03
  e 11  top1=0.3335  lr=1.27e-03
  e 12  top1=0.3511  lr=1.04e-03
  e 13  top1=0.3684  lr=8.26e-04
  e 14  top1=0.3800  lr=6.26e-04
  e 15  top1=0.3855  lr=4.48e-04
  e 16  top1=0.4009  lr=2.96e-04
  e 17  top1=0.4068  lr=1.73e-04
  e 18  top1=0.4109  lr=8.32e-05
  e 19  top1=0.4151  lr=2.84e-05
  e 20  top1=0.4201  lr=1.00e-05
  → best=0.4201 @ep20  -18.29pp  913s
────────────────────────────────────────────────────────────
K4I7: K_hh=4  K_iter=7  params=71,232
  e  1  top1=0.0770  lr=2.98e-03
  e  2  top1=0.0898  lr=2.93e-03
  e  3  top1=0.1414  lr=2.84e-03
  e  4  top1=0.1466  lr=2.71e-03
  e  5  top1=0.1631  lr=2.56e-03
  e  6  top1=0.1542  lr=2.38e-03
  e  7  top1=0.1887  lr=2.18e-03
  e  8  top1=0.2150  lr=1.97e-03
  e  9  top1=0.2432  lr=1.74e-03
  e 10  top1=0.2687  lr=1.51e-03
  e 11  top1=0.2911  lr=1.27e-03
  e 12  top1=0.3085  lr=1.04e-03
  e 13  top1=0.3259  lr=8.26e-04
  e 14  top1=0.3582  lr=6.26e-04
  e 15  top1=0.3704  lr=4.48e-04
  e 16  top1=0.3819  lr=2.96e-04
  e 17  top1=0.3930  lr=1.73e-04
  e 18  top1=0.4060  lr=8.32e-05
  e 19  top1=0.4125  lr=2.84e-05
  e 20  top1=0.4174  lr=1.00e-05
  → best=0.4174 @ep20  -18.56pp  1269s

======================================================================
STEP 930 SUMMARY — CIFAR-100 K_hh×K_iter Scout T0
======================================================================
  step905 T1 ref: N4096=0.4057  Linear=0.6478
  Config     K_hh  K_iter    best   Δ vs Linear  verdict
  ─────────────────────────────────────────────────────────────────
  Linear      N/A     N/A  0.6030       +0.00pp  BEST CIFAR-100 so far → T1 candidate
  K1I3          1       3  0.3230      -28.00pp  below canonical
  K1I5          1       5  0.3740      -22.90pp  below canonical
  K1I7          1       7  0.3560      -24.70pp  below canonical
  K2I3          2       3  0.3639      -23.91pp  below canonical
  K2I5          2       5  0.4085      -19.45pp  within ±2pp of canonical
  K2I7          2       7  0.3962      -20.68pp  within ±2pp of canonical
  K4I3          4       3  0.3870      -21.60pp  within ±2pp of canonical
  K4I5          4       5  0.4201      -18.29pp  BEST CIFAR-100 so far → T1 candidate
  K4I7          4       7  0.4174      -18.56pp  within ±2pp of canonical

-> /Volumes/T9/IndraAstra/dhiraj/neuro_graph/results/train_step930_cifar100_khh_kiter_scout_t0_seed42__mini_mps.json
