Device: mps  Epochs: 120  D=16  encoding=fourier
Goal: isolate theta / reflection / turing contributions at D=16
Dataset loaded into RAM: train=9469  val=3925  (1.34 GB features)
Dataset: train=9469  val=3925  (in-memory, data/store.h5)

=================================================================
A. theta only       D=16 fourier dynamic_z  (reflect=0.0 turing=0.0)
=================================================================
  e  1  loss=3.4332  task=3.4149  safety=0.0314  top1=0.1549  lr=2.36e-03
  e 10  loss=2.1250  task=2.1239  safety=0.0020  top1=0.1620  lr=2.36e-03
  e 20  loss=2.1097  task=2.1084  safety=0.0022  top1=0.1975  lr=2.36e-03
  e 30  loss=2.0939  task=2.0925  safety=0.0024  top1=0.2071  lr=2.36e-03
  e 40  loss=2.0838  task=2.0823  safety=0.0027  top1=0.1674  lr=2.36e-03
  e 50  loss=2.0705  task=2.0689  safety=0.0029  top1=0.2087  lr=2.36e-03
  e 60  loss=2.0650  task=2.0632  safety=0.0030  top1=0.2308  lr=2.36e-03
  e 70  loss=2.0588  task=2.0568  safety=0.0033  top1=0.2367  lr=2.36e-03
  e 80  loss=2.0519  task=2.0499  safety=0.0035  top1=0.2318  lr=2.36e-03
  e 90  loss=2.0493  task=2.0472  safety=0.0035  top1=0.2324  lr=2.36e-03
  e100  loss=2.0447  task=2.0426  safety=0.0036  top1=0.2797  lr=2.36e-03
  e110  loss=2.0433  task=2.0411  safety=0.0038  top1=0.2634  lr=2.36e-03
  e120  loss=2.0396  task=2.0374  safety=0.0039  top1=0.2611  lr=2.36e-03
  top1_best=0.2838  best_ep=99  task=2.037  t=360s

=================================================================
B. theta+reflect    D=16 fourier dynamic_z  (reflect=0.3 turing=0.0)
=================================================================
  e  1  loss=3.3332  task=3.3150  safety=0.0313  top1=0.1373  lr=2.36e-03
  e 10  loss=2.1325  task=2.1313  safety=0.0019  top1=0.1580  lr=2.36e-03
  e 20  loss=2.1149  task=2.1136  safety=0.0022  top1=0.1712  lr=2.36e-03
  e 30  loss=2.0975  task=2.0961  safety=0.0025  top1=0.1885  lr=2.36e-03
  e 40  loss=2.0880  task=2.0865  safety=0.0026  top1=0.2048  lr=2.36e-03
  e 50  loss=2.0809  task=2.0793  safety=0.0029  top1=0.2443  lr=2.36e-03
  e 60  loss=2.0698  task=2.0681  safety=0.0030  top1=0.2257  lr=2.36e-03
  e 70  loss=2.0642  task=2.0623  safety=0.0032  top1=0.2471  lr=2.36e-03
  e 80  loss=2.0574  task=2.0554  safety=0.0034  top1=0.2362  lr=2.36e-03
  e 90  loss=2.0527  task=2.0507  safety=0.0034  top1=0.2082  lr=2.36e-03
  e100  loss=2.0485  task=2.0465  safety=0.0034  top1=0.2461  lr=2.36e-03
  e110  loss=2.0464  task=2.0444  safety=0.0035  top1=0.2622  lr=2.36e-03
  e120  loss=2.0428  task=2.0407  safety=0.0036  top1=0.2316  lr=2.36e-03
  top1_best=0.2790  best_ep=81  task=2.041  t=258s

=================================================================
C. theta+turing     D=16 fourier dynamic_z  (reflect=0.0 turing=0.3)
=================================================================
  e  1  loss=3.4924  task=3.4741  safety=0.0314  top1=0.1460  lr=2.36e-03
  e 10  loss=2.1280  task=2.1269  safety=0.0019  top1=0.1590  lr=2.36e-03
  e 20  loss=2.1094  task=2.1082  safety=0.0020  top1=0.1857  lr=2.36e-03
  e 30  loss=2.0926  task=2.0913  safety=0.0022  top1=0.1913  lr=2.36e-03
  e 40  loss=2.0818  task=2.0804  safety=0.0024  top1=0.1957  lr=2.36e-03
  e 50  loss=2.0700  task=2.0685  safety=0.0026  top1=0.2064  lr=2.36e-03
  e 60  loss=2.0659  task=2.0644  safety=0.0027  top1=0.2239  lr=2.36e-03
  e 70  loss=2.0600  task=2.0583  safety=0.0029  top1=0.2369  lr=2.36e-03
  e 80  loss=2.0573  task=2.0555  safety=0.0031  top1=0.2211  lr=2.36e-03
  e 90  loss=2.0534  task=2.0515  safety=0.0033  top1=0.2418  lr=2.36e-03
  e100  loss=2.0515  task=2.0496  safety=0.0034  top1=0.2446  lr=2.36e-03
  e110  loss=2.0472  task=2.0452  safety=0.0034  top1=0.2275  lr=2.36e-03
  e120  loss=2.0425  task=2.0404  safety=0.0035  top1=0.2214  lr=2.36e-03
  top1_best=0.2550  best_ep=117  task=2.042  t=665s

=================================================================
D. full routing     D=16 fourier dynamic_z  (reflect=0.3 turing=0.3)
=================================================================
  e  1  loss=3.3817  task=3.3635  safety=0.0314  top1=0.1394  lr=2.36e-03
  e 10  loss=2.1303  task=2.1293  safety=0.0018  top1=0.1671  lr=2.36e-03
  e 20  loss=2.1114  task=2.1102  safety=0.0020  top1=0.1789  lr=2.36e-03
  e 30  loss=2.0976  task=2.0964  safety=0.0022  top1=0.1832  lr=2.36e-03
  e 40  loss=2.0869  task=2.0855  safety=0.0024  top1=0.1977  lr=2.36e-03
  e 50  loss=2.0807  task=2.0792  safety=0.0025  top1=0.2166  lr=2.36e-03
  e 60  loss=2.0698  task=2.0682  safety=0.0027  top1=0.2255  lr=2.36e-03
  e 70  loss=2.0674  task=2.0658  safety=0.0028  top1=0.2076  lr=2.36e-03
  e 80  loss=2.0613  task=2.0595  safety=0.0031  top1=0.2252  lr=2.36e-03
  e 90  loss=2.0551  task=2.0533  safety=0.0032  top1=0.2219  lr=2.36e-03
  e100  loss=2.0515  task=2.0496  safety=0.0033  top1=0.2352  lr=2.36e-03
  e110  loss=2.0498  task=2.0478  safety=0.0034  top1=0.2535  lr=2.36e-03
  e120  loss=2.0484  task=2.0463  safety=0.0035  top1=0.2377  lr=2.36e-03
  top1_best=0.2535  best_ep=110  task=2.046  t=455s

Saved -> results/train_step10a_routing_ablation_d16.json

-- Routing component ablation at D=16 (ref: enc-sweep 27.54%) ------
  Config                                                             top1_best    vs_ref    t(s)
  -----------------------------------------------------------------  ---------  --------  ------
  A                                                                     0.2838   +0.0084     360
  B                                                                     0.2790   +0.0036     258
  C                                                                     0.2550   -0.0204     665
  D                                                                     0.2535   -0.0219     455

  theta-only baseline (A): 0.2838
  reflect contribution:    -0.0048
  turing contribution:     -0.0288
  both together (D):       -0.0303
