
======================================================================
Step 219 — Anti-Preferential Topology (Tier-0 scouts)
N=2048 D=16 K_hh=2 K_iter=5 | 20ep 50% data
FLOPs=983,040 (~0.98M) — same for all configs
Question: does uniform out-degree beat small-world at K_hh=2?
Running: ['Ref', 'A', 'B', 'C']
======================================================================

────────────────────────────────────────────────────────────
TOPOLOGY ANALYSIS
────────────────────────────────────────────────────────────
  Topology 'small-world':
    Out-degree: mean=2.00 std=1.36 min=0 max=8
    Dead-ends (out_deg=0): 256 (12.5%)
    Neuron 0 reach @ K_iter=5: 108/2048 (5.3%)
    Neuron 0 total reach: 2048/2048 (100.0%)
    Graph diameter from neuron 0: 14 hops
  Topology 'anti-preferential':
    Out-degree: mean=2.00 std=0.98 min=0 max=6
    Dead-ends (out_deg=0): 62 (3.0%)
    Neuron 0 reach @ K_iter=5: 15/2048 (0.7%)
    Neuron 0 total reach: 2048/2048 (100.0%)
    Graph diameter from neuron 0: 15 hops
  Topology 'anti-pref+coverage':
    Out-degree: mean=2.00 std=0.84 min=1 max=5
    Dead-ends (out_deg=0): 0 (0.0%)
    Neuron 0 reach @ K_iter=5: 27/2048 (1.3%)
    Neuron 0 total reach: 2048/2048 (100.0%)
    Graph diameter from neuron 0: 15 hops
  Topology 'uniform-random':
    Out-degree: mean=2.00 std=1.43 min=0 max=11
    Dead-ends (out_deg=0): 302 (14.7%)
    Neuron 0 reach @ K_iter=5: 143/2048 (7.0%)
    Neuron 0 total reach: 2048/2048 (100.0%)
    Graph diameter from neuron 0: 12 hops
Dataset loaded into RAM: train=9469  val=3925  (1.34 GB features)

────────────────────────────────────────────────────────────
Config Ref: small-world (K_local=1, K_random=1)
────────────────────────────────────────────────────────────
  params=67,744
  e  1  loss=6.1136  task=6.1136  safety=0.0000  top1=0.3656  lr=2.36e-03
  e 10  loss=0.3987  task=0.3987  safety=0.0000  top1=0.8889  lr=2.36e-03
  e 20  loss=0.2769  task=0.2769  safety=0.0000  top1=0.9131  lr=2.36e-03
  → best=0.9172 @ ep18  (103s)

────────────────────────────────────────────────────────────
Config A: anti-preferential (no coverage guarantee)
────────────────────────────────────────────────────────────
  params=67,744
  e  1  loss=4.1977  task=4.1977  safety=0.0000  top1=0.4436  lr=2.36e-03
  e 10  loss=0.3780  task=0.3780  safety=0.0000  top1=0.8976  lr=2.36e-03
  e 20  loss=0.2646  task=0.2646  safety=0.0000  top1=0.9182  lr=2.36e-03
  → best=0.9182 @ ep20  (104s)

────────────────────────────────────────────────────────────
Config B: anti-preferential + guaranteed coverage (no dead-ends)
────────────────────────────────────────────────────────────
  params=67,744
  e  1  loss=4.1336  task=4.1336  safety=0.0000  top1=0.4815  lr=2.36e-03
  e 10  loss=0.3659  task=0.3659  safety=0.0000  top1=0.8848  lr=2.36e-03
  e 20  loss=0.2525  task=0.2525  safety=0.0000  top1=0.9185  lr=2.36e-03
  → best=0.9187 @ ep18  (103s)

────────────────────────────────────────────────────────────
Config C: pure uniform random (no group structure)
────────────────────────────────────────────────────────────
  params=67,744
  e  1  loss=4.4497  task=4.4497  safety=0.0000  top1=0.4617  lr=2.36e-03
  e 10  loss=0.3817  task=0.3817  safety=0.0000  top1=0.8856  lr=2.36e-03
  e 20  loss=0.2717  task=0.2717  safety=0.0000  top1=0.8971  lr=2.36e-03
  → best=0.9088 @ ep19  (103s)

======================================================================
STEP 219 SUMMARY — Topology comparison
======================================================================
  Ref: 0.9172  dead=12.5%  reach@5=5.3%
  A: 0.9182  Δ=+0.0010  dead=3.0%  reach@5=0.7%
  B: 0.9187  Δ=+0.0015  dead=0.0%  reach@5=1.3%
  C: 0.9088  Δ=-0.0084  dead=14.7%  reach@5=7.0%

→ /Volumes/T9/IndraAstra/dhiraj/neuro_graph/results/train_step219_antipreferential_topology.json
