Dataset loaded into RAM: train=9469  val=3925  (1.34 GB features)
Dataset loaded into RAM: train=18938  val=3925  (2.29 GB features)
Step 271 — K_in=15 + aug compound (T1: 75ep, 50% data)
  device=mps  seed=42  N=2048  D=16  K_iter=5
  Train=4734  Val=3925

────────────────────────────────────────────────────────────
Ref: K_in=25 no-aug (step199 ref)
  K_in=25  aug=no  seed_MACs=51,200  params=34,976
  e  1  loss=6.0760  task=6.0760  safety=0.0000  top1=0.4005  lr=2.36e-03
  e 10  loss=0.3904  task=0.3904  safety=0.0000  top1=0.9006  lr=2.36e-03
  e 20  loss=0.2770  task=0.2770  safety=0.0000  top1=0.9182  lr=2.36e-03
  ep 25  val=0.9101
  e 30  loss=0.2265  task=0.2265  safety=0.0000  top1=0.9233  lr=2.36e-03
  e 40  loss=0.2033  task=0.2033  safety=0.0000  top1=0.9152  lr=2.36e-03
  ep 50  val=0.9200
  e 50  loss=0.1857  task=0.1857  safety=0.0000  top1=0.9200  lr=2.36e-03
  e 60  loss=0.1708  task=0.1708  safety=0.0000  top1=0.9335  lr=2.36e-03
  e 70  loss=0.1576  task=0.1576  safety=0.0000  top1=0.9307  lr=2.36e-03
  ep 75  val=0.9332
  → Ref  best=0.9386 @ep72  Δ=+0.00pp  256s
────────────────────────────────────────────────────────────
A_k15: K_in=15 no-aug (step632: −0.33pp)
  K_in=15  aug=no  seed_MACs=30,720  params=34,976
  e  1  loss=6.1864  task=6.1864  safety=0.0000  top1=0.3009  lr=2.36e-03
  e 10  loss=0.4343  task=0.4343  safety=0.0000  top1=0.8772  lr=2.36e-03
  e 20  loss=0.3044  task=0.3044  safety=0.0000  top1=0.9083  lr=2.36e-03
  ep 25  val=0.9182
  e 30  loss=0.2439  task=0.2439  safety=0.0000  top1=0.9141  lr=2.36e-03
  e 40  loss=0.2244  task=0.2244  safety=0.0000  top1=0.9220  lr=2.36e-03
  ep 50  val=0.9233
  e 50  loss=0.1964  task=0.1964  safety=0.0000  top1=0.9233  lr=2.36e-03
  e 60  loss=0.1808  task=0.1808  safety=0.0000  top1=0.9338  lr=2.36e-03
  e 70  loss=0.1669  task=0.1669  safety=0.0000  top1=0.9353  lr=2.36e-03
  ep 75  val=0.9276
  → A_k15  best=0.9399 @ep72  Δ=+0.13pp  255s
────────────────────────────────────────────────────────────
B_aug: K_in=25 + aug (step269 C: +0.66pp T2)
  K_in=25  aug=yes  seed_MACs=51,200  params=34,976
  e  1  loss=3.6942  task=3.6942  safety=0.0000  top1=0.6627  lr=2.36e-03
  e 10  loss=0.2849  task=0.2849  safety=0.0000  top1=0.9246  lr=2.36e-03
  e 20  loss=0.2121  task=0.2121  safety=0.0000  top1=0.9266  lr=2.36e-03
  ep 25  val=0.9330
  e 30  loss=0.1843  task=0.1843  safety=0.0000  top1=0.9381  lr=2.36e-03
  e 40  loss=0.1583  task=0.1583  safety=0.0000  top1=0.9417  lr=2.36e-03
  ep 50  val=0.9409
  e 50  loss=0.1465  task=0.1465  safety=0.0000  top1=0.9409  lr=2.36e-03
  e 60  loss=0.1377  task=0.1377  safety=0.0000  top1=0.9409  lr=2.36e-03
  e 70  loss=0.1398  task=0.1398  safety=0.0000  top1=0.9317  lr=2.36e-03
  ep 75  val=0.9427
  → B_aug  best=0.9462 @ep63  Δ=+0.76pp  453s
────────────────────────────────────────────────────────────
C_k15_aug: K_in=15 + aug (compound: efficiency + accuracy)
  K_in=15  aug=yes  seed_MACs=30,720  params=34,976
  e  1  loss=3.7799  task=3.7799  safety=0.0000  top1=0.6346  lr=2.36e-03
  e 10  loss=0.3198  task=0.3198  safety=0.0000  top1=0.9200  lr=2.36e-03
  e 20  loss=0.2327  task=0.2327  safety=0.0000  top1=0.9236  lr=2.36e-03
  ep 25  val=0.9348
  e 30  loss=0.1947  task=0.1947  safety=0.0000  top1=0.9391  lr=2.36e-03
  e 40  loss=0.1801  task=0.1801  safety=0.0000  top1=0.9391  lr=2.36e-03
  ep 50  val=0.9417
  e 50  loss=0.1652  task=0.1652  safety=0.0000  top1=0.9417  lr=2.36e-03
  e 60  loss=0.1482  task=0.1482  safety=0.0000  top1=0.9399  lr=2.36e-03
  e 70  loss=0.1525  task=0.1525  safety=0.0000  top1=0.9307  lr=2.36e-03
  ep 75  val=0.9447
  → C_k15_aug  best=0.9455 @ep66  Δ=+0.69pp  449s

============================================================
STEP 271 SUMMARY — K_in=15 + aug compound (T1)
────────────────────────────────────────────────────────────
  Ref            K_in=25 aug=n  best=0.9386  Δ_ref=+0.00pp  Δ_199=-1.66pp  ADVANCE
  A_k15          K_in=15 aug=n  best=0.9399  Δ_ref=+0.13pp  Δ_199=-1.53pp  ADVANCE
  B_aug          K_in=25 aug=y  best=0.9462  Δ_ref=+0.76pp  Δ_199=-0.90pp  ADVANCE
  C_k15_aug      K_in=15 aug=y  best=0.9455  Δ_ref=+0.69pp  Δ_199=-0.97pp  ADVANCE

  C_k15_aug verdict: COMPOUND ADVANCE  (1.7× seed FLOP reduction)
