
======================================================================
Step 182 — N=2048 D=16 K_hh=4 scratch Tier-1 (50% data 75ep)
N=2048  D=16  K_hh=4  K_iter=8  α=1.0  Data=50%  Epochs=75
FLOPs=3,145,728 (~3.15M) — 49% BELOW 6.18M budget
step180 ref (D=20 Tier-1): 94.14% @ ~3.93M → Tier-2 ~95%+ (step181 running)
step177 ref: 95.13% @ ~4.72M FLOPs (confirmed phase exit)
Phase-exit target: ≥95% @ FLOPs ~3.15M (new record if Tier-2 succeeds)
======================================================================
  params=67,744
Dataset loaded into RAM: train=9469  val=3925  (1.34 GB features)
  e  1  loss=2.1325  task=2.1325  safety=0.0000  top1=0.6451  lr=2.36e-03
  ep 10  val=0.8843
  e 10  loss=0.2707  task=0.2707  safety=0.0000  top1=0.8843  lr=2.36e-03
  ep 20  val=0.9088
  e 20  loss=0.1784  task=0.1784  safety=0.0000  top1=0.9088  lr=2.36e-03
  ep 30  val=0.9243
  e 30  loss=0.1437  task=0.1437  safety=0.0000  top1=0.9243  lr=2.36e-03
  ep 40  val=0.9236
  e 40  loss=0.1168  task=0.1168  safety=0.0000  top1=0.9236  lr=2.36e-03
  ep 50  val=0.9366
  e 50  loss=0.0984  task=0.0984  safety=0.0000  top1=0.9366  lr=2.36e-03
  ep 60  val=0.9248
  e 60  loss=0.0995  task=0.0995  safety=0.0000  top1=0.9248  lr=2.36e-03
  ep 70  val=0.9225
  e 70  loss=0.0853  task=0.0853  safety=0.0000  top1=0.9225  lr=2.36e-03

======================================================================
STEP 182: 0.9396  vs_step180=-0.0018  FLOPs=3.15M  ✓ Tier-2 viable!
best_ep=74  params=67,744
Results → /Users/admin/ml/dhiraj/qwen2_omni/testing/results/train_step182_n2048_d16_tier1.json
======================================================================
