
======================================================================
step929 — ESC-50 K_hh×K_iter Scout T0 (20ep, 50% data, D=8, K_in=25)
  device=cpu  epochs=20  seed=42
  step928 refs: Linear=0.4775  best(A_D8)=0.3625
  Question: does connectivity depth close the audio gap?
======================================================================

────────────────────────────────────────────────────────────
Linear: Linear  params=19,250
  e  1  top1=0.0825  lr=2.98e-03
  e  2  top1=0.2675  lr=2.93e-03
  e  3  top1=0.2550  lr=2.84e-03
  e  4  top1=0.3250  lr=2.71e-03
  e  5  top1=0.3300  lr=2.56e-03
  e  6  top1=0.3700  lr=2.38e-03
  e  7  top1=0.3850  lr=2.18e-03
  e  8  top1=0.4050  lr=1.97e-03
  e  9  top1=0.4200  lr=1.74e-03
  e 10  top1=0.4475  lr=1.51e-03
  e 11  top1=0.4425  lr=1.27e-03
  e 12  top1=0.4425  lr=1.04e-03
  e 13  top1=0.4575  lr=8.26e-04
  e 14  top1=0.4600  lr=6.26e-04
  e 15  top1=0.4575  lr=4.48e-04
  e 16  top1=0.4625  lr=2.96e-04
  e 17  top1=0.4775  lr=1.73e-04
  e 18  top1=0.4725  lr=8.32e-05
  e 19  top1=0.4700  lr=2.84e-05
  e 20  top1=0.4700  lr=1.00e-05
  → best=0.4775 @ep17  +0.00pp  0s
────────────────────────────────────────────────────────────
K1I3: K_hh=1  K_iter=3  D=8  K_in=25  params=18,832
  e  1  top1=0.0200  lr=2.98e-03
  e  2  top1=0.0475  lr=2.93e-03
  e  3  top1=0.0600  lr=2.84e-03
  e  4  top1=0.0825  lr=2.71e-03
  e  5  top1=0.0750  lr=2.56e-03
  e  6  top1=0.0975  lr=2.38e-03
  e  7  top1=0.1000  lr=2.18e-03
  e  8  top1=0.1300  lr=1.97e-03
  e  9  top1=0.1400  lr=1.74e-03
  e 10  top1=0.1950  lr=1.51e-03
  e 11  top1=0.1875  lr=1.27e-03
  e 12  top1=0.1475  lr=1.04e-03
  e 13  top1=0.1925  lr=8.26e-04
  e 14  top1=0.1950  lr=6.26e-04
  e 15  top1=0.2375  lr=4.48e-04
  e 16  top1=0.2275  lr=2.96e-04
  e 17  top1=0.2325  lr=1.73e-04
  e 18  top1=0.2525  lr=8.32e-05
  e 19  top1=0.2475  lr=2.84e-05
  e 20  top1=0.2500  lr=1.00e-05
  → best=0.2525 @ep18  -22.50pp  5s
────────────────────────────────────────────────────────────
K1I5: K_hh=1  K_iter=5  D=8  K_in=25  params=18,832
  e  1  top1=0.0475  lr=2.98e-03
  e  2  top1=0.0700  lr=2.93e-03
  e  3  top1=0.1200  lr=2.84e-03
  e  4  top1=0.1150  lr=2.71e-03
  e  5  top1=0.1400  lr=2.56e-03
  e  6  top1=0.1525  lr=2.38e-03
  e  7  top1=0.1675  lr=2.18e-03
  e  8  top1=0.2050  lr=1.97e-03
  e  9  top1=0.2050  lr=1.74e-03
  e 10  top1=0.2050  lr=1.51e-03
  e 11  top1=0.2700  lr=1.27e-03
  e 12  top1=0.2575  lr=1.04e-03
  e 13  top1=0.2650  lr=8.26e-04
  e 14  top1=0.2675  lr=6.26e-04
  e 15  top1=0.2925  lr=4.48e-04
  e 16  top1=0.2925  lr=2.96e-04
  e 17  top1=0.3200  lr=1.73e-04
  e 18  top1=0.3250  lr=8.32e-05
  e 19  top1=0.3175  lr=2.84e-05
  e 20  top1=0.3225  lr=1.00e-05
  → best=0.3250 @ep18  -15.25pp  8s
────────────────────────────────────────────────────────────
K1I7: K_hh=1  K_iter=7  D=8  K_in=25  params=18,832
  e  1  top1=0.0575  lr=2.98e-03
  e  2  top1=0.0775  lr=2.93e-03
  e  3  top1=0.0725  lr=2.84e-03
  e  4  top1=0.1050  lr=2.71e-03
  e  5  top1=0.1075  lr=2.56e-03
  e  6  top1=0.1325  lr=2.38e-03
  e  7  top1=0.1525  lr=2.18e-03
  e  8  top1=0.1575  lr=1.97e-03
  e  9  top1=0.1850  lr=1.74e-03
  e 10  top1=0.1900  lr=1.51e-03
  e 11  top1=0.2200  lr=1.27e-03
  e 12  top1=0.1925  lr=1.04e-03
  e 13  top1=0.2300  lr=8.26e-04
  e 14  top1=0.2625  lr=6.26e-04
  e 15  top1=0.2625  lr=4.48e-04
  e 16  top1=0.2600  lr=2.96e-04
  e 17  top1=0.2925  lr=1.73e-04
  e 18  top1=0.2975  lr=8.32e-05
  e 19  top1=0.2800  lr=2.84e-05
  e 20  top1=0.2850  lr=1.00e-05
  → best=0.2975 @ep18  -18.00pp  11s
────────────────────────────────────────────────────────────
K2I3: K_hh=2  K_iter=3  D=8  K_in=25  params=18,832
  e  1  top1=0.0150  lr=2.98e-03
  e  2  top1=0.0400  lr=2.93e-03
  e  3  top1=0.0775  lr=2.84e-03
  e  4  top1=0.0700  lr=2.71e-03
  e  5  top1=0.1175  lr=2.56e-03
  e  6  top1=0.1150  lr=2.38e-03
  e  7  top1=0.1300  lr=2.18e-03
  e  8  top1=0.1000  lr=1.97e-03
  e  9  top1=0.1600  lr=1.74e-03
  e 10  top1=0.1850  lr=1.51e-03
  e 11  top1=0.2075  lr=1.27e-03
  e 12  top1=0.1875  lr=1.04e-03
  e 13  top1=0.1900  lr=8.26e-04
  e 14  top1=0.2475  lr=6.26e-04
  e 15  top1=0.2600  lr=4.48e-04
  e 16  top1=0.2275  lr=2.96e-04
  e 17  top1=0.2575  lr=1.73e-04
  e 18  top1=0.2775  lr=8.32e-05
  e 19  top1=0.2825  lr=2.84e-05
  e 20  top1=0.2750  lr=1.00e-05
  → best=0.2825 @ep19  -19.50pp  7s
────────────────────────────────────────────────────────────
K2I5: K_hh=2  K_iter=5  D=8  K_in=25  params=18,832
  e  1  top1=0.0575  lr=2.98e-03
  e  2  top1=0.0750  lr=2.93e-03
  e  3  top1=0.1475  lr=2.84e-03
  e  4  top1=0.1450  lr=2.71e-03
  e  5  top1=0.2050  lr=2.56e-03
  e  6  top1=0.1900  lr=2.38e-03
  e  7  top1=0.2075  lr=2.18e-03
  e  8  top1=0.1975  lr=1.97e-03
  e  9  top1=0.2300  lr=1.74e-03
  e 10  top1=0.2575  lr=1.51e-03
  e 11  top1=0.2400  lr=1.27e-03
  e 12  top1=0.2750  lr=1.04e-03
  e 13  top1=0.2950  lr=8.26e-04
  e 14  top1=0.3100  lr=6.26e-04
  e 15  top1=0.3275  lr=4.48e-04
  e 16  top1=0.3450  lr=2.96e-04
  e 17  top1=0.3700  lr=1.73e-04
  e 18  top1=0.3600  lr=8.32e-05
  e 19  top1=0.3625  lr=2.84e-05
  e 20  top1=0.3750  lr=1.00e-05
  → best=0.3750 @ep20  -10.25pp  11s
────────────────────────────────────────────────────────────
K2I7: K_hh=2  K_iter=7  D=8  K_in=25  params=18,832
  e  1  top1=0.0400  lr=2.98e-03
  e  2  top1=0.0725  lr=2.93e-03
  e  3  top1=0.1000  lr=2.84e-03
  e  4  top1=0.1250  lr=2.71e-03
  e  5  top1=0.1225  lr=2.56e-03
  e  6  top1=0.1225  lr=2.38e-03
  e  7  top1=0.1725  lr=2.18e-03
  e  8  top1=0.1475  lr=1.97e-03
  e  9  top1=0.1500  lr=1.74e-03
  e 10  top1=0.1975  lr=1.51e-03
  e 11  top1=0.2075  lr=1.27e-03
  e 12  top1=0.2125  lr=1.04e-03
  e 13  top1=0.2175  lr=8.26e-04
  e 14  top1=0.2650  lr=6.26e-04
  e 15  top1=0.2825  lr=4.48e-04
  e 16  top1=0.2950  lr=2.96e-04
  e 17  top1=0.3175  lr=1.73e-04
  e 18  top1=0.3200  lr=8.32e-05
  e 19  top1=0.3125  lr=2.84e-05
  e 20  top1=0.3275  lr=1.00e-05
  → best=0.3275 @ep20  -15.00pp  15s
────────────────────────────────────────────────────────────
K4I3: K_hh=4  K_iter=3  D=8  K_in=25  params=18,832
  e  1  top1=0.0125  lr=2.98e-03
  e  2  top1=0.0225  lr=2.93e-03
  e  3  top1=0.0525  lr=2.84e-03
  e  4  top1=0.0475  lr=2.71e-03
  e  5  top1=0.0550  lr=2.56e-03
  e  6  top1=0.0625  lr=2.38e-03
  e  7  top1=0.1025  lr=2.18e-03
  e  8  top1=0.0775  lr=1.97e-03
  e  9  top1=0.1175  lr=1.74e-03
  e 10  top1=0.1400  lr=1.51e-03
  e 11  top1=0.1350  lr=1.27e-03
  e 12  top1=0.1500  lr=1.04e-03
  e 13  top1=0.1625  lr=8.26e-04
  e 14  top1=0.1800  lr=6.26e-04
  e 15  top1=0.2075  lr=4.48e-04
  e 16  top1=0.2400  lr=2.96e-04
  e 17  top1=0.2200  lr=1.73e-04
  e 18  top1=0.2275  lr=8.32e-05
  e 19  top1=0.2250  lr=2.84e-05
  e 20  top1=0.2250  lr=1.00e-05
  → best=0.2400 @ep16  -23.75pp  9s
────────────────────────────────────────────────────────────
K4I5: K_hh=4  K_iter=5  D=8  K_in=25  params=18,832
  e  1  top1=0.0300  lr=2.98e-03
  e  2  top1=0.0525  lr=2.93e-03
  e  3  top1=0.0675  lr=2.84e-03
  e  4  top1=0.0575  lr=2.71e-03
  e  5  top1=0.0975  lr=2.56e-03
  e  6  top1=0.1425  lr=2.38e-03
  e  7  top1=0.1350  lr=2.18e-03
  e  8  top1=0.1700  lr=1.97e-03
  e  9  top1=0.2025  lr=1.74e-03
  e 10  top1=0.2050  lr=1.51e-03
  e 11  top1=0.2450  lr=1.27e-03
  e 12  top1=0.2600  lr=1.04e-03
  e 13  top1=0.3125  lr=8.26e-04
  e 14  top1=0.3000  lr=6.26e-04
  e 15  top1=0.2975  lr=4.48e-04
  e 16  top1=0.3450  lr=2.96e-04
  e 17  top1=0.3550  lr=1.73e-04
  e 18  top1=0.3700  lr=8.32e-05
  e 19  top1=0.3850  lr=2.84e-05
  e 20  top1=0.3800  lr=1.00e-05
  → best=0.3850 @ep19  -9.25pp  15s
────────────────────────────────────────────────────────────
K4I7: K_hh=4  K_iter=7  D=8  K_in=25  params=18,832
  e  1  top1=0.0350  lr=2.98e-03
  e  2  top1=0.0450  lr=2.93e-03
  e  3  top1=0.0550  lr=2.84e-03
  e  4  top1=0.0875  lr=2.71e-03
  e  5  top1=0.0650  lr=2.56e-03
  e  6  top1=0.1275  lr=2.38e-03
  e  7  top1=0.0950  lr=2.18e-03
  e  8  top1=0.1125  lr=1.97e-03
  e  9  top1=0.1725  lr=1.74e-03
  e 10  top1=0.1850  lr=1.51e-03
  e 11  top1=0.2300  lr=1.27e-03
  e 12  top1=0.1950  lr=1.04e-03
  e 13  top1=0.2425  lr=8.26e-04
  e 14  top1=0.2775  lr=6.26e-04
  e 15  top1=0.2775  lr=4.48e-04
  e 16  top1=0.3250  lr=2.96e-04
  e 17  top1=0.3350  lr=1.73e-04
  e 18  top1=0.3125  lr=8.32e-05
  e 19  top1=0.3250  lr=2.84e-05
  e 20  top1=0.3200  lr=1.00e-05
  → best=0.3350 @ep17  -14.25pp  20s

======================================================================
STEP 929 SUMMARY — ESC-50 K_hh×K_iter Scout
======================================================================
  step928 ref: best(D=8)=0.3625  Linear=0.4775
  Config     K_hh  K_iter    best   Δ vs Linear  verdict
  ─────────────────────────────────────────────────────────────────
  Linear      N/A     N/A  0.4775       +0.00pp  COMPETITIVE → T1
  K1I3          1       3  0.2525      -22.50pp  audio gap persists
  K1I5          1       5  0.3250      -15.25pp  audio gap persists
  K1I7          1       7  0.2975      -18.00pp  audio gap persists
  K2I3          2       3  0.2825      -19.50pp  audio gap persists
  K2I5          2       5  0.3750      -10.25pp  BEST audio so far (+1.3pp vs D8)
  K2I7          2       7  0.3275      -15.00pp  audio gap persists
  K4I3          4       3  0.2400      -23.75pp  audio gap persists
  K4I5          4       5  0.3850       -9.25pp  marginal
  K4I7          4       7  0.3350      -14.25pp  audio gap persists

-> /Volumes/T9/IndraAstra/dhiraj/neuro_graph/results/train_step929_esc50_khh_kiter_scout_t0_seed42__mini_cpu.json
