Step 521 — Multi-fwd-bwd deep supervision on K_iter
  N=2048 K_iter=5 30ep 50% T0
Dataset loaded into RAM: train=9469  val=3925  (1.34 GB features)

────────────────────────────────────────────────────────────
Config Ref: single loss at K_iter=5 (baseline)
────────────────────────────────────────────────────────────
  params=34,976  k_only_forward=5
  ep  5  train_loss=0.1699  val=0.8999
  ep 10  train_loss=0.0741  val=0.9373
  ep 15  train_loss=0.0442  val=0.9302
  ep 20  train_loss=0.0227  val=0.9414
  ep 25  train_loss=0.0162  val=0.9452
  ep 30  train_loss=0.0137  val=0.9452
  → best=0.9485  elapsed=109s

────────────────────────────────────────────────────────────
Config A_ds_3to5: DS at iters {3,4,5}
────────────────────────────────────────────────────────────
  params=34,976  k_only_forward=2
  ep  5  train_loss=1.3844  val=0.7967
  ep 10  train_loss=0.9807  val=0.8431
  ep 15  train_loss=0.7987  val=0.8680
  ep 20  train_loss=0.6903  val=0.8746
  ep 25  train_loss=0.6111  val=0.8823
  ep 30  train_loss=0.5547  val=0.8825
  → best=0.8836  elapsed=126s

────────────────────────────────────────────────────────────
Config B_ds_2to5: DS at iters {2,3,4,5}
────────────────────────────────────────────────────────────
  params=34,976  k_only_forward=1
  ep  5  train_loss=1.6888  val=0.7997
  ep 10  train_loss=1.3360  val=0.8510
  ep 15  train_loss=1.1782  val=0.8693
  ep 20  train_loss=1.0812  val=0.8762
  ep 25  train_loss=1.0011  val=0.8805
  ep 30  train_loss=0.9470  val=0.8887
  → best=0.8887  elapsed=128s

────────────────────────────────────────────────────────────
Config C_ds_4to5: DS at iters {4,5}
────────────────────────────────────────────────────────────
  params=34,976  k_only_forward=3
  ep  5  train_loss=1.0781  val=0.8005
  ep 10  train_loss=0.6906  val=0.8441
  ep 15  train_loss=0.5347  val=0.8739
  ep 20  train_loss=0.4422  val=0.8876
  ep 25  train_loss=0.3816  val=0.8966
  ep 30  train_loss=0.3402  val=0.8994
  → best=0.8994  elapsed=126s

────────────────────────────────────────────────────────────
Config D_ds_all: DS at all iters {1..5}
────────────────────────────────────────────────────────────
  params=34,976  k_only_forward=0
  ep  5  train_loss=1.6867  val=0.7997
  ep 10  train_loss=1.3365  val=0.8520
  ep 15  train_loss=1.1791  val=0.8729
  ep 20  train_loss=1.0826  val=0.8769
  ep 25  train_loss=1.0047  val=0.8841
  ep 30  train_loss=0.9495  val=0.8889
  → best=0.8889  elapsed=130s


========== STEP 521 SUMMARY ==========
  Ref           k_only_fwd=5  best=0.9485
  A_ds_3to5     k_only_fwd=2  best=0.8836
  B_ds_2to5     k_only_fwd=1  best=0.8887
  C_ds_4to5     k_only_fwd=3  best=0.8994
  D_ds_all      k_only_fwd=0  best=0.8889
  Δ(A_ds_3to5 − Ref): -6.50pp
  Δ(B_ds_2to5 − Ref): -5.99pp
  Δ(C_ds_4to5 − Ref): -4.92pp
  Δ(D_ds_all − Ref): -5.96pp
