Device: mps  Epochs: 120  D=16  N=512  encoding=fourier
Goal: divisive normalization / refractory inhibition / anti-Hebbian
Dataset loaded into RAM: train=9469  val=3925  (1.34 GB features)
Dataset: train=9469  val=3925  (in-memory, data/store.h5)

======================================================================
A. DivNorm  alpha=0.5  [mild shunting]
======================================================================
  e  1  loss=3.9568  task=3.9385  safety=0.0315  top1=0.1223  lr=2.36e-03
  e 10  loss=2.1104  task=2.1091  safety=0.0021  top1=0.1753  lr=2.36e-03
  e 20  loss=2.0888  task=2.0875  safety=0.0022  top1=0.2143  lr=2.36e-03
  e 30  loss=2.0688  task=2.0673  safety=0.0026  top1=0.2461  lr=2.36e-03
  e 40  loss=2.0587  task=2.0571  safety=0.0029  top1=0.1921  lr=2.36e-03
  e 50  loss=2.0464  task=2.0446  safety=0.0031  top1=0.2303  lr=2.36e-03
  e 60  loss=2.0405  task=2.0386  safety=0.0033  top1=0.2571  lr=2.36e-03
  e 70  loss=2.0354  task=2.0333  safety=0.0037  top1=0.2759  lr=2.36e-03
  e 80  loss=2.0293  task=2.0270  safety=0.0039  top1=0.2561  lr=2.36e-03
  e 90  loss=2.0269  task=2.0246  safety=0.0040  top1=0.2650  lr=2.36e-03
  e100  loss=2.0226  task=2.0203  safety=0.0041  top1=0.2920  lr=2.36e-03
  e110  loss=2.0217  task=2.0192  safety=0.0043  top1=0.2869  lr=2.36e-03
  e120  loss=2.0184  task=2.0158  safety=0.0045  top1=0.2736  lr=2.36e-03
  top1_best=0.3106  best_ep=99  task=2.015  t=1628s

======================================================================
B. DivNorm  alpha=1.0  [moderate shunting]
======================================================================
  e  1  loss=3.9609  task=3.9426  safety=0.0315  top1=0.1124  lr=2.36e-03
  e 10  loss=2.1144  task=2.1131  safety=0.0021  top1=0.1748  lr=2.36e-03
  e 20  loss=2.0901  task=2.0889  safety=0.0022  top1=0.1735  lr=2.36e-03
  e 30  loss=2.0683  task=2.0668  safety=0.0026  top1=0.2048  lr=2.36e-03
  e 40  loss=2.0581  task=2.0564  safety=0.0029  top1=0.2270  lr=2.36e-03
  e 50  loss=2.0509  task=2.0492  safety=0.0031  top1=0.2359  lr=2.36e-03
  e 60  loss=2.0399  task=2.0379  safety=0.0034  top1=0.2441  lr=2.36e-03
  e 70  loss=2.0353  task=2.0331  safety=0.0037  top1=0.2746  lr=2.36e-03
  e 80  loss=2.0296  task=2.0273  safety=0.0039  top1=0.2522  lr=2.36e-03
  e 90  loss=2.0255  task=2.0232  safety=0.0040  top1=0.2084  lr=2.36e-03
  e100  loss=2.0218  task=2.0194  safety=0.0041  top1=0.2553  lr=2.36e-03
  e110  loss=2.0202  task=2.0177  safety=0.0042  top1=0.2902  lr=2.36e-03
  e120  loss=2.0174  task=2.0148  safety=0.0045  top1=0.2489  lr=2.36e-03
  top1_best=0.3014  best_ep=83  task=2.015  t=1774s

======================================================================
C. DivNorm  alpha=2.0  [strong shunting]
======================================================================
  e  1  loss=3.9776  task=3.9593  safety=0.0315  top1=0.1299  lr=2.36e-03
  e 10  loss=2.1115  task=2.1103  safety=0.0022  top1=0.1659  lr=2.36e-03
  e 20  loss=2.0879  task=2.0867  safety=0.0022  top1=0.2076  lr=2.36e-03
  e 30  loss=2.0678  task=2.0663  safety=0.0026  top1=0.2262  lr=2.36e-03
  e 40  loss=2.0564  task=2.0548  safety=0.0029  top1=0.2056  lr=2.36e-03
  e 50  loss=2.0444  task=2.0426  safety=0.0031  top1=0.2273  lr=2.36e-03
  e 60  loss=2.0398  task=2.0379  safety=0.0034  top1=0.2619  lr=2.36e-03
  e 70  loss=2.0344  task=2.0323  safety=0.0037  top1=0.2808  lr=2.36e-03
  e 80  loss=2.0315  task=2.0292  safety=0.0039  top1=0.2540  lr=2.36e-03
