Step 403b — Matched-FLOPs MLP (h=37)
  FLOPs=1,857,252 (1.86M)  — target 1.85M
  params=928,673
  data=data/store.h5  seed=42  epochs=150  device=cpu
Dataset loaded into RAM: train=9469  val=3925  (1.34 GB features)
  Train=9469  Val=3925
  ep  1  val=0.9643
  ep 10  val=0.9748
  ep 20  val=0.9761
  ep 30  val=0.9761
  ep 40  val=0.9766
  ep 50  val=0.9738
  ep 60  val=0.9755
  ep 70  val=0.9750
  ep 80  val=0.9704
  ep 90  val=0.9707
  ep100  val=0.9702
  ep110  val=0.9689
  ep120  val=0.9684
  ep130  val=0.9679
  ep140  val=0.9679
  ep150  val=0.9679

========== STEP 403b SUMMARY ==========
  MLP_37  params=928,673  flops=1.86M  best=0.9771 @ep32
  Compare: SGNNET_Ref 95.52% at 1.85M FLOPs, MLP_3 52.41% at 75K params

→ /Volumes/T9/IndraAstra/dhiraj/neuro_graph/results/train_step403b_matched_flops_mlp_h37_seed42__mini_cpu.json
