
========================================================================
CNN step003 T1  device=cpu  epochs=75  seed=42
  train=4734  val=3925  batch=32
========================================================================

  config          params   MACs(M)  %VGG16conv  desc
  ----------------------------------------------------------------------
  B_tiny_k7       59,130      20.0      0.136%  tiny: 16/32/64 k=7
  C_small        140,778      56.8      0.386%  small: 32/64/128 k=7 (no side)
  ----------------------------------------------------------------------
  VGG16-conv   14,700,000   14700.0    100.000%  (teacher reference)

────────────────────────────────────────────────────────────
B_tiny_k7: tiny: 16/32/64 k=7  T0=0.4099
  params=59,130  MACs=20.0M
  ep  5  val=0.2229  best=0.2237
  ep 10  val=0.3847  best=0.3847
  ep 15  val=0.4229  best=0.4229
  ep 20  val=0.4846  best=0.4846
  ep 25  val=0.5246  best=0.5246
  ep 30  val=0.5641  best=0.5641
  ep 35  val=0.5692  best=0.5692
  ep 40  val=0.5934  best=0.5934
  ep 45  val=0.6054  best=0.6064
  ep 50  val=0.5946  best=0.6127
  ep 55  val=0.6110  best=0.6173
  ep 60  val=0.6255  best=0.6278
  ep 65  val=0.6311  best=0.6311
  ep 70  val=0.6270  best=0.6311
  ep 75  val=0.6308  best=0.6344
  -> best=0.6344 @ep71  Δ_vs_Ref=+0.00pp  8236s

────────────────────────────────────────────────────────────
C_small: small: 32/64/128 k=7 (no side)  T0=pending
  params=140,778  MACs=56.8M
  ep  5  val=0.3791  best=0.3791
  ep 10  val=0.5427  best=0.5427
  ep 15  val=0.5987  best=0.5987
  ep 20  val=0.6222  best=0.6222
  ep 25  val=0.6550  best=0.6629
  ep 30  val=0.6662  best=0.6711
  ep 35  val=0.6876  best=0.6876
