
======================================================================
Step 158 — DropMessage regularization
N=1024  D=16  K_hh=8  K_iter=8  K_in=25  AH=1.0
Epochs=75  Device=cpu  Data=50%
======================================================================

Configs:
  Ref   drop=0.0              Ref  No DropMessage (current default)
  A     drop=0.1              A    drop_rate=0.1 all steps
  B     drop=0.2              B    drop_rate=0.2 all steps
  C     drop=0.3              C    drop_rate=0.3 all steps
  D     drop=0.1 (late-only)  D    drop_rate=0.1, last K_iter//2 steps only

Dataset loaded into RAM: train=9469  val=3925  (1.34 GB features)

────────────────────────────────────────────────────────────
Config Ref: Ref  No DropMessage (current default)
  params=33,952  drop_rate=0.0  drop_late_only=False
────────────────────────────────────────────────────────────
  e  1  loss=5.8186  task=5.8186  safety=0.0000  top1=0.1083  lr=2.36e-03
  e 10  loss=1.9254  task=1.9254  safety=0.0000  top1=0.4856  lr=2.36e-03
  e 20  loss=1.5364  task=1.5364  safety=0.0000  top1=0.5946  lr=2.36e-03
  e 30  loss=1.2571  task=1.2571  safety=0.0000  top1=0.6099  lr=2.36e-03
  e 40  loss=1.0602  task=1.0602  safety=0.0000  top1=0.6813  lr=2.36e-03
  e 50  loss=0.9831  task=0.9831  safety=0.0000  top1=0.7139  lr=2.36e-03
  e 60  loss=0.8834  task=0.8834  safety=0.0000  top1=0.7740  lr=2.36e-03
  e 70  loss=0.8051  task=0.8051  safety=0.0000  top1=0.7585  lr=2.36e-03

  top1=0.8023  vs_Ref=+0.0000  elapsed=9.1min  params=33,952

────────────────────────────────────────────────────────────
Config A: A    drop_rate=0.1 all steps
  params=33,952  drop_rate=0.1  drop_late_only=False
────────────────────────────────────────────────────────────
  e  1  loss=6.4684  task=6.4684  safety=0.0000  top1=0.0989  lr=2.36e-03
  e 10  loss=2.0977  task=2.0977  safety=0.0000  top1=0.1679  lr=2.36e-03
  e 20  loss=1.8903  task=1.8903  safety=0.0000  top1=0.2769  lr=2.36e-03
  e 30  loss=1.7459  task=1.7459  safety=0.0000  top1=0.3361  lr=2.36e-03
  e 40  loss=1.6387  task=1.6387  safety=0.0000  top1=0.4015  lr=2.36e-03
  e 50  loss=1.5560  task=1.5560  safety=0.0000  top1=0.3282  lr=2.36e-03
  e 60  loss=1.5022  task=1.5022  safety=0.0000  top1=0.4599  lr=2.36e-03
  e 70  loss=1.4297  task=1.4297  safety=0.0000  top1=0.4224  lr=2.36e-03

  top1=0.4762  vs_Ref=-0.3261  elapsed=10.6min  params=33,952

────────────────────────────────────────────────────────────
Config B: B    drop_rate=0.2 all steps
  params=33,952  drop_rate=0.2  drop_late_only=False
────────────────────────────────────────────────────────────
  e  1  loss=10.4870  task=10.4870  safety=0.0000  top1=0.1068  lr=2.36e-03
  e 10  loss=2.4182  task=2.4182  safety=0.0000  top1=0.1078  lr=2.36e-03
  e 20  loss=2.2110  task=2.2110  safety=0.0000  top1=0.1131  lr=2.36e-03
  e 30  loss=2.0908  task=2.0908  safety=0.0000  top1=0.2150  lr=2.36e-03
  e 40  loss=1.9881  task=1.9881  safety=0.0000  top1=0.1618  lr=2.36e-03
  e 50  loss=1.9181  task=1.9181  safety=0.0000  top1=0.2456  lr=2.36e-03
  e 60  loss=1.8165  task=1.8165  safety=0.0000  top1=0.2395  lr=2.36e-03
  e 70  loss=1.7527  task=1.7527  safety=0.0000  top1=0.2662  lr=2.36e-03

  top1=0.2831  vs_Ref=-0.5192  elapsed=10.8min  params=33,952

────────────────────────────────────────────────────────────
Config C: C    drop_rate=0.3 all steps
  params=33,952  drop_rate=0.3  drop_late_only=False
────────────────────────────────────────────────────────────
  e  1  loss=5.9422  task=5.9422  safety=0.0000  top1=0.1042  lr=2.36e-03
  e 10  loss=2.6896  task=2.6896  safety=0.0000  top1=0.1157  lr=2.36e-03
  e 20  loss=2.4323  task=2.4323  safety=0.0000  top1=0.1136  lr=2.36e-03
  e 30  loss=2.2605  task=2.2605  safety=0.0000  top1=0.1238  lr=2.36e-03
  e 40  loss=2.1402  task=2.1402  safety=0.0000  top1=0.1389  lr=2.36e-03
  e 50  loss=2.0107  task=2.0107  safety=0.0000  top1=0.1852  lr=2.36e-03
  e 60  loss=1.9157  task=1.9157  safety=0.0000  top1=0.2318  lr=2.36e-03
  e 70  loss=1.8535  task=1.8535  safety=0.0000  top1=0.2820  lr=2.36e-03

  top1=0.3111  vs_Ref=-0.4912  elapsed=10.8min  params=33,952

────────────────────────────────────────────────────────────
Config D: D    drop_rate=0.1, last K_iter//2 steps only
  params=33,952  drop_rate=0.1  drop_late_only=True
────────────────────────────────────────────────────────────
  e  1  loss=9.3513  task=9.3513  safety=0.0000  top1=0.0871  lr=2.36e-03
  e 10  loss=1.9081  task=1.9081  safety=0.0000  top1=0.2662  lr=2.36e-03
  e 20  loss=1.5804  task=1.5804  safety=0.0000  top1=0.3702  lr=2.36e-03
  e 30  loss=1.3866  task=1.3866  safety=0.0000  top1=0.5878  lr=2.36e-03
  e 40  loss=1.2458  task=1.2458  safety=0.0000  top1=0.6611  lr=2.36e-03
  e 50  loss=1.1411  task=1.1411  safety=0.0000  top1=0.6326  lr=2.36e-03
  e 60  loss=1.0442  task=1.0442  safety=0.0000  top1=0.7175  lr=2.36e-03
  e 70  loss=0.9786  task=0.9786  safety=0.0000  top1=0.6787  lr=2.36e-03

  top1=0.7241  vs_Ref=-0.0782  elapsed=10.0min  params=33,952

======================================================================
STEP 158 SUMMARY — DropMessage Regularization
======================================================================
Key    drop   late    params     top1    vs_Ref
──────────────────────────────────────────────────
Ref   0.0        N    33,952  0.8023  +0.0000
A     0.1        N    33,952  0.4762  -0.3261
B     0.2        N    33,952  0.2831  -0.5192
C     0.3        N    33,952  0.3111  -0.4912
D     0.1        Y    33,952  0.7241  -0.0782

Results saved → /Volumes/T9/IndraAstra/dhiraj/neuro_graph/results/train_step158_drop_message.json

Decision: if any config shows ≥+0.5pp → Tier-1 candidate.
If all negative → over-smoothing is not the bottleneck at K_iter=8.
