Dataset loaded into RAM: train=50000  val=10000  (6.02 GB features)

======================================================================
step932 — GA Hyperparam Search (CIFAR-100)  pop=8  gen=4
  device=mps  T0_epochs=20  seed=42  ga_seed=0
  gene_space={'D': [8, 16, 32], 'K_in': [10, 15, 25], 'K_hh': [1, 2, 4, 6], 'K_iter': [3, 5, 7, 10], 'N': [2048, 4096, 8192]}
  refs: Linear=0.6478  N4096_T1=0.4057
======================================================================

Evaluating Linear baseline...
  Linear baseline: 0.6030

━━━━━━━━━━━━━━━━━━━━━━━━━━━━━━━━━━━━━━━━━━━━━━━━━━━━━━━━━━━━━━━━━━━━━━
Generation 0  (8 individuals)
━━━━━━━━━━━━━━━━━━━━━━━━━━━━━━━━━━━━━━━━━━━━━━━━━━━━━━━━━━━━━━━━━━━━━━

  [0] D16_Kin15_Khh2_Ki5_N4096
    D=16  K_in=15  K_hh=2  K_iter=5  N=4096
    e  1  top1=0.1157
    e  2  top1=0.1617
    e  3  top1=0.2210
    e  4  top1=0.2202
    e  5  top1=0.2375
    e  6  top1=0.2276
    e  7  top1=0.2689
    e  8  top1=0.2802
    e  9  top1=0.2875
    e 10  top1=0.3116
    e 11  top1=0.3250
    e 12  top1=0.3456
    e 13  top1=0.3483
    e 14  top1=0.3660
    e 15  top1=0.3793
    e 16  top1=0.3973
    e 17  top1=0.3996
    e 18  top1=0.4076
    e 19  top1=0.4138
    e 20  top1=0.4181
    → fitness=0.4181  Δ=-18.49pp  params=71,232  712s

  [1] D16_Kin15_Khh2_Ki7_N8192
    D=16  K_in=15  K_hh=2  K_iter=7  N=8192
    e  1  top1=0.0814
    e  2  top1=0.0969
    e  3  top1=0.1174
    e  4  top1=0.1237
    e  5  top1=0.1385
    e  6  top1=0.1728
    e  7  top1=0.1864
    e  8  top1=0.1873
    e  9  top1=0.1982
    e 10  top1=0.2061
    e 11  top1=0.2582
    e 12  top1=0.2717
    e 13  top1=0.2906
    e 14  top1=0.3467
    e 15  top1=0.3632
    e 16  top1=0.3752
    e 17  top1=0.3967
    e 18  top1=0.4199
    e 19  top1=0.4230
    e 20  top1=0.4254
    → fitness=0.4254  Δ=-17.76pp  params=140,864  1727s

  [2] D32_Kin15_Khh2_Ki5_N4096
    D=32  K_in=15  K_hh=2  K_iter=5  N=4096
    e  1  top1=0.0735
    e  2  top1=0.1132
    e  3  top1=0.1411
    e  4  top1=0.1586
    e  5  top1=0.1941
    e  6  top1=0.2156
    e  7  top1=0.2149
    e  8  top1=0.2630
    e  9  top1=0.2680
    e 10  top1=0.2723
    e 11  top1=0.2783
    e 12  top1=0.2944
    e 13  top1=0.3211
    e 14  top1=0.3302
    e 15  top1=0.3408
    e 16  top1=0.3542
    e 17  top1=0.3665
    e 18  top1=0.3696
    e 19  top1=0.3795
    e 20  top1=0.3820
    → fitness=0.3820  Δ=-22.10pp  params=138,368  1200s

  [3] D16_Kin10_Khh4_Ki5_N4096
    D=16  K_in=10  K_hh=4  K_iter=5  N=4096
    e  1  top1=0.1189
    e  2  top1=0.1656
    e  3  top1=0.2047
    e  4  top1=0.2331
    e  5  top1=0.2506
    e  6  top1=0.2412
    e  7  top1=0.2682
    e  8  top1=0.2875
    e  9  top1=0.3079
    e 10  top1=0.3166
    e 11  top1=0.3368
    e 12  top1=0.3535
    e 13  top1=0.3528
    e 14  top1=0.3665
    e 15  top1=0.3852
    e 16  top1=0.3922
    e 17  top1=0.4001
    e 18  top1=0.4059
    e 19  top1=0.4119
    e 20  top1=0.4198
    → fitness=0.4198  Δ=-18.32pp  params=71,232  964s

  [4] D16_Kin15_Khh1_Ki7_N8192
    D=16  K_in=15  K_hh=1  K_iter=7  N=8192
    e  1  top1=0.0686
    e  2  top1=0.0961
    e  3  top1=0.0973
    e  4  top1=0.1433
    e  5  top1=0.1496
    e  6  top1=0.1488
    e  7  top1=0.1600
    e  8  top1=0.2166
    e  9  top1=0.2113
    e 10  top1=0.2213
    e 11  top1=0.2244
    e 12  top1=0.2603
    e 13  top1=0.2796
    e 14  top1=0.3205
    e 15  top1=0.3403
    e 16  top1=0.3458
    e 17  top1=0.3590
    e 18  top1=0.3880
    e 19  top1=0.3965
    e 20  top1=0.4004
    → fitness=0.4004  Δ=-20.26pp  params=140,864  1371s

  [5] D16_Kin15_Khh4_Ki10_N4096
    D=16  K_in=15  K_hh=4  K_iter=10  N=4096
    e  1  top1=0.0237
    e  2  top1=0.0276
    e  3  top1=0.0274
    e  4  top1=0.0334
    e  5  top1=0.0383
    e  6  top1=0.0468
    e  7  top1=0.0601
    e  8  top1=0.0614
    e  9  top1=0.0768
    e 10  top1=0.0869
    e 11  top1=0.1259
    e 12  top1=0.1403
    e 13  top1=0.1798
    e 14  top1=0.2086
    e 15  top1=0.2411
    e 16  top1=0.2789
    e 17  top1=0.2908
    e 18  top1=0.3107
    e 19  top1=0.3231
    e 20  top1=0.3273
    → fitness=0.3273  Δ=-27.57pp  params=71,232  1814s

  [6] D32_Kin10_Khh2_Ki7_N2048
    D=32  K_in=10  K_hh=2  K_iter=7  N=2048
    e  1  top1=0.0278
    e  2  top1=0.0480
    e  3  top1=0.0572
    e  4  top1=0.0651
    e  5  top1=0.0806
    e  6  top1=0.1036
    e  7  top1=0.1098
    e  8  top1=0.1254
    e  9  top1=0.1317
    e 10  top1=0.1558
    e 11  top1=0.1728
    e 12  top1=0.1695
    e 13  top1=0.2048
    e 14  top1=0.2179
    e 15  top1=0.2312
    e 16  top1=0.2430
    e 17  top1=0.2500
    e 18  top1=0.2588
    e 19  top1=0.2665
    e 20  top1=0.2685
    → fitness=0.2685  Δ=-33.45pp  params=70,784  833s

  [7] D8_Kin25_Khh4_Ki5_N4096
    D=8  K_in=25  K_hh=4  K_iter=5  N=4096
    e  1  top1=0.1123
    e  2  top1=0.1534
    e  3  top1=0.1906
    e  4  top1=0.2057
    e  5  top1=0.2060
    e  6  top1=0.2341
    e  7  top1=0.2528
    e  8  top1=0.2680
    e  9  top1=0.2875
    e 10  top1=0.3091
    e 11  top1=0.3228
    e 12  top1=0.3370
    e 13  top1=0.3426
    e 14  top1=0.3586
    e 15  top1=0.3666
    e 16  top1=0.3743
    e 17  top1=0.3867
    e 18  top1=0.3894
    e 19  top1=0.3920
    e 20  top1=0.3941
    → fitness=0.3941  Δ=-20.89pp  params=37,664  466s

  Gen 0 ranking:
  ★ [1] D16_Kin15_Khh2_Ki7_N8192  fitness=0.4254  Δ=-17.76pp
    [2] D16_Kin10_Khh4_Ki5_N4096  fitness=0.4198  Δ=-18.32pp
    [3] D16_Kin15_Khh2_Ki5_N4096  fitness=0.4181  Δ=-18.49pp
    [4] D16_Kin15_Khh1_Ki7_N8192  fitness=0.4004  Δ=-20.26pp
    [5] D8_Kin25_Khh4_Ki5_N4096  fitness=0.3941  Δ=-20.89pp
    [6] D32_Kin15_Khh2_Ki5_N4096  fitness=0.3820  Δ=-22.10pp
    [7] D16_Kin15_Khh4_Ki10_N4096  fitness=0.3273  Δ=-27.57pp
    [8] D32_Kin10_Khh2_Ki7_N2048  fitness=0.2685  Δ=-33.45pp

━━━━━━━━━━━━━━━━━━━━━━━━━━━━━━━━━━━━━━━━━━━━━━━━━━━━━━━━━━━━━━━━━━━━━━
Generation 1  (8 individuals)
━━━━━━━━━━━━━━━━━━━━━━━━━━━━━━━━━━━━━━━━━━━━━━━━━━━━━━━━━━━━━━━━━━━━━━
  [0] D16_Kin15_Khh2_Ki7_N8192  fitness=0.4254  (cached)
  [1] D16_Kin10_Khh4_Ki5_N4096  fitness=0.4198  (cached)
  [2] D16_Kin15_Khh2_Ki5_N4096  fitness=0.4181  (cached)
  [3] D16_Kin15_Khh1_Ki7_N8192  fitness=0.4004  (cached)

  [4] D16_Kin15_Khh2_Ki5_N8192
    D=16  K_in=15  K_hh=2  K_iter=5  N=8192
    e  1  top1=0.1298
    e  2  top1=0.1780
    e  3  top1=0.1976
    e  4  top1=0.2267
    e  5  top1=0.2514
    e  6  top1=0.2696
    e  7  top1=0.3106
    e  8  top1=0.2661
    e  9  top1=0.3007
    e 10  top1=0.3088
    e 11  top1=0.3636
    e 12  top1=0.3716
    e 13  top1=0.3774
    e 14  top1=0.4179
    e 15  top1=0.4156
    e 16  top1=0.4359
    e 17  top1=0.4445
    e 18  top1=0.4523
    e 19  top1=0.4600
    e 20  top1=0.4625
    → fitness=0.4625  Δ=-14.05pp  params=140,864  1212s

  [5] D16_Kin15_Khh4_Ki7_N4096
    D=16  K_in=15  K_hh=4  K_iter=7  N=4096
    e  1  top1=0.0885
    e  2  top1=0.1070
    e  3  top1=0.1221
    e  4  top1=0.1436
    e  5  top1=0.1588
    e  6  top1=0.1677
    e  7  top1=0.2120
    e  8  top1=0.2247
    e  9  top1=0.2539
    e 10  top1=0.2666
    e 11  top1=0.2926
    e 12  top1=0.3043
    e 13  top1=0.3382
    e 14  top1=0.3525
    e 15  top1=0.3643
    e 16  top1=0.3797
    e 17  top1=0.3931
    e 18  top1=0.4037
    e 19  top1=0.4147
    e 20  top1=0.4140
    → fitness=0.4147  Δ=-18.83pp  params=71,232  1270s

  [6] D16_Kin15_Khh4_Ki5_N8192
    D=16  K_in=15  K_hh=4  K_iter=5  N=8192
    e  1  top1=0.1322
    e  2  top1=0.1768
    e  3  top1=0.2131
    e  4  top1=0.2379
    e  5  top1=0.2451
    e  6  top1=0.2728
    e  7  top1=0.2897
    e  8  top1=0.2993
    e  9  top1=0.3004
    e 10  top1=0.3388
    e 11  top1=0.3526
    e 12  top1=0.3798
    e 13  top1=0.3636
    e 14  top1=0.4088
    e 15  top1=0.4213
    e 16  top1=0.4294
    e 17  top1=0.4333
    e 18  top1=0.4537
    e 19  top1=0.4570
    e 20  top1=0.4598
    → fitness=0.4598  Δ=-14.32pp  params=140,864  1827s

  [7] D16_Kin15_Khh1_Ki7_N4096
    D=16  K_in=15  K_hh=1  K_iter=7  N=4096
    e  1  top1=0.0769
    e  2  top1=0.1056
    e  3  top1=0.1269
    e  4  top1=0.1365
    e  5  top1=0.1432
    e  6  top1=0.1542
    e  7  top1=0.1642
    e  8  top1=0.1901
    e  9  top1=0.2043
    e 10  top1=0.2176
    e 11  top1=0.2451
    e 12  top1=0.2722
    e 13  top1=0.2773
    e 14  top1=0.2939
    e 15  top1=0.3079
    e 16  top1=0.3325
    e 17  top1=0.3390
    e 18  top1=0.3506
    e 19  top1=0.3602
    e 20  top1=0.3609
    → fitness=0.3609  Δ=-24.21pp  params=71,232  606s

  Gen 1 ranking:
  ★ [1] D16_Kin15_Khh2_Ki5_N8192  fitness=0.4625  Δ=-14.05pp
    [2] D16_Kin15_Khh4_Ki5_N8192  fitness=0.4598  Δ=-14.32pp
    [3] D16_Kin15_Khh2_Ki7_N8192  fitness=0.4254  Δ=-17.76pp
    [4] D16_Kin10_Khh4_Ki5_N4096  fitness=0.4198  Δ=-18.32pp
    [5] D16_Kin15_Khh2_Ki5_N4096  fitness=0.4181  Δ=-18.49pp
    [6] D16_Kin15_Khh4_Ki7_N4096  fitness=0.4147  Δ=-18.83pp
    [7] D16_Kin15_Khh1_Ki7_N8192  fitness=0.4004  Δ=-20.26pp
    [8] D16_Kin15_Khh1_Ki7_N4096  fitness=0.3609  Δ=-24.21pp

━━━━━━━━━━━━━━━━━━━━━━━━━━━━━━━━━━━━━━━━━━━━━━━━━━━━━━━━━━━━━━━━━━━━━━
Generation 2  (8 individuals)
━━━━━━━━━━━━━━━━━━━━━━━━━━━━━━━━━━━━━━━━━━━━━━━━━━━━━━━━━━━━━━━━━━━━━━
  [0] D16_Kin15_Khh2_Ki5_N8192  fitness=0.4625  (cached)
  [1] D16_Kin15_Khh4_Ki5_N8192  fitness=0.4598  (cached)
  [2] D16_Kin15_Khh2_Ki7_N8192  fitness=0.4254  (cached)
  [3] D16_Kin10_Khh4_Ki5_N4096  fitness=0.4198  (cached)

  [4] D16_Kin10_Khh4_Ki7_N4096
    D=16  K_in=10  K_hh=4  K_iter=7  N=4096
    e  1  top1=0.0687
    e  2  top1=0.0981
    e  3  top1=0.1351
    e  4  top1=0.1418
    e  5  top1=0.1602
    e  6  top1=0.1500
    e  7  top1=0.1830
    e  8  top1=0.2033
    e  9  top1=0.2295
    e 10  top1=0.2377
    e 11  top1=0.2726
    e 12  top1=0.3113
    e 13  top1=0.3161
    e 14  top1=0.3423
    e 15  top1=0.3661
    e 16  top1=0.3871
    e 17  top1=0.3948
    e 18  top1=0.4034
    e 19  top1=0.4112
    e 20  top1=0.4147
    → fitness=0.4147  Δ=-18.83pp  params=71,232  1268s
  [5] D16_Kin15_Khh4_Ki5_N8192  fitness=0.4598  (cached)

  [6] D32_Kin10_Khh2_Ki5_N8192
    D=32  K_in=10  K_hh=2  K_iter=5  N=8192
    e  1  top1=0.0814
    e  2  top1=0.1185
    e  3  top1=0.1508
    e  4  top1=0.1968
    e  5  top1=0.1580
    e  6  top1=0.2101
    e  7  top1=0.2496
    e  8  top1=0.2610
    e  9  top1=0.2463
    e 10  top1=0.2681
    e 11  top1=0.3250
    e 12  top1=0.3119
    e 13  top1=0.3466
    e 14  top1=0.3737
    e 15  top1=0.3815
    e 16  top1=0.3930
    e 17  top1=0.4073
    e 18  top1=0.4272
    e 19  top1=0.4354
    e 20  top1=0.4429
    → fitness=0.4429  Δ=-16.01pp  params=273,536  2400s
  [7] D16_Kin10_Khh4_Ki5_N4096  fitness=0.4198  (cached)

  Gen 2 ranking:
  ★ [1] D16_Kin15_Khh2_Ki5_N8192  fitness=0.4625  Δ=-14.05pp
    [2] D16_Kin15_Khh4_Ki5_N8192  fitness=0.4598  Δ=-14.32pp
    [3] D16_Kin15_Khh4_Ki5_N8192  fitness=0.4598  Δ=-14.32pp
    [4] D32_Kin10_Khh2_Ki5_N8192  fitness=0.4429  Δ=-16.01pp
    [5] D16_Kin15_Khh2_Ki7_N8192  fitness=0.4254  Δ=-17.76pp
    [6] D16_Kin10_Khh4_Ki5_N4096  fitness=0.4198  Δ=-18.32pp
    [7] D16_Kin10_Khh4_Ki5_N4096  fitness=0.4198  Δ=-18.32pp
    [8] D16_Kin10_Khh4_Ki7_N4096  fitness=0.4147  Δ=-18.83pp

━━━━━━━━━━━━━━━━━━━━━━━━━━━━━━━━━━━━━━━━━━━━━━━━━━━━━━━━━━━━━━━━━━━━━━
Generation 3  (8 individuals)
━━━━━━━━━━━━━━━━━━━━━━━━━━━━━━━━━━━━━━━━━━━━━━━━━━━━━━━━━━━━━━━━━━━━━━
  [0] D16_Kin15_Khh2_Ki5_N8192  fitness=0.4625  (cached)
  [1] D16_Kin15_Khh4_Ki5_N8192  fitness=0.4598  (cached)
  [2] D16_Kin15_Khh4_Ki5_N8192  fitness=0.4598  (cached)
  [3] D32_Kin10_Khh2_Ki5_N8192  fitness=0.4429  (cached)

  [4] D8_Kin15_Khh2_Ki10_N4096
    D=8  K_in=15  K_hh=2  K_iter=10  N=4096
    e  1  top1=0.0156
    e  2  top1=0.0113
    e  3  top1=0.0153
    e  4  top1=0.0189
    e  5  top1=0.0167
    e  6  top1=0.0199
    e  7  top1=0.0217
    e  8  top1=0.0230
    e  9  top1=0.0257
    e 10  top1=0.0298
    e 11  top1=0.0355
    e 12  top1=0.0436
    e 13  top1=0.0487
    e 14  top1=0.0577
    e 15  top1=0.0633
    e 16  top1=0.0829
    e 17  top1=0.0943
    e 18  top1=0.1069
    e 19  top1=0.1135
    e 20  top1=0.1142
    → fitness=0.1142  Δ=-48.88pp  params=37,664  594s
  [5] D16_Kin15_Khh2_Ki5_N8192  fitness=0.4625  (cached)

  [6] D32_Kin15_Khh4_Ki5_N8192
    D=32  K_in=15  K_hh=4  K_iter=5  N=8192
    e  1  top1=0.0972
    e  2  top1=0.1379
    e  3  top1=0.1572
    e  4  top1=0.2225
    e  5  top1=0.1858
    e  6  top1=0.1913
    e  7  top1=0.2867
    e  8  top1=0.2813
    e  9  top1=0.2939
    e 10  top1=0.2835
    e 11  top1=0.3513
    e 12  top1=0.3340
    e 13  top1=0.3562
    e 14  top1=0.4036
    e 15  top1=0.4095
    e 16  top1=0.4102
    e 17  top1=0.4298
    e 18  top1=0.4505
    e 19  top1=0.4513
    e 20  top1=0.4599
    → fitness=0.4599  Δ=-14.31pp  params=273,536  3626s

  [7] D16_Kin15_Khh2_Ki5_N2048
    D=16  K_in=15  K_hh=2  K_iter=5  N=2048
    e  1  top1=0.0753
    e  2  top1=0.1196
    e  3  top1=0.1251
    e  4  top1=0.1519
    e  5  top1=0.1780
    e  6  top1=0.1870
    e  7  top1=0.1967
    e  8  top1=0.2153
    e  9  top1=0.2152
    e 10  top1=0.2484
    e 11  top1=0.2538
    e 12  top1=0.2631
    e 13  top1=0.2720
    e 14  top1=0.2752
    e 15  top1=0.2973
    e 16  top1=0.2992
    e 17  top1=0.3115
    e 18  top1=0.3139
    e 19  top1=0.3193
    e 20  top1=0.3173
    → fitness=0.3193  Δ=-28.37pp  params=36,416  301s

  Gen 3 ranking:
  ★ [1] D16_Kin15_Khh2_Ki5_N8192  fitness=0.4625  Δ=-14.05pp
    [2] D16_Kin15_Khh2_Ki5_N8192  fitness=0.4625  Δ=-14.05pp
    [3] D32_Kin15_Khh4_Ki5_N8192  fitness=0.4599  Δ=-14.31pp
    [4] D16_Kin15_Khh4_Ki5_N8192  fitness=0.4598  Δ=-14.32pp
    [5] D16_Kin15_Khh4_Ki5_N8192  fitness=0.4598  Δ=-14.32pp
    [6] D32_Kin10_Khh2_Ki5_N8192  fitness=0.4429  Δ=-16.01pp
    [7] D16_Kin15_Khh2_Ki5_N2048  fitness=0.3193  Δ=-28.37pp
    [8] D8_Kin15_Khh2_Ki10_N4096  fitness=0.1142  Δ=-48.88pp

======================================================================
STEP 932 SUMMARY — GA Hyperparam Search (CIFAR-100)
======================================================================
  Linear baseline: 0.6030

  Top-5 configs:
  [1] D16_Kin15_Khh2_Ki5_N8192  fitness=0.4625  Δ=-14.05pp  gen=1  T1 candidate
  [2] D32_Kin15_Khh4_Ki5_N8192  fitness=0.4599  Δ=-14.31pp  gen=3  T1 candidate
  [3] D16_Kin15_Khh4_Ki5_N8192  fitness=0.4598  Δ=-14.32pp  gen=1  T1 candidate
  [4] D32_Kin10_Khh2_Ki5_N8192  fitness=0.4429  Δ=-16.01pp  gen=2  T1 candidate
  [5] D16_Kin15_Khh2_Ki7_N8192  fitness=0.4254  Δ=-17.76pp  gen=0  T1 candidate

-> /Volumes/T9/IndraAstra/dhiraj/neuro_graph/results/train_step932_ga_hyperparam_cifar100_seed42__mini_mps.json
