Device: cpu  Epochs: 75  Batch: 128
Step 45: Safety valve redesign for D=64
Gap G7: Coulomb r* ≈ 0.497 at D=64 — valve is dead (safety=0.002)
Dataset loaded into RAM: train=9469  val=3925  (1.34 GB features)
Dataset: train=4734  val=3925
  Pre-loaded: Ref=56.79%  A=55.77%  B=56.33%  C=56.84%  (recovered from MPS log)
  Running only Config D (spectral λ=0.01) on CPU...

======================================================================
D     + spectral regularizer λ=0.01
======================================================================
  e  1  loss=5.5131  task=5.5546  safety=-4.1525  top1=0.1017  lr=2.36e-03
  e 10  loss=2.0276  task=2.0692  safety=-4.1589  top1=0.2385  lr=2.36e-03
  e 20  loss=1.9074  task=1.9490  safety=-4.1589  top1=0.2940  lr=2.36e-03
  e 30  loss=1.8289  task=1.8705  safety=-4.1589  top1=0.3516  lr=2.36e-03
  e 40  loss=1.7694  task=1.8110  safety=-4.1589  top1=0.4153  lr=2.36e-03
  e 50  loss=1.7255  task=1.7671  safety=-4.1589  top1=0.4354  lr=2.36e-03
  e 60  loss=1.6859  task=1.7275  safety=-4.1589  top1=0.4629  lr=2.36e-03
  e 70  loss=1.6639  task=1.7055  safety=-4.1589  top1=0.4632  lr=2.36e-03
  top1_best=0.5205  best_ep=75/75 (100%)  diag=converged  t=4570s

Saved -> /Volumes/T9/IndraAstra/dhiraj/neuro_graph/results/train_step45_safety_valve_d64.json

-- Safety valve redesign (ref=0.5679) ---
  Config                                                top1    vs_Ref    safety    t(s)
  -------------------------------------------------------------------------------------
  Ref   standard safety valve (dead at D=64)          0.5679   +0.0000   0.00000   11492
  A     no safety valve (λ_safety=0)                  0.5577   -0.0102   0.00000   11486
  B     + variance regularizer λ=0.01                 0.5633   -0.0046   0.00000   11208
  C     + variance regularizer λ=0.1                  0.5684   +0.0005   0.00000   10281
  D     + spectral regularizer λ=0.01                 0.5205   -0.0474  -4.15888    4570

  Interpretation:
  A ≈ Ref  → safety valve is truly dead at D=64; removing it is free
  B/C > Ref → variance regularizer helps W_pos spread; include in Gen4
  D > Ref  → spectral reg prevents subspace collapse; include in Gen4
