Phase 2: training  Train=67349  Val=872  dim=768

────────────────────────────────────────────────────────────
Config: Linear
────────────────────────────────────────────────────────────
  params=1,538
  ep  1  val=0.8360
  ep 10  val=0.8349
  ep 20  val=0.8406
  ep 30  val=0.8165
  ep 40  val=0.8326
  ep 50  val=0.8326
  ep 60  val=0.8383
  ep 70  val=0.8326
  ep 80  val=0.8291
  ep 90  val=0.8326
  ep100  val=0.8314
  ep110  val=0.8337
  ep120  val=0.8326
  ep130  val=0.8337
  ep140  val=0.8326
  ep150  val=0.8326
  → best=0.8463 @ep18  elapsed=38s

────────────────────────────────────────────────────────────
Config: MLP_64
────────────────────────────────────────────────────────────
  params=49,346
  ep  1  val=0.8108
  ep 10  val=0.8314
  ep 20  val=0.8360
  ep 30  val=0.8314
  ep 40  val=0.8291
  ep 50  val=0.8394
  ep 60  val=0.8234
  ep 70  val=0.8085
  ep 80  val=0.8280
  ep 90  val=0.8142
  ep100  val=0.8234
  ep110  val=0.8222
  ep120  val=0.8177
  ep130  val=0.8165
  ep140  val=0.8131
  ep150  val=0.8142
  → best=0.8463 @ep13  elapsed=67s

────────────────────────────────────────────────────────────
Config: SGNNET
────────────────────────────────────────────────────────────
  params=34,848
  e  1  loss=0.0000  task=0.0000  safety=0.0000  top1=0.4908  lr=2.36e-03
