Step 264 — K_iter=4 ΔW proj at N=1024 Tier-1
  seed=42  EPOCHS=75  device=cpu
Dataset loaded into RAM: train=9469  val=3925  (1.34 GB features)

────────────────────────────────────────────────────────────
Config Ref: ΔW proj K_iter=5 at N=1024
────────────────────────────────────────────────────────────
  params=17,568  K_iter=5
  e  1  loss=2.3312  task=2.3312  safety=0.0000  top1=0.5959  lr=2.36e-03
  ep 10  val=0.8902
  e 10  loss=0.2577  task=0.2577  safety=0.0000  top1=0.8902  lr=2.36e-03
  ep 20  val=0.9126
  e 20  loss=0.1511  task=0.1511  safety=0.0000  top1=0.9126  lr=2.36e-03
  ep 30  val=0.9195
  e 30  loss=0.1088  task=0.1088  safety=0.0000  top1=0.9195  lr=2.36e-03
  ep 40  val=0.9213
  e 40  loss=0.0874  task=0.0874  safety=0.0000  top1=0.9213  lr=2.36e-03
  ep 50  val=0.9269
  e 50  loss=0.0655  task=0.0655  safety=0.0000  top1=0.9269  lr=2.36e-03
  ep 60  val=0.9315
  e 60  loss=0.0559  task=0.0559  safety=0.0000  top1=0.9315  lr=2.36e-03
  ep 70  val=0.9297
  e 70  loss=0.0521  task=0.0521  safety=0.0000  top1=0.9297  lr=2.36e-03
  → best=0.9345 @ep73  elapsed=283s

────────────────────────────────────────────────────────────
Config A: ΔW proj K_iter=4 at N=1024
────────────────────────────────────────────────────────────
  params=17,568  K_iter=4
  e  1  loss=2.1599  task=2.1599  safety=0.0000  top1=0.6038  lr=2.36e-03
  ep 10  val=0.8836
  e 10  loss=0.3146  task=0.3146  safety=0.0000  top1=0.8836  lr=2.36e-03
  ep 20  val=0.9121
  e 20  loss=0.2006  task=0.2006  safety=0.0000  top1=0.9121  lr=2.36e-03
  ep 30  val=0.9248
  e 30  loss=0.1536  task=0.1536  safety=0.0000  top1=0.9248  lr=2.36e-03
  ep 40  val=0.9236
  e 40  loss=0.1222  task=0.1222  safety=0.0000  top1=0.9236  lr=2.36e-03
  ep 50  val=0.9297
  e 50  loss=0.0997  task=0.0997  safety=0.0000  top1=0.9297  lr=2.36e-03
  ep 60  val=0.9302
  e 60  loss=0.0866  task=0.0866  safety=0.0000  top1=0.9302  lr=2.36e-03
  ep 70  val=0.9279
  e 70  loss=0.0868  task=0.0868  safety=0.0000  top1=0.9279  lr=2.36e-03
  → best=0.9350 @ep54  elapsed=241s


========== STEP 264 SUMMARY (N=1024 seed=42) ==========
  Ref   K_iter=5  best=0.9345 @ep73
  A     K_iter=4  best=0.9350 @ep54

Δ(K=4 − K=5): +0.05pp at N=1024
