Device: mps  Epochs: 150
Goal: does learned D×D cross-dimensional mixing help routing?
Ref ~29.22% (D=16).  Config E at D=64 (baseline ~56.28% without signed).

======================================================================
Ref. baseline  D=16  N=512  K_iter=3  [step9 ref]
======================================================================
Dataset loaded into RAM: train=9469  val=3925  (1.34 GB features)
  e  1  loss=3.3370  task=3.3188  safety=0.0313  top1=0.1549  lr=2.36e-03
  e 10  loss=2.1277  task=2.1265  safety=0.0020  top1=0.1628  lr=2.36e-03
  e 20  loss=2.1134  task=2.1121  safety=0.0023  top1=0.1982  lr=2.36e-03
  e 30  loss=2.0986  task=2.0972  safety=0.0025  top1=0.2046  lr=2.36e-03
  e 40  loss=2.0892  task=2.0877  safety=0.0026  top1=0.1618  lr=2.36e-03
  e 50  loss=2.0758  task=2.0742  safety=0.0029  top1=0.2041  lr=2.36e-03
  e 60  loss=2.0706  task=2.0688  safety=0.0030  top1=0.2301  lr=2.36e-03
  e 70  loss=2.0643  task=2.0624  safety=0.0032  top1=0.2311  lr=2.36e-03
  e 80  loss=2.0565  task=2.0545  safety=0.0034  top1=0.2298  lr=2.36e-03
  e 90  loss=2.0536  task=2.0516  safety=0.0034  top1=0.2278  lr=2.36e-03
  e100  loss=2.0491  task=2.0471  safety=0.0035  top1=0.2775  lr=2.36e-03
  e110  loss=2.0477  task=2.0456  safety=0.0035  top1=0.2622  lr=2.36e-03
  e120  loss=2.0438  task=2.0417  safety=0.0037  top1=0.2583  lr=2.36e-03
  e130  loss=2.0440  task=2.0418  safety=0.0037  top1=0.2242  lr=2.36e-03
  e140  loss=2.0398  task=2.0375  safety=0.0039  top1=0.2392  lr=2.36e-03
  e150  loss=2.0355  task=2.0331  safety=0.0041  top1=0.2517  lr=2.36e-03
  top1_best=0.2922  best_ep=131/150 (87%)  t=780s

======================================================================
A.  shared W_mix [D×D] per-step  before-norm  [D²=256 params]
======================================================================
  e  1  loss=3.3121  task=3.2940  safety=0.0313  top1=0.1350  lr=2.36e-03
  e 10  loss=2.1296  task=2.1285  safety=0.0020  top1=0.1661  lr=2.36e-03
  e 20  loss=2.1153  task=2.1140  safety=0.0022  top1=0.2025  lr=2.36e-03
  e 30  loss=2.0981  task=2.0967  safety=0.0024  top1=0.2005  lr=2.36e-03
  e 40  loss=2.0881  task=2.0865  safety=0.0026  top1=0.2181  lr=2.36e-03
  e 50  loss=2.0773  task=2.0757  safety=0.0029  top1=0.2130  lr=2.36e-03
  e 60  loss=2.0694  task=2.0677  safety=0.0030  top1=0.1980  lr=2.36e-03
  e 70  loss=2.0618  task=2.0599  safety=0.0032  top1=0.2352  lr=2.36e-03
  e 80  loss=2.0573  task=2.0553  safety=0.0034  top1=0.2543  lr=2.36e-03
  e 90  loss=2.0526  task=2.0506  safety=0.0034  top1=0.2242  lr=2.36e-03
  e100  loss=2.0499  task=2.0479  safety=0.0035  top1=0.2308  lr=2.36e-03
  e110  loss=2.0466  task=2.0446  safety=0.0035  top1=0.2617  lr=2.36e-03
  e120  loss=2.0420  task=2.0399  safety=0.0036  top1=0.2507  lr=2.36e-03
  e130  loss=2.0407  task=2.0385  safety=0.0038  top1=0.2270  lr=2.36e-03
  e140  loss=2.0352  task=2.0329  safety=0.0039  top1=0.2316  lr=2.36e-03
  e150  loss=2.0364  task=2.0340  safety=0.0041  top1=0.2614  lr=2.36e-03
  top1_best=0.2912  best_ep=126/150 (84%)  t=4988s

======================================================================
B.  shared W_mix [D×D] per-step  after-norm   [rotation on sphere]
======================================================================
  e  1  loss=3.3456  task=3.3274  safety=0.0313  top1=0.1394  lr=2.36e-03
  e 10  loss=2.1295  task=2.1284  safety=0.0020  top1=0.1750  lr=2.36e-03
  e 20  loss=2.1144  task=2.1131  safety=0.0022  top1=0.1564  lr=2.36e-03
  e 30  loss=2.1007  task=2.0992  safety=0.0025  top1=0.2054  lr=2.36e-03
  e 40  loss=2.0904  task=2.0888  safety=0.0027  top1=0.2214  lr=2.36e-03
  e 50  loss=2.0800  task=2.0783  safety=0.0029  top1=0.1901  lr=2.36e-03
  e 60  loss=2.0691  task=2.0674  safety=0.0030  top1=0.1934  lr=2.36e-03
  e 70  loss=2.0630  task=2.0611  safety=0.0032  top1=0.2410  lr=2.36e-03
  e 80  loss=2.0558  task=2.0538  safety=0.0034  top1=0.2334  lr=2.36e-03
  e 90  loss=2.0523  task=2.0503  safety=0.0034  top1=0.2099  lr=2.36e-03
  e100  loss=2.0488  task=2.0468  safety=0.0034  top1=0.2471  lr=2.36e-03
  e110  loss=2.0488  task=2.0468  safety=0.0035  top1=0.2510  lr=2.36e-03
  e120  loss=2.0418  task=2.0397  safety=0.0036  top1=0.2683  lr=2.36e-03
  e130  loss=2.0428  task=2.0406  safety=0.0037  top1=0.2392  lr=2.36e-03
  e140  loss=2.0395  task=2.0372  safety=0.0039  top1=0.2431  lr=2.36e-03
  e150  loss=2.0358  task=2.0334  safety=0.0041  top1=0.2499  lr=2.36e-03
  top1_best=0.2935  best_ep=123/150 (82%)  t=13209s

======================================================================
C.  per-neuron W_mix [N,D,D] per-step  [N×D²=131k params]
======================================================================
  e  1  loss=3.3329  task=3.3147  safety=0.0313  top1=0.1350  lr=2.36e-03
  e 10  loss=2.1280  task=2.1269  safety=0.0020  top1=0.1636  lr=2.36e-03
  e 20  loss=2.1116  task=2.1103  safety=0.0022  top1=0.2071  lr=2.36e-03
  e 30  loss=2.0996  task=2.0981  safety=0.0024  top1=0.1819  lr=2.36e-03
  e 40  loss=2.0878  task=2.0862  safety=0.0026  top1=0.1878  lr=2.36e-03
  e 50  loss=2.0764  task=2.0748  safety=0.0029  top1=0.2252  lr=2.36e-03
  e 60  loss=2.0695  task=2.0677  safety=0.0030  top1=0.2112  lr=2.36e-03
  e 70  loss=2.0651  task=2.0632  safety=0.0032  top1=0.2178  lr=2.36e-03
  e 80  loss=2.0607  task=2.0587  safety=0.0034  top1=0.2713  lr=2.36e-03
  e 90  loss=2.0516  task=2.0496  safety=0.0034  top1=0.2400  lr=2.36e-03
  e100  loss=2.0486  task=2.0466  safety=0.0035  top1=0.2433  lr=2.36e-03
  e110  loss=2.0473  task=2.0452  safety=0.0035  top1=0.2527  lr=2.36e-03
  e120  loss=2.0452  task=2.0431  safety=0.0037  top1=0.2594  lr=2.36e-03
  e130  loss=2.0411  task=2.0389  safety=0.0037  top1=0.2178  lr=2.36e-03
  e140  loss=2.0380  task=2.0357  safety=0.0039  top1=0.2703  lr=2.36e-03
  e150  loss=2.0375  task=2.0351  safety=0.0041  top1=0.2680  lr=2.36e-03
  top1_best=0.2866  best_ep=121/150 (81%)  t=12373s

======================================================================
D.  shared W_mix [D×D] once after all K_iter  [single application]
======================================================================
  e  1  loss=3.3700  task=3.3518  safety=0.0313  top1=0.1452  lr=2.36e-03
  e 10  loss=2.1276  task=2.1265  safety=0.0019  top1=0.1766  lr=2.36e-03
  e 20  loss=2.1095  task=2.1082  safety=0.0022  top1=0.1862  lr=2.36e-03
  e 30  loss=2.0973  task=2.0959  safety=0.0024  top1=0.1819  lr=2.36e-03
  e 40  loss=2.0875  task=2.0860  safety=0.0026  top1=0.2150  lr=2.36e-03
  e 50  loss=2.0753  task=2.0737  safety=0.0029  top1=0.2306  lr=2.36e-03
  e 60  loss=2.0708  task=2.0691  safety=0.0030  top1=0.2367  lr=2.36e-03
  e 70  loss=2.0633  task=2.0614  safety=0.0032  top1=0.2336  lr=2.36e-03
  e 80  loss=2.0575  task=2.0555  safety=0.0034  top1=0.2655  lr=2.36e-03
  e 90  loss=2.0519  task=2.0499  safety=0.0034  top1=0.2219  lr=2.36e-03
  e100  loss=2.0502  task=2.0482  safety=0.0034  top1=0.2589  lr=2.36e-03
  e110  loss=2.0447  task=2.0426  safety=0.0035  top1=0.2471  lr=2.36e-03
  e120  loss=2.0453  task=2.0432  safety=0.0036  top1=0.2561  lr=2.36e-03
  e130  loss=2.0433  task=2.0412  safety=0.0037  top1=0.2306  lr=2.36e-03
  e140  loss=2.0359  task=2.0336  safety=0.0039  top1=0.2581  lr=2.36e-03
  e150  loss=2.0334  task=2.0310  safety=0.0041  top1=0.2818  lr=2.36e-03
  top1_best=0.2854  best_ep=96/150 (64%)  t=15481s

======================================================================
E.  D=64  N=1024  K_iter=3  + shared W_mix per-step  [at scale]
======================================================================
  e  1  loss=4.2659  task=4.2396  safety=0.0539  top1=0.1197  lr=2.36e-03
  e 10  loss=2.1475  task=2.1469  safety=0.0014  top1=0.2056  lr=2.36e-03
  e 20  loss=2.1118  task=2.1110  safety=0.0015  top1=0.2334  lr=2.36e-03
  e 30  loss=2.0825  task=2.0817  safety=0.0016  top1=0.2397  lr=2.36e-03
  e 40  loss=2.0543  task=2.0534  safety=0.0018  top1=0.2879  lr=2.36e-03
  e 50  loss=2.0359  task=2.0349  safety=0.0020  top1=0.2831  lr=2.36e-03
  e 60  loss=2.0166  task=2.0156  safety=0.0021  top1=0.3159  lr=2.36e-03
  e 70  loss=2.0059  task=2.0048  safety=0.0023  top1=0.3246  lr=2.36e-03
  e 80  loss=1.9929  task=1.9918  safety=0.0024  top1=0.3271  lr=2.36e-03
  e 90  loss=1.9813  task=1.9801  safety=0.0025  top1=0.3468  lr=2.36e-03
  e100  loss=1.9707  task=1.9693  safety=0.0027  top1=0.3554  lr=2.36e-03
  e110  loss=1.9575  task=1.9561  safety=0.0029  top1=0.3732  lr=2.36e-03
  e120  loss=1.9498  task=1.9483  safety=0.0031  top1=0.3355  lr=2.36e-03
  e130  loss=1.9456  task=1.9441  safety=0.0032  top1=0.3501  lr=2.36e-03
  e140  loss=1.9315  task=1.9298  safety=0.0034  top1=0.3656  lr=2.36e-03
  e150  loss=1.9256  task=1.9238  safety=0.0036  top1=0.3786  lr=2.36e-03
  top1_best=0.4097  best_ep=141/150 (94%)  t=23813s

Saved -> /Users/admin/ml/dhiraj/qwen2_omni/testing/results/train_step30_dim_mixing.json

-- Cross-dimensional mixing  (ref_D16=0.2922) ---------------------
  Config                                                     top1  vs_ref16   ep_frac    t(s)
  -------------------------------------------------------------------------------------
  Ref. baseline  D=16  N=512  K_iter=3  [step9 ref]        0.2922   +0.0000    87.3%     780
  A.  shared W_mix [D×D] per-step  before-norm  [D²=256 params]  0.2912   -0.0010    84.0%    4988
  B.  shared W_mix [D×D] per-step  after-norm   [rotation on sphere]  0.2935   +0.0013    82.0%   13209
  C.  per-neuron W_mix [N,D,D] per-step  [N×D²=131k params]  0.2866   -0.0056    80.7%   12373
  D.  shared W_mix [D×D] once after all K_iter  [single application]  0.2854   -0.0069    64.0%   15481
  E.  D=64  N=1024  K_iter=3  + shared W_mix per-step  [at scale]  0.4097       N/A    94.0%   23813

  Config E (D=64) baseline: 0.4097  [compare to step22 D=64 no-mix = 0.5628]

  Interpretation guide:
  If A > Ref: cross-dim mixing helps (before-norm is the key)
  If B > A:   rotation on sphere is sufficient (scale doesn't matter)
  If C > A:   per-neuron specialization adds value over shared
  If D > A:   mixing once post-routing is enough (not per-step)
  If E > step22(0.5628): mixing helps even at D=64 without signed coupling
