
======================================================================
Step 717 — ΔW proj N=64 Tier-1 (headroom curve minimum)
N=64 FLOPs=0.031M (3% of old 0.98M record)  Device=cpu
Curve T1: N=256(+19.80) N=512(+12.82) N=1024(+4.87) N=2048(+1.56) N=128(+22.03) N=64(?)
======================================================================
Dataset loaded into RAM: train=9469  val=3925  (1.34 GB features)

──────────────────────────────────────────────────
Ref
──────────────────────────────────────────────────
  params=1,248
  e  1  loss=2.3050  task=2.3050  safety=0.0000  top1=0.1208  lr=2.36e-03
  ep 10  val=0.2831
  e 10  loss=2.1484  task=2.1484  safety=0.0000  top1=0.2831  lr=2.36e-03
  ep 20  val=0.3315
  e 20  loss=2.0639  task=2.0639  safety=0.0000  top1=0.3315  lr=2.36e-03
  ep 30  val=0.3118
  e 30  loss=2.0228  task=2.0228  safety=0.0000  top1=0.3118  lr=2.36e-03
  ep 40  val=0.3559
  e 40  loss=2.0033  task=2.0033  safety=0.0000  top1=0.3559  lr=2.36e-03
  ep 50  val=0.3386
  e 50  loss=1.9900  task=1.9900  safety=0.0000  top1=0.3386  lr=2.36e-03
  ep 60  val=0.3411
  e 60  loss=1.9810  task=1.9810  safety=0.0000  top1=0.3411  lr=2.36e-03
  ep 70  val=0.3722
  e 70  loss=1.9720  task=1.9720  safety=0.0000  top1=0.3722  lr=2.36e-03
  → best=0.3722 @ ep70

──────────────────────────────────────────────────
A_proj
──────────────────────────────────────────────────
  params=1,248
  e  1  loss=2.3033  task=2.3033  safety=0.0000  top1=0.1778  lr=2.36e-03
  ep 10  val=0.3832
  e 10  loss=1.8832  task=1.8832  safety=0.0000  top1=0.3832  lr=2.36e-03
  ep 20  val=0.4675
  e 20  loss=1.7325  task=1.7325  safety=0.0000  top1=0.4675  lr=2.36e-03
  ep 30  val=0.4846
  e 30  loss=1.6541  task=1.6541  safety=0.0000  top1=0.4846  lr=2.36e-03
  ep 40  val=0.5078
  e 40  loss=1.5979  task=1.5979  safety=0.0000  top1=0.5078  lr=2.36e-03
  ep 50  val=0.5006
  e 50  loss=1.5711  task=1.5711  safety=0.0000  top1=0.5006  lr=2.36e-03
  ep 60  val=0.5136
  e 60  loss=1.5493  task=1.5493  safety=0.0000  top1=0.5136  lr=2.36e-03
  ep 70  val=0.5070
  e 70  loss=1.5285  task=1.5285  safety=0.0000  top1=0.5070  lr=2.36e-03
  → best=0.5282 @ ep73

======================================================================
Ref=0.3722  A_proj=0.5282  Δ=+0.1560
Curve: N=128(+22.03) N=256(+19.80) N=512(+12.82) N=1024(+4.87) N=2048(+1.56) → N=64(+15.60pp)

→ /Volumes/T9/IndraAstra/dhiraj/neuro_graph/results/train_step717_delta_n64.json
