Step 513 — Dynamic connectivity at K_hh=4 (denser graph test)
  N=512 K_hh=4 warmup=30ep rewire=60ep
  rewire_every=15 max_swaps=1 threshold=0.02 k_cand=8
Dataset loaded into RAM: train=9469  val=3925  (1.34 GB features)

--- Shared warmup phase ---
  [warmup] ep  5  val=0.4668
  [warmup] ep 10  val=0.5552
  [warmup] ep 15  val=0.5857
  [warmup] ep 20  val=0.6239
  [warmup] ep 25  val=0.6892
  [warmup] ep 30  val=0.6999
  [warmup] done. Best=0.6999

────────────────────────────────────────────────────────────
Config Ref_static (rule=None) K_hh=4
────────────────────────────────────────────────────────────
  ep  5  val=0.6767
  ep 10  val=0.6795
  ep 15  val=0.7098
  ep 20  val=0.6950
  ep 25  val=0.7445
  ep 30  val=0.7462
  ep 35  val=0.7282
  ep 40  val=0.7730
  ep 45  val=0.7620
  ep 50  val=0.7488
  ep 55  val=0.7320
  ep 60  val=0.7682
  → Ref_static best=0.7796 swaps=0

────────────────────────────────────────────────────────────
Config A_coact_low (rule=low) K_hh=4
────────────────────────────────────────────────────────────
  ep  5  val=0.6787
  ep 10  val=0.6823
  ep 15  val=0.7088
  [rewire at ep15] swaps=508 diff_from_initial=24.8%
  ep 20  val=0.6196
  ep 25  val=0.6846
  ep 30  val=0.7157
  [rewire at ep30] swaps=508 diff_from_initial=45.0%
  ep 35  val=0.5944
  ep 40  val=0.6726
  ep 45  val=0.7050
  [rewire at ep45] swaps=507 diff_from_initial=58.0%
  ep 50  val=0.6336
  ep 55  val=0.6874
  ep 60  val=0.7243
  → A_coact_low best=0.7302 swaps=1523

────────────────────────────────────────────────────────────
Config B_coact_hi (rule=high) K_hh=4
────────────────────────────────────────────────────────────
  ep  5  val=0.6780
  ep 10  val=0.6848
  ep 15  val=0.7075
  [rewire at ep15] swaps=428 diff_from_initial=20.9%
  ep 20  val=0.6275
  ep 25  val=0.6978
  ep 30  val=0.7304
  [rewire at ep30] swaps=444 diff_from_initial=37.7%
  ep 35  val=0.6675
  ep 40  val=0.7047
  ep 45  val=0.7554
  [rewire at ep45] swaps=443 diff_from_initial=49.4%
  ep 50  val=0.5941
  ep 55  val=0.7279
  ep 60  val=0.7220
  → B_coact_hi best=0.7554 swaps=1315


========== STEP 513 SUMMARY (K_hh=4) ==========
  Shared warmup best: 0.6999
  Ref_static      best=0.7796  swaps=0 events=0
  A_coact_low     best=0.7302  swaps=1523 events=3
  B_coact_hi      best=0.7554  swaps=1315 events=3
  Δ(A_coact_low − Ref_static): -4.94pp
  Δ(B_coact_hi − Ref_static): -2.42pp

Total: 525s
