Device: mps  Epochs: 120  D=16  encoding=fourier
Goal: beam_size × K_iter scaling study (depth vs width in routing)
Row: beam
Dataset loaded into RAM: train=9469  val=3925  (1.34 GB features)
Dataset: train=9469  val=3925  (in-memory, data/store.h5)

======================================================================
A. beam=8    K_iter=3   D=16 geo  [narrow width]
======================================================================
  e  1  loss=3.3370  task=3.3188  safety=0.0313  top1=0.1557  lr=2.36e-03
  e 10  loss=2.1278  task=2.1266  safety=0.0020  top1=0.1623  lr=2.36e-03
  e 20  loss=2.1135  task=2.1122  safety=0.0023  top1=0.1967  lr=2.36e-03
  e 30  loss=2.0987  task=2.0973  safety=0.0025  top1=0.2048  lr=2.36e-03
  e 40  loss=2.0893  task=2.0878  safety=0.0026  top1=0.1608  lr=2.36e-03
  e 50  loss=2.0759  task=2.0743  safety=0.0029  top1=0.2041  lr=2.36e-03
  e 60  loss=2.0707  task=2.0689  safety=0.0030  top1=0.2306  lr=2.36e-03
  e 70  loss=2.0644  task=2.0625  safety=0.0032  top1=0.2324  lr=2.36e-03
  e 80  loss=2.0566  task=2.0546  safety=0.0034  top1=0.2293  lr=2.36e-03
  e 90  loss=2.0537  task=2.0517  safety=0.0034  top1=0.2270  lr=2.36e-03
  e100  loss=2.0492  task=2.0472  safety=0.0035  top1=0.2785  lr=2.36e-03
  e110  loss=2.0478  task=2.0457  safety=0.0035  top1=0.2624  lr=2.36e-03
  e120  loss=2.0439  task=2.0418  safety=0.0037  top1=0.2583  lr=2.36e-03
  top1_best=0.2851  best_ep=99  task=2.041  t=886s

======================================================================
B. beam=16   K_iter=3   D=16 geo
======================================================================
  e  1  loss=3.3351  task=3.3169  safety=0.0313  top1=0.1373  lr=2.36e-03
  e 10  loss=2.1325  task=2.1314  safety=0.0019  top1=0.1577  lr=2.36e-03
  e 20  loss=2.1149  task=2.1136  safety=0.0022  top1=0.1735  lr=2.36e-03
  e 30  loss=2.0974  task=2.0960  safety=0.0025  top1=0.1883  lr=2.36e-03
  e 40  loss=2.0879  task=2.0864  safety=0.0026  top1=0.2079  lr=2.36e-03
  e 50  loss=2.0809  task=2.0792  safety=0.0029  top1=0.2428  lr=2.36e-03
  e 60  loss=2.0697  task=2.0680  safety=0.0030  top1=0.2257  lr=2.36e-03
  e 70  loss=2.0641  task=2.0623  safety=0.0032  top1=0.2482  lr=2.36e-03
  e 80  loss=2.0572  task=2.0553  safety=0.0034  top1=0.2369  lr=2.36e-03
  e 90  loss=2.0526  task=2.0506  safety=0.0034  top1=0.2071  lr=2.36e-03
  e100  loss=2.0483  task=2.0463  safety=0.0034  top1=0.2484  lr=2.36e-03
  e110  loss=2.0462  task=2.0442  safety=0.0035  top1=0.2627  lr=2.36e-03
  e120  loss=2.0427  task=2.0406  safety=0.0036  top1=0.2290  lr=2.36e-03
  top1_best=0.2757  best_ep=81  task=2.041  t=1580s

======================================================================
C. beam=32   K_iter=3   D=16 geo  [reference]
======================================================================
  e  1  loss=3.3327  task=3.3145  safety=0.0313  top1=0.1526  lr=2.36e-03
  e 10  loss=2.1289  task=2.1278  safety=0.0020  top1=0.1580  lr=2.36e-03
  e 20  loss=2.1128  task=2.1115  safety=0.0022  top1=0.1865  lr=2.36e-03
  e 30  loss=2.0973  task=2.0959  safety=0.0025  top1=0.1992  lr=2.36e-03
  e 40  loss=2.0866  task=2.0850  safety=0.0026  top1=0.1847  lr=2.36e-03
  e 50  loss=2.0744  task=2.0728  safety=0.0029  top1=0.1992  lr=2.36e-03
  e 60  loss=2.0698  task=2.0681  safety=0.0030  top1=0.2306  lr=2.36e-03
  e 70  loss=2.0631  task=2.0612  safety=0.0032  top1=0.2624  lr=2.36e-03
  e 80  loss=2.0592  task=2.0573  safety=0.0034  top1=0.2252  lr=2.36e-03
  e 90  loss=2.0549  task=2.0529  safety=0.0034  top1=0.2459  lr=2.36e-03
  e100  loss=2.0524  task=2.0504  safety=0.0035  top1=0.2637  lr=2.36e-03
  e110  loss=2.0477  task=2.0456  safety=0.0036  top1=0.2247  lr=2.36e-03
  e120  loss=2.0421  task=2.0400  safety=0.0037  top1=0.2166  lr=2.36e-03
  top1_best=0.2904  best_ep=112  task=2.041  t=2116s

======================================================================
D. beam=64   K_iter=3   D=16 geo
======================================================================
  e  1  loss=3.3237  task=3.3055  safety=0.0313  top1=0.1327  lr=2.36e-03
  e 10  loss=2.1284  task=2.1272  safety=0.0020  top1=0.1669  lr=2.36e-03
  e 20  loss=2.1108  task=2.1095  safety=0.0022  top1=0.1852  lr=2.36e-03
  e 30  loss=2.0979  task=2.0965  safety=0.0025  top1=0.1761  lr=2.36e-03
  e 40  loss=2.0868  task=2.0853  safety=0.0026  top1=0.2079  lr=2.36e-03
  e 50  loss=2.0799  task=2.0783  safety=0.0029  top1=0.2211  lr=2.36e-03
  e 60  loss=2.0685  task=2.0667  safety=0.0030  top1=0.2438  lr=2.36e-03
  e 70  loss=2.0651  task=2.0632  safety=0.0032  top1=0.2191  lr=2.36e-03
  e 80  loss=2.0582  task=2.0562  safety=0.0034  top1=0.2334  lr=2.36e-03
  e 90  loss=2.0526  task=2.0506  safety=0.0034  top1=0.2436  lr=2.36e-03
  e100  loss=2.0483  task=2.0463  safety=0.0034  top1=0.2456  lr=2.36e-03
  e110  loss=2.0463  task=2.0442  safety=0.0035  top1=0.2953  lr=2.36e-03
  e120  loss=2.0443  task=2.0422  safety=0.0036  top1=0.2499  lr=2.36e-03
  top1_best=0.2953  best_ep=110  task=2.042  t=2824s

======================================================================
E. beam=128  K_iter=3   D=16 geo  [wide width]
======================================================================
  e  1  loss=3.3251  task=3.3069  safety=0.0314  top1=0.1439  lr=2.36e-03
  e 10  loss=2.1294  task=2.1283  safety=0.0020  top1=0.1633  lr=2.36e-03
  e 20  loss=2.1103  task=2.1090  safety=0.0022  top1=0.1850  lr=2.36e-03
  e 30  loss=2.0965  task=2.0950  safety=0.0025  top1=0.1850  lr=2.36e-03
  e 40  loss=2.0872  task=2.0857  safety=0.0027  top1=0.1893  lr=2.36e-03
  e 50  loss=2.0790  task=2.0773  safety=0.0029  top1=0.2507  lr=2.36e-03
  e 60  loss=2.0662  task=2.0645  safety=0.0030  top1=0.2255  lr=2.36e-03
  e 70  loss=2.0597  task=2.0578  safety=0.0032  top1=0.2280  lr=2.36e-03
  e 80  loss=2.0564  task=2.0544  safety=0.0034  top1=0.2441  lr=2.36e-03
  e 90  loss=2.0529  task=2.0509  safety=0.0034  top1=0.2540  lr=2.36e-03
  e100  loss=2.0479  task=2.0459  safety=0.0035  top1=0.2120  lr=2.36e-03
  e110  loss=2.0437  task=2.0416  safety=0.0036  top1=0.2657  lr=2.36e-03
  e120  loss=2.0424  task=2.0403  safety=0.0037  top1=0.2563  lr=2.36e-03
  top1_best=0.2810  best_ep=114  task=2.040  t=2158s

Saved -> results/train_step13_beam_iter_scaling_beam.json

-- Beam × K_iter scaling at D=16 Fourier (ref: step9A=0.2922) ------
  Config                                                    beam  K_iter  top1_best    vs_ref    t(s)
  -------------------------------------------------------  -----  ------  ---------  --------  ------
  A                                                            8       3     0.2851   -0.0071     886
  B                                                           16       3     0.2757   -0.0165    1580
  C                                                           32       3     0.2904   -0.0018    2116
  D                                                           64       3     0.2953   +0.0031    2824
  E                                                          128       3     0.2810   -0.0112    2158

  === Beam sweep (K_iter=3) ===
  beam=  8: 0.2851
  beam= 16: 0.2757
  beam= 32: 0.2904
  beam= 64: 0.2953
  beam=128: 0.2810
