
========================================================================
CNN step004 T2  device=cpu  epochs=150  seed=42
  train=9469 (100% — T2 full dataset)  val=3925  batch=32
========================================================================

  config          params   MACs(M)  %VGG16conv    T1_acc  desc
  --------------------------------------------------------------------------------
  F_wide         825,482     559.8      3.808%    0.7442  wide: 128/256/256 k=7
  --------------------------------------------------------------------------------
  VGG16-conv   14,700,000   14700.0    100.000%       N/A  (teacher reference)

────────────────────────────────────────────────────────────
F_wide: wide: 128/256/256 k=7  T1=0.7442
  params=825,482  MACs=559.8M  (3.808% of VGG16-conv)
  ep 10  val=0.7376  best=0.7399
  ep 20  val=0.7786  best=0.7845
  ep 30  val=0.7536  best=0.7939
  ep 40  val=0.7689  best=0.7939
  ep 50  val=0.7498  best=0.7939
  ep 60  val=0.7498  best=0.7939
  ep 70  val=0.7572  best=0.7939
  ep 80  val=0.7468  best=0.7939
  ep 90  val=0.7483  best=0.7939
  ep100  val=0.7592  best=0.7939
  ep110  val=0.7638  best=0.7939
  ep120  val=0.7531  best=0.7939
  ep130  val=0.7564  best=0.7939
  ep140  val=0.7580  best=0.7939
  ep150  val=0.7562  best=0.7939
  -> best=0.7939 @ep26  Δ_vs_Ref=+0.00pp  T1→T2=+4.97pp  193761s

========================================================================
CNN STEP004 T2 SUMMARY — (150ep, 100% data)
========================================================================
  config          params   MACs(M)   T1_acc   T2_acc       Δ_Ref     T1→T2  efficiency
  ------------------------------------------------------------------------------------------
  F_wide         825,482     559.8   0.7442   0.7939      +0.00pp   +4.97pp  acc/MACs=0.001 %/M

-> /Volumes/T9/IndraAstra/dhiraj/neuro_graph/results/cnn_step004_t2_seed42__mini_cpu.json
