Device: mps  Epochs: 90  D=16  N=512
Fixing P7: replacing hard beam gate with differentiable soft-beam attention
Trick 2: source-only Z_fwd avoids full [B,N,D] allocation
Step25 hard-beam best: ~19-23%  |  Full routing ref: ~28.56%
Dataset loaded into RAM: train=9469  val=3925  (1.34 GB features)
Dataset: train=9469  val=3925

======================================================================
Ref. full routing  no beam  K_iter=3  [step25 Ref]
======================================================================
  e  1  loss=3.3370  task=3.3188  safety=0.0313  top1=0.1549  lr=2.36e-03
  e 10  loss=2.1277  task=2.1265  safety=0.0020  top1=0.1628  lr=2.36e-03
  e 20  loss=2.1134  task=2.1121  safety=0.0023  top1=0.1982  lr=2.36e-03
  e 30  loss=2.0986  task=2.0972  safety=0.0025  top1=0.2046  lr=2.36e-03
  e 40  loss=2.0892  task=2.0877  safety=0.0026  top1=0.1618  lr=2.36e-03
  e 50  loss=2.0758  task=2.0742  safety=0.0029  top1=0.2041  lr=2.36e-03
  e 60  loss=2.0706  task=2.0688  safety=0.0030  top1=0.2301  lr=2.36e-03
  e 70  loss=2.0643  task=2.0624  safety=0.0032  top1=0.2311  lr=2.36e-03
  e 80  loss=2.0565  task=2.0545  safety=0.0034  top1=0.2298  lr=2.36e-03
  e 90  loss=2.0536  task=2.0516  safety=0.0034  top1=0.2278  lr=2.36e-03
  top1_best=0.2685  best_ep=75/90 (83%)  diag=converged  t=1159s

======================================================================
A.  soft-beam K=32 τ=1.0  K_iter=3  [differentiable beam]
======================================================================
  e  1  loss=4.4648  task=4.4465  safety=0.0314  top1=0.1220  lr=2.36e-03
  e 10  loss=2.1071  task=2.1053  safety=0.0031  top1=0.1837  lr=2.36e-03
  e 20  loss=2.0873  task=2.0857  safety=0.0027  top1=0.1819  lr=2.36e-03
  e 30  loss=2.0775  task=2.0759  safety=0.0027  top1=0.2237  lr=2.36e-03
  e 40  loss=2.0722  task=2.0706  safety=0.0027  top1=0.2087  lr=2.36e-03
  e 50  loss=2.0663  task=2.0646  safety=0.0029  top1=0.2138  lr=2.36e-03
