
======================================================================
Step 233 — θ-Edge Precision: sinusoidal edge weights replacing AH
Running: ['Ref', 'A', 'B', 'C', 'D', 'E']
======================================================================
Dataset loaded into RAM: train=9469  val=3925  (1.34 GB features)

────────────────────────────────────────────────────────────
Config Ref: Standard AH (reference)
────────────────────────────────────────────────────────────
  total params=67,744  θ-edge params=0  hidden W_pos=32,768
  ep  1  val=0.3659
  e  1  loss=6.1137  task=6.1137  safety=0.0000  top1=0.3659  lr=2.36e-03
  ep  5  val=0.8329
  ep 10  val=0.8882
  e 10  loss=0.3973  task=0.3973  safety=0.0000  top1=0.8882  lr=2.36e-03
  ep 15  val=0.8978
  ep 20  val=0.9139
  e 20  loss=0.2773  task=0.2773  safety=0.0000  top1=0.9139  lr=2.36e-03
  → best=0.9164 @ ep18  (80s)

────────────────────────────────────────────────────────────
Config A: θ-edge, precision=fp32
────────────────────────────────────────────────────────────
  total params=71,840  θ-edge params=4,096  hidden W_pos=0
  [injected theta_edge into optimizer]
  ep  1  val=0.1325
  e  1  loss=12.0628  task=12.0628  safety=0.0000  top1=0.1325  lr=2.36e-03
  ep  5  val=0.2752
  ep 10  val=0.5434
  e 10  loss=1.5301  task=1.5301  safety=0.0000  top1=0.5434  lr=2.36e-03
  ep 15  val=0.6726
  ep 20  val=0.7513
  e 20  loss=0.9827  task=0.9827  safety=0.0000  top1=0.7513  lr=2.36e-03
  edge weights: mean=0.7306, std=0.115, suppressed(<0.3)=0.2%, open(>0.7)=66.7%
  → best=0.7518 @ ep19  (80s)

────────────────────────────────────────────────────────────
Config B: θ-edge, precision=fp16
────────────────────────────────────────────────────────────
  total params=71,840  θ-edge params=4,096  hidden W_pos=0
  [injected theta_edge into optimizer]
  ep  1  val=0.1330
  e  1  loss=12.0624  task=12.0624  safety=0.0000  top1=0.1330  lr=2.36e-03
  ep  5  val=0.2769
  ep 10  val=0.5427
  e 10  loss=1.5302  task=1.5302  safety=0.0000  top1=0.5427  lr=2.36e-03
  ep 15  val=0.6726
  ep 20  val=0.7496
  e 20  loss=0.9826  task=0.9826  safety=0.0000  top1=0.7496  lr=2.36e-03
  edge weights: mean=0.7306, std=0.115, suppressed(<0.3)=0.2%, open(>0.7)=66.8%
  → best=0.7529 @ ep19  (88s)

────────────────────────────────────────────────────────────
Config C: θ-edge, precision=bf16
────────────────────────────────────────────────────────────
  total params=71,840  θ-edge params=4,096  hidden W_pos=0
  [injected theta_edge into optimizer]
  ep  1  val=0.1343
  e  1  loss=12.0737  task=12.0737  safety=0.0000  top1=0.1343  lr=2.36e-03
  ep  5  val=0.2744
  ep 10  val=0.5404
  e 10  loss=1.5310  task=1.5310  safety=0.0000  top1=0.5404  lr=2.36e-03
  ep 15  val=0.6698
