Device: cpu  Epochs: 75  Batch: 128  N=4096  Data: 50%
Step 86: FLOPs / accuracy Pareto sweep
Ref: step71 Ref (N=4096, K_hh=6, K_iter=8) = 0.9587

  Cfg      FLOPs   vs_VGG16   K_hh  K_iter    D  Description
  Ref      47.2M      0.39x      6       8   64  Ref  K_hh=6  K_iter=8  D=64  (baseline)
  A        38.8M      0.32x      4       8   64  A    K_hh=4  K_iter=8  D=64  (-23% FLOPs)
  B        34.6M      0.29x      3       8   64  B    K_hh=3  K_iter=8  D=64  (-34% FLOPs)
  C        30.4M      0.25x      2       8   64  C    K_hh=2  K_iter=8  D=64  (-45% FLOPs)
  D        39.3M      0.33x      6       6   64  D    K_hh=6  K_iter=6  D=64  (-23% FLOPs)
  E        33.0M      0.28x      4       6   64  E    K_hh=4  K_iter=6  D=64  (-42% FLOPs)
  F        23.6M      0.20x      6       8   32  F    K_hh=6  K_iter=8  D=32  (-50% FLOPs)
  G        31.5M      0.26x      6       4   64  G    K_hh=6  K_iter=4  D=64  (-37% FLOPs)
  H        15.7M      0.13x      6       4   32  H    K_hh=6  K_iter=4  D=32  (-68% FLOPs)
  I        40.6M      0.34x      6       8   64  I    K_in=25 K_iter=8  D=64  (-13% FLOPs)

Dataset loaded into RAM: train=9469  val=3925  (1.34 GB features)
Dataset: train=4734  val=3925

======================================================================
F    K_hh=6  K_iter=8  D=32  (-50% FLOPs)
  K_hh=6  K_iter=8  D=32  params=266,560  FLOPs=23.6M  vs_VGG16=0.20x
======================================================================
  e  1  loss=10.1536  task=10.1095  safety=0.1278  top1=0.3057  lr=2.36e-03
  e 10  loss=0.3501  task=0.3328  safety=0.0499  top1=0.8915  lr=2.36e-03
  e 20  loss=0.2228  task=0.2118  safety=0.0318  top1=0.9310  lr=2.36e-03
  e 30  loss=0.1679  task=0.1596  safety=0.0239  top1=0.9383  lr=2.36e-03
  e 40  loss=0.1326  task=0.1261  safety=0.0189  top1=0.9396  lr=2.36e-03
  e 50  loss=0.1264  task=0.1201  safety=0.0180  top1=0.9381  lr=2.36e-03
  e 60  loss=0.1067  task=0.1014  safety=0.0152  top1=0.9320  lr=2.36e-03
  e 70  loss=0.0950  task=0.0903  safety=0.0135  top1=0.9368  lr=2.36e-03
  top1_best=0.9546  best_ep=69/75 (92%)  vs_ref=-0.0041  FLOPs=23.6M  t=3380s
  [saved train_step86_pareto_flops.json]

======================================================================
G    K_hh=6  K_iter=4  D=64  (-37% FLOPs)
  K_hh=6  K_iter=4  D=64  params=529,024  FLOPs=31.5M  vs_VGG16=0.26x
======================================================================
  e  1  loss=4.6321  task=4.5820  safety=0.1450  top1=0.3042  lr=2.36e-03
  e 10  loss=0.9064  task=0.8618  safety=0.1291  top1=0.8329  lr=2.36e-03
  e 20  loss=0.6373  task=0.6059  safety=0.0909  top1=0.8851  lr=2.36e-03
  e 30  loss=0.5071  task=0.4821  safety=0.0723  top1=0.8904  lr=2.36e-03
  e 40  loss=0.4249  task=0.4039  safety=0.0606  top1=0.9172  lr=2.36e-03
  e 50  loss=0.3766  task=0.3580  safety=0.0537  top1=0.8983  lr=2.36e-03
  e 60  loss=0.3340  task=0.3176  safety=0.0476  top1=0.9172  lr=2.36e-03
  e 70  loss=0.3115  task=0.2962  safety=0.0444  top1=0.9195  lr=2.36e-03
  top1_best=0.9289  best_ep=59/75 (79%)  vs_ref=-0.0298  FLOPs=31.5M  t=4799s
  [saved train_step86_pareto_flops.json]

======================================================================
H    K_hh=6  K_iter=4  D=32  (-68% FLOPs)
  K_hh=6  K_iter=4  D=32  params=266,560  FLOPs=15.7M  vs_VGG16=0.13x
======================================================================
  e  1  loss=14.0813  task=14.0380  safety=0.1255  top1=0.1381  lr=2.36e-03
  e 10  loss=0.7791  task=0.7409  safety=0.1106  top1=0.8543  lr=2.36e-03
  e 20  loss=0.4763  task=0.4528  safety=0.0679  top1=0.8991  lr=2.36e-03
  e 30  loss=0.3577  task=0.3401  safety=0.0510  top1=0.9246  lr=2.36e-03
  e 40  loss=0.2884  task=0.2742  safety=0.0411  top1=0.9271  lr=2.36e-03
  e 50  loss=0.2410  task=0.2292  safety=0.0344  top1=0.9241  lr=2.36e-03
  e 60  loss=0.2019  task=0.1919  safety=0.0288  top1=0.9307  lr=2.36e-03
  e 70  loss=0.1811  task=0.1722  safety=0.0258  top1=0.9468  lr=2.36e-03
  top1_best=0.9468  best_ep=70/75 (93%)  vs_ref=-0.0119  FLOPs=15.7M  t=2139s
  [saved train_step86_pareto_flops.json]

======================================================================
I    K_in=25 K_iter=8  D=64  (-13% FLOPs)
  K_hh=6  K_iter=8  D=64  params=529,024  FLOPs=40.6M  vs_VGG16=0.34x
======================================================================
  e  1  loss=2.3818  task=2.3313  safety=0.1463  top1=0.7210  lr=2.36e-03
  e 10  loss=0.3045  task=0.2895  safety=0.0434  top1=0.9340  lr=2.36e-03
  e 20  loss=0.2324  task=0.2210  safety=0.0331  top1=0.9411  lr=2.36e-03
  e 30  loss=0.1841  task=0.1751  safety=0.0263  top1=0.9414  lr=2.36e-03
  e 40  loss=0.1635  task=0.1554  safety=0.0233  top1=0.9488  lr=2.36e-03
  e 50  loss=0.1509  task=0.1435  safety=0.0215  top1=0.9348  lr=2.36e-03
  e 60  loss=0.1148  task=0.1092  safety=0.0164  top1=0.9564  lr=1.18e-03
  e 70  loss=0.1077  task=0.1024  safety=0.0154  top1=0.9541  lr=1.18e-03
  top1_best=0.9595  best_ep=72/75 (96%)  vs_ref=+0.0008  FLOPs=40.6M  t=6541s
  [saved train_step86_pareto_flops.json]

======================================================================
STEP 86 COMPLETE — FLOPs / Accuracy Pareto
Ref (step71): 0.9587  @  49.2M FLOPs

  Key       top1    vs_ref     FLOPs   vs_VGG16   K_hh  K_iter    D
  F     0.9546    -0.0041     23.6M      0.20x      6       8   32
  G     0.9289    -0.0298     31.5M      0.26x      6       4   64
  H     0.9468    -0.0119     15.7M      0.13x      6       4   32
  I     0.9595    +0.0008     40.6M      0.34x      6       8   64

  Pareto frontier: configs where accuracy drop < 1pp per 10M FLOPs saved
  → feeds into step87 (winner at full 100%/150ep) or step88 (compound with redistribution routing)
