Dataset loaded into RAM: train=9469  val=3925  (1.34 GB features)

======================================================================
step956 — Refractory neurons T1 (75ep, 50% data)
  device=mps  epochs=75  seed=42
  N=2048/D=16/K_hh=2/K_iter=5
  T0 context: B=−0.03pp NEUTRAL, C=−0.28pp NEUTRAL. Both advance.
  Canonical ref (step887): 0.9638
======================================================================

────────────────────────────────────────────────────────────
Ref: β=None  α_r=None  params=34,976
  e  1  top1=0.7748  lr=2.36e-03
  e  1  loss=2.4822  task=2.4822  safety=0.0000  top1=0.7748  lr=2.36e-03
  e  2  top1=0.8632  lr=2.36e-03
  e  3  top1=0.8846  lr=2.36e-03
  e  4  top1=0.8950  lr=2.36e-03
  e  5  top1=0.9106  lr=2.36e-03
  e  6  top1=0.9088  lr=2.36e-03
  e  7  top1=0.9126  lr=2.36e-03
  e  8  top1=0.9197  lr=2.36e-03
  e  9  top1=0.9276  lr=2.36e-03
  e 10  top1=0.9335  lr=2.36e-03
  e 10  loss=0.0823  task=0.0823  safety=0.0000  top1=0.9335  lr=2.36e-03
  e 11  top1=0.9292  lr=2.36e-03
  e 12  top1=0.9330  lr=2.36e-03
  e 13  top1=0.9310  lr=2.36e-03
  e 14  top1=0.9368  lr=2.36e-03
  e 15  top1=0.9320  lr=2.36e-03
  e 16  top1=0.9386  lr=2.36e-03
  e 17  top1=0.9343  lr=2.36e-03
  e 18  top1=0.9373  lr=2.36e-03
  e 19  top1=0.9373  lr=2.36e-03
  e 20  top1=0.9417  lr=2.36e-03
  e 20  loss=0.0349  task=0.0349  safety=0.0000  top1=0.9417  lr=2.36e-03
  e 21  top1=0.9396  lr=2.36e-03
  e 22  top1=0.9439  lr=2.36e-03
  e 23  top1=0.9394  lr=2.36e-03
  e 24  top1=0.9396  lr=2.36e-03
  e 25  top1=0.9439  lr=2.36e-03
  e 26  top1=0.9439  lr=2.36e-03
  e 27  top1=0.9450  lr=2.36e-03
  e 28  top1=0.9457  lr=2.36e-03
  e 29  top1=0.9462  lr=2.36e-03
  e 30  top1=0.9404  lr=2.36e-03
  e 30  loss=0.0212  task=0.0212  safety=0.0000  top1=0.9404  lr=2.36e-03
  e 31  top1=0.9455  lr=2.36e-03
  e 32  top1=0.9450  lr=2.36e-03
  e 33  top1=0.9460  lr=2.36e-03
  e 34  top1=0.9450  lr=2.36e-03
  e 35  top1=0.9457  lr=2.36e-03
  e 36  top1=0.9462  lr=2.36e-03
  e 37  top1=0.9480  lr=2.36e-03
  e 38  top1=0.9478  lr=2.36e-03
  e 39  top1=0.9457  lr=2.36e-03
  e 40  top1=0.9434  lr=2.36e-03
  e 40  loss=0.0156  task=0.0156  safety=0.0000  top1=0.9434  lr=2.36e-03
  e 41  top1=0.9445  lr=2.36e-03
  e 42  top1=0.9488  lr=2.36e-03
  e 43  top1=0.9516  lr=2.36e-03
  e 44  top1=0.9498  lr=2.36e-03
  e 45  top1=0.9493  lr=2.36e-03
  e 46  top1=0.9485  lr=2.36e-03
  e 47  top1=0.9475  lr=2.36e-03
  e 48  top1=0.9475  lr=2.36e-03
  e 49  top1=0.9475  lr=2.36e-03
  e 50  top1=0.9508  lr=2.36e-03
  e 50  loss=0.0115  task=0.0115  safety=0.0000  top1=0.9508  lr=2.36e-03
  e 51  top1=0.9483  lr=2.36e-03
  e 52  top1=0.9521  lr=2.36e-03
  e 53  top1=0.9386  lr=2.36e-03
  e 54  top1=0.9521  lr=2.36e-03
  e 55  top1=0.9465  lr=2.36e-03
  e 56  top1=0.9521  lr=2.36e-03
  e 57  top1=0.9503  lr=2.36e-03
  e 58  top1=0.9521  lr=2.36e-03
  e 59  top1=0.9485  lr=2.36e-03
  e 60  top1=0.9457  lr=2.36e-03
  e 60  loss=0.0118  task=0.0118  safety=0.0000  top1=0.9457  lr=2.36e-03
  e 61  top1=0.9424  lr=2.36e-03
  e 62  top1=0.9508  lr=2.36e-03
  e 63  top1=0.9513  lr=2.36e-03
  e 64  top1=0.9511  lr=2.36e-03
  e 65  top1=0.9508  lr=2.36e-03
  e 66  top1=0.9508  lr=2.36e-03
  e 67  top1=0.9536  lr=2.36e-03
  e 68  top1=0.9447  lr=2.36e-03
  e 69  top1=0.9462  lr=2.36e-03
  e 70  top1=0.9518  lr=2.36e-03
  e 70  loss=0.0128  task=0.0128  safety=0.0000  top1=0.9518  lr=2.36e-03
  e 71  top1=0.9506  lr=2.36e-03
  e 72  top1=0.9508  lr=2.36e-03
  e 73  top1=0.9524  lr=2.36e-03
  e 74  top1=0.9557  lr=2.36e-03
  e 75  top1=0.9549  lr=2.36e-03
  -> best=0.9557 @ep74  Δ=+0.00pp  (baseline)
────────────────────────────────────────────────────────────
B_β05_αr1: β=0.5  α_r=1.0  params=34,976
  e  1  top1=0.5811  lr=2.36e-03
  e  1  loss=3.8264  task=3.8264  safety=0.0000  top1=0.5811  lr=2.36e-03
  e  2  top1=0.8145  lr=2.36e-03
  e  3  top1=0.8609  lr=2.36e-03
  e  4  top1=0.8846  lr=2.36e-03
  e  5  top1=0.8981  lr=2.36e-03
  e  6  top1=0.8976  lr=2.36e-03
  e  7  top1=0.9116  lr=2.36e-03
  e  8  top1=0.9172  lr=2.36e-03
  e  9  top1=0.9167  lr=2.36e-03
  e 10  top1=0.9225  lr=2.36e-03
  e 10  loss=0.1951  task=0.1951  safety=0.0000  top1=0.9225  lr=2.36e-03
  e 11  top1=0.9172  lr=2.36e-03
  e 12  top1=0.9248  lr=2.36e-03
  e 13  top1=0.9208  lr=2.36e-03
  e 14  top1=0.9294  lr=2.36e-03
  e 15  top1=0.9238  lr=2.36e-03
  e 16  top1=0.9332  lr=2.36e-03
  e 17  top1=0.9307  lr=2.36e-03
  e 18  top1=0.9335  lr=2.36e-03
  e 19  top1=0.9340  lr=2.36e-03
  e 20  top1=0.9361  lr=2.36e-03
  e 20  loss=0.1052  task=0.1052  safety=0.0000  top1=0.9361  lr=2.36e-03
  e 21  top1=0.9389  lr=2.36e-03
  e 22  top1=0.9361  lr=2.36e-03
  e 23  top1=0.9368  lr=2.36e-03
  e 24  top1=0.9378  lr=2.36e-03
  e 25  top1=0.9424  lr=2.36e-03
  e 26  top1=0.9427  lr=2.36e-03
  e 27  top1=0.9439  lr=2.36e-03
  e 28  top1=0.9434  lr=2.36e-03
  e 29  top1=0.9320  lr=2.36e-03
  e 30  top1=0.9447  lr=2.36e-03
  e 30  loss=0.0739  task=0.0739  safety=0.0000  top1=0.9447  lr=2.36e-03
  e 31  top1=0.9465  lr=2.36e-03
  e 32  top1=0.9465  lr=2.36e-03
  e 33  top1=0.9457  lr=2.36e-03
  e 34  top1=0.9468  lr=2.36e-03
  e 35  top1=0.9429  lr=2.36e-03
  e 36  top1=0.9452  lr=2.36e-03
  e 37  top1=0.9483  lr=2.36e-03
  e 38  top1=0.9473  lr=2.36e-03
  e 39  top1=0.9411  lr=2.36e-03
  e 40  top1=0.9470  lr=2.36e-03
  e 40  loss=0.0518  task=0.0518  safety=0.0000  top1=0.9470  lr=2.36e-03
  e 41  top1=0.9450  lr=2.36e-03
  e 42  top1=0.9478  lr=2.36e-03
  e 43  top1=0.9490  lr=2.36e-03
  e 44  top1=0.9506  lr=2.36e-03
  e 45  top1=0.9465  lr=2.36e-03
  e 46  top1=0.9457  lr=2.36e-03
  e 47  top1=0.9475  lr=2.36e-03
  e 48  top1=0.9480  lr=2.36e-03
  e 49  top1=0.9513  lr=2.36e-03
  e 50  top1=0.9483  lr=2.36e-03
  e 50  loss=0.0389  task=0.0389  safety=0.0000  top1=0.9483  lr=2.36e-03
  e 51  top1=0.9529  lr=2.36e-03
  e 52  top1=0.9529  lr=2.36e-03
  e 53  top1=0.9521  lr=2.36e-03
  e 54  top1=0.9534  lr=2.36e-03
  e 55  top1=0.9506  lr=2.36e-03
  e 56  top1=0.9511  lr=2.36e-03
  e 57  top1=0.9501  lr=2.36e-03
  e 58  top1=0.9513  lr=2.36e-03
  e 59  top1=0.9536  lr=2.36e-03
  e 60  top1=0.9518  lr=2.36e-03
  e 60  loss=0.0324  task=0.0324  safety=0.0000  top1=0.9518  lr=2.36e-03
  e 61  top1=0.9546  lr=2.36e-03
  e 62  top1=0.9531  lr=2.36e-03
  e 63  top1=0.9536  lr=2.36e-03
  e 64  top1=0.9559  lr=2.36e-03
  e 65  top1=0.9549  lr=2.36e-03
  e 66  top1=0.9557  lr=2.36e-03
  e 67  top1=0.9534  lr=2.36e-03
  e 68  top1=0.9546  lr=2.36e-03
  e 69  top1=0.9539  lr=2.36e-03
  e 70  top1=0.9544  lr=2.36e-03
  e 70  loss=0.0252  task=0.0252  safety=0.0000  top1=0.9544  lr=2.36e-03
  e 71  top1=0.9552  lr=2.36e-03
  e 72  top1=0.9554  lr=2.36e-03
  e 73  top1=0.9501  lr=2.36e-03
  e 74  top1=0.9544  lr=2.36e-03
  e 75  top1=0.9526  lr=2.36e-03
  -> best=0.9559 @ep64  Δ=+0.03pp  NEUTRAL
────────────────────────────────────────────────────────────
C_β09_αr1: β=0.9  α_r=1.0  params=34,976
  e  1  top1=0.4497  lr=2.36e-03
  e  1  loss=4.8392  task=4.8392  safety=0.0000  top1=0.4497  lr=2.36e-03
  e  2  top1=0.7307  lr=2.36e-03
  e  3  top1=0.8092  lr=2.36e-03
  e  4  top1=0.8591  lr=2.36e-03
  e  5  top1=0.8856  lr=2.36e-03
  e  6  top1=0.8803  lr=2.36e-03
  e  7  top1=0.9060  lr=2.36e-03
  e  8  top1=0.9152  lr=2.36e-03
  e  9  top1=0.9139  lr=2.36e-03
  e 10  top1=0.9231  lr=2.36e-03
  e 10  loss=0.2450  task=0.2450  safety=0.0000  top1=0.9231  lr=2.36e-03
  e 11  top1=0.9159  lr=2.36e-03
  e 12  top1=0.9223  lr=2.36e-03
  e 13  top1=0.9246  lr=2.36e-03
  e 14  top1=0.9261  lr=2.36e-03
  e 15  top1=0.9284  lr=2.36e-03
  e 16  top1=0.9338  lr=2.36e-03
  e 17  top1=0.9330  lr=2.36e-03
  e 18  top1=0.9345  lr=2.36e-03
  e 19  top1=0.9343  lr=2.36e-03
  e 20  top1=0.9363  lr=2.36e-03
  e 20  loss=0.1369  task=0.1369  safety=0.0000  top1=0.9363  lr=2.36e-03
  e 21  top1=0.9373  lr=2.36e-03
  e 22  top1=0.9406  lr=2.36e-03
  e 23  top1=0.9383  lr=2.36e-03
  e 24  top1=0.9411  lr=2.36e-03
  e 25  top1=0.9429  lr=2.36e-03
  e 26  top1=0.9419  lr=2.36e-03
  e 27  top1=0.9434  lr=2.36e-03
  e 28  top1=0.9396  lr=2.36e-03
  e 29  top1=0.9411  lr=2.36e-03
  e 30  top1=0.9478  lr=2.36e-03
  e 30  loss=0.0975  task=0.0975  safety=0.0000  top1=0.9478  lr=2.36e-03
  e 31  top1=0.9468  lr=2.36e-03
  e 32  top1=0.9468  lr=2.36e-03
  e 33  top1=0.9445  lr=2.36e-03
  e 34  top1=0.9460  lr=2.36e-03
  e 35  top1=0.9473  lr=2.36e-03
  e 36  top1=0.9417  lr=2.36e-03
  e 37  top1=0.9460  lr=2.36e-03
  e 38  top1=0.9468  lr=2.36e-03
  e 39  top1=0.9422  lr=2.36e-03
  e 40  top1=0.9457  lr=2.36e-03
  e 40  loss=0.0691  task=0.0691  safety=0.0000  top1=0.9457  lr=2.36e-03
  e 41  top1=0.9434  lr=2.36e-03
  e 42  top1=0.9473  lr=2.36e-03
  e 43  top1=0.9480  lr=2.36e-03
  e 44  top1=0.9493  lr=2.36e-03
  e 45  top1=0.9455  lr=2.36e-03
  e 46  top1=0.9455  lr=2.36e-03
  e 47  top1=0.9478  lr=2.36e-03
  e 48  top1=0.9483  lr=2.36e-03
  e 49  top1=0.9483  lr=2.36e-03
  e 50  top1=0.9468  lr=2.36e-03
  e 50  loss=0.0543  task=0.0543  safety=0.0000  top1=0.9468  lr=2.36e-03
  e 51  top1=0.9493  lr=2.36e-03
  e 52  top1=0.9470  lr=2.36e-03
  e 53  top1=0.9490  lr=2.36e-03
  e 54  top1=0.9521  lr=2.36e-03
  e 55  top1=0.9478  lr=2.36e-03
  e 56  top1=0.9501  lr=2.36e-03
  e 57  top1=0.9518  lr=2.36e-03
  e 58  top1=0.9475  lr=2.36e-03
  e 59  top1=0.9506  lr=2.36e-03
  e 60  top1=0.9475  lr=2.36e-03
  e 60  loss=0.0462  task=0.0462  safety=0.0000  top1=0.9475  lr=2.36e-03
  e 61  top1=0.9493  lr=2.36e-03
  e 62  top1=0.9452  lr=2.36e-03
  e 63  top1=0.9506  lr=2.36e-03
  e 64  top1=0.9496  lr=2.36e-03
  e 65  top1=0.9513  lr=2.36e-03
  e 66  top1=0.9496  lr=2.36e-03
  e 67  top1=0.9511  lr=2.36e-03
  e 68  top1=0.9490  lr=2.36e-03
  e 69  top1=0.9493  lr=2.36e-03
  e 70  top1=0.9498  lr=2.36e-03
  e 70  loss=0.0345  task=0.0345  safety=0.0000  top1=0.9498  lr=2.36e-03
  e 71  top1=0.9485  lr=2.36e-03
  e 72  top1=0.9462  lr=2.36e-03
  e 73  top1=0.9488  lr=2.36e-03
  e 74  top1=0.9501  lr=2.36e-03
  e 75  top1=0.9490  lr=2.36e-03
  -> best=0.9521 @ep54  Δ=-0.36pp  NEUTRAL

======================================================================
STEP 956 SUMMARY — Refractory neurons T1
======================================================================
  Ref            β=None  α_r=None  best=0.9557  Δ=+0.00pp  (ref)
  B_β05_αr1      β=0.5  α_r=1.0  best=0.9559  Δ=+0.03pp  NEU
  C_β09_αr1      β=0.9  α_r=1.0  best=0.9521  Δ=-0.36pp  NEU

-> /Volumes/T9/IndraAstra/dhiraj/neuro_graph/results/train_step956_refractory_t1_seed42__mini_mps.json
