/Volumes/T9/IndraAstra/dhiraj/neuro_graph/d_env/lib/python3.14/site-packages/torchvision/datasets/cifar.py:83: VisibleDeprecationWarning: dtype(): align should be passed as Python or NumPy boolean but got `align=0`. Did you mean to pass a tuple to create a subarray type? (Deprecated NumPy 2.4)
  entry = pickle.load(f, encoding="latin1")

======================================================================
Step 400 — CIFAR-10 generalization (raw pixels, Tier-0 30ep)
N_IN=3072  D=16  K_hh=2  K_iter=5  AH α=1.0
Configs: Linear / N=512 / N=2048 (efficiency) / N=4096
Device: mps
======================================================================
CIFAR-10 loaded: train=50000  val=10000  N_IN=3072

  [Linear]  params=30,731  (Adam lr=1e-3)
    ep 10  val=0.3909
    ep 20  val=0.3871
    ep 30  val=0.3794

  [N512]  params=8,864
  e  1  loss=2.2520  task=2.2520  safety=0.0000  top1=0.2634  lr=2.36e-03
    ep 10  val=0.3227
  e 10  loss=1.9066  task=1.9066  safety=0.0000  top1=0.3227  lr=2.36e-03
    ep 20  val=0.3246
  e 20  loss=1.8787  task=1.8787  safety=0.0000  top1=0.3246  lr=2.36e-03
    ep 30  val=0.3338
  e 30  loss=1.8607  task=1.8607  safety=0.0000  top1=0.3338  lr=2.36e-03

  [N2048]  params=34,976
  e  1  loss=2.5141  task=2.5141  safety=0.0000  top1=0.2563  lr=2.36e-03
    ep 10  val=0.3143
  e 10  loss=1.8941  task=1.8941  safety=0.0000  top1=0.3143  lr=2.36e-03
    ep 20  val=0.3336
  e 20  loss=1.8465  task=1.8465  safety=0.0000  top1=0.3336  lr=2.36e-03
    ep 30  val=0.3209
  e 30  loss=1.8244  task=1.8244  safety=0.0000  top1=0.3209  lr=2.36e-03

  [N4096]  params=69,792
  e  1  loss=3.3030  task=3.3030  safety=0.0000  top1=0.2369  lr=2.36e-03
    ep 10  val=0.2888
  e 10  loss=1.9838  task=1.9838  safety=0.0000  top1=0.2888  lr=2.36e-03
    ep 20  val=0.3332
  e 20  loss=1.9150  task=1.9150  safety=0.0000  top1=0.3332  lr=2.36e-03
    ep 30  val=0.3146
  e 30  loss=1.8801  task=1.8801  safety=0.0000  top1=0.3146  lr=2.36e-03

======================================================================
Config          N     params   best_top1   best_ep   elapsed
----------------------------------------------------------------------
Linear          1     30,731      0.3926        14      109s
N512          512      8,864      0.3361        24      429s
N2048        2048     34,976      0.3542        29     1255s ← efficiency config
N4096        4096     69,792      0.3527        27     2257s
======================================================================

→ /Volumes/T9/IndraAstra/dhiraj/neuro_graph/results/train_step400_cifar10_generalization.json

