
======================================================================
Step 179 — N=2048 D=28 K_hh=4 scratch Tier-1 (50% data 75ep)
N=2048  D=28  K_hh=4  K_iter=8  α=1.0  Data=50%  Epochs=75
FLOPs=5,505,024 (~5.51M) — 11% BELOW 6.18M budget
step176-A ref (N=2048 D=32 full data): 96.18% @ ~6.1M
step178 ref (N=2048 D=24 Tier-1, running): probe at ~4.72M
Phase-exit target: ≥95% @ FLOPs ~5.51M
======================================================================
  params=117,016
Dataset loaded into RAM: train=9469  val=3925  (1.34 GB features)
  e  1  loss=2.3577  task=2.3577  safety=0.0000  top1=0.7096  lr=2.36e-03
  ep 10  val=0.9047
  e 10  loss=0.3735  task=0.3735  safety=0.0000  top1=0.9047  lr=2.36e-03
  ep 20  val=0.9121
  e 20  loss=0.2760  task=0.2760  safety=0.0000  top1=0.9121  lr=2.36e-03
  ep 30  val=0.9246
  e 30  loss=0.2365  task=0.2365  safety=0.0000  top1=0.9246  lr=2.36e-03
  ep 40  val=0.9302
  e 40  loss=0.2174  task=0.2174  safety=0.0000  top1=0.9302  lr=2.36e-03
  ep 50  val=0.9269
  e 50  loss=0.1929  task=0.1929  safety=0.0000  top1=0.9269  lr=2.36e-03
  ep 60  val=0.9317
  e 60  loss=0.1770  task=0.1770  safety=0.0000  top1=0.9317  lr=2.36e-03
  ep 70  val=0.9243
  e 70  loss=0.1726  task=0.1726  safety=0.0000  top1=0.9243  lr=2.36e-03

======================================================================
STEP 179: 0.9424  vs_step176A=-0.0194  FLOPs=5.51M  (0.008pp short of 95%)
best_ep=57  params=117,016
Results → /Volumes/T9/IndraAstra/dhiraj/neuro_graph/results/train_step179_n2048_d28_tier1.json
======================================================================
