Loading data from /Volumes/T9/IndraAstra/dhiraj/neuro_graph/data/ts/raw ...
Tickers loaded: 63
Tickers after cross-split filter: 56
  [2015-01-01:2021-12-31] 56 tickers, 230 common dates
  [2022-01-01:2023-12-31] 56 tickers, 493 common dates
Train samples: 169, Val samples: 432
Parameters: 51,050
Model config: N=56, D=16, K_wiring=4, K_iter=3
  Edge count: 224 (56×4)
 epoch | train_loss |  val_mae | val_dir_acc | val_sharpe
---------------------------------------------------------
     1 |   0.153793 |  0.18283 |      0.4969 |   -36.9903
     2 |   0.038114 |  0.12158 |      0.4938 |   -56.4699
     3 |   0.019702 |  0.10050 |      0.4982 |   -65.3024
     4 |   0.013243 |  0.08330 |      0.4963 |   -66.5899
     5 |   0.010011 |  0.06209 |      0.4965 |  -100.8363
     6 |   0.008082 |  0.05736 |      0.5014 |  -103.7210
     7 |   0.006814 |  0.05373 |      0.4948 |   -97.5536
     8 |   0.006220 |  0.04937 |      0.4957 |  -116.4805
     9 |   0.005533 |  0.04192 |      0.4954 |  -128.6520
    10 |   0.005145 |  0.04496 |      0.4979 |  -146.9631
    11 |   0.004876 |  0.04083 |      0.4943 |  -120.8802
    12 |   0.004621 |  0.03821 |      0.4972 |  -156.3284
    13 |   0.004314 |  0.03843 |      0.4936 |  -145.1189
    14 |   0.004113 |  0.03587 |      0.4951 |  -170.1924
    15 |   0.004001 |  0.03491 |      0.4955 |  -136.0969
    16 |   0.003910 |  0.03294 |      0.4998 |  -177.6862
    17 |   0.003676 |  0.03431 |      0.4984 |  -176.0801
    18 |   0.003552 |  0.03431 |      0.4935 |  -154.9809
    19 |   0.003555 |  0.03619 |      0.4961 |  -140.7876
    20 |   0.003557 |  0.03534 |      0.4924 |  -134.3866
    21 |   0.001566 |  0.06049 |      0.4957 |   -92.8110
    22 |   0.001455 |  0.03876 |      0.5039 |   -83.6384
    23 |   0.001379 |  0.03802 |      0.4988 |  -140.2603
    24 |   0.001326 |  0.03458 |      0.4963 |  -175.2138
    25 |   0.001298 |  0.03291 |      0.4965 |  -133.0775
    26 |   0.001284 |  0.03220 |      0.5033 |  -116.7853
    27 |   0.001271 |  0.02934 |      0.5029 |  -149.6465
    28 |   0.001251 |  0.02961 |      0.4975 |  -174.5405
    29 |   0.001252 |  0.03046 |      0.4986 |  -162.8300
    30 |   0.001239 |  0.02998 |      0.5031 |  -126.2274
    31 |   0.001241 |  0.02968 |      0.5012 |  -131.2300
    32 |   0.001257 |  0.02939 |      0.4978 |  -162.6513
    33 |   0.001245 |  0.02937 |      0.5040 |  -158.3055
    34 |   0.001241 |  0.02905 |      0.5007 |  -171.8920
    35 |   0.001237 |  0.02947 |      0.4996 |  -147.1070
    36 |   0.001238 |  0.02966 |      0.4985 |  -144.1463
    37 |   0.001230 |  0.02905 |      0.4986 |  -146.9282
    38 |   0.001227 |  0.02869 |      0.4985 |  -171.2491
    39 |   0.001240 |  0.03036 |      0.5024 |  -119.6472
    40 |   0.001230 |  0.03023 |      0.4984 |  -147.6295
    41 |   0.001251 |  0.02868 |      0.5026 |  -168.7182
    42 |   0.001237 |  0.02868 |      0.5000 |  -163.1015
    43 |   0.001237 |  0.02958 |      0.5005 |  -166.7236
    44 |   0.001225 |  0.03028 |      0.5012 |  -138.3530
    45 |   0.001223 |  0.02919 |      0.5007 |  -137.4236
    46 |   0.001221 |  0.02867 |      0.4987 |  -143.5425
    47 |   0.001242 |  0.02929 |      0.5002 |  -150.0647
    48 |   0.001238 |  0.02987 |      0.5015 |  -122.8462
    49 |   0.001207 |  0.02937 |      0.4999 |  -130.7985
    50 |   0.001212 |  0.02875 |      0.5020 |  -133.0059
    51 |   0.001207 |  0.02895 |      0.5005 |  -181.7619
    52 |   0.001225 |  0.02900 |      0.5000 |  -163.3602
    53 |   0.001220 |  0.02876 |      0.5005 |  -153.0105
    54 |   0.001233 |  0.02922 |      0.5012 |  -144.1745
    55 |   0.001215 |  0.02975 |      0.5000 |  -133.4913
    56 |   0.001195 |  0.02884 |      0.4998 |  -146.7498
    57 |   0.001215 |  0.02802 |      0.5014 |  -152.7466
    58 |   0.001222 |  0.02940 |      0.5017 |  -128.7492
    59 |   0.001224 |  0.02956 |      0.4989 |  -151.0290
    60 |   0.001204 |  0.02990 |      0.4996 |  -126.5315
    61 |   0.001237 |  0.02845 |      0.5001 |  -161.5827
    62 |   0.001206 |  0.02819 |      0.5028 |  -155.6087
    63 |   0.001197 |  0.02877 |      0.5003 |  -148.0573
    64 |   0.001220 |  0.02966 |      0.5021 |  -127.4182
    65 |   0.001200 |  0.02911 |      0.5002 |  -155.7212
    66 |   0.001194 |  0.02820 |      0.5003 |  -180.1651
    67 |   0.001225 |  0.02912 |      0.4985 |  -142.1683
    68 |   0.001199 |  0.02931 |      0.5008 |  -132.8843
    69 |   0.001213 |  0.02901 |      0.5029 |  -137.3854
    70 |   0.001209 |  0.02932 |      0.5000 |  -142.1389
    71 |   0.001215 |  0.02930 |      0.5010 |  -152.0591
    72 |   0.001208 |  0.02893 |      0.4987 |  -163.6944
    73 |   0.001216 |  0.02831 |      0.4983 |  -176.7072
    74 |   0.001206 |  0.02823 |      0.5002 |  -163.0730
    75 |   0.001209 |  0.02851 |      0.4989 |  -151.0078
    76 |   0.001187 |  0.02898 |      0.5000 |  -134.3704
    77 |   0.001192 |  0.02960 |      0.5026 |  -125.1263
    78 |   0.001224 |  0.02960 |      0.5023 |  -137.6873
    79 |   0.001190 |  0.02927 |      0.5005 |  -138.0185
    80 |   0.001198 |  0.02861 |      0.4995 |  -154.9564
    81 |   0.001189 |  0.02820 |      0.4998 |  -162.9142
    82 |   0.001183 |  0.02810 |      0.4993 |  -158.1313
    83 |   0.001186 |  0.02848 |      0.4988 |  -146.3892
    84 |   0.001198 |  0.02878 |      0.4995 |  -141.0381
    85 |   0.001202 |  0.02899 |      0.5012 |  -137.1997
    86 |   0.001187 |  0.02904 |      0.5001 |  -139.1114
    87 |   0.001187 |  0.02892 |      0.4993 |  -144.7778
    88 |   0.001183 |  0.02874 |      0.4978 |  -150.8101
    89 |   0.001193 |  0.02877 |      0.4991 |  -149.5871
    90 |   0.001200 |  0.02879 |      0.5002 |  -149.5455
    91 |   0.001191 |  0.02880 |      0.5007 |  -148.2358
    92 |   0.001189 |  0.02876 |      0.5009 |  -148.2455
    93 |   0.001214 |  0.02874 |      0.5006 |  -148.0340
    94 |   0.001200 |  0.02871 |      0.5003 |  -148.1743
    95 |   0.001177 |  0.02867 |      0.5002 |  -148.8274
    96 |   0.001202 |  0.02866 |      0.5004 |  -149.4347
    97 |   0.001178 |  0.02864 |      0.5002 |  -150.0630
    98 |   0.001189 |  0.02864 |      0.5002 |  -150.1343
    99 |   0.001190 |  0.02863 |      0.5002 |  -150.2017
   100 |   0.001187 |  0.02863 |      0.5001 |  -150.2142

Learned alpha=0.5050, beta=0.2983
Results saved to /Volumes/T9/IndraAstra/dhiraj/neuro_graph/results/ts/ts_step030_sgnnet_ts.json
Best val sharpe: -36.9903 | Final dir_acc: 0.4969 | MAE: 0.182826 | params: 51,050
