ts_step020 — MAE Context Encoder
  device=mps  epochs=100  batch=32

  Loaded: train=torch.Size([319, 56, 10])  val=torch.Size([493, 56, 10])  N_stocks=56  F=10
  Windows: train=260  val=434
  Model params: 52,500
Traceback (most recent call last):
  File "/Volumes/T9/IndraAstra/dhiraj/neuro_graph/scripts/ts/ts_step020_mae_encoder.py", line 359, in <module>
    main()
    ~~~~^^
  File "/Volumes/T9/IndraAstra/dhiraj/neuro_graph/scripts/ts/ts_step020_mae_encoder.py", line 269, in main
    loss.backward()
    ~~~~~~~~~~~~~^^
  File "/Volumes/T9/IndraAstra/dhiraj/neuro_graph/d_env/lib/python3.14/site-packages/torch/_tensor.py", line 630, in backward
    torch.autograd.backward(
    ~~~~~~~~~~~~~~~~~~~~~~~^
        self, gradient, retain_graph, create_graph, inputs=inputs
        ^^^^^^^^^^^^^^^^^^^^^^^^^^^^^^^^^^^^^^^^^^^^^^^^^^^^^^^^^
    )
    ^
  File "/Volumes/T9/IndraAstra/dhiraj/neuro_graph/d_env/lib/python3.14/site-packages/torch/autograd/__init__.py", line 364, in backward
    _engine_run_backward(
    ~~~~~~~~~~~~~~~~~~~~^
        tensors,
        ^^^^^^^^
    ...<5 lines>...
        accumulate_grad=True,
        ^^^^^^^^^^^^^^^^^^^^^
    )
    ^
  File "/Volumes/T9/IndraAstra/dhiraj/neuro_graph/d_env/lib/python3.14/site-packages/torch/autograd/graph.py", line 865, in _engine_run_backward
    return Variable._execution_engine.run_backward(  # Calls into the C++ engine to run the backward pass
           ~~~~~~~~~~~~~~~~~~~~~~~~~~~~~~~~~~~~~~~^^^^^^^^^^^^^^^^^^^^^^^^^^^^^^^^^^^^^^^^^^^^^^^^^^^^^^^
        t_outputs, *args, **kwargs
        ^^^^^^^^^^^^^^^^^^^^^^^^^^
    )  # Calls into the C++ engine to run the backward pass
    ^
RuntimeError: view size is not compatible with input tensor's size and stride (at least one dimension spans across two contiguous subspaces). Use .reshape(...) instead.
