ts_step021 — GAN Context Encoder
  device=cpu  pretrain=50ep  finetune=50ep  batch=16

Loading universe from /Volumes/T9/IndraAstra/dhiraj/neuro_graph/data/ts/raw ...
Tickers loaded: 63
Tickers after cross-split filter: 56
  [2015-01-01:2021-12-31] 56 tickers, 230 common dates
  [2022-01-01:2023-12-31] 56 tickers, 493 common dates
Train samples: 169, Val samples: 432

Generator params:     54,240
Discriminator params: 23,713

 epoch |   d_loss |   g_loss | recon_loss |  val_mae | val_dir_acc | val_sharpe
------------------------------------------------------------------------------
     1 |      nan |  0.49688 |   0.496880 |        — |           — |          —
     2 |      nan |  0.49107 |   0.491066 |        — |           — |          —
     3 |      nan |  0.49148 |   0.491482 |        — |           — |          —
     4 |      nan |  0.49212 |   0.492119 |        — |           — |          —
     5 |      nan |  0.48666 |   0.486658 |        — |           — |          —
     6 |      nan |  0.48189 |   0.481894 |        — |           — |          —
     7 |      nan |  0.46412 |   0.464116 |        — |           — |          —
     8 |      nan |  0.46849 |   0.468495 |        — |           — |          —
     9 |      nan |  0.47886 |   0.478859 |        — |           — |          —
    10 |      nan |  0.46717 |   0.467168 |        — |           — |          —
    11 |  0.69076 |  0.46569 |   0.465460 |        — |           — |          —
    12 |  0.68744 |  0.46106 |   0.460826 |        — |           — |          —
    13 |  0.68435 |  0.45584 |   0.455607 |        — |           — |          —
    14 |  0.68102 |  0.45814 |   0.457905 |        — |           — |          —
    15 |  0.67827 |  0.45367 |   0.453437 |        — |           — |          —
    16 |  0.67533 |  0.44417 |   0.443921 |        — |           — |          —
    17 |  0.67279 |  0.43629 |   0.436038 |        — |           — |          —
    18 |  0.66975 |  0.43172 |   0.431468 |        — |           — |          —
    19 |  0.66682 |  0.42426 |   0.423999 |        — |           — |          —
    20 |  0.66363 |  0.42421 |   0.423948 |        — |           — |          —
    21 |  0.66137 |  0.41223 |   0.411960 |        — |           — |          —
    22 |  0.65819 |  0.41106 |   0.410795 |        — |           — |          —
    23 |  0.65620 |  0.40803 |   0.407766 |        — |           — |          —
    24 |  0.65264 |  0.40429 |   0.404023 |        — |           — |          —
    25 |  0.65081 |  0.40114 |   0.400871 |        — |           — |          —
    26 |  0.64682 |  0.38935 |   0.389069 |        — |           — |          —
    27 |  0.64474 |  0.37783 |   0.377542 |        — |           — |          —
    28 |  0.64222 |  0.37647 |   0.376187 |        — |           — |          —
    29 |  0.64010 |  0.36682 |   0.366523 |        — |           — |          —
    30 |  0.63907 |  0.37314 |   0.372856 |        — |           — |          —
    31 |  0.63709 |  0.36164 |   0.361356 |        — |           — |          —
    32 |  0.63576 |  0.34679 |   0.346489 |        — |           — |          —
    33 |  0.63410 |  0.34107 |   0.340767 |        — |           — |          —
    34 |  0.63252 |  0.34361 |   0.343318 |        — |           — |          —
    35 |  0.63184 |  0.33307 |   0.332772 |        — |           — |          —
    36 |  0.63125 |  0.33195 |   0.331652 |        — |           — |          —
    37 |  0.63167 |  0.32902 |   0.328723 |        — |           — |          —
    38 |  0.63297 |  0.31881 |   0.318507 |        — |           — |          —
    39 |  0.63398 |  0.31458 |   0.314283 |        — |           — |          —
    40 |  0.62982 |  0.30432 |   0.304014 |        — |           — |          —
    41 |  0.63183 |  0.30779 |   0.307489 |        — |           — |          —
    42 |  0.63208 |  0.30062 |   0.300311 |        — |           — |          —
    43 |  0.63110 |  0.29782 |   0.297503 |        — |           — |          —
    44 |  0.63021 |  0.29486 |   0.294542 |        — |           — |          —
    45 |  0.62895 |  0.28582 |   0.285499 |        — |           — |          —
    46 |  0.63123 |  0.28583 |   0.285498 |        — |           — |          —
    47 |  0.63006 |  0.28075 |   0.280415 |        — |           — |          —
    48 |  0.63014 |  0.29002 |   0.289686 |        — |           — |          —
    49 |  0.62750 |  0.28577 |   0.285433 |        — |           — |          —
    50 |  0.62503 |  0.27629 |   0.275938 |        — |           — |          —

Best generator saved → /Volumes/T9/IndraAstra/dhiraj/neuro_graph/data/ts/checkpoints/ts_step021_gan_best_G.pt

Downstream fine-tuning (50 epochs, frozen encoder)...
Head trainable params: 200,760

 epoch |   d_loss |   g_loss | recon_loss |  val_mae | val_dir_acc | val_sharpe
------------------------------------------------------------------------------
     1 |        — |        — |          — |  0.10434 |      0.5007 |   -46.0854
     2 |        — |        — |          — |  0.08859 |      0.5035 |   -64.4146
     3 |        — |        — |          — |  0.08144 |      0.5029 |   -74.8341
     4 |        — |        — |          — |  0.07915 |      0.5006 |   -76.6234
     5 |        — |        — |          — |  0.07958 |      0.4969 |   -72.8661
     6 |        — |        — |          — |  0.08296 |      0.4964 |   -68.4896
     7 |        — |        — |          — |  0.08506 |      0.4959 |   -66.3408
     8 |        — |        — |          — |  0.08556 |      0.4919 |   -65.5065
     9 |        — |        — |          — |  0.08273 |      0.4944 |   -68.0155
    10 |        — |        — |          — |  0.07814 |      0.4932 |   -74.6406
    11 |        — |        — |          — |  0.07326 |      0.4968 |   -86.6670
    12 |        — |        — |          — |  0.07001 |      0.5015 |   -96.4753
    13 |        — |        — |          — |  0.06843 |      0.5016 |   -96.9717
    14 |        — |        — |          — |  0.06802 |      0.5012 |   -91.2931
    15 |        — |        — |          — |  0.06786 |      0.5019 |   -86.4799
    16 |        — |        — |          — |  0.06863 |      0.5002 |   -82.8538
    17 |        — |        — |          — |  0.06997 |      0.5015 |   -80.3523
    18 |        — |        — |          — |  0.07155 |      0.4990 |   -79.1457
    19 |        — |        — |          — |  0.07219 |      0.4983 |   -78.8323
    20 |        — |        — |          — |  0.07114 |      0.4997 |   -80.0354
    21 |        — |        — |          — |  0.06915 |      0.4973 |   -82.2985
    22 |        — |        — |          — |  0.06694 |      0.4969 |   -85.8340
    23 |        — |        — |          — |  0.06516 |      0.4963 |   -90.0885
    24 |        — |        — |          — |  0.06333 |      0.4984 |   -94.7445
    25 |        — |        — |          — |  0.06191 |      0.4964 |   -98.2914
    26 |        — |        — |          — |  0.06081 |      0.4974 |  -100.4787
    27 |        — |        — |          — |  0.06034 |      0.4943 |  -100.5373
    28 |        — |        — |          — |  0.06082 |      0.4919 |   -97.5529
    29 |        — |        — |          — |  0.06155 |      0.4954 |   -94.8377
    30 |        — |        — |          — |  0.06218 |      0.4966 |   -93.1037
    31 |        — |        — |          — |  0.06274 |      0.4970 |   -92.8142
    32 |        — |        — |          — |  0.06318 |      0.4970 |   -92.5578
    33 |        — |        — |          — |  0.06345 |      0.4981 |   -92.9093
    34 |        — |        — |          — |  0.06344 |      0.4970 |   -93.3249
    35 |        — |        — |          — |  0.06323 |      0.4974 |   -94.0490
    36 |        — |        — |          — |  0.06318 |      0.4962 |   -95.5310
    37 |        — |        — |          — |  0.06340 |      0.4964 |   -96.6558
    38 |        — |        — |          — |  0.06359 |      0.4962 |   -97.4736
    39 |        — |        — |          — |  0.06357 |      0.4941 |   -98.3047
    40 |        — |        — |          — |  0.06364 |      0.4954 |   -98.5315
    41 |        — |        — |          — |  0.06375 |      0.4944 |   -98.6284
    42 |        — |        — |          — |  0.06380 |      0.4938 |   -98.1825
    43 |        — |        — |          — |  0.06362 |      0.4942 |   -97.0818
    44 |        — |        — |          — |  0.06280 |      0.4957 |   -96.1838
    45 |        — |        — |          — |  0.06205 |      0.4970 |   -96.6276
    46 |        — |        — |          — |  0.06156 |      0.4980 |   -96.7279
    47 |        — |        — |          — |  0.06121 |      0.4976 |   -96.7624
    48 |        — |        — |          — |  0.06134 |      0.4967 |   -96.4955
    49 |        — |        — |          — |  0.06158 |      0.4974 |   -96.6242
    50 |        — |        — |          — |  0.06203 |      0.4965 |   -96.6749

=== ts_step021 Results ===
  Generator params:     54,240
  Discriminator params: 23,713
  Best pretrain recon:  0.275938
  Best val Sharpe:      -46.0854
  Final val dir_acc:    0.5007
  Final val MAE:        0.104338
  Results:              /Volumes/T9/IndraAstra/dhiraj/neuro_graph/results/ts/ts_step021_gan_encoder.json
