==============================================================================
vlm_step010 table quant  device=cuda  depth=6  arms=['fp32', 'int8_row', 'w8a8_row']
Loading weights:   0%|          | 0/471 [00:00<?, ?it/s]Loading weights: 100%|██████████| 471/471 [00:00<00:00, 6187.78it/s]
  tables 49280x576 x2 = 56,770,560 params (22.13% of 256,484,928);  distilled tower <- /home/indra/sgnnet_bench/results/frontier/vlm_step004_tower_distill_d6_25ep9k__mini_mps.pt
  3859 eval images; 6 cells
  --- d12_fp32 ---
    [200/3859] 43s eta 782s
    [400/3859] 85s eta 735s
    [600/3859] 127s eta 692s
    [800/3859] 170s eta 650s
    [1000/3859] 212s eta 607s
    [1200/3859] 255s eta 565s
    [1400/3859] 297s eta 522s
    [1600/3859] 340s eta 480s
    [1800/3859] 382s eta 437s
    [2000/3859] 424s eta 394s
    [2200/3859] 467s eta 352s
    [2400/3859] 509s eta 309s
    [2600/3859] 551s eta 267s
    [2800/3859] 594s eta 225s
    [3000/3859] 636s eta 182s
    [3200/3859] 678s eta 140s
    [3400/3859] 720s eta 97s
    [3600/3859] 763s eta 55s
    [3800/3859] 805s eta 12s
  --- d12_int8_row ---
    [200/3859] 42s eta 774s
    [400/3859] 84s eta 730s
    [600/3859] 127s eta 688s
    [800/3859] 169s eta 647s
    [1000/3859] 211s eta 605s
    [1200/3859] 254s eta 563s
    [1400/3859] 296s eta 520s
    [1600/3859] 338s eta 478s
    [1800/3859] 381s eta 435s
    [2000/3859] 423s eta 393s
    [2200/3859] 465s eta 351s
    [2400/3859] 507s eta 308s
    [2600/3859] 549s eta 266s
    [2800/3859] 592s eta 224s
    [3000/3859] 634s eta 182s
    [3200/3859] 676s eta 139s
    [3400/3859] 718s eta 97s
    [3600/3859] 760s eta 55s
    [3800/3859] 803s eta 12s
  --- d12_w8a8_row ---
    [200/3859] 42s eta 774s
    [400/3859] 85s eta 733s
    [600/3859] 127s eta 691s
    [800/3859] 170s eta 648s
    [1000/3859] 212s eta 607s
    [1200/3859] 255s eta 564s
    [1400/3859] 297s eta 522s
    [1600/3859] 339s eta 479s
    [1800/3859] 382s eta 437s
    [2000/3859] 424s eta 394s
    [2200/3859] 467s eta 352s
    [2400/3859] 509s eta 309s
    [2600/3859] 551s eta 267s
    [2800/3859] 593s eta 224s
    [3000/3859] 636s eta 182s
    [3200/3859] 678s eta 140s
    [3400/3859] 720s eta 97s
    [3600/3859] 763s eta 55s
    [3800/3859] 805s eta 12s
  --- d6_fp32 ---
    [200/3859] 40s eta 728s
    [400/3859] 80s eta 689s
    [600/3859] 119s eta 649s
    [800/3859] 159s eta 609s
    [1000/3859] 199s eta 569s
    [1200/3859] 239s eta 530s
    [1400/3859] 279s eta 489s
    [1600/3859] 319s eta 450s
    [1800/3859] 358s eta 410s
    [2000/3859] 398s eta 370s
    [2200/3859] 438s eta 330s
    [2400/3859] 477s eta 290s
    [2600/3859] 517s eta 250s
    [2800/3859] 557s eta 211s
    [3000/3859] 597s eta 171s
    [3200/3859] 636s eta 131s
    [3400/3859] 676s eta 91s
    [3600/3859] 716s eta 51s
    [3800/3859] 755s eta 12s
  --- d6_int8_row ---
    [200/3859] 40s eta 727s
    [400/3859] 80s eta 688s
    [600/3859] 119s eta 649s
    [800/3859] 159s eta 609s
    [1000/3859] 199s eta 569s
    [1200/3859] 239s eta 530s
    [1400/3859] 279s eta 490s
    [1600/3859] 319s eta 450s
    [1800/3859] 358s eta 410s
    [2000/3859] 398s eta 370s
    [2200/3859] 438s eta 330s
    [2400/3859] 478s eta 290s
    [2600/3859] 517s eta 250s
    [2800/3859] 557s eta 211s
    [3000/3859] 597s eta 171s
    [3200/3859] 636s eta 131s
    [3400/3859] 676s eta 91s
    [3600/3859] 716s eta 51s
    [3800/3859] 755s eta 12s
  --- d6_w8a8_row ---
    [200/3859] 40s eta 728s
    [400/3859] 80s eta 688s
    [600/3859] 120s eta 650s
    [800/3859] 160s eta 610s
    [1000/3859] 200s eta 570s
    [1200/3859] 240s eta 531s
    [1400/3859] 280s eta 491s
    [1600/3859] 319s eta 451s
    [1800/3859] 359s eta 411s
    [2000/3859] 399s eta 371s
    [2200/3859] 439s eta 331s
    [2400/3859] 479s eta 291s
    [2600/3859] 519s eta 251s
    [2800/3859] 559s eta 211s
    [3000/3859] 599s eta 171s
    [3200/3859] 639s eta 132s
    [3400/3859] 678s eta 92s
    [3600/3859] 718s eta 52s
    [3800/3859] 758s eta 12s

  cell               top1  agree      KL   vis_ms   pre_ms  tables_MB  model_MB
  d12_fp32          0.711  1.000   0.000     25.8     14.3      227.1    1025.9
  d12_int8_row      0.711  0.986   0.001     25.7     14.3       57.2     856.0
  d12_w8a8_row      0.710  0.983   0.003     25.7     14.3       57.2     856.0
  d6_fp32           0.713  0.699   1.973     13.6     14.3      227.1    1025.9
  d6_int8_row       0.708  0.698   1.987     13.6     14.3       57.2     856.0
  d6_w8a8_row       0.708  0.698   1.987     13.6     14.4       57.2     856.0

  paired vs same-depth fp32
  d12_int8_row     d +0.0000  boot95 [-0.0029, +0.0029]  b=16 c=16 p=1.00000  -> SHIP
  d12_w8a8_row     d -0.0010  boot95 [-0.0041, +0.0021]  b=17 c=21 p=0.62710  -> SHIP
  d6_int8_row      d -0.0052  boot95 [-0.0086, -0.0018]  b=12 c=32 p=0.00366  -> SHIP
  d6_w8a8_row      d -0.0052  boot95 [-0.0088, -0.0016]  b=17 c=37 p=0.00907  -> SHIP

  double difference I(arm) = [d6 quant loss] - [d12 quant loss]
  int8_row     I -0.0052  boot95 [-0.0096, -0.0008]  -> ORTHOGONAL -- levers compound
  w8a8_row     I -0.0041  boot95 [-0.0091, +0.0005]  -> ORTHOGONAL -- levers compound
-> /home/indra/sgnnet_bench/results/frontier/vlm_step010_quant_tables_d6_fp32-int8_row-w8a8_row__5060ti_cuda.json
