==============================================================================
vlm_step012 scale-augmented distill  device=mps  depth=6  epochs=25  lr=0.0002  p_keep=0.5  scale~U(0.2,0.9)
Loading weights:   0%|          | 0/471 [00:00<?, ?it/s]Loading weights: 100%|██████████| 471/471 [00:00<00:00, 9915.76it/s]
  9352 train images (step004 d6_25ep9k used 9352 -- these must match)
  augmented: 4721 shrunk, 4631 untouched (49.5%), mean scale 0.774
    teacher cache 0/9352
    teacher cache 400/9352
    teacher cache 800/9352
    teacher cache 1200/9352
    teacher cache 1600/9352
    teacher cache 2000/9352
    teacher cache 2400/9352
    teacher cache 2800/9352
    teacher cache 3200/9352
    teacher cache 3600/9352
    teacher cache 4000/9352
    teacher cache 4400/9352
    teacher cache 4800/9352
    teacher cache 5200/9352
    teacher cache 5600/9352
    teacher cache 6000/9352
    teacher cache 6400/9352
    teacher cache 6800/9352
    teacher cache 7200/9352
    teacher cache 7600/9352
    teacher cache 8000/9352
    teacher cache 8400/9352
    teacher cache 8800/9352
    teacher cache 9200/9352
    teacher cache done in 878s
  ep 1/25  rel_mse 0.3795  cosine 0.8159
  ep 2/25  rel_mse 0.2901  cosine 0.8438
  ep 3/25  rel_mse 0.2729  cosine 0.8539
  ep 4/25  rel_mse 0.2594  cosine 0.8617
  ep 5/25  rel_mse 0.2489  cosine 0.8677
  ep 6/25  rel_mse 0.2394  cosine 0.8732
  ep 7/25  rel_mse 0.2295  cosine 0.8787
  ep 8/25  rel_mse 0.2214  cosine 0.8832
  ep 9/25  rel_mse 0.2143  cosine 0.8872
  ep 10/25  rel_mse 0.2073  cosine 0.8912
  ep 11/25  rel_mse 0.2014  cosine 0.8945
  ep 12/25  rel_mse 0.1956  cosine 0.8977
  ep 13/25  rel_mse 0.1904  cosine 0.9006
  ep 14/25  rel_mse 0.1861  cosine 0.9029
  ep 15/25  rel_mse 0.1818  cosine 0.9054
  ep 16/25  rel_mse 0.1778  cosine 0.9075
  ep 17/25  rel_mse 0.1741  cosine 0.9095
  ep 18/25  rel_mse 0.1704  cosine 0.9115
  ep 19/25  rel_mse 0.1675  cosine 0.9131
  ep 20/25  rel_mse 0.1643  cosine 0.9148
  ep 21/25  rel_mse 0.1615  cosine 0.9164
  ep 22/25  rel_mse 0.1588  cosine 0.9179
  ep 23/25  rel_mse 0.1561  cosine 0.9193
  ep 24/25  rel_mse 0.1535  cosine 0.9207
  ep 25/25  rel_mse 0.1514  cosine 0.9219

  trained in 457.3 min; final rel_mse 0.1514 cosine 0.9219
  rel_mse is NOT comparable to step004's: the targets are features of DIFFERENT (shrunk)
  images, so a higher loss here does not mean a worse student. The verdict is step011.
-> /Volumes/T9/IndraAstra/dhiraj/neuro_graph/results/frontier/vlm_step012_scale_augment_d6_25ep_aug20-90__mini_mps.json
-> /Volumes/T9/IndraAstra/dhiraj/neuro_graph/results/frontier/vlm_step012_scale_augment_d6_25ep_aug20-90__mini_mps.pt

  NEXT (the pre-registered verdict, grid unchanged):
    scripts/frontier/vlm_step011_fine_detail.py --ckpt results/frontier/vlm_step012_scale_augment_d6_25ep_aug20-90__mini_mps.pt
