==============================================================================
vlm_step023 MLP width  device=cuda  depth=12->6  ratios=[0.25]  n_train=9352 epochs=50
Loading weights:   0%|          | 0/471 [00:00<?, ?it/s]Loading weights: 100%|██████████| 471/471 [00:00<00:00, 6262.24it/s]
  9269 train / 500 eval images
  GATE validity  teacher d12 top1 0.7040 vs 0.711 -> PASS   tower params 85.05M (mlp intermediate 3072)
    teacher cache 0/9269
    teacher cache 400/9269
    teacher cache 800/9269
    teacher cache 1200/9269
    teacher cache 1600/9269
    teacher cache 2000/9269
    teacher cache 2400/9269
    teacher cache 2800/9269
    teacher cache 3200/9269
    teacher cache 3600/9269
    teacher cache 4000/9269
    teacher cache 4400/9269
    teacher cache 4800/9269
    teacher cache 5200/9269
    teacher cache 5600/9269
    teacher cache 6000/9269
    teacher cache 6400/9269
    teacher cache 6800/9269
    teacher cache 7200/9269
    teacher cache 7600/9269
    teacher cache 8000/9269
    teacher cache 8400/9269
    teacher cache 8800/9269
    teacher cache 9200/9269
    teacher cache done in 791s

=== mlp ratio 0.25 (3072 -> 768 intermediate) ===
  naive (sliced, no training)  top1 0.0860   tower params 21.28M (0.250x)
  ep 1/50  rel_mse 0.4333  cosine 0.7808
  ep 2/50  rel_mse 0.3580  cosine 0.8039
  ep 3/50  rel_mse 0.3434  cosine 0.8128
  ep 4/50  rel_mse 0.3325  cosine 0.8193
  ep 5/50  rel_mse 0.3237  cosine 0.8245
  ep 6/50  rel_mse 0.3160  cosine 0.8291
  ep 7/50  rel_mse 0.3093  cosine 0.8331
  ep 8/50  rel_mse 0.3021  cosine 0.8372
  ep 9/50  rel_mse 0.2961  cosine 0.8408
  ep 10/50  rel_mse 0.2900  cosine 0.8443
  ep 11/50  rel_mse 0.2835  cosine 0.8481
  ep 12/50  rel_mse 0.2779  cosine 0.8513
  ep 13/50  rel_mse 0.2726  cosine 0.8544
  ep 14/50  rel_mse 0.2670  cosine 0.8576
  ep 15/50  rel_mse 0.2619  cosine 0.8605
  ep 16/50  rel_mse 0.2573  cosine 0.8632
  ep 17/50  rel_mse 0.2525  cosine 0.8659
  ep 18/50  rel_mse 0.2481  cosine 0.8684
  ep 19/50  rel_mse 0.2440  cosine 0.8707
  ep 20/50  rel_mse 0.2405  cosine 0.8727
  ep 21/50  rel_mse 0.2367  cosine 0.8749
  ep 22/50  rel_mse 0.2331  cosine 0.8770
  ep 23/50  rel_mse 0.2301  cosine 0.8787
  ep 24/50  rel_mse 0.2269  cosine 0.8805
  ep 25/50  rel_mse 0.2239  cosine 0.8821
  ep 26/50  rel_mse 0.2205  cosine 0.8840
  ep 27/50  rel_mse 0.2183  cosine 0.8852
  ep 28/50  rel_mse 0.2157  cosine 0.8867
  ep 29/50  rel_mse 0.2128  cosine 0.8883
  ep 30/50  rel_mse 0.2105  cosine 0.8896
  ep 31/50  rel_mse 0.2083  cosine 0.8908
  ep 32/50  rel_mse 0.2061  cosine 0.8921
  ep 33/50  rel_mse 0.2042  cosine 0.8931
  ep 34/50  rel_mse 0.2022  cosine 0.8943
  ep 35/50  rel_mse 0.2001  cosine 0.8954
  ep 36/50  rel_mse 0.1983  cosine 0.8964
  ep 37/50  rel_mse 0.1965  cosine 0.8974
  ep 38/50  rel_mse 0.1948  cosine 0.8983
  ep 39/50  rel_mse 0.1932  cosine 0.8992
  ep 40/50  rel_mse 0.1915  cosine 0.9002
  ep 41/50  rel_mse 0.1898  cosine 0.9011
  ep 42/50  rel_mse 0.1880  cosine 0.9021
  ep 43/50  rel_mse 0.1867  cosine 0.9027
  ep 44/50  rel_mse 0.1853  cosine 0.9035
  ep 45/50  rel_mse 0.1838  cosine 0.9044
  ep 46/50  rel_mse 0.1825  cosine 0.9051
  ep 47/50  rel_mse 0.1811  cosine 0.9058
  ep 48/50  rel_mse 0.1796  cosine 0.9066
  ep 49/50  rel_mse 0.1786  cosine 0.9072
  ep 50/50  rel_mse 0.1776  cosine 0.9077
  distilled top1 0.6840  (+2.00pp below teacher, +59.80pp over naive) -> WIN
  tower 26.17 -> 29.01 ms (0.90x), params 21.28M (0.250x)
-> /home/indra/sgnnet_bench/results/frontier/vlm_step023_mlp_width_r0.25_e50_t9352_n500_d6__5060ti_cuda.json
