==============================================================================
vlm_step023 MLP width  device=cuda  depth=12->6  ratios=[0.5]  n_train=9352 epochs=25
Loading weights:   0%|          | 0/471 [00:00<?, ?it/s]Loading weights: 100%|██████████| 471/471 [00:00<00:00, 6521.65it/s]
  9269 train / 500 eval images
  GATE validity  teacher d12 top1 0.7040 vs 0.711 -> PASS   tower params 85.05M (mlp intermediate 3072)
    teacher cache 0/9269
    teacher cache 400/9269
    teacher cache 800/9269
    teacher cache 1200/9269
    teacher cache 1600/9269
    teacher cache 2000/9269
    teacher cache 2400/9269
    teacher cache 2800/9269
    teacher cache 3200/9269
    teacher cache 3600/9269
    teacher cache 4000/9269
    teacher cache 4400/9269
    teacher cache 4800/9269
    teacher cache 5200/9269
    teacher cache 5600/9269
    teacher cache 6000/9269
    teacher cache 6400/9269
    teacher cache 6800/9269
    teacher cache 7200/9269
    teacher cache 7600/9269
    teacher cache 8000/9269
    teacher cache 8400/9269
    teacher cache 8800/9269
    teacher cache 9200/9269
    teacher cache done in 788s

=== mlp ratio 0.5 (3072 -> 1536 intermediate) ===
  naive (sliced, no training)  top1 0.0920   tower params 28.36M (0.333x)
  ep 1/25  rel_mse 0.4348  cosine 0.7854
  ep 2/25  rel_mse 0.3442  cosine 0.8122
  ep 3/25  rel_mse 0.3268  cosine 0.8226
  ep 4/25  rel_mse 0.3138  cosine 0.8304
  ep 5/25  rel_mse 0.3030  cosine 0.8367
  ep 6/25  rel_mse 0.2930  cosine 0.8426
  ep 7/25  rel_mse 0.2842  cosine 0.8477
  ep 8/25  rel_mse 0.2755  cosine 0.8528
  ep 9/25  rel_mse 0.2672  cosine 0.8576
  ep 10/25  rel_mse 0.2594  cosine 0.8620
  ep 11/25  rel_mse 0.2520  cosine 0.8662
  ep 12/25  rel_mse 0.2456  cosine 0.8699
  ep 13/25  rel_mse 0.2397  cosine 0.8733
  ep 14/25  rel_mse 0.2339  cosine 0.8766
  ep 15/25  rel_mse 0.2288  cosine 0.8795
  ep 16/25  rel_mse 0.2237  cosine 0.8823
  ep 17/25  rel_mse 0.2192  cosine 0.8848
  ep 18/25  rel_mse 0.2151  cosine 0.8871
  ep 19/25  rel_mse 0.2106  cosine 0.8896
  ep 20/25  rel_mse 0.2069  cosine 0.8917
  ep 21/25  rel_mse 0.2038  cosine 0.8934
  ep 22/25  rel_mse 0.2002  cosine 0.8954
  ep 23/25  rel_mse 0.1974  cosine 0.8969
  ep 24/25  rel_mse 0.1945  cosine 0.8986
  ep 25/25  rel_mse 0.1915  cosine 0.9002
  distilled top1 0.6920  (+1.20pp below teacher, +60.00pp over naive) -> WIN
  tower 26.20 -> 10.89 ms (2.40x), params 28.36M (0.333x)
-> /home/indra/sgnnet_bench/results/frontier/vlm_step023_mlp_width_r0.5_e25_t9352_n500_d6__5060ti_cuda.json
