==================================================================================
vlm_step017 fused dequant  torch=2.11.0+cu128  triton=3.6.0  cap=(12, 0)  NVIDIA GeForce RTX 5060 Ti
  shape [T,576] @ [576,49280]  out bytes/elem: i32 4  fp16 2

  --- T=64 ---
    cuBLAS fp16 0.1527 ms
    triton int8 -> int32 (step015 control):
      cfg (16, 128, 64, 4, 4): 0.1492 ms
      cfg (16, 256, 64, 4, 8): 0.1774 ms
      cfg (32, 128, 64, 4, 4): 0.1073 ms
      cfg (32, 256, 64, 4, 8): 0.1188 ms
      cfg (64, 128, 64, 4, 4): 0.1023 ms
      cfg (64, 256, 64, 4, 8): 0.1054 ms
      cfg (64, 128, 128, 3, 4): 0.1016 ms
      cfg (128, 128, 64, 4, 8): 0.1199 ms
    triton int8 -> fp16 (fused dequant):
      cfg (16, 128, 64, 4, 4): 0.1375 ms
      cfg (16, 256, 64, 4, 8): 0.1649 ms
      cfg (32, 128, 64, 4, 4): 0.0876 ms
      cfg (32, 256, 64, 4, 8): 0.1058 ms
      cfg (64, 128, 64, 4, 4): 0.0714 ms
      cfg (64, 256, 64, 4, 8): 0.0794 ms
      cfg (64, 128, 128, 3, 4): 0.0758 ms
      cfg (128, 128, 64, 4, 8): 0.1084 ms
    fused correctness vs _int_mm+scale: EXACT

  --- T=128 ---
    cuBLAS fp16 0.1773 ms
    triton int8 -> int32 (step015 control):
      cfg (16, 128, 64, 4, 4): 0.2593 ms
      cfg (16, 256, 64, 4, 8): 0.3190 ms
      cfg (32, 128, 64, 4, 4): 0.1706 ms
      cfg (32, 256, 64, 4, 8): 0.1904 ms
      cfg (64, 128, 64, 4, 4): 0.1534 ms
      cfg (64, 256, 64, 4, 8): 0.1536 ms
      cfg (64, 128, 128, 3, 4): 0.1567 ms
      cfg (128, 128, 64, 4, 8): 0.1504 ms
    triton int8 -> fp16 (fused dequant):
      cfg (16, 128, 64, 4, 4): 0.2540 ms
      cfg (16, 256, 64, 4, 8): 0.2980 ms
      cfg (32, 128, 64, 4, 4): 0.1512 ms
      cfg (32, 256, 64, 4, 8): 0.1887 ms
      cfg (64, 128, 64, 4, 4): 0.1226 ms
      cfg (64, 256, 64, 4, 8): 0.1292 ms
      cfg (64, 128, 128, 3, 4): 0.1294 ms
      cfg (128, 128, 64, 4, 8): 0.1228 ms
    fused correctness vs _int_mm+scale: EXACT

  --- T=576 ---
    cuBLAS fp16 0.6898 ms
    triton int8 -> int32 (step015 control):
      cfg (16, 128, 64, 4, 4): 1.1204 ms
      cfg (16, 256, 64, 4, 8): 1.4610 ms
      cfg (32, 128, 64, 4, 4): 0.6232 ms
      cfg (32, 256, 64, 4, 8): 0.7431 ms
      cfg (64, 128, 64, 4, 4): 0.4471 ms
      cfg (64, 256, 64, 4, 8): 0.4767 ms
      cfg (64, 128, 128, 3, 4): 0.4586 ms
      cfg (128, 128, 64, 4, 8): 0.4807 ms
    triton int8 -> fp16 (fused dequant):
      cfg (16, 128, 64, 4, 4): 1.0656 ms
      cfg (16, 256, 64, 4, 8): 1.3556 ms
      cfg (32, 128, 64, 4, 4): 0.5899 ms
      cfg (32, 256, 64, 4, 8): 0.7875 ms
      cfg (64, 128, 64, 4, 4): 0.3975 ms
      cfg (64, 256, 64, 4, 8): 0.4534 ms
      cfg (64, 128, 128, 3, 4): 0.4406 ms
      cfg (128, 128, 64, 4, 8): 0.4446 ms
    fused correctness vs _int_mm+scale: EXACT

==================================================================================
    T  cuBLAS16   tri_i32   unfused     fused  fus/i32  fus/unf  fus/cuB
   64    0.1527    0.1016    0.1987    0.0714    1.42x    2.78x    2.14x
  128    0.1773    0.1504    0.5553    0.1226    1.23x    4.53x    1.45x
  576    0.6898    0.4471    2.6331    0.3975    1.12x    6.62x    1.74x
  T=64   best cfg i32=(64, 128, 128, 3, 4) deq=(64, 128, 64, 4, 4)  gate: EXACT
  T=128  best cfg i32=(128, 128, 64, 4, 8) deq=(64, 128, 64, 4, 4)  gate: EXACT
  T=576  best cfg i32=(64, 128, 64, 4, 4) deq=(64, 128, 64, 4, 4)  gate: EXACT
  fus/i32 = the one-variable effect of the epilogue (identical main loop).
  fus/unf = what a deployment gains by fusing rather than scaling in a second pass.
  fus/cuB = the number a deployment quotes: int8+dequant vs the fp16 GEMM it replaces.
  tri_i32 must reproduce step015's column (0.1012 / 0.1519 / 0.4458 at T=64/128/576) --
  a free cross-session drift gate on the same card, same kernel, same configs.
