==============================================================================
vlm_step011 fine detail  device=mps  depth=6  scales=[1.0, 0.5, 0.25]  n_eval=3900
Loading weights:   0%|          | 0/471 [00:00<?, ?it/s]Loading weights: 100%|██████████| 471/471 [00:00<00:00, 10220.96it/s]
  distilled tower <- /Volumes/T9/IndraAstra/dhiraj/neuro_graph/results/frontier/vlm_step004_tower_distill_d6_25ep9k__mini_mps.pt
  3859 eval images; 6 cells
  --- d12_f100 ---
    [200/3859] 42s eta 765s
    [400/3859] 84s eta 726s
    [600/3859] 126s eta 684s
    [800/3859] 168s eta 643s
    [1000/3859] 210s eta 601s
    [1200/3859] 252s eta 559s
    [1400/3859] 294s eta 517s
    [1600/3859] 336s eta 475s
    [1800/3859] 378s eta 433s
    [2000/3859] 420s eta 390s
    [2200/3859] 462s eta 348s
    [2400/3859] 504s eta 306s
    [2600/3859] 546s eta 264s
    [2800/3859] 588s eta 222s
    [3000/3859] 630s eta 180s
    [3200/3859] 672s eta 138s
    [3400/3859] 713s eta 96s
    [3600/3859] 755s eta 54s
    [3800/3859] 797s eta 12s
  --- d12_f50 ---
    [200/3859] 42s eta 771s
    [400/3859] 84s eta 727s
    [600/3859] 126s eta 685s
    [800/3859] 168s eta 643s
    [1000/3859] 210s eta 601s
    [1200/3859] 252s eta 559s
    [1400/3859] 294s eta 517s
    [1600/3859] 336s eta 475s
    [1800/3859] 378s eta 433s
    [2000/3859] 420s eta 391s
    [2200/3859] 463s eta 349s
    [2400/3859] 505s eta 307s
    [2600/3859] 547s eta 265s
    [2800/3859] 589s eta 223s
    [3000/3859] 631s eta 181s
    [3200/3859] 673s eta 139s
    [3400/3859] 715s eta 96s
    [3600/3859] 757s eta 54s
    [3800/3859] 799s eta 12s
  --- d12_f25 ---
    [200/3859] 42s eta 769s
    [400/3859] 84s eta 727s
    [600/3859] 126s eta 685s
    [800/3859] 168s eta 643s
    [1000/3859] 210s eta 601s
    [1200/3859] 252s eta 559s
    [1400/3859] 294s eta 517s
    [1600/3859] 337s eta 475s
    [1800/3859] 379s eta 433s
    [2000/3859] 421s eta 391s
    [2200/3859] 463s eta 349s
    [2400/3859] 505s eta 307s
    [2600/3859] 548s eta 265s
    [2800/3859] 590s eta 223s
    [3000/3859] 632s eta 181s
    [3200/3859] 674s eta 139s
    [3400/3859] 716s eta 97s
    [3600/3859] 758s eta 55s
    [3800/3859] 800s eta 12s
  --- d6_f100 ---
    [200/3859] 36s eta 650s
    [400/3859] 71s eta 614s
    [600/3859] 107s eta 580s
    [800/3859] 142s eta 545s
    [1000/3859] 178s eta 510s
    [1200/3859] 214s eta 474s
    [1400/3859] 250s eta 439s
    [1600/3859] 286s eta 403s
    [1800/3859] 321s eta 368s
    [2000/3859] 357s eta 332s
    [2200/3859] 393s eta 296s
    [2400/3859] 428s eta 260s
    [2600/3859] 464s eta 225s
    [2800/3859] 500s eta 189s
    [3000/3859] 536s eta 153s
    [3200/3859] 571s eta 118s
    [3400/3859] 607s eta 82s
    [3600/3859] 643s eta 46s
    [3800/3859] 679s eta 11s
  --- d6_f50 ---
    [200/3859] 36s eta 659s
    [400/3859] 72s eta 620s
    [600/3859] 107s eta 583s
    [800/3859] 143s eta 547s
    [1000/3859] 179s eta 512s
    [1200/3859] 215s eta 476s
    [1400/3859] 251s eta 441s
    [1600/3859] 287s eta 405s
    [1800/3859] 323s eta 369s
    [2000/3859] 358s eta 333s
    [2200/3859] 394s eta 297s
    [2400/3859] 430s eta 261s
    [2600/3859] 466s eta 226s
    [2800/3859] 502s eta 190s
    [3000/3859] 538s eta 154s
    [3200/3859] 574s eta 118s
    [3400/3859] 609s eta 82s
    [3600/3859] 645s eta 46s
    [3800/3859] 681s eta 11s
  --- d6_f25 ---
    [200/3859] 36s eta 652s
    [400/3859] 71s eta 616s
    [600/3859] 107s eta 581s
    [800/3859] 143s eta 546s
    [1000/3859] 179s eta 510s
    [1200/3859] 214s eta 475s
    [1400/3859] 250s eta 439s
    [1600/3859] 286s eta 404s
    [1800/3859] 322s eta 368s
    [2000/3859] 357s eta 332s
    [2200/3859] 393s eta 296s
    [2400/3859] 428s eta 260s
    [2600/3859] 464s eta 225s
    [2800/3859] 500s eta 189s
    [3000/3859] 535s eta 153s
    [3200/3859] 571s eta 118s
    [3400/3859] 606s eta 82s
    [3600/3859] 642s eta 46s
    [3800/3859] 678s eta 11s

  cell           top1  agree      KL   vis_ms   pre_ms
  d12_f100      0.711  1.000   0.000     64.9     14.4
  d12_f50       0.672  0.705   1.498     64.9     14.4
  d12_f25       0.494  0.554   2.673     64.9     14.5
  d6_f100       0.713  0.699   1.973     35.1     14.4
  d6_f50        0.546  0.565   2.771     35.1     14.4
  d6_f25        0.252  0.320   4.449     35.1     14.4

  cost of shrinking, per depth (DESCRIPTIVE ONLY -- confounded by the gray padding)
  d12_f50      d -0.0389  boot95 [-0.0536, -0.0244]  b=331 c=481 p=0.00000
  d12_f25      d -0.2166  boot95 [-0.2330, -0.2001]  b=198 c=1034 p=0.00000
  d6_f50       d -0.1666  boot95 [-0.1822, -0.1508]  b=205 c=848 p=0.00000
  d6_f25       d -0.4607  boot95 [-0.4773, -0.4436]  b=81 c=1859 p=0.00000

  double difference I(f) = [d6 shrink cost] - [d12 shrink cost]  <- THE CALL
  f=0.5    I -0.1278  boot95 [-0.1477, -0.1075]  -> SUB-ADDITIVE -- quantization costs the truncated tower more
  f=0.25   I -0.2441  boot95 [-0.2664, -0.2221]  -> SUB-ADDITIVE -- quantization costs the truncated tower more
-> /Volumes/T9/IndraAstra/dhiraj/neuro_graph/results/frontier/vlm_step011_fine_detail_d6_f100-f50-f25__mini_mps.json
