==============================================================================
vlm_step023 MLP width  device=cuda  depth=12->6  ratios=[0.25]  n_train=9352 epochs=25
Loading weights:   0%|          | 0/471 [00:00<?, ?it/s]Loading weights: 100%|██████████| 471/471 [00:00<00:00, 6252.05it/s]
  9269 train / 500 eval images
  GATE validity  teacher d12 top1 0.7040 vs 0.711 -> PASS   tower params 85.05M (mlp intermediate 3072)
    teacher cache 0/9269
    teacher cache 400/9269
    teacher cache 800/9269
    teacher cache 1200/9269
    teacher cache 1600/9269
    teacher cache 2000/9269
    teacher cache 2400/9269
    teacher cache 2800/9269
    teacher cache 3200/9269
    teacher cache 3600/9269
    teacher cache 4000/9269
    teacher cache 4400/9269
    teacher cache 4800/9269
    teacher cache 5200/9269
    teacher cache 5600/9269
    teacher cache 6000/9269
    teacher cache 6400/9269
    teacher cache 6800/9269
    teacher cache 7200/9269
    teacher cache 7600/9269
    teacher cache 8000/9269
    teacher cache 8400/9269
    teacher cache 8800/9269
    teacher cache 9200/9269
    teacher cache done in 789s

=== mlp ratio 0.25 (3072 -> 768 intermediate) ===
  naive (sliced, no training)  top1 0.0860   tower params 21.28M (0.250x)
  ep 1/25  rel_mse 0.4333  cosine 0.7808
  ep 2/25  rel_mse 0.3580  cosine 0.8039
  ep 3/25  rel_mse 0.3434  cosine 0.8128
  ep 4/25  rel_mse 0.3325  cosine 0.8193
  ep 5/25  rel_mse 0.3237  cosine 0.8245
  ep 6/25  rel_mse 0.3160  cosine 0.8291
  ep 7/25  rel_mse 0.3093  cosine 0.8331
  ep 8/25  rel_mse 0.3021  cosine 0.8372
  ep 9/25  rel_mse 0.2961  cosine 0.8408
  ep 10/25  rel_mse 0.2900  cosine 0.8443
  ep 11/25  rel_mse 0.2836  cosine 0.8481
  ep 12/25  rel_mse 0.2780  cosine 0.8513
  ep 13/25  rel_mse 0.2725  cosine 0.8544
  ep 14/25  rel_mse 0.2670  cosine 0.8576
  ep 15/25  rel_mse 0.2620  cosine 0.8605
  ep 16/25  rel_mse 0.2572  cosine 0.8632
  ep 17/25  rel_mse 0.2526  cosine 0.8659
  ep 18/25  rel_mse 0.2480  cosine 0.8685
  ep 19/25  rel_mse 0.2443  cosine 0.8706
  ep 20/25  rel_mse 0.2403  cosine 0.8729
  ep 21/25  rel_mse 0.2366  cosine 0.8750
  ep 22/25  rel_mse 0.2331  cosine 0.8769
  ep 23/25  rel_mse 0.2298  cosine 0.8788
  ep 24/25  rel_mse 0.2264  cosine 0.8807
  ep 25/25  rel_mse 0.2234  cosine 0.8824
  distilled top1 0.6540  (+5.00pp below teacher, +56.80pp over naive) -> PARTIAL
  tower 26.21 -> 9.53 ms (2.75x), params 21.28M (0.250x)
-> /home/indra/sgnnet_bench/results/frontier/vlm_step023_mlp_width_r0.25_e25_t9352_n500_d6__5060ti_cuda.json
