
======================================================================
glam_step005 — LOC CIFAR-10 depth-below-ceiling T0 (150ep, 100%)
  device=mps  Linear-head CIFAR-10 ref = 86.24%
======================================================================

────────────────────────────────────────────────────────────
LOC  params=94,730 (0.0792% FC)  store=data/store_cifar10.h5  device=mps
  e  1/150  val=0.7898  best=0.7898  [1s]
  e  5/150  val=0.8697  best=0.8697  [3s]
  e 10/150  val=0.8579  best=0.8703  [6s]
  e 15/150  val=0.8606  best=0.8703  [9s]
  e 20/150  val=0.8617  best=0.8703  [11s]
  e 25/150  val=0.8631  best=0.8703  [14s]
  e 30/150  val=0.8628  best=0.8703  [17s]
  e 35/150  val=0.8624  best=0.8703  [20s]
  e 40/150  val=0.8623  best=0.8703  [23s]
  e 45/150  val=0.8616  best=0.8703  [26s]
  e 50/150  val=0.8618  best=0.8703  [29s]
  e 55/150  val=0.8626  best=0.8703  [32s]
  e 60/150  val=0.8625  best=0.8703  [34s]
  e 65/150  val=0.8620  best=0.8703  [37s]
  e 70/150  val=0.8619  best=0.8703  [40s]
  e 75/150  val=0.8619  best=0.8703  [43s]
  e 80/150  val=0.8622  best=0.8703  [46s]
  e 85/150  val=0.8620  best=0.8703  [49s]
  e 90/150  val=0.8615  best=0.8703  [51s]
  e 95/150  val=0.8621  best=0.8703  [54s]
  e100/150  val=0.8617  best=0.8703  [57s]
  e105/150  val=0.8621  best=0.8703  [60s]
  e110/150  val=0.8619  best=0.8703  [63s]
  e115/150  val=0.8617  best=0.8703  [66s]
  e120/150  val=0.8621  best=0.8703  [69s]
  e125/150  val=0.8615  best=0.8703  [71s]
  e130/150  val=0.8623  best=0.8703  [74s]
  e135/150  val=0.8617  best=0.8703  [77s]
  e140/150  val=0.8620  best=0.8703  [80s]
  e145/150  val=0.8619  best=0.8703  [83s]
  e150/150  val=0.8620  best=0.8703  [86s]
  DONE: best=0.8703 @ep6  params=94,730  86s

-> /Volumes/T9/IndraAstra/dhiraj/neuro_graph/results/glam/glam_step005_LOC_c10capD16_seed43__mini_mps.json
