
======================================================================
glam_step007 — LOC CIFAR-100 scale rung T0 (150ep, 100%)
  device=mps  100 classes, VGG16 25088-dim (same backbone)
======================================================================

────────────────────────────────────────────────────────────
LOC  params=870,500 (0.7279% FC)  store=data/store_cifar100.h5  device=mps
  e  1/150  val=0.5273  best=0.5273  [1s]
  e  5/150  val=0.6635  best=0.6635  [3s]
  e 10/150  val=0.6432  best=0.6635  [6s]
  e 15/150  val=0.6298  best=0.6635  [9s]
  e 20/150  val=0.6479  best=0.6635  [13s]
  e 25/150  val=0.6254  best=0.6635  [16s]
  e 30/150  val=0.6182  best=0.6635  [19s]
  e 35/150  val=0.6294  best=0.6635  [22s]
  e 40/150  val=0.6280  best=0.6635  [25s]
  e 45/150  val=0.6283  best=0.6635  [28s]
  e 50/150  val=0.6261  best=0.6635  [31s]
  e 55/150  val=0.6276  best=0.6635  [35s]
  e 60/150  val=0.6248  best=0.6635  [38s]
  e 65/150  val=0.6254  best=0.6635  [41s]
  e 70/150  val=0.6221  best=0.6635  [44s]
  e 75/150  val=0.6231  best=0.6635  [47s]
  e 80/150  val=0.6238  best=0.6635  [50s]
  e 85/150  val=0.6225  best=0.6635  [53s]
  e 90/150  val=0.6254  best=0.6635  [56s]
  e 95/150  val=0.6232  best=0.6635  [60s]
  e100/150  val=0.6241  best=0.6635  [63s]
  e105/150  val=0.6240  best=0.6635  [66s]
  e110/150  val=0.6255  best=0.6635  [69s]
  e115/150  val=0.6256  best=0.6635  [72s]
  e120/150  val=0.6258  best=0.6635  [75s]
  e125/150  val=0.6271  best=0.6635  [78s]
  e130/150  val=0.6286  best=0.6635  [82s]
  e135/150  val=0.6298  best=0.6635  [85s]
  e140/150  val=0.6296  best=0.6635  [88s]
  e145/150  val=0.6300  best=0.6635  [91s]
  e150/150  val=0.6299  best=0.6635  [94s]
  DONE: best=0.6635 @ep5  params=870,500  94s

-> /Volumes/T9/IndraAstra/dhiraj/neuro_graph/results/glam/glam_step007_LOC_capD16M64_seed42__mini_mps.json
