
======================================================================
glam_step007 — LOC CIFAR-100 scale rung T0 (150ep, 100%)
  device=mps  100 classes, VGG16 25088-dim (same backbone)
======================================================================

────────────────────────────────────────────────────────────
LOC  params=1,664,100 (1.3915% FC)  store=data/store_cifar100.h5  device=mps
  e  1/150  val=0.5790  best=0.5790  [1s]
  e  5/150  val=0.6532  best=0.6647  [5s]
  e 10/150  val=0.6152  best=0.6647  [10s]
  e 15/150  val=0.6346  best=0.6647  [15s]
  e 20/150  val=0.6410  best=0.6647  [20s]
  e 25/150  val=0.6039  best=0.6647  [25s]
  e 30/150  val=0.6217  best=0.6647  [30s]
  e 35/150  val=0.6216  best=0.6647  [34s]
  e 40/150  val=0.6237  best=0.6647  [39s]
  e 45/150  val=0.6157  best=0.6647  [44s]
  e 50/150  val=0.6154  best=0.6647  [49s]
  e 55/150  val=0.6164  best=0.6647  [54s]
  e 60/150  val=0.6169  best=0.6647  [59s]
  e 65/150  val=0.6158  best=0.6647  [64s]
  e 70/150  val=0.6151  best=0.6647  [69s]
  e 75/150  val=0.6147  best=0.6647  [74s]
  e 80/150  val=0.6147  best=0.6647  [79s]
  e 85/150  val=0.6158  best=0.6647  [83s]
  e 90/150  val=0.6177  best=0.6647  [88s]
  e 95/150  val=0.6157  best=0.6647  [93s]
  e100/150  val=0.6176  best=0.6647  [98s]
  e105/150  val=0.6190  best=0.6647  [103s]
  e110/150  val=0.6196  best=0.6647  [108s]
  e115/150  val=0.6205  best=0.6647  [113s]
  e120/150  val=0.6209  best=0.6647  [118s]
  e125/150  val=0.6209  best=0.6647  [123s]
  e130/150  val=0.6231  best=0.6647  [128s]
  e135/150  val=0.6235  best=0.6647  [132s]
  e140/150  val=0.6242  best=0.6647  [137s]
  e145/150  val=0.6241  best=0.6647  [142s]
  e150/150  val=0.6241  best=0.6647  [147s]
  DONE: best=0.6647 @ep3  params=1,664,100  147s

-> /Volumes/T9/IndraAstra/dhiraj/neuro_graph/results/glam/glam_step007_LOC_capD32M16_seed43__mini_mps.json
