
======================================================================
glam_step005 — LOC CIFAR-10 depth-below-ceiling T0 (150ep, 100%)
  device=mps  Linear-head CIFAR-10 ref = 86.24%
======================================================================

────────────────────────────────────────────────────────────
LOC  params=94,730 (0.0792% FC)  store=data/store_cifar10.h5  device=mps
  e  1/150  val=0.7927  best=0.7927  [1s]
  e  5/150  val=0.8684  best=0.8684  [3s]
  e 10/150  val=0.8509  best=0.8684  [5s]
  e 15/150  val=0.8567  best=0.8684  [8s]
  e 20/150  val=0.8655  best=0.8684  [11s]
  e 25/150  val=0.8652  best=0.8684  [14s]
  e 30/150  val=0.8664  best=0.8684  [17s]
  e 35/150  val=0.8653  best=0.8684  [20s]
  e 40/150  val=0.8644  best=0.8684  [22s]
  e 45/150  val=0.8649  best=0.8684  [25s]
  e 50/150  val=0.8647  best=0.8684  [28s]
  e 55/150  val=0.8636  best=0.8684  [31s]
  e 60/150  val=0.8635  best=0.8684  [34s]
  e 65/150  val=0.8631  best=0.8684  [37s]
  e 70/150  val=0.8633  best=0.8684  [40s]
  e 75/150  val=0.8641  best=0.8684  [42s]
  e 80/150  val=0.8638  best=0.8684  [45s]
  e 85/150  val=0.8643  best=0.8684  [48s]
  e 90/150  val=0.8639  best=0.8684  [51s]
  e 95/150  val=0.8636  best=0.8684  [54s]
  e100/150  val=0.8642  best=0.8684  [57s]
  e105/150  val=0.8635  best=0.8684  [60s]
  e110/150  val=0.8637  best=0.8684  [62s]
  e115/150  val=0.8634  best=0.8684  [65s]
  e120/150  val=0.8638  best=0.8684  [68s]
  e125/150  val=0.8637  best=0.8684  [71s]
  e130/150  val=0.8634  best=0.8684  [74s]
  e135/150  val=0.8632  best=0.8684  [77s]
  e140/150  val=0.8633  best=0.8684  [80s]
  e145/150  val=0.8634  best=0.8684  [82s]
  e150/150  val=0.8635  best=0.8684  [85s]
  DONE: best=0.8684 @ep5  params=94,730  85s

-> /Volumes/T9/IndraAstra/dhiraj/neuro_graph/results/glam/glam_step005_LOC_c10capD16_seed42__mini_mps.json
