
======================================================================
glam_step007 — LOC CIFAR-100 scale rung T0 (150ep, 100%)
  device=mps  100 classes, VGG16 25088-dim (same backbone)
======================================================================

────────────────────────────────────────────────────────────
LOC  params=870,500 (0.7279% FC)  store=data/store_cifar100.h5  device=mps
  e  1/150  val=0.5241  best=0.5241  [1s]
  e  5/150  val=0.6508  best=0.6635  [3s]
  e 10/150  val=0.6348  best=0.6635  [6s]
  e 15/150  val=0.6276  best=0.6635  [9s]
  e 20/150  val=0.6476  best=0.6635  [13s]
  e 25/150  val=0.6469  best=0.6635  [16s]
  e 30/150  val=0.5949  best=0.6635  [19s]
  e 35/150  val=0.6218  best=0.6635  [22s]
  e 40/150  val=0.6262  best=0.6635  [25s]
  e 45/150  val=0.6257  best=0.6635  [28s]
  e 50/150  val=0.6199  best=0.6635  [32s]
  e 55/150  val=0.6241  best=0.6635  [35s]
  e 60/150  val=0.6202  best=0.6635  [38s]
  e 65/150  val=0.6177  best=0.6635  [41s]
  e 70/150  val=0.6174  best=0.6635  [44s]
  e 75/150  val=0.6187  best=0.6635  [47s]
  e 80/150  val=0.6162  best=0.6635  [51s]
  e 85/150  val=0.6189  best=0.6635  [54s]
  e 90/150  val=0.6180  best=0.6635  [57s]
  e 95/150  val=0.6186  best=0.6635  [60s]
  e100/150  val=0.6200  best=0.6635  [63s]
  e105/150  val=0.6194  best=0.6635  [66s]
  e110/150  val=0.6211  best=0.6635  [69s]
  e115/150  val=0.6208  best=0.6635  [73s]
  e120/150  val=0.6205  best=0.6635  [76s]
  e125/150  val=0.6217  best=0.6635  [79s]
  e130/150  val=0.6223  best=0.6635  [82s]
  e135/150  val=0.6226  best=0.6635  [85s]
  e140/150  val=0.6235  best=0.6635  [88s]
  e145/150  val=0.6238  best=0.6635  [91s]
  e150/150  val=0.6238  best=0.6635  [95s]
  DONE: best=0.6635 @ep4  params=870,500  95s

-> /Volumes/T9/IndraAstra/dhiraj/neuro_graph/results/glam/glam_step007_LOC_capD16M64_seed43__mini_mps.json
