
======================================================================
glam_step005 — LOC CIFAR-10 depth-below-ceiling T0 (150ep, 100%)
  device=mps  Linear-head CIFAR-10 ref = 86.24%
======================================================================

────────────────────────────────────────────────────────────
LOC  params=189,450 (0.1584% FC)  store=data/store_cifar10.h5  device=mps
  e  1/150  val=0.8270  best=0.8270  [1s]
  e  5/150  val=0.8718  best=0.8718  [5s]
  e 10/150  val=0.8575  best=0.8718  [9s]
  e 15/150  val=0.8562  best=0.8718  [13s]
  e 20/150  val=0.8645  best=0.8718  [18s]
  e 25/150  val=0.8667  best=0.8718  [22s]
  e 30/150  val=0.8675  best=0.8718  [27s]
  e 35/150  val=0.8680  best=0.8718  [31s]
  e 40/150  val=0.8680  best=0.8718  [36s]
  e 45/150  val=0.8686  best=0.8718  [40s]
  e 50/150  val=0.8687  best=0.8718  [44s]
  e 55/150  val=0.8696  best=0.8718  [49s]
  e 60/150  val=0.8695  best=0.8718  [53s]
  e 65/150  val=0.8696  best=0.8718  [58s]
  e 70/150  val=0.8694  best=0.8718  [62s]
  e 75/150  val=0.8688  best=0.8718  [67s]
  e 80/150  val=0.8689  best=0.8718  [71s]
  e 85/150  val=0.8686  best=0.8718  [75s]
  e 90/150  val=0.8687  best=0.8718  [80s]
  e 95/150  val=0.8686  best=0.8718  [84s]
  e100/150  val=0.8692  best=0.8718  [89s]
  e105/150  val=0.8695  best=0.8718  [93s]
  e110/150  val=0.8692  best=0.8718  [98s]
  e115/150  val=0.8690  best=0.8718  [102s]
  e120/150  val=0.8694  best=0.8718  [107s]
  e125/150  val=0.8695  best=0.8718  [111s]
  e130/150  val=0.8691  best=0.8718  [115s]
  e135/150  val=0.8692  best=0.8718  [120s]
  e140/150  val=0.8690  best=0.8718  [124s]
  e145/150  val=0.8690  best=0.8718  [129s]
  e150/150  val=0.8691  best=0.8718  [133s]
  DONE: best=0.8718 @ep5  params=189,450  133s

-> /Volumes/T9/IndraAstra/dhiraj/neuro_graph/results/glam/glam_step005_LOC_c10capD32_seed43__mini_mps.json
