
======================================================================
glam_step007 — LOC CIFAR-100 scale rung T0 (150ep, 100%)
  device=mps  100 classes, VGG16 25088-dim (same backbone)
======================================================================

────────────────────────────────────────────────────────────
LOC  params=832,100 (0.6958% FC)  store=data/store_cifar100.h5  device=mps
  e  1/150  val=0.5228  best=0.5228  [1s]
  e  5/150  val=0.6558  best=0.6634  [3s]
  e 10/150  val=0.6360  best=0.6634  [6s]
  e 15/150  val=0.6295  best=0.6634  [9s]
  e 20/150  val=0.6363  best=0.6634  [12s]
  e 25/150  val=0.6469  best=0.6634  [15s]
  e 30/150  val=0.6405  best=0.6634  [18s]
  e 35/150  val=0.6011  best=0.6634  [21s]
  e 40/150  val=0.6268  best=0.6634  [24s]
  e 45/150  val=0.6230  best=0.6634  [27s]
  e 50/150  val=0.6210  best=0.6634  [30s]
  e 55/150  val=0.6200  best=0.6634  [33s]
  e 60/150  val=0.6194  best=0.6634  [36s]
  e 65/150  val=0.6173  best=0.6634  [39s]
  e 70/150  val=0.6158  best=0.6634  [42s]
  e 75/150  val=0.6150  best=0.6634  [45s]
  e 80/150  val=0.6140  best=0.6634  [48s]
  e 85/150  val=0.6146  best=0.6634  [51s]
  e 90/150  val=0.6180  best=0.6634  [54s]
  e 95/150  val=0.6170  best=0.6634  [57s]
  e100/150  val=0.6187  best=0.6634  [60s]
  e105/150  val=0.6186  best=0.6634  [63s]
  e110/150  val=0.6209  best=0.6634  [66s]
  e115/150  val=0.6216  best=0.6634  [69s]
  e120/150  val=0.6226  best=0.6634  [72s]
  e125/150  val=0.6225  best=0.6634  [75s]
  e130/150  val=0.6248  best=0.6634  [78s]
  e135/150  val=0.6264  best=0.6634  [81s]
  e140/150  val=0.6268  best=0.6634  [84s]
  e145/150  val=0.6272  best=0.6634  [88s]
  e150/150  val=0.6272  best=0.6634  [90s]
  DONE: best=0.6634 @ep4  params=832,100  90s

-> /Volumes/T9/IndraAstra/dhiraj/neuro_graph/results/glam/glam_step007_LOC_capD16M16_seed43__mini_mps.json
