
======================================================================
glam_step007 — LOC CIFAR-100 scale rung T0 (150ep, 100%)
  device=mps  100 classes, VGG16 25088-dim (same backbone)
======================================================================

────────────────────────────────────────────────────────────
LOC  params=832,100 (0.6958% FC)  store=data/store_cifar100.h5  device=mps
  e  1/150  val=0.5216  best=0.5216  [1s]
  e  5/150  val=0.6550  best=0.6633  [3s]
  e 10/150  val=0.6249  best=0.6633  [6s]
  e 15/150  val=0.6296  best=0.6633  [9s]
  e 20/150  val=0.6285  best=0.6633  [12s]
  e 25/150  val=0.6058  best=0.6633  [15s]
  e 30/150  val=0.6270  best=0.6633  [18s]
  e 35/150  val=0.6293  best=0.6633  [21s]
  e 40/150  val=0.6298  best=0.6633  [24s]
  e 45/150  val=0.6277  best=0.6633  [27s]
  e 50/150  val=0.6276  best=0.6633  [30s]
  e 55/150  val=0.6255  best=0.6633  [33s]
  e 60/150  val=0.6221  best=0.6633  [36s]
  e 65/150  val=0.6226  best=0.6633  [39s]
  e 70/150  val=0.6209  best=0.6633  [42s]
  e 75/150  val=0.6216  best=0.6633  [45s]
  e 80/150  val=0.6197  best=0.6633  [48s]
  e 85/150  val=0.6209  best=0.6633  [51s]
  e 90/150  val=0.6210  best=0.6633  [55s]
  e 95/150  val=0.6215  best=0.6633  [58s]
  e100/150  val=0.6204  best=0.6633  [61s]
  e105/150  val=0.6222  best=0.6633  [63s]
  e110/150  val=0.6220  best=0.6633  [67s]
  e115/150  val=0.6215  best=0.6633  [70s]
  e120/150  val=0.6239  best=0.6633  [73s]
  e125/150  val=0.6252  best=0.6633  [76s]
  e130/150  val=0.6253  best=0.6633  [79s]
  e135/150  val=0.6261  best=0.6633  [82s]
  e140/150  val=0.6261  best=0.6633  [85s]
  e145/150  val=0.6260  best=0.6633  [88s]
  e150/150  val=0.6261  best=0.6633  [91s]
  DONE: best=0.6633 @ep4  params=832,100  91s

-> /Volumes/T9/IndraAstra/dhiraj/neuro_graph/results/glam/glam_step007_LOC_capD16M16_seed44__mini_mps.json
