
======================================================================
glam_step007 — LOC CIFAR-100 scale rung T0 (150ep, 100%)
  device=mps  100 classes, VGG16 25088-dim (same backbone)
======================================================================

────────────────────────────────────────────────────────────
LOC  params=832,100 (0.6958% FC)  store=data/store_cifar100.h5  device=mps
  e  1/150  val=0.5263  best=0.5263  [1s]
  e  5/150  val=0.6527  best=0.6614  [3s]
  e 10/150  val=0.6445  best=0.6614  [6s]
  e 15/150  val=0.6216  best=0.6614  [9s]
  e 20/150  val=0.6444  best=0.6614  [12s]
  e 25/150  val=0.6388  best=0.6614  [15s]
  e 30/150  val=0.6044  best=0.6614  [18s]
  e 35/150  val=0.6234  best=0.6614  [21s]
  e 40/150  val=0.6217  best=0.6614  [24s]
  e 45/150  val=0.6099  best=0.6614  [27s]
  e 50/150  val=0.6245  best=0.6614  [29s]
  e 55/150  val=0.6230  best=0.6614  [32s]
  e 60/150  val=0.6191  best=0.6614  [35s]
  e 65/150  val=0.6204  best=0.6614  [38s]
  e 70/150  val=0.6176  best=0.6614  [41s]
  e 75/150  val=0.6131  best=0.6614  [44s]
  e 80/150  val=0.6156  best=0.6614  [47s]
  e 85/150  val=0.6148  best=0.6614  [50s]
  e 90/150  val=0.6152  best=0.6614  [53s]
  e 95/150  val=0.6152  best=0.6614  [56s]
  e100/150  val=0.6166  best=0.6614  [59s]
  e105/150  val=0.6154  best=0.6614  [62s]
  e110/150  val=0.6175  best=0.6614  [65s]
  e115/150  val=0.6187  best=0.6614  [68s]
  e120/150  val=0.6193  best=0.6614  [71s]
  e125/150  val=0.6205  best=0.6614  [74s]
  e130/150  val=0.6210  best=0.6614  [77s]
  e135/150  val=0.6216  best=0.6614  [80s]
  e140/150  val=0.6217  best=0.6614  [82s]
  e145/150  val=0.6217  best=0.6614  [85s]
  e150/150  val=0.6218  best=0.6614  [88s]
  DONE: best=0.6614 @ep4  params=832,100  88s

-> /Volumes/T9/IndraAstra/dhiraj/neuro_graph/results/glam/glam_step007_LOC_capD16M16_seed42__mini_mps.json
