
======================================================================
glam_step007 — LOC CIFAR-100 scale rung T0 (150ep, 100%)
  device=mps  100 classes, VGG16 25088-dim (same backbone)
======================================================================

────────────────────────────────────────────────────────────
LOC  params=870,500 (0.7279% FC)  store=data/store_cifar100.h5  device=mps
  e  1/150  val=0.5257  best=0.5257  [1s]
  e  5/150  val=0.6564  best=0.6609  [3s]
  e 10/150  val=0.6333  best=0.6609  [6s]
  e 15/150  val=0.6326  best=0.6609  [10s]
  e 20/150  val=0.6505  best=0.6609  [13s]
  e 25/150  val=0.6495  best=0.6609  [16s]
  e 30/150  val=0.5999  best=0.6609  [19s]
  e 35/150  val=0.6228  best=0.6609  [22s]
  e 40/150  val=0.6287  best=0.6609  [25s]
  e 45/150  val=0.6296  best=0.6609  [28s]
  e 50/150  val=0.6279  best=0.6609  [32s]
  e 55/150  val=0.6269  best=0.6609  [35s]
  e 60/150  val=0.6270  best=0.6609  [38s]
  e 65/150  val=0.6140  best=0.6609  [41s]
  e 70/150  val=0.6073  best=0.6609  [44s]
  e 75/150  val=0.6073  best=0.6609  [47s]
  e 80/150  val=0.6079  best=0.6609  [50s]
  e 85/150  val=0.6079  best=0.6609  [53s]
  e 90/150  val=0.6081  best=0.6609  [57s]
  e 95/150  val=0.6077  best=0.6609  [60s]
  e100/150  val=0.6080  best=0.6609  [63s]
  e105/150  val=0.6071  best=0.6609  [66s]
  e110/150  val=0.6090  best=0.6609  [69s]
  e115/150  val=0.6085  best=0.6609  [73s]
  e120/150  val=0.6088  best=0.6609  [76s]
  e125/150  val=0.6092  best=0.6609  [79s]
  e130/150  val=0.6097  best=0.6609  [82s]
  e135/150  val=0.6103  best=0.6609  [85s]
  e140/150  val=0.6110  best=0.6609  [88s]
  e145/150  val=0.6114  best=0.6609  [92s]
  e150/150  val=0.6115  best=0.6609  [95s]
  DONE: best=0.6609 @ep4  params=870,500  95s

-> /Volumes/T9/IndraAstra/dhiraj/neuro_graph/results/glam/glam_step007_LOC_capD16M64_seed44__mini_mps.json
