
======================================================================
glam_step005 — LOC CIFAR-10 depth-below-ceiling T0 (150ep, 100%)
  device=mps  Linear-head CIFAR-10 ref = 86.24%
======================================================================

────────────────────────────────────────────────────────────
LOC  params=189,450 (0.1584% FC)  store=data/store_cifar10.h5  device=mps
  e  1/150  val=0.8238  best=0.8238  [1s]
  e  5/150  val=0.8711  best=0.8737  [5s]
  e 10/150  val=0.8536  best=0.8737  [9s]
  e 15/150  val=0.8561  best=0.8737  [13s]
  e 20/150  val=0.8697  best=0.8737  [18s]
  e 25/150  val=0.8714  best=0.8737  [22s]
  e 30/150  val=0.8727  best=0.8737  [27s]
  e 35/150  val=0.8731  best=0.8737  [31s]
  e 40/150  val=0.8746  best=0.8746  [36s]
  e 45/150  val=0.8745  best=0.8746  [40s]
  e 50/150  val=0.8747  best=0.8753  [45s]
  e 55/150  val=0.8752  best=0.8755  [49s]
  e 60/150  val=0.8759  best=0.8759  [53s]
  e 65/150  val=0.8759  best=0.8762  [58s]
  e 70/150  val=0.8763  best=0.8763  [62s]
  e 75/150  val=0.8760  best=0.8767  [67s]
  e 80/150  val=0.8756  best=0.8767  [71s]
  e 85/150  val=0.8756  best=0.8767  [76s]
  e 90/150  val=0.8762  best=0.8767  [80s]
  e 95/150  val=0.8755  best=0.8767  [85s]
  e100/150  val=0.8751  best=0.8767  [89s]
  e105/150  val=0.8757  best=0.8767  [93s]
  e110/150  val=0.8756  best=0.8767  [98s]
  e115/150  val=0.8757  best=0.8767  [102s]
  e120/150  val=0.8760  best=0.8767  [107s]
  e125/150  val=0.8758  best=0.8767  [111s]
  e130/150  val=0.8762  best=0.8767  [116s]
  e135/150  val=0.8756  best=0.8767  [120s]
  e140/150  val=0.8756  best=0.8767  [125s]
  e145/150  val=0.8758  best=0.8767  [129s]
  e150/150  val=0.8757  best=0.8767  [133s]
  DONE: best=0.8767 @ep73  params=189,450  133s

-> /Volumes/T9/IndraAstra/dhiraj/neuro_graph/results/glam/glam_step005_LOC_c10capD32_seed44__mini_mps.json
