
======================================================================
glam_step007 — LOC CIFAR-100 scale rung T0 (150ep, 100%)
  device=mps  100 classes, VGG16 25088-dim (same backbone)
======================================================================

────────────────────────────────────────────────────────────
LOC  params=1,664,100 (1.3915% FC)  store=data/store_cifar100.h5  device=mps
  e  1/150  val=0.5815  best=0.5815  [1s]
  e  5/150  val=0.6538  best=0.6606  [5s]
  e 10/150  val=0.6254  best=0.6606  [10s]
  e 15/150  val=0.6209  best=0.6606  [15s]
  e 20/150  val=0.6408  best=0.6606  [20s]
  e 25/150  val=0.6401  best=0.6606  [25s]
  e 30/150  val=0.6184  best=0.6606  [30s]
  e 35/150  val=0.6057  best=0.6606  [34s]
  e 40/150  val=0.6154  best=0.6606  [39s]
  e 45/150  val=0.6138  best=0.6606  [44s]
  e 50/150  val=0.6101  best=0.6606  [49s]
  e 55/150  val=0.6093  best=0.6606  [54s]
  e 60/150  val=0.6106  best=0.6606  [59s]
  e 65/150  val=0.6131  best=0.6606  [64s]
  e 70/150  val=0.6117  best=0.6606  [69s]
  e 75/150  val=0.6085  best=0.6606  [74s]
  e 80/150  val=0.6114  best=0.6606  [79s]
  e 85/150  val=0.6116  best=0.6606  [84s]
  e 90/150  val=0.6099  best=0.6606  [89s]
  e 95/150  val=0.6094  best=0.6606  [93s]
  e100/150  val=0.6102  best=0.6606  [98s]
  e105/150  val=0.6098  best=0.6606  [103s]
  e110/150  val=0.6113  best=0.6606  [108s]
  e115/150  val=0.6122  best=0.6606  [113s]
  e120/150  val=0.6133  best=0.6606  [118s]
  e125/150  val=0.6146  best=0.6606  [123s]
  e130/150  val=0.6161  best=0.6606  [128s]
  e135/150  val=0.6172  best=0.6606  [133s]
  e140/150  val=0.6175  best=0.6606  [138s]
  e145/150  val=0.6173  best=0.6606  [143s]
  e150/150  val=0.6174  best=0.6606  [147s]
  DONE: best=0.6606 @ep3  params=1,664,100  147s

-> /Volumes/T9/IndraAstra/dhiraj/neuro_graph/results/glam/glam_step007_LOC_capD32M16_seed42__mini_mps.json
