
======================================================================
glam_step007 — LOC CIFAR-100 scale rung T0 (150ep, 100%)
  device=mps  100 classes, VGG16 25088-dim (same backbone)
======================================================================

────────────────────────────────────────────────────────────
LOC  params=1,664,100 (1.3915% FC)  store=data/store_cifar100.h5  device=mps
  e  1/150  val=0.5824  best=0.5824  [1s]
  e  5/150  val=0.6629  best=0.6679  [5s]
  e 10/150  val=0.6124  best=0.6679  [10s]
  e 15/150  val=0.6361  best=0.6679  [15s]
  e 20/150  val=0.6419  best=0.6679  [20s]
  e 25/150  val=0.6348  best=0.6679  [24s]
  e 30/150  val=0.6097  best=0.6679  [29s]
  e 35/150  val=0.6212  best=0.6679  [34s]
  e 40/150  val=0.6199  best=0.6679  [39s]
  e 45/150  val=0.6189  best=0.6679  [44s]
  e 50/150  val=0.6192  best=0.6679  [49s]
  e 55/150  val=0.6202  best=0.6679  [54s]
  e 60/150  val=0.6184  best=0.6679  [59s]
  e 65/150  val=0.6180  best=0.6679  [64s]
  e 70/150  val=0.6183  best=0.6679  [69s]
  e 75/150  val=0.6154  best=0.6679  [74s]
  e 80/150  val=0.6172  best=0.6679  [79s]
  e 85/150  val=0.6173  best=0.6679  [83s]
  e 90/150  val=0.6182  best=0.6679  [88s]
  e 95/150  val=0.6203  best=0.6679  [93s]
  e100/150  val=0.6202  best=0.6679  [98s]
  e105/150  val=0.6199  best=0.6679  [103s]
  e110/150  val=0.6215  best=0.6679  [108s]
  e115/150  val=0.6227  best=0.6679  [113s]
  e120/150  val=0.6237  best=0.6679  [118s]
  e125/150  val=0.6242  best=0.6679  [123s]
  e130/150  val=0.6256  best=0.6679  [127s]
  e135/150  val=0.6267  best=0.6679  [132s]
  e140/150  val=0.6272  best=0.6679  [137s]
  e145/150  val=0.6274  best=0.6679  [142s]
  e150/150  val=0.6274  best=0.6679  [147s]
  DONE: best=0.6679 @ep4  params=1,664,100  147s

-> /Volumes/T9/IndraAstra/dhiraj/neuro_graph/results/glam/glam_step007_LOC_capD32M16_seed44__mini_mps.json
