
======================================================================
glam_step005 — LOC CIFAR-10 depth-below-ceiling T0 (150ep, 100%)
  device=mps  Linear-head CIFAR-10 ref = 86.24%
======================================================================

────────────────────────────────────────────────────────────
LOC  params=189,450 (0.1584% FC)  store=data/store_cifar10.h5  device=mps
  e  1/150  val=0.8335  best=0.8335  [1s]
  e  5/150  val=0.8676  best=0.8692  [5s]
  e 10/150  val=0.8567  best=0.8692  [9s]
  e 15/150  val=0.8730  best=0.8730  [13s]
  e 20/150  val=0.8746  best=0.8746  [18s]
  e 25/150  val=0.8745  best=0.8746  [22s]
  e 30/150  val=0.8743  best=0.8746  [27s]
  e 35/150  val=0.8739  best=0.8746  [31s]
  e 40/150  val=0.8746  best=0.8746  [36s]
  e 45/150  val=0.8741  best=0.8750  [40s]
  e 50/150  val=0.8736  best=0.8750  [45s]
  e 55/150  val=0.8742  best=0.8750  [49s]
  e 60/150  val=0.8742  best=0.8750  [53s]
  e 65/150  val=0.8735  best=0.8750  [58s]
  e 70/150  val=0.8741  best=0.8750  [62s]
  e 75/150  val=0.8745  best=0.8750  [67s]
  e 80/150  val=0.8745  best=0.8750  [71s]
  e 85/150  val=0.8741  best=0.8750  [76s]
  e 90/150  val=0.8736  best=0.8750  [80s]
  e 95/150  val=0.8737  best=0.8750  [85s]
  e100/150  val=0.8742  best=0.8750  [89s]
  e105/150  val=0.8737  best=0.8750  [93s]
  e110/150  val=0.8741  best=0.8750  [98s]
  e115/150  val=0.8739  best=0.8750  [102s]
  e120/150  val=0.8739  best=0.8750  [107s]
  e125/150  val=0.8740  best=0.8750  [111s]
  e130/150  val=0.8741  best=0.8750  [116s]
  e135/150  val=0.8740  best=0.8750  [120s]
  e140/150  val=0.8740  best=0.8750  [124s]
  e145/150  val=0.8739  best=0.8750  [129s]
  e150/150  val=0.8739  best=0.8750  [133s]
  DONE: best=0.8750 @ep42  params=189,450  133s

-> /Volumes/T9/IndraAstra/dhiraj/neuro_graph/results/glam/glam_step005_LOC_c10capD32_seed42__mini_mps.json
