
======================================================================
glam_step005 — LOC CIFAR-10 depth-below-ceiling T0 (150ep, 100%)
  device=mps  Linear-head CIFAR-10 ref = 86.24%
======================================================================

────────────────────────────────────────────────────────────
LOC  params=94,730 (0.0792% FC)  store=data/store_cifar10.h5  device=mps
  e  1/150  val=0.7944  best=0.7944  [1s]
  e  5/150  val=0.8699  best=0.8699  [3s]
  e 10/150  val=0.8618  best=0.8706  [6s]
  e 15/150  val=0.8608  best=0.8706  [9s]
  e 20/150  val=0.8671  best=0.8706  [11s]
  e 25/150  val=0.8686  best=0.8706  [14s]
  e 30/150  val=0.8666  best=0.8706  [17s]
  e 35/150  val=0.8672  best=0.8706  [20s]
  e 40/150  val=0.8674  best=0.8706  [23s]
  e 45/150  val=0.8680  best=0.8706  [26s]
  e 50/150  val=0.8678  best=0.8706  [29s]
  e 55/150  val=0.8675  best=0.8706  [32s]
  e 60/150  val=0.8672  best=0.8706  [34s]
  e 65/150  val=0.8684  best=0.8706  [37s]
  e 70/150  val=0.8669  best=0.8706  [40s]
  e 75/150  val=0.8670  best=0.8706  [43s]
  e 80/150  val=0.8661  best=0.8706  [46s]
  e 85/150  val=0.8679  best=0.8706  [49s]
  e 90/150  val=0.8667  best=0.8706  [52s]
  e 95/150  val=0.8668  best=0.8706  [55s]
  e100/150  val=0.8668  best=0.8706  [57s]
  e105/150  val=0.8666  best=0.8706  [60s]
  e110/150  val=0.8665  best=0.8706  [63s]
  e115/150  val=0.8670  best=0.8706  [66s]
  e120/150  val=0.8664  best=0.8706  [69s]
  e125/150  val=0.8665  best=0.8706  [72s]
  e130/150  val=0.8668  best=0.8706  [75s]
  e135/150  val=0.8668  best=0.8706  [77s]
  e140/150  val=0.8669  best=0.8706  [80s]
  e145/150  val=0.8667  best=0.8706  [83s]
  e150/150  val=0.8667  best=0.8706  [86s]
  DONE: best=0.8706 @ep6  params=94,730  86s

-> /Volumes/T9/IndraAstra/dhiraj/neuro_graph/results/glam/glam_step005_LOC_c10capD16_seed44__mini_mps.json
